Executable=/private/var/folders/bl/vzjcvbz95c3dk19cb0fw46180000gn/T/parlor-audit-ios-readiness-23-ljj7k3it/DerivedData/Build/Products/Debug-iphonesimulator/Parlor.app/Parlor.debug.dylib
Identifier=Parlor.debug
Format=Mach-O thin (arm64)
CodeDirectory v=20400 size=8197 flags=0x2(adhoc) hashes=251+2 location=embedded
VersionPlatform=7
VersionMin=1048576
VersionSDK=1704448
Hash type=sha256 size=32
CandidateCDHash sha256=47b8e83d036f5ae57c438497c8895cf457d117e9
CandidateCDHashFull sha256=47b8e83d036f5ae57c438497c8895cf457d117e9adc29d852516563408816156
Hash choices=sha256
CMSDigest=47b8e83d036f5ae57c438497c8895cf457d117e9adc29d852516563408816156
CMSDigestType=2
Executable Segment base=0
Executable Segment limit=458752
Executable Segment flags=0x0
Page size=4096
CDHash=47b8e83d036f5ae57c438497c8895cf457d117e9
Signature=adhoc
Info.plist=not bound
TeamIdentifier=not set
Sealed Resources=none
Internal requirements count=0 size=12
