{
  "scope": "Owned host sleep process only; not iOS app or repair verification",
  "executable_sha256": "54b2ad63fca50492d3021ecdf199deb97f8b4ee2559677e9aec7746227700cbf",
  "sample_sha256": "744c6bd1d85ababe41a5e8ae058ea6ed04819e960102560acac15c2a1615c5bf",
  "owned_pid": 21895,
  "sample_exit_code": 0,
  "headers": [
    "Process:         sleep [21895]",
    "Path:            /bin/sleep"
  ],
  "process_matches": [
    "21895"
  ],
  "path_matches": [
    "/bin/sleep"
  ],
  "raw_sample_sha256": "2adb4a73a973a6b233d1e55a11395bf6722608d9627f84549e0d991d6d9e0682",
  "target_reaped": true,
  "owned_temporary_removed": true
}
