Executable=/private/tmp/parlor-audit-ios-readiness-14-hcngwp16/DerivedData/Build/Products/Debug-iphonesimulator/Parlor.app/Frameworks/ComposeApp.framework/ComposeApp
Identifier=com.parlor.ComposeApp
Format=bundle with Mach-O thin (arm64)
CodeDirectory v=20400 size=162990 flags=0x2(adhoc) hashes=5087+3 location=embedded
VersionPlatform=7
VersionMin=983040
VersionSDK=1704960
Hash type=sha256 size=32
CandidateCDHash sha256=79e4b004706d282999e3be36d5fdc48d6dc4329d
CandidateCDHashFull sha256=79e4b004706d282999e3be36d5fdc48d6dc4329de95d63bbdd4907f6e6664cd8
Hash choices=sha256
CMSDigest=79e4b004706d282999e3be36d5fdc48d6dc4329de95d63bbdd4907f6e6664cd8
CMSDigestType=2
Executable Segment base=0
Executable Segment limit=43483136
Executable Segment flags=0x0
Page size=16384
CDHash=79e4b004706d282999e3be36d5fdc48d6dc4329d
Signature=adhoc
Info.plist entries=10
TeamIdentifier=not set
Sealed Resources version=2 rules=10 files=2
Internal requirements count=0 size=12
