Executable=/private/tmp/parlor-audit-ios-readiness-14-hcngwp16/DerivedData/Build/Products/Debug-iphonesimulator/Parlor.app/Parlor.debug.dylib
Identifier=Parlor.debug
Format=Mach-O thin (arm64)
CodeDirectory v=20400 size=2181 flags=0x2(adhoc) hashes=63+2 location=embedded
VersionPlatform=7
VersionMin=1048576
VersionSDK=1705216
Hash type=sha256 size=32
CandidateCDHash sha256=a655347d8feefd50a7873c90cb3c892ca3c443d7
CandidateCDHashFull sha256=a655347d8feefd50a7873c90cb3c892ca3c443d78daa67b8168d89b5da0a7666
Hash choices=sha256
CMSDigest=a655347d8feefd50a7873c90cb3c892ca3c443d78daa67b8168d89b5da0a7666
CMSDigestType=2
Executable Segment base=0
Executable Segment limit=458752
Executable Segment flags=0x0
Page size=16384
CDHash=a655347d8feefd50a7873c90cb3c892ca3c443d7
Signature=adhoc
Info.plist=not bound
TeamIdentifier=not set
Sealed Resources=none
Internal requirements count=0 size=12
