Executable=/private/tmp/parlor-audit-ios-readiness-14-hcngwp16/DerivedData/Build/Products/Debug-iphonesimulator/Parlor.app/Parlor
Identifier=com.parlor.app.debug
Format=app bundle with Mach-O thin (arm64)
CodeDirectory v=20400 size=301 flags=0x2(adhoc) hashes=3+3 location=embedded
VersionPlatform=7
VersionMin=1048576
VersionSDK=1705216
Hash type=sha256 size=32
CandidateCDHash sha256=93751d96658fe90c15f92debd909a32a7d415d16
CandidateCDHashFull sha256=93751d96658fe90c15f92debd909a32a7d415d1637bbf9da03525edc67c2b404
Hash choices=sha256
CMSDigest=93751d96658fe90c15f92debd909a32a7d415d1637bbf9da03525edc67c2b404
CMSDigestType=2
Executable Segment base=0
Executable Segment limit=16384
Executable Segment flags=0x1
Page size=16384
CDHash=93751d96658fe90c15f92debd909a32a7d415d16
Signature=adhoc
Info.plist entries=33
TeamIdentifier=not set
Sealed Resources version=2 rules=10 files=56
Internal requirements count=0 size=12
