$ git rev-parse HEAD
d3c0df9ccba51463708728c3c618d3652e76aafa
$ git diff --cached --name-only
$ git add -f -- remediation-runs/2026-09-07-local-readiness/evidence/continuation-protection-host-origin-controls-01 remediation-runs/2026-09-08-continuation/CONTINUE_LATEST.md remediation-runs/2026-09-08-continuation/actions/34561580861 remediation-runs/2026-09-08-continuation/actions/full-qualification-dispatch-09 remediation-runs/2026-09-08-continuation/actions/protection-probe-09 remediation-runs/2026-09-08-continuation/protection-host-image-01/run_host_probe.py remediation-runs/2026-09-08-continuation/protection-host-image-01/test_host_probe.py remediation-runs/2026-09-08-continuation/protection-host-image-01/README.md remediation-runs/2026-09-08-continuation/protection-host-image-01/HostSetterProbe.m.in remediation-runs/2026-09-08-continuation/reviews/protection-host-origin-setter-driver-controls-independent-01.json remediation-runs/2026-09-08-continuation/reviews/protection-host-origin-setter-native-source-independent-01.json remediation-runs/2026-09-08-continuation/reviews/d3c0df9c-b30-c08-reuse-independent-01.json remediation-runs/2026-09-08-continuation/reviews/final-d09-exact-request-admission-independent-01.json remediation-runs/2026-09-08-continuation/reviews/pd09-first-failure-01 remediation-runs/2026-09-08-continuation/reviews/protection-pd09-native-failure-independent-01.json remediation-runs/2026-09-08-continuation/reviews/protection-probe-09-cleanup-actual-independent-01.json remediation-runs/2026-09-08-continuation/reviews/protection-probe-pd09-artifact-custody-independent-01.json remediation-runs/2026-09-08-continuation/reviews/protection-probe-pd09-request-admission-independent-01.json
$ git diff --name-only
$ git diff --cached --name-only
remediation-runs/2026-09-07-local-readiness/evidence/continuation-protection-host-origin-controls-01/gradle-stop.log
remediation-runs/2026-09-07-local-readiness/evidence/continuation-protection-host-origin-controls-01/host-origin.log
remediation-runs/2026-09-07-local-readiness/evidence/continuation-protection-host-origin-controls-01/receipt.json
remediation-runs/2026-09-08-continuation/CONTINUE_LATEST.md
remediation-runs/2026-09-08-continuation/actions/34561580861/artifacts.json
remediation-runs/2026-09-08-continuation/actions/34561580861/attempt.json
remediation-runs/2026-09-08-continuation/actions/34561580861/cleanup-members.json
remediation-runs/2026-09-08-continuation/actions/34561580861/cleanup.zip
remediation-runs/2026-09-08-continuation/actions/34561580861/cleanup/07-gradle-stop.stderr
remediation-runs/2026-09-08-continuation/actions/34561580861/cleanup/07-gradle-stop.stdout
remediation-runs/2026-09-08-continuation/actions/34561580861/cleanup/08-git-binding.stderr
remediation-runs/2026-09-08-continuation/actions/34561580861/cleanup/08-git-binding.stdout
remediation-runs/2026-09-08-continuation/actions/34561580861/cleanup/09-git-binding.stderr
remediation-runs/2026-09-08-continuation/actions/34561580861/cleanup/09-git-binding.stdout
remediation-runs/2026-09-08-continuation/actions/34561580861/cleanup/10-git-binding.stderr
remediation-runs/2026-09-08-continuation/actions/34561580861/cleanup/10-git-binding.stdout
remediation-runs/2026-09-08-continuation/actions/34561580861/cleanup/11-git-binding.stderr
remediation-runs/2026-09-08-continuation/actions/34561580861/cleanup/11-git-binding.stdout
remediation-runs/2026-09-08-continuation/actions/34561580861/cleanup/12-git-binding.stderr
remediation-runs/2026-09-08-continuation/actions/34561580861/cleanup/12-git-binding.stdout
remediation-runs/2026-09-08-continuation/actions/34561580861/cleanup/13-git-binding.stderr
remediation-runs/2026-09-08-continuation/actions/34561580861/cleanup/13-git-binding.stdout
remediation-runs/2026-09-08-continuation/actions/34561580861/cleanup/19-gradle-stop.stderr
remediation-runs/2026-09-08-continuation/actions/34561580861/cleanup/19-gradle-stop.stdout
remediation-runs/2026-09-08-continuation/actions/34561580861/cleanup/owned-simulator-adopted.json
remediation-runs/2026-09-08-continuation/actions/34561580861/cleanup/owned-simulator-create.json
remediation-runs/2026-09-08-continuation/actions/34561580861/cleanup/owned-simulator-plan.json
remediation-runs/2026-09-08-continuation/actions/34561580861/cleanup/state.json
remediation-runs/2026-09-08-continuation/actions/34561580861/download-receipt.json
remediation-runs/2026-09-08-continuation/actions/34561580861/job.log
remediation-runs/2026-09-08-continuation/actions/34561580861/jobs.json
remediation-runs/2026-09-08-continuation/actions/34561580861/main-members.json
remediation-runs/2026-09-08-continuation/actions/34561580861/main.zip
remediation-runs/2026-09-08-continuation/actions/34561580861/main/07-macos-version.stderr
remediation-runs/2026-09-08-continuation/actions/34561580861/main/07-macos-version.stdout
remediation-runs/2026-09-08-continuation/actions/34561580861/main/08-macos-build.stderr
remediation-runs/2026-09-08-continuation/actions/34561580861/main/08-macos-build.stdout
remediation-runs/2026-09-08-continuation/actions/34561580861/main/09-host-kernel.stderr
remediation-runs/2026-09-08-continuation/actions/34561580861/main/09-host-kernel.stdout
remediation-runs/2026-09-08-continuation/actions/34561580861/main/10-xcode-version.stderr
remediation-runs/2026-09-08-continuation/actions/34561580861/main/10-xcode-version.stdout
remediation-runs/2026-09-08-continuation/actions/34561580861/main/11-developer-selection.stderr
remediation-runs/2026-09-08-continuation/actions/34561580861/main/11-developer-selection.stdout
remediation-runs/2026-09-08-continuation/actions/34561580861/main/12-sdk-version.stderr
remediation-runs/2026-09-08-continuation/actions/34561580861/main/12-sdk-version.stdout
remediation-runs/2026-09-08-continuation/actions/34561580861/main/13-sdk-path.stderr
remediation-runs/2026-09-08-continuation/actions/34561580861/main/13-sdk-path.stdout
remediation-runs/2026-09-08-continuation/actions/34561580861/main/15-jdk-version.stderr
remediation-runs/2026-09-08-continuation/actions/34561580861/main/15-jdk-version.stdout
remediation-runs/2026-09-08-continuation/actions/34561580861/main/16-git-binding.stderr
remediation-runs/2026-09-08-continuation/actions/34561580861/main/16-git-binding.stdout
remediation-runs/2026-09-08-continuation/actions/34561580861/main/17-git-binding.stderr
remediation-runs/2026-09-08-continuation/actions/34561580861/main/17-git-binding.stdout
remediation-runs/2026-09-08-continuation/actions/34561580861/main/18-git-binding.stderr
remediation-runs/2026-09-08-continuation/actions/34561580861/main/18-git-binding.stdout
remediation-runs/2026-09-08-continuation/actions/34561580861/main/19-git-binding.stderr
remediation-runs/2026-09-08-continuation/actions/34561580861/main/19-git-binding.stdout
remediation-runs/2026-09-08-continuation/actions/34561580861/main/20-git-binding.stderr
remediation-runs/2026-09-08-continuation/actions/34561580861/main/20-git-binding.stdout
remediation-runs/2026-09-08-continuation/actions/34561580861/main/21-git-binding.stderr
remediation-runs/2026-09-08-continuation/actions/34561580861/main/21-git-binding.stdout
remediation-runs/2026-09-08-continuation/actions/34561580861/main/22-gradle-stop.stderr
remediation-runs/2026-09-08-continuation/actions/34561580861/main/22-gradle-stop.stdout
remediation-runs/2026-09-08-continuation/actions/34561580861/main/23-host-sdk-version.stderr
remediation-runs/2026-09-08-continuation/actions/34561580861/main/23-host-sdk-version.stdout
remediation-runs/2026-09-08-continuation/actions/34561580861/main/24-host-sdk-path.stderr
remediation-runs/2026-09-08-continuation/actions/34561580861/main/24-host-sdk-path.stdout
remediation-runs/2026-09-08-continuation/actions/34561580861/main/25-git-binding.stderr
remediation-runs/2026-09-08-continuation/actions/34561580861/main/25-git-binding.stdout
remediation-runs/2026-09-08-continuation/actions/34561580861/main/26-git-binding.stderr
remediation-runs/2026-09-08-continuation/actions/34561580861/main/26-git-binding.stdout
remediation-runs/2026-09-08-continuation/actions/34561580861/main/27-git-binding.stderr
remediation-runs/2026-09-08-continuation/actions/34561580861/main/27-git-binding.stdout
remediation-runs/2026-09-08-continuation/actions/34561580861/main/28-git-binding.stderr
remediation-runs/2026-09-08-continuation/actions/34561580861/main/28-git-binding.stdout
remediation-runs/2026-09-08-continuation/actions/34561580861/main/29-git-binding.stderr
remediation-runs/2026-09-08-continuation/actions/34561580861/main/29-git-binding.stdout
remediation-runs/2026-09-08-continuation/actions/34561580861/main/30-git-binding.stderr
remediation-runs/2026-09-08-continuation/actions/34561580861/main/30-git-binding.stdout
remediation-runs/2026-09-08-continuation/actions/34561580861/main/34-git-binding.stderr
remediation-runs/2026-09-08-continuation/actions/34561580861/main/34-git-binding.stdout
remediation-runs/2026-09-08-continuation/actions/34561580861/main/35-git-binding.stderr
remediation-runs/2026-09-08-continuation/actions/34561580861/main/35-git-binding.stdout
remediation-runs/2026-09-08-continuation/actions/34561580861/main/36-git-binding.stderr
remediation-runs/2026-09-08-continuation/actions/34561580861/main/36-git-binding.stdout
remediation-runs/2026-09-08-continuation/actions/34561580861/main/37-git-binding.stderr
remediation-runs/2026-09-08-continuation/actions/34561580861/main/37-git-binding.stdout
remediation-runs/2026-09-08-continuation/actions/34561580861/main/38-git-binding.stderr
remediation-runs/2026-09-08-continuation/actions/34561580861/main/38-git-binding.stdout
remediation-runs/2026-09-08-continuation/actions/34561580861/main/39-git-binding.stderr
remediation-runs/2026-09-08-continuation/actions/34561580861/main/39-git-binding.stdout
remediation-runs/2026-09-08-continuation/actions/34561580861/main/40-clang-version.stderr
remediation-runs/2026-09-08-continuation/actions/34561580861/main/40-clang-version.stdout
remediation-runs/2026-09-08-continuation/actions/34561580861/main/42-compile.stderr
remediation-runs/2026-09-08-continuation/actions/34561580861/main/42-compile.stdout
remediation-runs/2026-09-08-continuation/actions/34561580861/main/43-adhoc-sign.stderr
remediation-runs/2026-09-08-continuation/actions/34561580861/main/43-adhoc-sign.stdout
remediation-runs/2026-09-08-continuation/actions/34561580861/main/44-adhoc-verify.stderr
remediation-runs/2026-09-08-continuation/actions/34561580861/main/44-adhoc-verify.stdout
remediation-runs/2026-09-08-continuation/actions/34561580861/main/45-built-uuid.stderr
remediation-runs/2026-09-08-continuation/actions/34561580861/main/45-built-uuid.stdout
remediation-runs/2026-09-08-continuation/actions/34561580861/main/48-git-binding.stderr
remediation-runs/2026-09-08-continuation/actions/34561580861/main/48-git-binding.stdout
remediation-runs/2026-09-08-continuation/actions/34561580861/main/49-git-binding.stderr
remediation-runs/2026-09-08-continuation/actions/34561580861/main/49-git-binding.stdout
remediation-runs/2026-09-08-continuation/actions/34561580861/main/50-git-binding.stderr
remediation-runs/2026-09-08-continuation/actions/34561580861/main/50-git-binding.stdout
remediation-runs/2026-09-08-continuation/actions/34561580861/main/51-git-binding.stderr
remediation-runs/2026-09-08-continuation/actions/34561580861/main/51-git-binding.stdout
remediation-runs/2026-09-08-continuation/actions/34561580861/main/52-git-binding.stderr
remediation-runs/2026-09-08-continuation/actions/34561580861/main/52-git-binding.stdout
remediation-runs/2026-09-08-continuation/actions/34561580861/main/53-git-binding.stderr
remediation-runs/2026-09-08-continuation/actions/34561580861/main/53-git-binding.stdout
remediation-runs/2026-09-08-continuation/actions/34561580861/main/56-gradle-stop.stderr
remediation-runs/2026-09-08-continuation/actions/34561580861/main/56-gradle-stop.stdout
remediation-runs/2026-09-08-continuation/actions/34561580861/main/OwnedProbeContext.h
remediation-runs/2026-09-08-continuation/actions/34561580861/main/native-context.json
remediation-runs/2026-09-08-continuation/actions/34561580861/main/native.stderr.txt
remediation-runs/2026-09-08-continuation/actions/34561580861/main/native.stdout.jsonl
remediation-runs/2026-09-08-continuation/actions/34561580861/main/owned-simulator-create.json
remediation-runs/2026-09-08-continuation/actions/34561580861/main/owned-simulator-plan.json
remediation-runs/2026-09-08-continuation/actions/34561580861/main/public-sdk-macros.txt
remediation-runs/2026-09-08-continuation/actions/34561580861/main/request.json
remediation-runs/2026-09-08-continuation/actions/34561580861/main/state.json
remediation-runs/2026-09-08-continuation/actions/34561580861/run.json
remediation-runs/2026-09-08-continuation/actions/full-qualification-dispatch-09/controls.json
remediation-runs/2026-09-08-continuation/actions/full-qualification-dispatch-09/dispatch-http.txt
remediation-runs/2026-09-08-continuation/actions/full-qualification-dispatch-09/dispatch-receipt.json
remediation-runs/2026-09-08-continuation/actions/full-qualification-dispatch-09/dispatch-stderr.txt
remediation-runs/2026-09-08-continuation/actions/full-qualification-dispatch-09/dispatched-run.json
remediation-runs/2026-09-08-continuation/actions/full-qualification-dispatch-09/pre-dispatch-concurrency.json
remediation-runs/2026-09-08-continuation/actions/full-qualification-dispatch-09/request.json
remediation-runs/2026-09-08-continuation/actions/full-qualification-dispatch-09/source-association.json
remediation-runs/2026-09-08-continuation/actions/protection-probe-09/controls.json
remediation-runs/2026-09-08-continuation/actions/protection-probe-09/dispatch-http.txt
remediation-runs/2026-09-08-continuation/actions/protection-probe-09/dispatch-receipt.json
remediation-runs/2026-09-08-continuation/actions/protection-probe-09/dispatch-stderr.txt
remediation-runs/2026-09-08-continuation/actions/protection-probe-09/dispatched-run.json
remediation-runs/2026-09-08-continuation/actions/protection-probe-09/freeze.json
remediation-runs/2026-09-08-continuation/actions/protection-probe-09/pre-dispatch-concurrency.json
remediation-runs/2026-09-08-continuation/actions/protection-probe-09/request.json
remediation-runs/2026-09-08-continuation/actions/protection-probe-09/source-freeze-receipt.json
remediation-runs/2026-09-08-continuation/actions/protection-probe-09/source-freeze.log
remediation-runs/2026-09-08-continuation/protection-host-image-01/HostSetterProbe.m.in
remediation-runs/2026-09-08-continuation/protection-host-image-01/README.md
remediation-runs/2026-09-08-continuation/protection-host-image-01/run_host_probe.py
remediation-runs/2026-09-08-continuation/protection-host-image-01/test_host_probe.py
remediation-runs/2026-09-08-continuation/reviews/d3c0df9c-b30-c08-reuse-independent-01.json
remediation-runs/2026-09-08-continuation/reviews/final-d09-exact-request-admission-independent-01.json
remediation-runs/2026-09-08-continuation/reviews/pd09-first-failure-01/artifacts.json
remediation-runs/2026-09-08-continuation/reviews/pd09-first-failure-01/main.zip
remediation-runs/2026-09-08-continuation/reviews/pd09-first-failure-01/main/07-macos-version.stderr
remediation-runs/2026-09-08-continuation/reviews/pd09-first-failure-01/main/07-macos-version.stdout
remediation-runs/2026-09-08-continuation/reviews/pd09-first-failure-01/main/08-macos-build.stderr
remediation-runs/2026-09-08-continuation/reviews/pd09-first-failure-01/main/08-macos-build.stdout
remediation-runs/2026-09-08-continuation/reviews/pd09-first-failure-01/main/09-host-kernel.stderr
remediation-runs/2026-09-08-continuation/reviews/pd09-first-failure-01/main/09-host-kernel.stdout
remediation-runs/2026-09-08-continuation/reviews/pd09-first-failure-01/main/10-xcode-version.stderr
remediation-runs/2026-09-08-continuation/reviews/pd09-first-failure-01/main/10-xcode-version.stdout
remediation-runs/2026-09-08-continuation/reviews/pd09-first-failure-01/main/11-developer-selection.stderr
remediation-runs/2026-09-08-continuation/reviews/pd09-first-failure-01/main/11-developer-selection.stdout
remediation-runs/2026-09-08-continuation/reviews/pd09-first-failure-01/main/12-sdk-version.stderr
remediation-runs/2026-09-08-continuation/reviews/pd09-first-failure-01/main/12-sdk-version.stdout
remediation-runs/2026-09-08-continuation/reviews/pd09-first-failure-01/main/13-sdk-path.stderr
remediation-runs/2026-09-08-continuation/reviews/pd09-first-failure-01/main/13-sdk-path.stdout
remediation-runs/2026-09-08-continuation/reviews/pd09-first-failure-01/main/15-jdk-version.stderr
remediation-runs/2026-09-08-continuation/reviews/pd09-first-failure-01/main/15-jdk-version.stdout
remediation-runs/2026-09-08-continuation/reviews/pd09-first-failure-01/main/16-git-binding.stderr
remediation-runs/2026-09-08-continuation/reviews/pd09-first-failure-01/main/16-git-binding.stdout
remediation-runs/2026-09-08-continuation/reviews/pd09-first-failure-01/main/17-git-binding.stderr
remediation-runs/2026-09-08-continuation/reviews/pd09-first-failure-01/main/17-git-binding.stdout
remediation-runs/2026-09-08-continuation/reviews/pd09-first-failure-01/main/18-git-binding.stderr
remediation-runs/2026-09-08-continuation/reviews/pd09-first-failure-01/main/18-git-binding.stdout
remediation-runs/2026-09-08-continuation/reviews/pd09-first-failure-01/main/19-git-binding.stderr
remediation-runs/2026-09-08-continuation/reviews/pd09-first-failure-01/main/19-git-binding.stdout
remediation-runs/2026-09-08-continuation/reviews/pd09-first-failure-01/main/20-git-binding.stderr
remediation-runs/2026-09-08-continuation/reviews/pd09-first-failure-01/main/20-git-binding.stdout
remediation-runs/2026-09-08-continuation/reviews/pd09-first-failure-01/main/21-git-binding.stderr
remediation-runs/2026-09-08-continuation/reviews/pd09-first-failure-01/main/21-git-binding.stdout
remediation-runs/2026-09-08-continuation/reviews/pd09-first-failure-01/main/22-gradle-stop.stderr
remediation-runs/2026-09-08-continuation/reviews/pd09-first-failure-01/main/22-gradle-stop.stdout
remediation-runs/2026-09-08-continuation/reviews/pd09-first-failure-01/main/23-host-sdk-version.stderr
remediation-runs/2026-09-08-continuation/reviews/pd09-first-failure-01/main/23-host-sdk-version.stdout
remediation-runs/2026-09-08-continuation/reviews/pd09-first-failure-01/main/24-host-sdk-path.stderr
remediation-runs/2026-09-08-continuation/reviews/pd09-first-failure-01/main/24-host-sdk-path.stdout
remediation-runs/2026-09-08-continuation/reviews/pd09-first-failure-01/main/25-git-binding.stderr
remediation-runs/2026-09-08-continuation/reviews/pd09-first-failure-01/main/25-git-binding.stdout
remediation-runs/2026-09-08-continuation/reviews/pd09-first-failure-01/main/26-git-binding.stderr
remediation-runs/2026-09-08-continuation/reviews/pd09-first-failure-01/main/26-git-binding.stdout
remediation-runs/2026-09-08-continuation/reviews/pd09-first-failure-01/main/27-git-binding.stderr
remediation-runs/2026-09-08-continuation/reviews/pd09-first-failure-01/main/27-git-binding.stdout
remediation-runs/2026-09-08-continuation/reviews/pd09-first-failure-01/main/28-git-binding.stderr
remediation-runs/2026-09-08-continuation/reviews/pd09-first-failure-01/main/28-git-binding.stdout
remediation-runs/2026-09-08-continuation/reviews/pd09-first-failure-01/main/29-git-binding.stderr
remediation-runs/2026-09-08-continuation/reviews/pd09-first-failure-01/main/29-git-binding.stdout
remediation-runs/2026-09-08-continuation/reviews/pd09-first-failure-01/main/30-git-binding.stderr
remediation-runs/2026-09-08-continuation/reviews/pd09-first-failure-01/main/30-git-binding.stdout
remediation-runs/2026-09-08-continuation/reviews/pd09-first-failure-01/main/34-git-binding.stderr
remediation-runs/2026-09-08-continuation/reviews/pd09-first-failure-01/main/34-git-binding.stdout
remediation-runs/2026-09-08-continuation/reviews/pd09-first-failure-01/main/35-git-binding.stderr
remediation-runs/2026-09-08-continuation/reviews/pd09-first-failure-01/main/35-git-binding.stdout
remediation-runs/2026-09-08-continuation/reviews/pd09-first-failure-01/main/36-git-binding.stderr
remediation-runs/2026-09-08-continuation/reviews/pd09-first-failure-01/main/36-git-binding.stdout
remediation-runs/2026-09-08-continuation/reviews/pd09-first-failure-01/main/37-git-binding.stderr
remediation-runs/2026-09-08-continuation/reviews/pd09-first-failure-01/main/37-git-binding.stdout
remediation-runs/2026-09-08-continuation/reviews/pd09-first-failure-01/main/38-git-binding.stderr
remediation-runs/2026-09-08-continuation/reviews/pd09-first-failure-01/main/38-git-binding.stdout
remediation-runs/2026-09-08-continuation/reviews/pd09-first-failure-01/main/39-git-binding.stderr
remediation-runs/2026-09-08-continuation/reviews/pd09-first-failure-01/main/39-git-binding.stdout
remediation-runs/2026-09-08-continuation/reviews/pd09-first-failure-01/main/40-clang-version.stderr
remediation-runs/2026-09-08-continuation/reviews/pd09-first-failure-01/main/40-clang-version.stdout
remediation-runs/2026-09-08-continuation/reviews/pd09-first-failure-01/main/42-compile.stderr
remediation-runs/2026-09-08-continuation/reviews/pd09-first-failure-01/main/42-compile.stdout
remediation-runs/2026-09-08-continuation/reviews/pd09-first-failure-01/main/43-adhoc-sign.stderr
remediation-runs/2026-09-08-continuation/reviews/pd09-first-failure-01/main/43-adhoc-sign.stdout
remediation-runs/2026-09-08-continuation/reviews/pd09-first-failure-01/main/44-adhoc-verify.stderr
remediation-runs/2026-09-08-continuation/reviews/pd09-first-failure-01/main/44-adhoc-verify.stdout
remediation-runs/2026-09-08-continuation/reviews/pd09-first-failure-01/main/45-built-uuid.stderr
remediation-runs/2026-09-08-continuation/reviews/pd09-first-failure-01/main/45-built-uuid.stdout
remediation-runs/2026-09-08-continuation/reviews/pd09-first-failure-01/main/48-git-binding.stderr
remediation-runs/2026-09-08-continuation/reviews/pd09-first-failure-01/main/48-git-binding.stdout
remediation-runs/2026-09-08-continuation/reviews/pd09-first-failure-01/main/49-git-binding.stderr
remediation-runs/2026-09-08-continuation/reviews/pd09-first-failure-01/main/49-git-binding.stdout
remediation-runs/2026-09-08-continuation/reviews/pd09-first-failure-01/main/50-git-binding.stderr
remediation-runs/2026-09-08-continuation/reviews/pd09-first-failure-01/main/50-git-binding.stdout
remediation-runs/2026-09-08-continuation/reviews/pd09-first-failure-01/main/51-git-binding.stderr
remediation-runs/2026-09-08-continuation/reviews/pd09-first-failure-01/main/51-git-binding.stdout
remediation-runs/2026-09-08-continuation/reviews/pd09-first-failure-01/main/52-git-binding.stderr
remediation-runs/2026-09-08-continuation/reviews/pd09-first-failure-01/main/52-git-binding.stdout
remediation-runs/2026-09-08-continuation/reviews/pd09-first-failure-01/main/53-git-binding.stderr
remediation-runs/2026-09-08-continuation/reviews/pd09-first-failure-01/main/53-git-binding.stdout
remediation-runs/2026-09-08-continuation/reviews/pd09-first-failure-01/main/56-gradle-stop.stderr
remediation-runs/2026-09-08-continuation/reviews/pd09-first-failure-01/main/56-gradle-stop.stdout
remediation-runs/2026-09-08-continuation/reviews/pd09-first-failure-01/main/OwnedProbeContext.h
remediation-runs/2026-09-08-continuation/reviews/pd09-first-failure-01/main/native-context.json
remediation-runs/2026-09-08-continuation/reviews/pd09-first-failure-01/main/native.stderr.txt
remediation-runs/2026-09-08-continuation/reviews/pd09-first-failure-01/main/native.stdout.jsonl
remediation-runs/2026-09-08-continuation/reviews/pd09-first-failure-01/main/owned-simulator-create.json
remediation-runs/2026-09-08-continuation/reviews/pd09-first-failure-01/main/owned-simulator-plan.json
remediation-runs/2026-09-08-continuation/reviews/pd09-first-failure-01/main/public-sdk-macros.txt
remediation-runs/2026-09-08-continuation/reviews/pd09-first-failure-01/main/request.json
remediation-runs/2026-09-08-continuation/reviews/pd09-first-failure-01/main/state.json
remediation-runs/2026-09-08-continuation/reviews/pd09-first-failure-01/receipt.json
remediation-runs/2026-09-08-continuation/reviews/protection-host-origin-setter-driver-controls-independent-01.json
remediation-runs/2026-09-08-continuation/reviews/protection-host-origin-setter-native-source-independent-01.json
remediation-runs/2026-09-08-continuation/reviews/protection-pd09-native-failure-independent-01.json
remediation-runs/2026-09-08-continuation/reviews/protection-probe-09-cleanup-actual-independent-01.json
remediation-runs/2026-09-08-continuation/reviews/protection-probe-pd09-artifact-custody-independent-01.json
remediation-runs/2026-09-08-continuation/reviews/protection-probe-pd09-request-admission-independent-01.json
$ git -c gc.auto=0 commit --quiet -m feat(verification): isolate host-origin protection observation from simulator startup
$ git rev-parse HEAD
4d59830442dbe31c9c1cec2f8997b0ac08604df4
$ python3 -B scripts/generate_review_inventory.py
Wrote 32915 inventory rows to docs/review/INDEPENDENT_REVIEW_INVENTORY.csv; source review not attested
$ git add docs/review/INDEPENDENT_REVIEW_INVENTORY.csv
$ git -c gc.auto=0 commit --quiet -m chore(review): freeze host-origin diagnostic inventory
$ git rev-parse HEAD
22ea6bebb95317e148d89b03c40cbb7efc9d36a4
$ git rev-parse HEAD^{tree}
e1a94305eb7af228bb2a80841f6adb3bc00162aa
$ python3 -B scripts/generate_review_inventory.py --check
Verified freshness of 32915 inventory rows in docs/review/INDEPENDENT_REVIEW_INVENTORY.csv; source review not attested
$ git push origin fix/local-readiness-2026-09-07
To https://github.com/Apdelrahman1911/parlor.git
   d3c0df9c..22ea6beb  fix/local-readiness-2026-09-07 -> fix/local-readiness-2026-09-07
$ git ls-remote origin refs/heads/fix/local-readiness-2026-09-07
22ea6bebb95317e148d89b03c40cbb7efc9d36a4	refs/heads/fix/local-readiness-2026-09-07
$ git status --porcelain=v1 --untracked-files=no
$ python3 -B /root/projects/Parlor/parlor/remediation-runs/2026-09-08-continuation/protection-host-image-01/run_host_probe.py controls
{
  "files": [
    {
      "path": ".github/workflows/production-verification.yml",
      "sha256": "d8868fdd407c0513fe4205b67b205af510c74b267e8ee83a1efac0b0f8fede94"
    },
    {
      "path": "composeApp/src/iosMain/kotlin/com/parlor/app/storage/IosSnapshotFileSystem.kt",
      "sha256": "c2852fafb293a693be830171f4674947289fafb07f8ecdbafa5c0aaae6d1bf8b"
    },
    {
      "path": "docs/RELEASE_GATES.md",
      "sha256": "3c353b24cc2b1b63b57e31998612235fb456c69c3f915c67c6de2ff98f788092"
    },
    {
      "path": "gradle/wrapper/gradle-wrapper.jar",
      "sha256": "81a82aaea5abcc8ff68b3dfcb58b3c3c429378efd98e7433460610fecd7ae45f"
    },
    {
      "path": "gradle/wrapper/gradle-wrapper.properties",
      "sha256": "c040b6ef2fb893ff5beea5a281614f2848f1c3996a7886f650b713f8240656a2"
    },
    {
      "path": "gradlew",
      "sha256": "734b3879d3501dce471cf0522d3bcbafe76873d9fc5129345b67fb43bd15e933"
    },
    {
      "path": "remediation-runs/2026-09-08-continuation/protection-application-01/application_receipts.py",
      "sha256": "1f58e81f8b3775a59fd762fe0797e0045da4a6e6214e7451273e8513a83668b8"
    },
    {
      "path": "remediation-runs/2026-09-08-continuation/protection-diagnostic-01/HostRead.m.in",
      "sha256": "620c45af984abe640f288d6f41707e2e26d845620fb3ebc44f90e44de02fc9d7"
    },
    {
      "path": "remediation-runs/2026-09-08-continuation/protection-diagnostic-01/HostSet.m.in",
      "sha256": "c67763f432bd2d7869bf661f78507ff93681735692c570b84c51dd885c6d5177"
    },
    {
      "path": "remediation-runs/2026-09-08-continuation/protection-diagnostic-01/ProbeMain.m",
      "sha256": "b34d909120fcb5eb9d039b67694fe18537ad2de0f6d4bc758a72da525c467bfd"
    },
    {
      "path": "remediation-runs/2026-09-08-continuation/protection-diagnostic-01/ProtectionSampler.h",
      "sha256": "f606f61c7e8c2271cd23abb3876d1b6e0daff40ccdcd9d0f43b949d4d502bb13"
    },
    {
      "path": "remediation-runs/2026-09-08-continuation/protection-diagnostic-01/ProtectionSampler.m",
      "sha256": "3f4f49af81d396a07beabeed45be649314495fd286327baa931aa5eb2dcca137"
    },
    {
      "path": "remediation-runs/2026-09-08-continuation/protection-diagnostic-01/README.md",
      "sha256": "334289ec3441fddf90697279608e40dfacbe433371ae68d7f008b230231868ac"
    },
    {
      "path": "remediation-runs/2026-09-08-continuation/protection-diagnostic-01/host_sampler.py",
      "sha256": "d648e924fffdd10fed867a9cb8203d1399b87ae609b5578e9d4531306b5b7a01"
    },
    {
      "path": "remediation-runs/2026-09-08-continuation/protection-diagnostic-01/run_probe.py",
      "sha256": "8a6d8526a119c95ee22b85047e6029cfec3dd9db74af5cc4ef674a5c087de35f"
    },
    {
      "path": "remediation-runs/2026-09-08-continuation/protection-diagnostic-01/test_host_sampler.py",
      "sha256": "2944170b68cc8f81cb1da306bd0e01a19107e7e512710301fdbd61d5a585d018"
    },
    {
      "path": "remediation-runs/2026-09-08-continuation/protection-diagnostic-01/test_probe.py",
      "sha256": "f092d43011ea237cedc88a676d6571f6381399f8e6f11c7bc9d643aeaa3b05fa"
    },
    {
      "path": "remediation-runs/2026-09-08-continuation/protection-host-image-01/HostImageProbe.m.in",
      "sha256": "e015aa4234346596cca8f20776bea777e7159c276ba7620b3a1557b7db3bd595"
    },
    {
      "path": "remediation-runs/2026-09-08-continuation/protection-host-image-01/HostSetterProbe.m.in",
      "sha256": "be3f272644ea1284552f6622ed7aa02e035548802bfa5e78908e296e234c2b9b"
    },
    {
      "path": "remediation-runs/2026-09-08-continuation/protection-host-image-01/README.md",
      "sha256": "1e609df5ba9efb469c09dd8befc1456207e4442eb7e2161fd2d06e6371910d08"
    },
    {
      "path": "remediation-runs/2026-09-08-continuation/protection-host-image-01/image_hook.py",
      "sha256": "bc130612a6a5f18841a7d156ee2f1ebb446da8d73be225d81b02ce2c1c23d6ab"
    },
    {
      "path": "remediation-runs/2026-09-08-continuation/protection-host-image-01/run_host_probe.py",
      "sha256": "34f2ffb667e6957adb4f57a0166e2ef2fd6b901eecb0059ef3f66d7ac13f5ea5"
    },
    {
      "path": "remediation-runs/2026-09-08-continuation/protection-host-image-01/test_host_probe.py",
      "sha256": "69547e0bce3d0d77e77cf152d7a6ddd2bf1009b5ba105929a1f024340b5fe100"
    },
    {
      "path": "remediation-runs/2026-09-08-continuation/protection-host-image-01/test_image_hook.py",
      "sha256": "6cc2a3d973891eca62d76f2a3f9e259ba92fd4c6dd598ab685fc4b34097f4a5a"
    },
    {
      "path": "scripts/ci/native_continuation.py",
      "sha256": "0b2c0fec310afd88810b84fcc4836ec72c0a07f0ff55f495f876dd92e2f231b3"
    },
    {
      "path": "scripts/ci/native_process_probe.py",
      "sha256": "f6e31687332680e5e41af99d7bb05ce34898993186386f720a885de379fd7681"
    },
    {
      "path": "scripts/ci/owned_ci_simulator.py",
      "sha256": "717c8c02dc06e4eac175c5dde5c7f9bdd6ebbd5e7028cc94c6ba4f84b44388af"
    },
    {
      "path": "scripts/ci/verification_hygiene.py",
      "sha256": "db1ceebf56ab3c10f9bb52dba12b8b7e77b9aedd97c6113b53c59a7267022fbc"
    },
    {
      "path": "scripts/release/tests/test_workflow_contract.py",
      "sha256": "e986fe8f6d2ce7a062087e5a71df0aa9aee5a2b9eb65e59d6cbf5715f374a94b"
    },
    {
      "path": "scripts/release/workflow_contract.py",
      "sha256": "3676f7c03efc54494f922c1a733e6f25775e2f3c49c581a37aae1aff54785d06"
    }
  ],
  "control_sha256": "91e18dec83251b4e040fc9f706d652a660bdb8d46414ef08321589e8c575d5b0"
}
$ ./gradlew --stop
No Gradle daemons are running.
