Executable=/private/var/folders/bl/vzjcvbz95c3dk19cb0fw46180000gn/T/parlor-audit-ios-readiness-27-hz2cdt5x/DerivedData/Build/Products/Debug-iphonesimulator/Parlor.app/Frameworks/ComposeApp.framework/ComposeApp
Identifier=com.parlor.ComposeApp
Format=bundle with Mach-O thin (arm64)
CodeDirectory v=20400 size=651630 flags=0x2(adhoc) hashes=20357+3 location=embedded
VersionPlatform=7
VersionMin=983040
VersionSDK=1704960
Hash type=sha256 size=32
CandidateCDHash sha256=7897143ae936ec4453bd23f2963d72c18ee6c6f6
CandidateCDHashFull sha256=7897143ae936ec4453bd23f2963d72c18ee6c6f60aa6abb2eb588a79d1d2abd6
Hash choices=sha256
CMSDigest=7897143ae936ec4453bd23f2963d72c18ee6c6f60aa6abb2eb588a79d1d2abd6
CMSDigestType=2
Executable Segment base=0
Executable Segment limit=43483136
Executable Segment flags=0x0
Page size=4096
CDHash=7897143ae936ec4453bd23f2963d72c18ee6c6f6
Signature=adhoc
Info.plist entries=10
TeamIdentifier=not set
Sealed Resources version=2 rules=10 files=2
Internal requirements count=0 size=12
