Executable=/private/var/folders/bl/vzjcvbz95c3dk19cb0fw46180000gn/T/parlor-audit-ios-readiness-27-hz2cdt5x/DerivedData/Build/Products/Debug-iphonesimulator/Parlor.app/Parlor.debug.dylib
Identifier=Parlor.debug
Format=Mach-O thin (arm64)
CodeDirectory v=20400 size=8197 flags=0x2(adhoc) hashes=251+2 location=embedded
VersionPlatform=7
VersionMin=1048576
VersionSDK=1704448
Hash type=sha256 size=32
CandidateCDHash sha256=f22a428698035606eaed9eee616289d307c409cc
CandidateCDHashFull sha256=f22a428698035606eaed9eee616289d307c409ccdee65b4944218a7eec349c48
Hash choices=sha256
CMSDigest=f22a428698035606eaed9eee616289d307c409ccdee65b4944218a7eec349c48
CMSDigestType=2
Executable Segment base=0
Executable Segment limit=458752
Executable Segment flags=0x0
Page size=4096
CDHash=f22a428698035606eaed9eee616289d307c409cc
Signature=adhoc
Info.plist=not bound
TeamIdentifier=not set
Sealed Resources=none
Internal requirements count=0 size=12
