To honour the JVM settings for this build a single-use Daemon process will be forked. For more on this, please refer to https://docs.gradle.org/8.13/userguide/gradle_daemon.html#sec:disabling_the_daemon in the Gradle documentation.
Daemon will be stopped at the end of the build 
Type-safe project accessors is an incubating feature.
> Task :build-logic:convention:checkKotlinGradlePluginConfigurationErrors SKIPPED
> Task :build-logic:convention:compileKotlin
> Task :build-logic:convention:compileJava NO-SOURCE
> Task :build-logic:convention:pluginDescriptors
> Task :build-logic:convention:processResources
> Task :build-logic:convention:classes
> Task :build-logic:convention:jar

> Configure project :composeApp
WARNING: The option setting 'android.experimental.lint.version=9.1.1' is experimental.
w: [33m[1m⚠️ Deprecated Gradle Version[0m[0m
The used Gradle version (Gradle 8.13) is deprecated and will not be supported in future Kotlin Gradle Plugin releases.
The minimum supported Gradle version will become Gradle 8.14.4 in Kotlin 2.5.0.

This warning can be suppressed in 'gradle.properties':
    kotlin.suppressGradlePluginWarnings=DeprecatedGradleVersionWarning
[32m[1mSolution:[0m[0m
[32m[3mPlease update the Gradle version to at least Gradle 8.14.4.[0m[0m

w: [33m[1m⚠️ Native task 'iosX64Test' is disabled[0m[0m
Task 'iosX64Test' for target 'ios_x64' cannot run on the current host (macos-aarch64).
Reason: architecture mismatch - target requires X64, current host is ARM64
[32m[1mSolution:[0m[0m
[32m[3mTo suppress this warning, add 'kotlin.native.ignoreDisabledTargets=true' to gradle.properties.[0m[0m


> Task :composeApp:convertXmlValueResourcesForAppleMain NO-SOURCE
> Task :composeApp:copyNonXmlValueResourcesForAppleMain NO-SOURCE
> Task :composeApp:prepareComposeResourcesTaskForAppleMain NO-SOURCE
> Task :composeApp:generateResourceAccessorsForAppleMain NO-SOURCE
> Task :composeApp:convertXmlValueResourcesForCommonMain
> Task :composeApp:copyNonXmlValueResourcesForCommonMain NO-SOURCE
> Task :composeApp:prepareComposeResourcesTaskForCommonMain UP-TO-DATE
> Task :composeApp:generateResourceAccessorsForCommonMain
> Task :composeApp:convertXmlValueResourcesForIosArm64Main NO-SOURCE
> Task :composeApp:copyNonXmlValueResourcesForIosArm64Main NO-SOURCE
> Task :composeApp:prepareComposeResourcesTaskForIosArm64Main NO-SOURCE
> Task :composeApp:generateResourceAccessorsForIosArm64Main NO-SOURCE
> Task :composeApp:convertXmlValueResourcesForIosMain NO-SOURCE
> Task :composeApp:copyNonXmlValueResourcesForIosMain NO-SOURCE
> Task :composeApp:prepareComposeResourcesTaskForIosMain NO-SOURCE
> Task :composeApp:generateResourceAccessorsForIosMain NO-SOURCE
> Task :composeApp:convertXmlValueResourcesForNativeMain NO-SOURCE
> Task :composeApp:copyNonXmlValueResourcesForNativeMain NO-SOURCE
> Task :composeApp:prepareComposeResourcesTaskForNativeMain NO-SOURCE
> Task :composeApp:generateResourceAccessorsForNativeMain NO-SOURCE
> Task :composeApp:generateActualResourceCollectorsForIosArm64Main
> Task :composeApp:detektIosArm64Main NO-SOURCE
> Task :composeApp:convertXmlValueResourcesForIosArm64Test NO-SOURCE
> Task :composeApp:copyNonXmlValueResourcesForIosArm64Test NO-SOURCE
> Task :composeApp:prepareComposeResourcesTaskForIosArm64Test NO-SOURCE
> Task :composeApp:generateResourceAccessorsForIosArm64Test NO-SOURCE
> Task :composeApp:detektIosArm64Test NO-SOURCE
> Task :composeApp:convertXmlValueResourcesForIosSimulatorArm64Main NO-SOURCE
> Task :composeApp:copyNonXmlValueResourcesForIosSimulatorArm64Main NO-SOURCE
> Task :composeApp:prepareComposeResourcesTaskForIosSimulatorArm64Main NO-SOURCE
> Task :composeApp:generateResourceAccessorsForIosSimulatorArm64Main NO-SOURCE
> Task :composeApp:generateActualResourceCollectorsForIosSimulatorArm64Main
> Task :composeApp:detektIosSimulatorArm64Main NO-SOURCE
> Task :composeApp:convertXmlValueResourcesForIosSimulatorArm64Test NO-SOURCE
> Task :composeApp:copyNonXmlValueResourcesForIosSimulatorArm64Test NO-SOURCE
> Task :composeApp:prepareComposeResourcesTaskForIosSimulatorArm64Test NO-SOURCE
> Task :composeApp:generateResourceAccessorsForIosSimulatorArm64Test NO-SOURCE
> Task :composeApp:detektIosSimulatorArm64Test NO-SOURCE
> Task :composeApp:convertXmlValueResourcesForIosX64Main NO-SOURCE
> Task :composeApp:copyNonXmlValueResourcesForIosX64Main NO-SOURCE
> Task :composeApp:prepareComposeResourcesTaskForIosX64Main NO-SOURCE
> Task :composeApp:generateResourceAccessorsForIosX64Main NO-SOURCE
> Task :composeApp:generateActualResourceCollectorsForIosX64Main
> Task :composeApp:detektIosX64Main NO-SOURCE
> Task :composeApp:convertXmlValueResourcesForIosX64Test NO-SOURCE
> Task :composeApp:copyNonXmlValueResourcesForIosX64Test NO-SOURCE
> Task :composeApp:prepareComposeResourcesTaskForIosX64Test NO-SOURCE
> Task :composeApp:generateResourceAccessorsForIosX64Test NO-SOURCE
> Task :composeApp:detektIosX64Test NO-SOURCE
> Task :composeApp:detektMetadataAppleMain NO-SOURCE
> Task :composeApp:detektMetadataIosMain
> Task :composeApp:detektMetadataNativeMain NO-SOURCE
> Task :game-modes:mafia:convertXmlValueResourcesForAppleMain NO-SOURCE
> Task :game-modes:mafia:copyNonXmlValueResourcesForAppleMain NO-SOURCE
> Task :game-modes:mafia:prepareComposeResourcesTaskForAppleMain NO-SOURCE
> Task :game-modes:mafia:generateResourceAccessorsForAppleMain NO-SOURCE
> Task :game-modes:mafia:convertXmlValueResourcesForCommonMain
> Task :game-modes:mafia:copyNonXmlValueResourcesForCommonMain NO-SOURCE
> Task :game-modes:mafia:prepareComposeResourcesTaskForCommonMain UP-TO-DATE
> Task :game-modes:mafia:generateResourceAccessorsForCommonMain
> Task :game-modes:mafia:convertXmlValueResourcesForIosArm64Main NO-SOURCE
> Task :game-modes:mafia:copyNonXmlValueResourcesForIosArm64Main NO-SOURCE
> Task :game-modes:mafia:prepareComposeResourcesTaskForIosArm64Main NO-SOURCE
> Task :game-modes:mafia:generateResourceAccessorsForIosArm64Main NO-SOURCE
> Task :game-modes:mafia:convertXmlValueResourcesForIosMain NO-SOURCE
> Task :game-modes:mafia:copyNonXmlValueResourcesForIosMain NO-SOURCE
> Task :game-modes:mafia:prepareComposeResourcesTaskForIosMain NO-SOURCE
> Task :game-modes:mafia:generateResourceAccessorsForIosMain NO-SOURCE
> Task :game-modes:mafia:convertXmlValueResourcesForNativeMain NO-SOURCE
> Task :game-modes:mafia:copyNonXmlValueResourcesForNativeMain NO-SOURCE
> Task :game-modes:mafia:prepareComposeResourcesTaskForNativeMain NO-SOURCE
> Task :game-modes:mafia:generateResourceAccessorsForNativeMain NO-SOURCE
> Task :game-modes:mafia:generateActualResourceCollectorsForIosArm64Main
> Task :game-modes:mafia:detektIosArm64Main NO-SOURCE
> Task :game-modes:mafia:convertXmlValueResourcesForIosArm64Test NO-SOURCE
> Task :game-modes:mafia:copyNonXmlValueResourcesForIosArm64Test NO-SOURCE
> Task :game-modes:mafia:prepareComposeResourcesTaskForIosArm64Test NO-SOURCE
> Task :game-modes:mafia:generateResourceAccessorsForIosArm64Test NO-SOURCE
> Task :game-modes:mafia:detektIosArm64Test NO-SOURCE
> Task :game-modes:mafia:convertXmlValueResourcesForIosSimulatorArm64Main NO-SOURCE
> Task :game-modes:mafia:copyNonXmlValueResourcesForIosSimulatorArm64Main NO-SOURCE
> Task :game-modes:mafia:prepareComposeResourcesTaskForIosSimulatorArm64Main NO-SOURCE
> Task :game-modes:mafia:generateResourceAccessorsForIosSimulatorArm64Main NO-SOURCE
> Task :game-modes:mafia:generateActualResourceCollectorsForIosSimulatorArm64Main
> Task :game-modes:mafia:detektIosSimulatorArm64Main NO-SOURCE
> Task :game-modes:mafia:convertXmlValueResourcesForIosSimulatorArm64Test NO-SOURCE
> Task :game-modes:mafia:copyNonXmlValueResourcesForIosSimulatorArm64Test NO-SOURCE
> Task :game-modes:mafia:prepareComposeResourcesTaskForIosSimulatorArm64Test NO-SOURCE
> Task :game-modes:mafia:generateResourceAccessorsForIosSimulatorArm64Test NO-SOURCE
> Task :game-modes:mafia:detektIosSimulatorArm64Test NO-SOURCE
> Task :game-modes:mafia:convertXmlValueResourcesForIosX64Main NO-SOURCE
> Task :game-modes:mafia:copyNonXmlValueResourcesForIosX64Main NO-SOURCE
> Task :game-modes:mafia:prepareComposeResourcesTaskForIosX64Main NO-SOURCE
> Task :game-modes:mafia:generateResourceAccessorsForIosX64Main NO-SOURCE
> Task :game-modes:mafia:generateActualResourceCollectorsForIosX64Main
> Task :game-modes:mafia:detektIosX64Main NO-SOURCE
> Task :game-modes:mafia:convertXmlValueResourcesForIosX64Test NO-SOURCE
> Task :game-modes:mafia:copyNonXmlValueResourcesForIosX64Test NO-SOURCE
> Task :game-modes:mafia:prepareComposeResourcesTaskForIosX64Test NO-SOURCE
> Task :game-modes:mafia:generateResourceAccessorsForIosX64Test NO-SOURCE
> Task :game-modes:mafia:detektIosX64Test NO-SOURCE
> Task :game-modes:mafia:detektMetadataAppleMain NO-SOURCE
> Task :game-modes:mafia:detektMetadataIosMain NO-SOURCE
> Task :game-modes:mafia:detektMetadataNativeMain NO-SOURCE
> Task :game-modes:whodunit:convertXmlValueResourcesForAppleMain NO-SOURCE
> Task :game-modes:whodunit:copyNonXmlValueResourcesForAppleMain NO-SOURCE
> Task :game-modes:whodunit:prepareComposeResourcesTaskForAppleMain NO-SOURCE
> Task :game-modes:whodunit:generateResourceAccessorsForAppleMain NO-SOURCE
> Task :game-modes:whodunit:convertXmlValueResourcesForCommonMain
> Task :game-modes:whodunit:copyNonXmlValueResourcesForCommonMain
> Task :game-modes:whodunit:prepareComposeResourcesTaskForCommonMain UP-TO-DATE
> Task :game-modes:whodunit:generateResourceAccessorsForCommonMain
> Task :game-modes:whodunit:convertXmlValueResourcesForIosArm64Main NO-SOURCE
> Task :game-modes:whodunit:copyNonXmlValueResourcesForIosArm64Main NO-SOURCE
> Task :game-modes:whodunit:prepareComposeResourcesTaskForIosArm64Main NO-SOURCE
> Task :game-modes:whodunit:generateResourceAccessorsForIosArm64Main NO-SOURCE
> Task :game-modes:whodunit:convertXmlValueResourcesForIosMain NO-SOURCE
> Task :game-modes:whodunit:copyNonXmlValueResourcesForIosMain NO-SOURCE
> Task :game-modes:whodunit:prepareComposeResourcesTaskForIosMain NO-SOURCE
> Task :game-modes:whodunit:generateResourceAccessorsForIosMain NO-SOURCE
> Task :game-modes:whodunit:convertXmlValueResourcesForNativeMain NO-SOURCE
> Task :game-modes:whodunit:copyNonXmlValueResourcesForNativeMain NO-SOURCE
> Task :game-modes:whodunit:prepareComposeResourcesTaskForNativeMain NO-SOURCE
> Task :game-modes:whodunit:generateResourceAccessorsForNativeMain NO-SOURCE
> Task :game-modes:whodunit:generateActualResourceCollectorsForIosArm64Main
> Task :game-modes:whodunit:detektIosArm64Main NO-SOURCE
> Task :game-modes:whodunit:convertXmlValueResourcesForIosArm64Test NO-SOURCE
> Task :game-modes:whodunit:copyNonXmlValueResourcesForIosArm64Test NO-SOURCE
> Task :game-modes:whodunit:prepareComposeResourcesTaskForIosArm64Test NO-SOURCE
> Task :game-modes:whodunit:generateResourceAccessorsForIosArm64Test NO-SOURCE
> Task :game-modes:whodunit:detektIosArm64Test NO-SOURCE
> Task :game-modes:whodunit:convertXmlValueResourcesForIosSimulatorArm64Main NO-SOURCE
> Task :game-modes:whodunit:copyNonXmlValueResourcesForIosSimulatorArm64Main NO-SOURCE
> Task :game-modes:whodunit:prepareComposeResourcesTaskForIosSimulatorArm64Main NO-SOURCE
> Task :game-modes:whodunit:generateResourceAccessorsForIosSimulatorArm64Main NO-SOURCE
> Task :game-modes:whodunit:generateActualResourceCollectorsForIosSimulatorArm64Main
> Task :game-modes:whodunit:detektIosSimulatorArm64Main NO-SOURCE
> Task :game-modes:whodunit:convertXmlValueResourcesForIosSimulatorArm64Test NO-SOURCE
> Task :game-modes:whodunit:copyNonXmlValueResourcesForIosSimulatorArm64Test NO-SOURCE
> Task :game-modes:whodunit:prepareComposeResourcesTaskForIosSimulatorArm64Test NO-SOURCE
> Task :game-modes:whodunit:generateResourceAccessorsForIosSimulatorArm64Test NO-SOURCE
> Task :game-modes:whodunit:detektIosSimulatorArm64Test NO-SOURCE
> Task :game-modes:whodunit:convertXmlValueResourcesForIosX64Main NO-SOURCE
> Task :game-modes:whodunit:copyNonXmlValueResourcesForIosX64Main NO-SOURCE
> Task :game-modes:whodunit:prepareComposeResourcesTaskForIosX64Main NO-SOURCE
> Task :game-modes:whodunit:generateResourceAccessorsForIosX64Main NO-SOURCE
> Task :game-modes:whodunit:generateActualResourceCollectorsForIosX64Main
> Task :game-modes:whodunit:detektIosX64Main NO-SOURCE
> Task :game-modes:whodunit:convertXmlValueResourcesForIosX64Test NO-SOURCE
> Task :game-modes:whodunit:copyNonXmlValueResourcesForIosX64Test NO-SOURCE
> Task :game-modes:whodunit:prepareComposeResourcesTaskForIosX64Test NO-SOURCE
> Task :game-modes:whodunit:generateResourceAccessorsForIosX64Test NO-SOURCE
> Task :game-modes:whodunit:detektIosX64Test NO-SOURCE
> Task :game-modes:whodunit:detektMetadataAppleMain NO-SOURCE
> Task :game-modes:whodunit:detektMetadataIosMain NO-SOURCE
> Task :game-modes:whodunit:detektMetadataNativeMain NO-SOURCE
> Task :shared:content:detektIosArm64Main NO-SOURCE
> Task :shared:content:detektIosArm64Test NO-SOURCE
> Task :shared:content:detektIosSimulatorArm64Main NO-SOURCE
> Task :shared:content:detektIosSimulatorArm64Test NO-SOURCE
> Task :shared:content:detektIosX64Main NO-SOURCE
> Task :shared:content:detektIosX64Test NO-SOURCE
> Task :shared:content:detektMetadataAppleMain NO-SOURCE
> Task :shared:content:detektMetadataIosMain NO-SOURCE
> Task :shared:content:detektMetadataNativeMain NO-SOURCE
> Task :shared:core:detektIosArm64Main NO-SOURCE
> Task :shared:core:detektIosArm64Test NO-SOURCE
> Task :shared:core:detektIosSimulatorArm64Main NO-SOURCE
> Task :shared:core:detektIosSimulatorArm64Test NO-SOURCE
> Task :shared:core:detektIosX64Main NO-SOURCE
> Task :shared:core:detektIosX64Test NO-SOURCE
> Task :shared:core:detektMetadataAppleMain NO-SOURCE
> Task :shared:core:detektMetadataIosMain NO-SOURCE
> Task :shared:core:detektMetadataNativeMain NO-SOURCE
> Task :shared:design-system:convertXmlValueResourcesForAppleMain NO-SOURCE
> Task :shared:design-system:copyNonXmlValueResourcesForAppleMain NO-SOURCE
> Task :shared:design-system:prepareComposeResourcesTaskForAppleMain NO-SOURCE
> Task :shared:design-system:generateResourceAccessorsForAppleMain NO-SOURCE
> Task :shared:design-system:convertXmlValueResourcesForCommonMain
> Task :shared:design-system:copyNonXmlValueResourcesForCommonMain
> Task :shared:design-system:prepareComposeResourcesTaskForCommonMain UP-TO-DATE
> Task :shared:design-system:generateResourceAccessorsForCommonMain
> Task :shared:design-system:convertXmlValueResourcesForIosArm64Main NO-SOURCE
> Task :shared:design-system:copyNonXmlValueResourcesForIosArm64Main NO-SOURCE
> Task :shared:design-system:prepareComposeResourcesTaskForIosArm64Main NO-SOURCE
> Task :shared:design-system:generateResourceAccessorsForIosArm64Main NO-SOURCE
> Task :shared:design-system:convertXmlValueResourcesForIosMain NO-SOURCE
> Task :shared:design-system:copyNonXmlValueResourcesForIosMain NO-SOURCE
> Task :shared:design-system:prepareComposeResourcesTaskForIosMain NO-SOURCE
> Task :shared:design-system:generateResourceAccessorsForIosMain NO-SOURCE
> Task :shared:design-system:convertXmlValueResourcesForNativeMain NO-SOURCE
> Task :shared:design-system:copyNonXmlValueResourcesForNativeMain NO-SOURCE
> Task :shared:design-system:prepareComposeResourcesTaskForNativeMain NO-SOURCE
> Task :shared:design-system:generateResourceAccessorsForNativeMain NO-SOURCE
> Task :shared:design-system:generateActualResourceCollectorsForIosArm64Main
> Task :shared:design-system:detektIosArm64Main NO-SOURCE
> Task :shared:design-system:convertXmlValueResourcesForIosArm64Test NO-SOURCE
> Task :shared:design-system:copyNonXmlValueResourcesForIosArm64Test NO-SOURCE
> Task :shared:design-system:prepareComposeResourcesTaskForIosArm64Test NO-SOURCE
> Task :shared:design-system:generateResourceAccessorsForIosArm64Test NO-SOURCE
> Task :shared:design-system:detektIosArm64Test NO-SOURCE
> Task :shared:design-system:convertXmlValueResourcesForIosSimulatorArm64Main NO-SOURCE
> Task :shared:design-system:copyNonXmlValueResourcesForIosSimulatorArm64Main NO-SOURCE
> Task :shared:design-system:prepareComposeResourcesTaskForIosSimulatorArm64Main NO-SOURCE
> Task :shared:design-system:generateResourceAccessorsForIosSimulatorArm64Main NO-SOURCE
> Task :shared:design-system:generateActualResourceCollectorsForIosSimulatorArm64Main
> Task :shared:design-system:detektIosSimulatorArm64Main NO-SOURCE
> Task :shared:design-system:convertXmlValueResourcesForIosSimulatorArm64Test NO-SOURCE
> Task :shared:design-system:copyNonXmlValueResourcesForIosSimulatorArm64Test NO-SOURCE
> Task :shared:design-system:prepareComposeResourcesTaskForIosSimulatorArm64Test NO-SOURCE
> Task :shared:design-system:generateResourceAccessorsForIosSimulatorArm64Test NO-SOURCE
> Task :shared:design-system:detektIosSimulatorArm64Test NO-SOURCE
> Task :shared:design-system:convertXmlValueResourcesForIosX64Main NO-SOURCE
> Task :shared:design-system:copyNonXmlValueResourcesForIosX64Main NO-SOURCE
> Task :shared:design-system:prepareComposeResourcesTaskForIosX64Main NO-SOURCE
> Task :shared:design-system:generateResourceAccessorsForIosX64Main NO-SOURCE
> Task :shared:design-system:generateActualResourceCollectorsForIosX64Main
> Task :shared:design-system:detektIosX64Main NO-SOURCE
> Task :shared:design-system:convertXmlValueResourcesForIosX64Test NO-SOURCE
> Task :shared:design-system:copyNonXmlValueResourcesForIosX64Test NO-SOURCE
> Task :shared:design-system:prepareComposeResourcesTaskForIosX64Test NO-SOURCE
> Task :shared:design-system:generateResourceAccessorsForIosX64Test NO-SOURCE
> Task :shared:design-system:detektIosX64Test NO-SOURCE
> Task :shared:design-system:detektMetadataAppleMain NO-SOURCE
> Task :shared:design-system:detektMetadataIosMain
> Task :shared:design-system:detektMetadataNativeMain NO-SOURCE
> Task :shared:engine:detektIosArm64Main NO-SOURCE
> Task :shared:engine:detektIosArm64Test NO-SOURCE
> Task :shared:engine:detektIosSimulatorArm64Main NO-SOURCE
> Task :shared:engine:detektIosSimulatorArm64Test NO-SOURCE
> Task :shared:engine:detektIosX64Main NO-SOURCE
> Task :shared:engine:detektIosX64Test NO-SOURCE
> Task :shared:engine:detektMetadataAppleMain NO-SOURCE
> Task :shared:engine:detektMetadataIosMain NO-SOURCE
> Task :shared:engine:detektMetadataNativeMain NO-SOURCE
> Task :shared:engine-testing:detektIosArm64Main NO-SOURCE
> Task :shared:engine-testing:detektIosArm64Test NO-SOURCE
> Task :shared:engine-testing:detektIosSimulatorArm64Main NO-SOURCE
> Task :shared:engine-testing:detektIosSimulatorArm64Test NO-SOURCE
> Task :shared:engine-testing:detektIosX64Main NO-SOURCE
> Task :shared:engine-testing:detektIosX64Test NO-SOURCE
> Task :shared:engine-testing:detektMetadataAppleMain NO-SOURCE
> Task :shared:engine-testing:detektMetadataIosMain NO-SOURCE
> Task :shared:engine-testing:detektMetadataNativeMain NO-SOURCE
> Task :shared:networking:detektIosArm64Main NO-SOURCE
> Task :shared:networking:detektIosArm64Test NO-SOURCE
> Task :shared:networking:detektIosSimulatorArm64Main NO-SOURCE
> Task :shared:networking:detektIosSimulatorArm64Test NO-SOURCE
> Task :shared:networking:detektIosX64Main NO-SOURCE
> Task :shared:networking:detektIosX64Test NO-SOURCE
> Task :shared:networking:detektMetadataAppleMain NO-SOURCE
> Task :shared:networking:detektMetadataIosMain
> Task :shared:networking:detektMetadataNativeMain NO-SOURCE
> Task :shared:networking-testing:detektIosArm64Main NO-SOURCE
> Task :shared:networking-testing:detektIosArm64Test NO-SOURCE
> Task :shared:networking-testing:detektIosSimulatorArm64Main NO-SOURCE
> Task :shared:networking-testing:detektIosSimulatorArm64Test NO-SOURCE
> Task :shared:networking-testing:detektIosX64Main NO-SOURCE
> Task :shared:networking-testing:detektIosX64Test NO-SOURCE
> Task :shared:networking-testing:detektMetadataAppleMain NO-SOURCE
> Task :shared:networking-testing:detektMetadataIosMain NO-SOURCE
> Task :shared:networking-testing:detektMetadataNativeMain NO-SOURCE
> Task :shared:session:detektIosArm64Main NO-SOURCE
> Task :shared:session:detektIosArm64Test NO-SOURCE
> Task :shared:session:detektIosSimulatorArm64Main NO-SOURCE
> Task :shared:session:detektIosSimulatorArm64Test NO-SOURCE
> Task :shared:session:detektIosX64Main NO-SOURCE
> Task :shared:session:detektIosX64Test NO-SOURCE
> Task :shared:session:detektMetadataAppleMain NO-SOURCE
> Task :shared:session:detektMetadataIosMain NO-SOURCE
> Task :shared:session:detektMetadataNativeMain NO-SOURCE
> Task :shared:storage:detektIosArm64Main NO-SOURCE
> Task :shared:storage:detektIosArm64Test NO-SOURCE
> Task :shared:storage:detektIosSimulatorArm64Main NO-SOURCE
> Task :shared:storage:detektIosSimulatorArm64Test NO-SOURCE
> Task :shared:storage:detektIosX64Main NO-SOURCE
> Task :shared:storage:detektIosX64Test NO-SOURCE
> Task :shared:storage:detektMetadataAppleMain NO-SOURCE
> Task :shared:storage:detektMetadataIosMain NO-SOURCE
> Task :shared:storage:detektMetadataNativeMain NO-SOURCE
> Task :shared:transport-p2p:detektIosArm64Main NO-SOURCE
> Task :shared:transport-p2p:detektIosArm64Test NO-SOURCE
> Task :shared:transport-p2p:detektIosSimulatorArm64Main NO-SOURCE
> Task :shared:transport-p2p:detektIosSimulatorArm64Test NO-SOURCE
> Task :shared:transport-p2p:detektIosX64Main NO-SOURCE
> Task :shared:transport-p2p:detektIosX64Test NO-SOURCE
> Task :shared:transport-p2p:detektMetadataAppleMain NO-SOURCE
> Task :shared:transport-p2p:detektMetadataIosMain
> Task :shared:transport-p2p:detektMetadataNativeMain NO-SOURCE
> Task :productionAppleStaticAnalysis
> Task :composeApp:kmpPartiallyResolvedDependenciesChecker
> Task :composeApp:checkKotlinGradlePluginConfigurationErrors SKIPPED
> Task :composeApp:downloadKotlinNativeDistribution
> Task :composeApp:generateComposeResClass
> Task :composeApp:generateExpectResourceCollectorsForCommonMain
> Task :composeApp:generateParlorVersion
> Task :game-modes:mafia:kmpPartiallyResolvedDependenciesChecker
> Task :game-modes:mafia:checkKotlinGradlePluginConfigurationErrors SKIPPED
> Task :game-modes:mafia:downloadKotlinNativeDistribution
> Task :game-modes:mafia:generateComposeResClass
> Task :game-modes:mafia:generateExpectResourceCollectorsForCommonMain
> Task :shared:content:kmpPartiallyResolvedDependenciesChecker
> Task :shared:content:checkKotlinGradlePluginConfigurationErrors SKIPPED
> Task :shared:content:downloadKotlinNativeDistribution
> Task :shared:core:kmpPartiallyResolvedDependenciesChecker
> Task :shared:core:checkKotlinGradlePluginConfigurationErrors SKIPPED
> Task :shared:core:downloadKotlinNativeDistribution
> Task :shared:core:compileKotlinIosArm64
> Task :shared:core:exportCrossCompilationMetadataForIosArm64ApiElements
> Task :shared:engine:kmpPartiallyResolvedDependenciesChecker
> Task :shared:engine:checkKotlinGradlePluginConfigurationErrors SKIPPED
> Task :shared:engine:downloadKotlinNativeDistribution
> Task :shared:engine:compileKotlinIosArm64
> Task :shared:engine:exportCrossCompilationMetadataForIosArm64ApiElements
> Task :shared:content:compileKotlinIosArm64
> Task :shared:content:exportCrossCompilationMetadataForIosArm64ApiElements
> Task :shared:design-system:kmpPartiallyResolvedDependenciesChecker
> Task :shared:design-system:checkKotlinGradlePluginConfigurationErrors SKIPPED
> Task :shared:design-system:downloadKotlinNativeDistribution
> Task :shared:design-system:generateComposeResClass
> Task :shared:design-system:generateExpectResourceCollectorsForCommonMain
> Task :shared:design-system:compileKotlinIosArm64
> Task :shared:design-system:exportCrossCompilationMetadataForIosArm64ApiElements
> Task :shared:networking:kmpPartiallyResolvedDependenciesChecker
> Task :shared:networking:checkKotlinGradlePluginConfigurationErrors SKIPPED
> Task :shared:networking:downloadKotlinNativeDistribution
> Task :shared:networking:compileKotlinIosArm64
> Task :shared:networking:exportCrossCompilationMetadataForIosArm64ApiElements
> Task :shared:session:kmpPartiallyResolvedDependenciesChecker
> Task :shared:session:checkKotlinGradlePluginConfigurationErrors SKIPPED
> Task :shared:session:downloadKotlinNativeDistribution
> Task :shared:session:compileKotlinIosArm64
> Task :shared:session:exportCrossCompilationMetadataForIosArm64ApiElements
> Task :shared:storage:kmpPartiallyResolvedDependenciesChecker
> Task :shared:storage:checkKotlinGradlePluginConfigurationErrors SKIPPED
> Task :shared:storage:downloadKotlinNativeDistribution
> Task :shared:storage:compileKotlinIosArm64
> Task :shared:storage:exportCrossCompilationMetadataForIosArm64ApiElements
> Task :game-modes:mafia:compileKotlinIosArm64
> Task :game-modes:mafia:exportCrossCompilationMetadataForIosArm64ApiElements
> Task :game-modes:whodunit:kmpPartiallyResolvedDependenciesChecker
> Task :game-modes:whodunit:checkKotlinGradlePluginConfigurationErrors SKIPPED
> Task :game-modes:whodunit:downloadKotlinNativeDistribution
> Task :game-modes:whodunit:generateComposeResClass
> Task :game-modes:whodunit:generateExpectResourceCollectorsForCommonMain
> Task :game-modes:whodunit:compileKotlinIosArm64
> Task :game-modes:whodunit:exportCrossCompilationMetadataForIosArm64ApiElements
> Task :shared:transport-p2p:kmpPartiallyResolvedDependenciesChecker
> Task :shared:transport-p2p:checkKotlinGradlePluginConfigurationErrors SKIPPED
> Task :shared:transport-p2p:downloadKotlinNativeDistribution
> Task :shared:transport-p2p:compileKotlinIosArm64
> Task :shared:transport-p2p:exportCrossCompilationMetadataForIosArm64ApiElements
> Task :composeApp:compileKotlinIosArm64
> Task :composeApp:computeLocalPackageDependencyInputFiles
> Task :composeApp:generateSyntheticLinkageSwiftPMImportProjectForCinteropsAndLdDump SKIPPED
> Task :composeApp:serializeSwiftPMDependenciesMetadataForLockFiles
> Task :game-modes:mafia:serializeSwiftPMDependenciesMetadataForLockFiles
> Task :game-modes:whodunit:serializeSwiftPMDependenciesMetadataForLockFiles
> Task :shared:content:serializeSwiftPMDependenciesMetadataForLockFiles
> Task :shared:core:serializeSwiftPMDependenciesMetadataForLockFiles
> Task :shared:design-system:serializeSwiftPMDependenciesMetadataForLockFiles
> Task :shared:engine:serializeSwiftPMDependenciesMetadataForLockFiles
> Task :shared:engine-testing:serializeSwiftPMDependenciesMetadataForLockFiles
> Task :shared:networking:serializeSwiftPMDependenciesMetadataForLockFiles
> Task :shared:networking-testing:serializeSwiftPMDependenciesMetadataForLockFiles
> Task :shared:session:serializeSwiftPMDependenciesMetadataForLockFiles
> Task :shared:storage:serializeSwiftPMDependenciesMetadataForLockFiles
> Task :shared:transport-p2p:serializeSwiftPMDependenciesMetadataForLockFiles
> Task :composeApp:generateUmbrellaPackageIdentifierBasedResolutionForDefault SKIPPED
> Task :composeApp:fetchUmbrellaPackageIdentifierForDefault SKIPPED
> Task :composeApp:syncPersistedPackageResolvedToSynthetic SKIPPED
> Task :composeApp:fetchSyntheticImportProjectPackages SKIPPED
> Task :composeApp:convertSyntheticImportProjectIntoDefFileIphoneos
> Task :composeApp:linkReleaseFrameworkIosArm64
e: Compilation failed: Java heap space

 * Compiler version: 2.4.10
 * Output kind: FRAMEWORK

e: java.lang.OutOfMemoryError: Java heap space
	at java.base/java.util.Arrays.copyOf(Arrays.java:3482)
	at java.base/java.util.ArrayList.grow(ArrayList.java:237)
	at java.base/java.util.ArrayList.grow(ArrayList.java:244)
	at java.base/java.util.ArrayList.add(ArrayList.java:483)
	at java.base/java.util.ArrayList.add(ArrayList.java:496)
	at org.jetbrains.kotlin.backend.konan.optimizations.CallGraph.addReversedEdge(CallGraphBuilder.kt:53)
	at org.jetbrains.kotlin.backend.konan.optimizations.CallGraphBuilder.build(CallGraphBuilder.kt:85)
	at org.jetbrains.kotlin.backend.konan.driver.phases.LTOKt.RemoveRedundantCallsToStaticInitializersPhase$lambda$0(LTO.kt:187)
	at org.jetbrains.kotlin.backend.konan.driver.phases.LTOKt$$Lambda/0x0000000303492220.invoke(Unknown Source)
	at org.jetbrains.kotlin.backend.common.phaser.PhaseBuildersKt$createSimpleNamedCompilerPhase$3.phaseBody(PhaseBuilders.kt:101)
	at org.jetbrains.kotlin.backend.common.phaser.PhaseBuildersKt$createSimpleNamedCompilerPhase$3.phaseBody(PhaseBuilders.kt:90)
	at org.jetbrains.kotlin.config.phaser.NamedCompilerPhase.invoke(CompilerPhase.kt:102)
	at org.jetbrains.kotlin.backend.common.phaser.PhaseEngine.runPhase(PhaseEngine.kt:72)
	at org.jetbrains.kotlin.backend.konan.driver.phases.TopLevelPhasesKt.runAndMeasurePhase(TopLevelPhases.kt:497)
	at org.jetbrains.kotlin.backend.konan.driver.phases.TopLevelPhasesKt.runCodegen(TopLevelPhases.kt:524)
	at org.jetbrains.kotlin.backend.konan.driver.phases.TopLevelPhasesKt.runBackendCodegen(TopLevelPhases.kt:464)
	at org.jetbrains.kotlin.backend.konan.driver.phases.TopLevelPhasesKt.compileModule(TopLevelPhases.kt:380)
	at org.jetbrains.kotlin.backend.konan.driver.phases.TopLevelPhasesKt.runBackend$lambda$0$runAfterLowerings(TopLevelPhases.kt:205)
	at org.jetbrains.kotlin.backend.konan.driver.phases.TopLevelPhasesKt.runBackend(TopLevelPhases.kt:235)
	at org.jetbrains.kotlin.backend.konan.driver.NativeCompilerDriver.produceObjCFramework(NativeCompilerDriver.kt:87)
	at org.jetbrains.kotlin.backend.konan.driver.NativeCompilerDriver.run$lambda$0$0$0(NativeCompilerDriver.kt:45)
	at org.jetbrains.kotlin.backend.konan.driver.NativeCompilerDriver$$Lambda/0x000000030328a7f8.invoke(Unknown Source)
	at org.jetbrains.kotlin.backend.konan.driver.MachineryKt$startTopLevel$topLevelPhase$1.phaseBody(Machinery.kt:47)
	at org.jetbrains.kotlin.backend.konan.driver.MachineryKt$startTopLevel$topLevelPhase$1.phaseBody(Machinery.kt:44)
	at org.jetbrains.kotlin.config.phaser.NamedCompilerPhase.invoke(CompilerPhase.kt:102)
	at org.jetbrains.kotlin.backend.konan.driver.MachineryKt.startTopLevel(Machinery.kt:54)
	at org.jetbrains.kotlin.backend.konan.driver.NativeCompilerDriver.run(NativeCompilerDriver.kt:39)
	at org.jetbrains.kotlin.backend.konan.KonanDriver.run(KonanDriver.kt:158)
	at org.jetbrains.kotlin.cli.bc.K2Native.runKonanDriver(K2Native.kt:246)
	at org.jetbrains.kotlin.cli.bc.K2Native.doExecute(K2Native.kt:131)
	at org.jetbrains.kotlin.cli.bc.K2Native.doExecute(K2Native.kt:43)
	at org.jetbrains.kotlin.cli.common.CLICompiler.execImpl(CLICompiler.kt:128)


> Task :composeApp:linkReleaseFrameworkIosArm64 FAILED
> Task :shared:core:compileKotlinIosSimulatorArm64
> Task :shared:core:exportCrossCompilationMetadataForIosSimulatorArm64ApiElements
> Task :shared:engine:compileKotlinIosSimulatorArm64
> Task :shared:engine:exportCrossCompilationMetadataForIosSimulatorArm64ApiElements
> Task :shared:content:compileKotlinIosSimulatorArm64
> Task :shared:content:exportCrossCompilationMetadataForIosSimulatorArm64ApiElements
> Task :shared:design-system:compileKotlinIosSimulatorArm64
> Task :shared:design-system:exportCrossCompilationMetadataForIosSimulatorArm64ApiElements
> Task :shared:networking:compileKotlinIosSimulatorArm64
> Task :shared:networking:exportCrossCompilationMetadataForIosSimulatorArm64ApiElements
> Task :shared:session:compileKotlinIosSimulatorArm64
> Task :shared:session:exportCrossCompilationMetadataForIosSimulatorArm64ApiElements
> Task :shared:storage:compileKotlinIosSimulatorArm64
> Task :shared:storage:exportCrossCompilationMetadataForIosSimulatorArm64ApiElements
> Task :game-modes:mafia:compileKotlinIosSimulatorArm64
> Task :game-modes:mafia:exportCrossCompilationMetadataForIosSimulatorArm64ApiElements
> Task :game-modes:whodunit:compileKotlinIosSimulatorArm64
> Task :game-modes:whodunit:exportCrossCompilationMetadataForIosSimulatorArm64ApiElements
> Task :shared:transport-p2p:compileKotlinIosSimulatorArm64
> Task :shared:transport-p2p:exportCrossCompilationMetadataForIosSimulatorArm64ApiElements
> Task :composeApp:compileKotlinIosSimulatorArm64
> Task :composeApp:convertSyntheticImportProjectIntoDefFileIphonesimulator
> Task :composeApp:linkReleaseFrameworkIosSimulatorArm64
e: Compilation failed: GC overhead limit exceeded

 * Compiler version: 2.4.10
 * Output kind: FRAMEWORK

e: java.lang.OutOfMemoryError: GC overhead limit exceeded
	at org.jetbrains.kotlin.backend.konan.optimizations.CallGraphBuilder.staticCall(CallGraphBuilder.kt:138)
	at org.jetbrains.kotlin.backend.konan.optimizations.CallGraphBuilder.handleFunction(CallGraphBuilder.kt:198)
	at org.jetbrains.kotlin.backend.konan.optimizations.CallGraphBuilder.build(CallGraphBuilder.kt:87)
	at org.jetbrains.kotlin.backend.konan.driver.phases.LTOKt.RemoveRedundantCallsToStaticInitializersPhase$lambda$0(LTO.kt:187)
	at org.jetbrains.kotlin.backend.konan.driver.phases.LTOKt$$Lambda/0x0000000303492220.invoke(Unknown Source)
	at org.jetbrains.kotlin.backend.common.phaser.PhaseBuildersKt$createSimpleNamedCompilerPhase$3.phaseBody(PhaseBuilders.kt:101)
	at org.jetbrains.kotlin.backend.common.phaser.PhaseBuildersKt$createSimpleNamedCompilerPhase$3.phaseBody(PhaseBuilders.kt:90)
	at org.jetbrains.kotlin.config.phaser.NamedCompilerPhase.invoke(CompilerPhase.kt:102)
	at org.jetbrains.kotlin.backend.common.phaser.PhaseEngine.runPhase(PhaseEngine.kt:72)
	at org.jetbrains.kotlin.backend.konan.driver.phases.TopLevelPhasesKt.runAndMeasurePhase(TopLevelPhases.kt:497)
	at org.jetbrains.kotlin.backend.konan.driver.phases.TopLevelPhasesKt.runCodegen(TopLevelPhases.kt:524)
	at org.jetbrains.kotlin.backend.konan.driver.phases.TopLevelPhasesKt.runBackendCodegen(TopLevelPhases.kt:464)
	at org.jetbrains.kotlin.backend.konan.driver.phases.TopLevelPhasesKt.compileModule(TopLevelPhases.kt:380)
	at org.jetbrains.kotlin.backend.konan.driver.phases.TopLevelPhasesKt.runBackend$lambda$0$runAfterLowerings(TopLevelPhases.kt:205)
	at org.jetbrains.kotlin.backend.konan.driver.phases.TopLevelPhasesKt.runBackend(TopLevelPhases.kt:235)
	at org.jetbrains.kotlin.backend.konan.driver.NativeCompilerDriver.produceObjCFramework(NativeCompilerDriver.kt:87)
	at org.jetbrains.kotlin.backend.konan.driver.NativeCompilerDriver.run$lambda$0$0$0(NativeCompilerDriver.kt:45)
	at org.jetbrains.kotlin.backend.konan.driver.NativeCompilerDriver$$Lambda/0x000000030328a7f8.invoke(Unknown Source)
	at org.jetbrains.kotlin.backend.konan.driver.MachineryKt$startTopLevel$topLevelPhase$1.phaseBody(Machinery.kt:47)
	at org.jetbrains.kotlin.backend.konan.driver.MachineryKt$startTopLevel$topLevelPhase$1.phaseBody(Machinery.kt:44)
	at org.jetbrains.kotlin.config.phaser.NamedCompilerPhase.invoke(CompilerPhase.kt:102)
	at org.jetbrains.kotlin.backend.konan.driver.MachineryKt.startTopLevel(Machinery.kt:54)
	at org.jetbrains.kotlin.backend.konan.driver.NativeCompilerDriver.run(NativeCompilerDriver.kt:39)
	at org.jetbrains.kotlin.backend.konan.KonanDriver.run(KonanDriver.kt:158)
	at org.jetbrains.kotlin.cli.bc.K2Native.runKonanDriver(K2Native.kt:246)
	at org.jetbrains.kotlin.cli.bc.K2Native.doExecute(K2Native.kt:131)
	at org.jetbrains.kotlin.cli.bc.K2Native.doExecute(K2Native.kt:43)
	at org.jetbrains.kotlin.cli.common.CLICompiler.execImpl(CLICompiler.kt:128)
	at org.jetbrains.kotlin.cli.common.CLICompiler.exec(CLICompiler.kt:366)
	at org.jetbrains.kotlin.cli.common.CLICompiler.exec(CLICompiler.kt:344)
	at org.jetbrains.kotlin.cli.common.CLICompiler.exec(CLICompiler.kt:306)
	at org.jetbrains.kotlin.cli.common.CLICompiler$Companion.doMainNoExit(CLICompiler.kt:445)


> Task :composeApp:linkReleaseFrameworkIosSimulatorArm64 FAILED
> Task :shared:core:compileKotlinIosX64
> Task :shared:core:exportCrossCompilationMetadataForIosX64ApiElements
> Task :shared:engine:compileKotlinIosX64
> Task :shared:engine:exportCrossCompilationMetadataForIosX64ApiElements
> Task :shared:content:compileKotlinIosX64
> Task :shared:content:exportCrossCompilationMetadataForIosX64ApiElements
> Task :shared:design-system:compileKotlinIosX64
> Task :shared:design-system:exportCrossCompilationMetadataForIosX64ApiElements
> Task :shared:networking:compileKotlinIosX64
> Task :shared:networking:exportCrossCompilationMetadataForIosX64ApiElements
> Task :shared:session:compileKotlinIosX64
> Task :shared:session:exportCrossCompilationMetadataForIosX64ApiElements
> Task :shared:storage:compileKotlinIosX64
> Task :shared:storage:exportCrossCompilationMetadataForIosX64ApiElements
> Task :game-modes:mafia:compileKotlinIosX64
> Task :game-modes:mafia:exportCrossCompilationMetadataForIosX64ApiElements
The Daemon will expire after the build after running out of JVM heap space.
The project memory settings are likely not configured or are configured to an insufficient value.
The daemon will restart for the next build, which may increase subsequent build times.
These settings can be adjusted by setting 'org.gradle.jvmargs' in 'gradle.properties'.
The currently configured max heap space is '2 GiB' and the configured max metaspace is 'unknown'.
For more information on how to set these values, please refer to https://docs.gradle.org/8.13/userguide/build_environment.html#sec:configuring_jvm_memory in the Gradle documentation.
To disable this warning, set 'org.gradle.daemon.performance.disable-logging=true'.
> Task :game-modes:whodunit:compileKotlinIosX64
> Task :game-modes:whodunit:exportCrossCompilationMetadataForIosX64ApiElements
> Task :shared:transport-p2p:compileKotlinIosX64
> Task :shared:transport-p2p:exportCrossCompilationMetadataForIosX64ApiElements
> Task :composeApp:compileKotlinIosX64
> Task :composeApp:linkReleaseFrameworkIosX64
e: Compilation failed: GC overhead limit exceeded

 * Compiler version: 2.4.10
 * Output kind: FRAMEWORK

e: java.lang.OutOfMemoryError: GC overhead limit exceeded
	at org.jetbrains.kotlin.backend.konan.optimizations.CallGraphBuilder.staticCall(CallGraphBuilder.kt:134)
	at org.jetbrains.kotlin.backend.konan.optimizations.CallGraphBuilder.handleFunction(CallGraphBuilder.kt:198)
	at org.jetbrains.kotlin.backend.konan.optimizations.CallGraphBuilder.build(CallGraphBuilder.kt:87)
	at org.jetbrains.kotlin.backend.konan.driver.phases.LTOKt.RemoveRedundantCallsToStaticInitializersPhase$lambda$0(LTO.kt:187)
	at org.jetbrains.kotlin.backend.konan.driver.phases.LTOKt$$Lambda/0x0000000303492220.invoke(Unknown Source)
	at org.jetbrains.kotlin.backend.common.phaser.PhaseBuildersKt$createSimpleNamedCompilerPhase$3.phaseBody(PhaseBuilders.kt:101)
	at org.jetbrains.kotlin.backend.common.phaser.PhaseBuildersKt$createSimpleNamedCompilerPhase$3.phaseBody(PhaseBuilders.kt:90)
	at org.jetbrains.kotlin.config.phaser.NamedCompilerPhase.invoke(CompilerPhase.kt:102)
	at org.jetbrains.kotlin.backend.common.phaser.PhaseEngine.runPhase(PhaseEngine.kt:72)
	at org.jetbrains.kotlin.backend.konan.driver.phases.TopLevelPhasesKt.runAndMeasurePhase(TopLevelPhases.kt:497)
	at org.jetbrains.kotlin.backend.konan.driver.phases.TopLevelPhasesKt.runCodegen(TopLevelPhases.kt:524)
	at org.jetbrains.kotlin.backend.konan.driver.phases.TopLevelPhasesKt.runBackendCodegen(TopLevelPhases.kt:464)
	at org.jetbrains.kotlin.backend.konan.driver.phases.TopLevelPhasesKt.compileModule(TopLevelPhases.kt:380)
	at org.jetbrains.kotlin.backend.konan.driver.phases.TopLevelPhasesKt.runBackend$lambda$0$runAfterLowerings(TopLevelPhases.kt:205)
	at org.jetbrains.kotlin.backend.konan.driver.phases.TopLevelPhasesKt.runBackend(TopLevelPhases.kt:235)
	at org.jetbrains.kotlin.backend.konan.driver.NativeCompilerDriver.produceObjCFramework(NativeCompilerDriver.kt:87)
	at org.jetbrains.kotlin.backend.konan.driver.NativeCompilerDriver.run$lambda$0$0$0(NativeCompilerDriver.kt:45)
	at org.jetbrains.kotlin.backend.konan.driver.NativeCompilerDriver$$Lambda/0x000000030328a7f8.invoke(Unknown Source)
	at org.jetbrains.kotlin.backend.konan.driver.MachineryKt$startTopLevel$topLevelPhase$1.phaseBody(Machinery.kt:47)
	at org.jetbrains.kotlin.backend.konan.driver.MachineryKt$startTopLevel$topLevelPhase$1.phaseBody(Machinery.kt:44)
	at org.jetbrains.kotlin.config.phaser.NamedCompilerPhase.invoke(CompilerPhase.kt:102)
	at org.jetbrains.kotlin.backend.konan.driver.MachineryKt.startTopLevel(Machinery.kt:54)
	at org.jetbrains.kotlin.backend.konan.driver.NativeCompilerDriver.run(NativeCompilerDriver.kt:39)
	at org.jetbrains.kotlin.backend.konan.KonanDriver.run(KonanDriver.kt:158)
	at org.jetbrains.kotlin.cli.bc.K2Native.runKonanDriver(K2Native.kt:246)
	at org.jetbrains.kotlin.cli.bc.K2Native.doExecute(K2Native.kt:131)
	at org.jetbrains.kotlin.cli.bc.K2Native.doExecute(K2Native.kt:43)
	at org.jetbrains.kotlin.cli.common.CLICompiler.execImpl(CLICompiler.kt:128)
	at org.jetbrains.kotlin.cli.common.CLICompiler.exec(CLICompiler.kt:366)
	at org.jetbrains.kotlin.cli.common.CLICompiler.exec(CLICompiler.kt:344)
	at org.jetbrains.kotlin.cli.common.CLICompiler.exec(CLICompiler.kt:306)
	at org.jetbrains.kotlin.cli.common.CLICompiler$Companion.doMainNoExit(CLICompiler.kt:445)


> Task :composeApp:linkReleaseFrameworkIosX64 FAILED

[Incubating] Problems report is available at: file:///Users/abdelrahman/Projects/parlor/build/reports/problems/problems-report.html

FAILURE: Build completed with 3 failures.

1: Task failed with an exception.
-----------
* What went wrong:
Execution failed for task ':composeApp:linkReleaseFrameworkIosArm64'.
> Compilation finished with errors

* Try:
> Run with --stacktrace option to get the stack trace.
> Run with --info or --debug option to get more log output.
> Run with --scan to get full insights.
> Get more help at https://help.gradle.org.
==============================================================================

2: Task failed with an exception.
-----------
* What went wrong:
Execution failed for task ':composeApp:linkReleaseFrameworkIosSimulatorArm64'.
> Compilation finished with errors

* Try:
> Run with --stacktrace option to get the stack trace.
> Run with --info or --debug option to get more log output.
> Run with --scan to get full insights.
> Get more help at https://help.gradle.org.
==============================================================================

3: Task failed with an exception.
-----------
* What went wrong:
Execution failed for task ':composeApp:linkReleaseFrameworkIosX64'.
> Compilation finished with errors

* Try:
> Run with --stacktrace option to get the stack trace.
> Run with --info or --debug option to get more log output.
> Run with --scan to get full insights.
> Get more help at https://help.gradle.org.
==============================================================================

BUILD FAILED in 5m 48s
147 actionable tasks: 143 executed, 4 up-to-date
