To honour the JVM settings for this build a single-use Daemon process will be forked. For more on this, please refer to https://docs.gradle.org/8.13/userguide/gradle_daemon.html#sec:disabling_the_daemon in the Gradle documentation.
Daemon will be stopped at the end of the build 
Type-safe project accessors is an incubating feature.
> Task :build-logic:convention:checkKotlinGradlePluginConfigurationErrors SKIPPED
> Task :build-logic:convention:compileKotlin
> Task :build-logic:convention:compileJava NO-SOURCE
> Task :build-logic:convention:pluginDescriptors
> Task :build-logic:convention:processResources
> Task :build-logic:convention:classes
> Task :build-logic:convention:jar

> Configure project :composeApp
w: [33m[1m⚠️ Deprecated Gradle Version[0m[0m
The used Gradle version (Gradle 8.13) is deprecated and will not be supported in future Kotlin Gradle Plugin releases.
The minimum supported Gradle version will become Gradle 8.14.4 in Kotlin 2.5.0.

This warning can be suppressed in 'gradle.properties':
    kotlin.suppressGradlePluginWarnings=DeprecatedGradleVersionWarning
[32m[1mSolution:[0m[0m
[32m[3mPlease update the Gradle version to at least Gradle 8.14.4.[0m[0m


[Incubating] Problems report is available at: file:///Users/abdelrahman/Projects/parlor/build/reports/problems/problems-report.html

FAILURE: Build failed with an exception.

* Where:
Build file '/Users/abdelrahman/Projects/parlor/composeApp/build.gradle.kts' line: 3

* What went wrong:
An exception occurred applying plugin request [id: 'org.jetbrains.kotlin.multiplatform', version: '2.4.10']
> Failed to apply plugin 'org.jetbrains.kotlin.multiplatform'.
   > KotlinSourceSet with name 'desktopTest' not found.

* Try:
> Run with --stacktrace option to get the stack trace.
> Run with --info or --debug option to get more log output.
> Run with --scan to get full insights.
> Get more help at https://help.gradle.org.

BUILD FAILED in 6s
4 actionable tasks: 4 executed
