test_both_hosts_use_the_repository_wrapper_for_stop (test_ci_verification_hygiene.VerificationHygieneTest) ... ok
test_changed_source_or_task_cannot_authorize_cleanup (test_ci_verification_hygiene.VerificationHygieneTest) ... ok
test_cleanup_removes_only_claimed_outputs_and_keeps_evidence_and_source (test_ci_verification_hygiene.VerificationHygieneTest) ... ok
test_cli_rejects_local_worktrees_before_cleaning (test_ci_verification_hygiene.VerificationHygieneTest) ... ok
test_dirty_worktree_with_unchanged_head_tree_and_paths_cannot_authorize_cleanup (test_ci_verification_hygiene.VerificationHygieneTest) ... ok
test_failed_prepare_cannot_reuse_a_historical_same_task_claim (test_ci_verification_hygiene.VerificationHygieneTest) ... ok
test_failed_stop_preserves_generated_output_and_reports_failure (test_ci_verification_hygiene.VerificationHygieneTest) ... ok
test_historical_other_task_claim_does_not_authorize_current_cleanup (test_ci_verification_hygiene.VerificationHygieneTest) ... ok
test_missing_claim_fails_without_deleting_outputs (test_ci_verification_hygiene.VerificationHygieneTest) ... ok
test_nested_output_symlink_does_not_delete_external_target (test_ci_verification_hygiene.VerificationHygieneTest) ... ok
test_new_claim_never_overwrites_a_historical_receipt (test_ci_verification_hygiene.VerificationHygieneTest) ... ok
test_non_object_ownership_record_fails_with_a_cleanup_receipt (test_ci_verification_hygiene.VerificationHygieneTest) ... ok
test_preexisting_outputs_are_never_claimed (test_ci_verification_hygiene.VerificationHygieneTest) ... ok
test_roots_include_build_logic_and_only_known_generated_directories (test_ci_verification_hygiene.VerificationHygieneTest) ... ok
test_success_without_actual_artifact_outputs_cannot_authorize_deletion (test_ci_verification_hygiene.VerificationHygieneTest) ... ok
test_symlink_sibling_rejects_cleanup_before_any_deletion (test_ci_verification_hygiene.VerificationHygieneTest) ... ok
test_tampered_source_path_claim_is_rejected (test_ci_verification_hygiene.VerificationHygieneTest) ... ok
test_unsuccessful_upload_preserves_evidence_and_still_stops_gradle (test_ci_verification_hygiene.VerificationHygieneTest) ... ok
test_every_job_retains_xml_before_always_run_cleanup (test_ci_verification_hygiene.VerificationWorkflowHygieneTest) ... ok
test_kotlin_compiler_work_is_owned_by_the_gradle_lane (test_ci_verification_hygiene.VerificationWorkflowHygieneTest) ... ok

----------------------------------------------------------------------
Ran 20 tests in 0.023s

OK
