{"driver_path": "remediation-runs/2026-09-07-local-readiness/reviews/run_package_controls_01.py", "driver_sha256": "3dfd0d545ba93b042361686f71958e750af69f2cec2452b41b08fa0d96a4ce7b", "inputs": [{"path": "scripts/release/tests/test_third_party_notices.py", "sha256": "0a395e8b064dea6ec229509026abfd5ec7c7f5a5a23969f606e461100f42eed3", "tests": ["parlor_package_control_0.ThirdPartyNoticesTest.test_aab_duplicate_case_alias_traversal_and_file_parent_collisions_fail", "parlor_package_control_0.ThirdPartyNoticesTest.test_aab_missing_extra_wrong_namespace_and_wrong_root_fail", "parlor_package_control_0.ThirdPartyNoticesTest.test_actual_source_set_is_26_complete_hash_bound_resources_not_a_package_pass", "parlor_package_control_0.ThirdPartyNoticesTest.test_app_missing_extra_wrong_namespace_symlink_and_fifo_fail", "parlor_package_control_0.ThirdPartyNoticesTest.test_app_root_symlink_wrong_prefix_and_depth_or_entry_ceiling_fail", "parlor_package_control_0.ThirdPartyNoticesTest.test_catalog_bytes_pins_and_namespace_declaration_are_bound", "parlor_package_control_0.ThirdPartyNoticesTest.test_cli_json_success_failure_and_unexecuted_package_are_unambiguous", "parlor_package_control_0.ThirdPartyNoticesTest.test_compressed_notice_bomb_and_manifest_directory_bounds_fail", "parlor_package_control_0.ThirdPartyNoticesTest.test_crc_corruption_and_truncated_aab_fail", "parlor_package_control_0.ThirdPartyNoticesTest.test_deflate_compression_level_flags_are_not_mistaken_for_encryption", "parlor_package_control_0.ThirdPartyNoticesTest.test_duplicate_catalog_version_declarations_are_not_silently_last_wins", "parlor_package_control_0.ThirdPartyNoticesTest.test_forged_short_uncompressed_length_cannot_hide_extra_decompressed_bytes", "parlor_package_control_0.ThirdPartyNoticesTest.test_index_required_sentences_and_complete_file_list_cannot_be_removed_by_rehashing", "parlor_package_control_0.ThirdPartyNoticesTest.test_input_replacement_during_read_fails", "parlor_package_control_0.ThirdPartyNoticesTest.test_manifest_rejects_closed_schema_identity_count_and_duplicate_mutations", "parlor_package_control_0.ThirdPartyNoticesTest.test_manifest_rejects_malformed_duplicate_keys_and_nonfinite_json", "parlor_package_control_0.ThirdPartyNoticesTest.test_missing_and_extra_source_files_fail", "parlor_package_control_0.ThirdPartyNoticesTest.test_nonregular_source_and_manifest_do_not_block_on_fifo_open", "parlor_package_control_0.ThirdPartyNoticesTest.test_only_catalog_line_endings_are_canonicalized_and_raw_identity_remains_visible", "parlor_package_control_0.ThirdPartyNoticesTest.test_package_tamper_fails_even_if_a_digest_function_is_made_to_collide", "parlor_package_control_0.ThirdPartyNoticesTest.test_provenance_rejects_private_urls_unsafe_members_and_forged_hashes", "parlor_package_control_0.ThirdPartyNoticesTest.test_real_zip_data_descriptors_are_accepted", "parlor_package_control_0.ThirdPartyNoticesTest.test_source_input_size_and_aggregate_limits_are_enforced", "parlor_package_control_0.ThirdPartyNoticesTest.test_source_lines_provenance_requires_real_ordered_integer_range", "parlor_package_control_0.ThirdPartyNoticesTest.test_source_tampering_and_line_ending_normalization_fail", "parlor_package_control_0.ThirdPartyNoticesTest.test_symlink_source_root_ancestor_and_file_fail_without_following", "parlor_package_control_0.ThirdPartyNoticesTest.test_valid_app_checks_complete_namespace_and_does_not_read_non_notice_contents", "parlor_package_control_0.ThirdPartyNoticesTest.test_valid_stored_and_deflated_aab_matches_every_exact_resource", "parlor_package_control_0.ThirdPartyNoticesTest.test_verbatim_crlf_and_notice_provenance_are_preserved", "parlor_package_control_0.ThirdPartyNoticesTest.test_zip_encryption_and_nul_filename_fail", "parlor_package_control_0.ThirdPartyNoticesTest.test_zip_eocd_count_lie_is_rejected_before_zipinfo_allocation", "parlor_package_control_0.ThirdPartyNoticesTest.test_zip_symlink_and_zip64_extra_fail"]}, {"path": "scripts/release/tests/test_notice_git_bytes.py", "sha256": "a1a4196e301f7a310efd4ce4a6f92b2be16cefeafa5b5feabe409200d74f6ba6", "tests": ["parlor_package_control_1.NoticeGitBytesTest.test_notice_bytes_survive_crlf_checkout_conversion", "parlor_package_control_1.NoticeGitBytesTest.test_only_verbatim_upstream_line_endings_and_final_blanks_are_exempt"]}, {"path": "scripts/release/tests/test_android_release_artifacts.py", "sha256": "f8b9a707ef2a023fce7fa1a2cd658a0820042af4e28aae647d91567d80004963", "tests": ["parlor_package_control_2.AndroidReleaseArtifactsTest.test_dex_counts_every_defined_descriptor", "parlor_package_control_2.AndroidReleaseArtifactsTest.test_dex_rejects_missing_duplicate_and_forbidden_classes", "parlor_package_control_2.AndroidReleaseArtifactsTest.test_each_native_abi_has_the_right_elf_identity", "parlor_package_control_2.AndroidReleaseArtifactsTest.test_immediate_post_spawn_failure_and_cancellation_reap_exact_owned_child", "parlor_package_control_2.AndroidReleaseArtifactsTest.test_integrated_fixture_rejects_changed_story_and_unsigned_policy", "parlor_package_control_2.AndroidReleaseArtifactsTest.test_integrated_fixture_uses_real_notice_resource_checks_and_independent_tools", "parlor_package_control_2.AndroidReleaseArtifactsTest.test_manifest_rejects_dtd_and_overlarge_output", "parlor_package_control_2.AndroidReleaseArtifactsTest.test_manifest_rejects_identity_version_sdk_and_privacy_drift", "parlor_package_control_2.AndroidReleaseArtifactsTest.test_manifest_rejects_new_components_permissions_and_launcher", "parlor_package_control_2.AndroidReleaseArtifactsTest.test_manifest_validates_actual_required_policy", "parlor_package_control_2.AndroidReleaseArtifactsTest.test_mapping_checks_original_names_even_when_obfuscated", "parlor_package_control_2.AndroidReleaseArtifactsTest.test_mapping_rejects_empty_unrecognized_and_unbounded_lines", "parlor_package_control_2.AndroidReleaseArtifactsTest.test_native_rejects_wrong_cpu_type_location_and_extra_library", "parlor_package_control_2.AndroidReleaseArtifactsTest.test_owned_tool_failure_and_timeout_are_reaped", "parlor_package_control_2.AndroidReleaseArtifactsTest.test_regular_input_rejects_symlink_and_empty_file", "parlor_package_control_2.AndroidReleaseArtifactsTest.test_stubborn_owned_child_is_killed_then_reaped_after_cancel", "parlor_package_control_2.AndroidReleaseArtifactsTest.test_tool_output_bound_is_enforced"]}, {"path": "scripts/release/tests/test_ios_release_artifacts.py", "sha256": "e5239b6587b963d009a2a477de6d6e1e36bac5c03e144059c92657527ec3e1c6", "tests": ["parlor_package_control_3.GitSourceIdentityTest.test_head_tree_and_dirty_and_untracked_build_input_hashes_are_actual", "parlor_package_control_3.GitSourceIdentityTest.test_protected_and_unrelated_untracked_files_are_not_read", "parlor_package_control_3.GitSourceIdentityTest.test_subdirectory_cannot_masquerade_as_full_source_checkout", "parlor_package_control_3.GitSourceIdentityTest.test_untracked_symlinked_build_input_is_rejected", "parlor_package_control_3.NativeCommandAndCliTest.test_cli_rejects_oversized_success_report", "parlor_package_control_3.NativeCommandAndCliTest.test_cli_returns_nonzero_json_on_verification_failure", "parlor_package_control_3.NativeCommandAndCliTest.test_command_output_exit_and_timeout_guards_close_owned_spool", "parlor_package_control_3.NativeCommandAndCliTest.test_native_probe_uses_only_fixed_readonly_commands", "parlor_package_control_3.NativeCommandAndCliTest.test_nonmac_native_probe_cannot_claim_execution", "parlor_package_control_3.ReleaseArtifactTest.test_changed_source_identity_cannot_pass", "parlor_package_control_3.ReleaseArtifactTest.test_cli_executes_real_package_checks_with_injected_native_metadata", "parlor_package_control_3.ReleaseArtifactTest.test_duplicate_version_assignments_fail", "parlor_package_control_3.ReleaseArtifactTest.test_every_file_and_extra_debug_dylib_is_inventoried_with_uuid", "parlor_package_control_3.ReleaseArtifactTest.test_exact_case_and_font_bytes_are_checked_in_shipping_namespaces", "parlor_package_control_3.ReleaseArtifactTest.test_file_total_and_plist_bounds_fail_without_large_fixture", "parlor_package_control_3.ReleaseArtifactTest.test_framework_deployment_floor_may_be_lower_than_app_floor", "parlor_package_control_3.ReleaseArtifactTest.test_full_verifier_binds_source_and_does_not_invalidate_for_excluded_review_evidence", "parlor_package_control_3.ReleaseArtifactTest.test_known_identity_collision_cannot_be_promoted_by_package_inspector", "parlor_package_control_3.ReleaseArtifactTest.test_missing_source_categories_or_unknown_font_namespace_fail", "parlor_package_control_3.ReleaseArtifactTest.test_non_macho_extra_native_file_is_not_hidden_as_resource", "parlor_package_control_3.ReleaseArtifactTest.test_package_mutation_during_native_inspection_is_rejected", "parlor_package_control_3.ReleaseArtifactTest.test_privacy_structural_match_accepts_binary_plist_but_not_changed_declaration", "parlor_package_control_3.ReleaseArtifactTest.test_private_material_is_rejected_before_reading_file_bytes", "parlor_package_control_3.ReleaseArtifactTest.test_release_identity_version_platform_deployment_and_language_are_checked", "parlor_package_control_3.ReleaseArtifactTest.test_required_native_must_exist_and_have_macho_header", "parlor_package_control_3.ReleaseArtifactTest.test_symlinked_package_or_resource_is_rejected", "parlor_package_control_3.ReleaseArtifactTest.test_unreviewed_extension_and_nonregular_entry_fail", "parlor_package_control_3.ReleaseArtifactTest.test_uuid_is_single_arm64_and_bound_to_actual_path", "parlor_package_control_3.ReleaseArtifactTest.test_wrong_native_architecture_platform_floor_and_output_shape_fail"]}, {"path": "scripts/release/tests/test_workflow_contract.py", "sha256": "b2e5f6af1a37f86e5e47c3c69e7a31afb1b4090034c202a39c7bfc3a93f3e219", "tests": ["parlor_package_control_4.WorkflowContractTest.test_all_release_temporary_directories_use_signal_safe_cleanup", "parlor_package_control_4.WorkflowContractTest.test_android_and_ios_release_packages_must_verify_notice_bytes", "parlor_package_control_4.WorkflowContractTest.test_apple_signing_and_upload_scripts_require_identity_approval", "parlor_package_control_4.WorkflowContractTest.test_candidate_build_number_claim_cannot_be_removed", "parlor_package_control_4.WorkflowContractTest.test_candidate_bundletool_download_must_be_bounded", "parlor_package_control_4.WorkflowContractTest.test_candidate_claim_requires_a_secretless_protected_environment", "parlor_package_control_4.WorkflowContractTest.test_candidate_claim_transaction_cannot_be_scoped_per_sha", "parlor_package_control_4.WorkflowContractTest.test_candidate_dependency_and_validation_evidence_must_be_retained", "parlor_package_control_4.WorkflowContractTest.test_candidate_dependency_report_must_use_release_runtime", "parlor_package_control_4.WorkflowContractTest.test_candidate_preflight_requires_reviewed_managed_device_image", "parlor_package_control_4.WorkflowContractTest.test_complete_ios_inventory_requires_successful_build_and_cleanup", "parlor_package_control_4.WorkflowContractTest.test_every_store_workflow_job_is_repository_disabled", "parlor_package_control_4.WorkflowContractTest.test_external_partial_rerun_evidence_cannot_be_removed", "parlor_package_control_4.WorkflowContractTest.test_ios_app_launch_cannot_delay_finalization_or_claim_ownership_after_launch", "parlor_package_control_4.WorkflowContractTest.test_ios_app_launch_requires_its_own_preparation_and_finalization", "parlor_package_control_4.WorkflowContractTest.test_ios_app_launch_requires_owned_simulator_and_nonparallel_execution", "parlor_package_control_4.WorkflowContractTest.test_ios_app_launch_ui_test_cannot_be_replaced_with_a_build", "parlor_package_control_4.WorkflowContractTest.test_ios_artifact_validator_enforces_pinned_store_toolchain", "parlor_package_control_4.WorkflowContractTest.test_ios_build_phases_do_not_inherit_source_signing_secrets", "parlor_package_control_4.WorkflowContractTest.test_ios_profile_refusal_cannot_delete_a_preexisting_profile", "parlor_package_control_4.WorkflowContractTest.test_ios_signing_cleanup_is_fail_closed", "parlor_package_control_4.WorkflowContractTest.test_ios_upload_uses_scoped_key_directory_and_removes_raw_response", "parlor_package_control_4.WorkflowContractTest.test_managed_device_runner_cannot_use_production_signing_material", "parlor_package_control_4.WorkflowContractTest.test_missing_shared_store_lock_is_rejected", "parlor_package_control_4.WorkflowContractTest.test_mobile_release_kit_android_signing_fallbacks_remain_bounded", "parlor_package_control_4.WorkflowContractTest.test_mobile_release_kit_ios_signing_mapping_is_release_target_only", "parlor_package_control_4.WorkflowContractTest.test_mutable_action_reference_is_rejected", "parlor_package_control_4.WorkflowContractTest.test_new_store_workflow_job_cannot_omit_the_release_stop", "parlor_package_control_4.WorkflowContractTest.test_production_build_command_is_rejected", "parlor_package_control_4.WorkflowContractTest.test_production_push_trigger_is_rejected", "parlor_package_control_4.WorkflowContractTest.test_production_without_external_receipt_attestation_is_rejected", "parlor_package_control_4.WorkflowContractTest.test_production_without_its_own_receipt_attestations_is_rejected", "parlor_package_control_4.WorkflowContractTest.test_promotion_without_candidate_attestation_is_rejected", "parlor_package_control_4.WorkflowContractTest.test_release_policy_includes_the_candidate_control_environment", "parlor_package_control_4.WorkflowContractTest.test_release_system_enforces_review_inventory_freshness", "parlor_package_control_4.WorkflowContractTest.test_release_tool_download_failure_cannot_false_pass", "parlor_package_control_4.WorkflowContractTest.test_repository_workflows_satisfy_release_contract", "parlor_package_control_4.WorkflowContractTest.test_review_inventory_gate_has_full_git_history", "parlor_package_control_4.WorkflowContractTest.test_store_workflow_without_identity_ownership_gate_is_rejected", "parlor_package_control_4.WorkflowContractTest.test_unreviewed_workflow_file_is_rejected", "parlor_package_control_4.WorkflowContractTest.test_unsigned_android_inventory_is_required_and_tool_cleanup_is_scoped", "parlor_package_control_4.WorkflowContractTest.test_validation_requires_release_managed_device_runtime_gate", "parlor_package_control_4.WorkflowContractTest.test_xcode_identity_guard_matches_the_exact_build_setting"]}, {"path": "remediation-runs/2026-09-07-local-readiness/reviews/test_aab_package_inspection_02.py", "sha256": "4e7faacbb708a83840507380b53eceab9a458c28c38d6561f36807668f80476c", "tests": ["parlor_package_control_5.FinalizationTests.test_failed_inspection_still_retires_workers_and_retains_required_evidence", "parlor_package_control_5.FinalizationTests.test_postspawn_clock_failure_terminates_and_reaps_owned_group", "parlor_package_control_5.FinalizationTests.test_success_retires_postinspection_workers_before_output_cleanup", "parlor_package_control_5.FinalizationTests.test_surviving_artifact_worker_prevents_output_deletion", "parlor_package_control_5.PackageBoundaryTests.test_failed_notice_keeps_artifact_and_failure_report", "parlor_package_control_5.PackageBoundaryTests.test_failed_or_cancelled_download_cleans_only_its_tool", "parlor_package_control_5.PackageBoundaryTests.test_full_gate_failure_cannot_be_hidden_by_notice_success", "parlor_package_control_5.PackageBoundaryTests.test_full_gate_nonzero_retains_report_but_removes_tool", "parlor_package_control_5.PackageBoundaryTests.test_full_gate_requires_artifact_success_and_bounded_report", "parlor_package_control_5.PackageBoundaryTests.test_full_gate_uses_tracked_invoke_and_removes_tool_after_success", "parlor_package_control_5.PackageBoundaryTests.test_full_receipt_must_bind_exact_artifact_digest", "parlor_package_control_5.PackageBoundaryTests.test_oversized_notice_is_rejected", "parlor_package_control_5.PackageBoundaryTests.test_preexisting_tool_is_not_read_removed_or_overwritten", "parlor_package_control_5.PackageBoundaryTests.test_source_only_success_cannot_satisfy_package_gate", "parlor_package_control_5.PackageBoundaryTests.test_success_keeps_byte_bound_notice_and_full_receipt_before_cleanup"]}, {"path": "remediation-runs/2026-09-07-local-readiness/reviews/test_build_lane_group_retirement.py", "sha256": "6933afa3dca7e1fa89886500806491ca09d27d499d9b94dd8c92158102509878", "tests": ["parlor_package_control_6.GroupRetirementTests.test_cancellation_retires_group_without_signalling_reaped_leader", "parlor_package_control_6.GroupRetirementTests.test_failure_retires_group_without_signalling_reaped_leader", "parlor_package_control_6.GroupRetirementTests.test_observed_descendants_remain_bound_to_their_original_start", "parlor_package_control_6.GroupRetirementTests.test_reused_group_cannot_adopt_an_unrelated_process", "parlor_package_control_6.GroupRetirementTests.test_success_retires_group_immediately"]}], "kind": "PURE_CONTROL_TESTS_NOT_NATIVE_RUNTIME"}
test_aab_duplicate_case_alias_traversal_and_file_parent_collisions_fail (parlor_package_control_0.ThirdPartyNoticesTest) ... ok
test_aab_missing_extra_wrong_namespace_and_wrong_root_fail (parlor_package_control_0.ThirdPartyNoticesTest) ... ok
test_actual_source_set_is_26_complete_hash_bound_resources_not_a_package_pass (parlor_package_control_0.ThirdPartyNoticesTest) ... ok
test_app_missing_extra_wrong_namespace_symlink_and_fifo_fail (parlor_package_control_0.ThirdPartyNoticesTest) ... ok
test_app_root_symlink_wrong_prefix_and_depth_or_entry_ceiling_fail (parlor_package_control_0.ThirdPartyNoticesTest) ... ok
test_catalog_bytes_pins_and_namespace_declaration_are_bound (parlor_package_control_0.ThirdPartyNoticesTest) ... ok
test_cli_json_success_failure_and_unexecuted_package_are_unambiguous (parlor_package_control_0.ThirdPartyNoticesTest) ... ok
test_compressed_notice_bomb_and_manifest_directory_bounds_fail (parlor_package_control_0.ThirdPartyNoticesTest) ... ok
test_crc_corruption_and_truncated_aab_fail (parlor_package_control_0.ThirdPartyNoticesTest) ... ok
test_deflate_compression_level_flags_are_not_mistaken_for_encryption (parlor_package_control_0.ThirdPartyNoticesTest) ... ok
test_duplicate_catalog_version_declarations_are_not_silently_last_wins (parlor_package_control_0.ThirdPartyNoticesTest) ... ok
test_forged_short_uncompressed_length_cannot_hide_extra_decompressed_bytes (parlor_package_control_0.ThirdPartyNoticesTest) ... ok
test_index_required_sentences_and_complete_file_list_cannot_be_removed_by_rehashing (parlor_package_control_0.ThirdPartyNoticesTest) ... ok
test_input_replacement_during_read_fails (parlor_package_control_0.ThirdPartyNoticesTest) ... ok
test_manifest_rejects_closed_schema_identity_count_and_duplicate_mutations (parlor_package_control_0.ThirdPartyNoticesTest) ... ok
test_manifest_rejects_malformed_duplicate_keys_and_nonfinite_json (parlor_package_control_0.ThirdPartyNoticesTest) ... ok
test_missing_and_extra_source_files_fail (parlor_package_control_0.ThirdPartyNoticesTest) ... ok
test_nonregular_source_and_manifest_do_not_block_on_fifo_open (parlor_package_control_0.ThirdPartyNoticesTest) ... ok
test_only_catalog_line_endings_are_canonicalized_and_raw_identity_remains_visible (parlor_package_control_0.ThirdPartyNoticesTest) ... ok
test_package_tamper_fails_even_if_a_digest_function_is_made_to_collide (parlor_package_control_0.ThirdPartyNoticesTest) ... ok
test_provenance_rejects_private_urls_unsafe_members_and_forged_hashes (parlor_package_control_0.ThirdPartyNoticesTest) ... ok
test_real_zip_data_descriptors_are_accepted (parlor_package_control_0.ThirdPartyNoticesTest) ... ok
test_source_input_size_and_aggregate_limits_are_enforced (parlor_package_control_0.ThirdPartyNoticesTest) ... ok
test_source_lines_provenance_requires_real_ordered_integer_range (parlor_package_control_0.ThirdPartyNoticesTest) ... ok
test_source_tampering_and_line_ending_normalization_fail (parlor_package_control_0.ThirdPartyNoticesTest) ... ok
test_symlink_source_root_ancestor_and_file_fail_without_following (parlor_package_control_0.ThirdPartyNoticesTest) ... ok
test_valid_app_checks_complete_namespace_and_does_not_read_non_notice_contents (parlor_package_control_0.ThirdPartyNoticesTest) ... ok
test_valid_stored_and_deflated_aab_matches_every_exact_resource (parlor_package_control_0.ThirdPartyNoticesTest) ... ok
test_verbatim_crlf_and_notice_provenance_are_preserved (parlor_package_control_0.ThirdPartyNoticesTest) ... ok
test_zip_encryption_and_nul_filename_fail (parlor_package_control_0.ThirdPartyNoticesTest) ... ok
test_zip_eocd_count_lie_is_rejected_before_zipinfo_allocation (parlor_package_control_0.ThirdPartyNoticesTest) ... ok
test_zip_symlink_and_zip64_extra_fail (parlor_package_control_0.ThirdPartyNoticesTest) ... ok
test_notice_bytes_survive_crlf_checkout_conversion (parlor_package_control_1.NoticeGitBytesTest) ... warning: in the working copy of '.gitattributes', LF will be replaced by CRLF the next time Git touches it
ok
test_only_verbatim_upstream_line_endings_and_final_blanks_are_exempt (parlor_package_control_1.NoticeGitBytesTest) ... ok
test_dex_counts_every_defined_descriptor (parlor_package_control_2.AndroidReleaseArtifactsTest) ... ok
test_dex_rejects_missing_duplicate_and_forbidden_classes (parlor_package_control_2.AndroidReleaseArtifactsTest) ... ok
test_each_native_abi_has_the_right_elf_identity (parlor_package_control_2.AndroidReleaseArtifactsTest) ... ok
test_immediate_post_spawn_failure_and_cancellation_reap_exact_owned_child (parlor_package_control_2.AndroidReleaseArtifactsTest) ... ok
test_integrated_fixture_rejects_changed_story_and_unsigned_policy (parlor_package_control_2.AndroidReleaseArtifactsTest) ... ok
test_integrated_fixture_uses_real_notice_resource_checks_and_independent_tools (parlor_package_control_2.AndroidReleaseArtifactsTest) ... ok
test_manifest_rejects_dtd_and_overlarge_output (parlor_package_control_2.AndroidReleaseArtifactsTest) ... ok
test_manifest_rejects_identity_version_sdk_and_privacy_drift (parlor_package_control_2.AndroidReleaseArtifactsTest) ... ok
test_manifest_rejects_new_components_permissions_and_launcher (parlor_package_control_2.AndroidReleaseArtifactsTest) ... ok
test_manifest_validates_actual_required_policy (parlor_package_control_2.AndroidReleaseArtifactsTest) ... ok
test_mapping_checks_original_names_even_when_obfuscated (parlor_package_control_2.AndroidReleaseArtifactsTest) ... ok
test_mapping_rejects_empty_unrecognized_and_unbounded_lines (parlor_package_control_2.AndroidReleaseArtifactsTest) ... ok
test_native_rejects_wrong_cpu_type_location_and_extra_library (parlor_package_control_2.AndroidReleaseArtifactsTest) ... ok
test_owned_tool_failure_and_timeout_are_reaped (parlor_package_control_2.AndroidReleaseArtifactsTest) ... ok
test_regular_input_rejects_symlink_and_empty_file (parlor_package_control_2.AndroidReleaseArtifactsTest) ... ok
test_stubborn_owned_child_is_killed_then_reaped_after_cancel (parlor_package_control_2.AndroidReleaseArtifactsTest) ... ok
test_tool_output_bound_is_enforced (parlor_package_control_2.AndroidReleaseArtifactsTest) ... ok
test_head_tree_and_dirty_and_untracked_build_input_hashes_are_actual (parlor_package_control_3.GitSourceIdentityTest) ... ok
test_protected_and_unrelated_untracked_files_are_not_read (parlor_package_control_3.GitSourceIdentityTest) ... ok
test_subdirectory_cannot_masquerade_as_full_source_checkout (parlor_package_control_3.GitSourceIdentityTest) ... ok
test_untracked_symlinked_build_input_is_rejected (parlor_package_control_3.GitSourceIdentityTest) ... ok
test_cli_rejects_oversized_success_report (parlor_package_control_3.NativeCommandAndCliTest) ... ok
test_cli_returns_nonzero_json_on_verification_failure (parlor_package_control_3.NativeCommandAndCliTest) ... ok
test_command_output_exit_and_timeout_guards_close_owned_spool (parlor_package_control_3.NativeCommandAndCliTest) ... ok
test_native_probe_uses_only_fixed_readonly_commands (parlor_package_control_3.NativeCommandAndCliTest) ... ok
test_nonmac_native_probe_cannot_claim_execution (parlor_package_control_3.NativeCommandAndCliTest) ... ok
test_changed_source_identity_cannot_pass (parlor_package_control_3.ReleaseArtifactTest) ... ok
test_cli_executes_real_package_checks_with_injected_native_metadata (parlor_package_control_3.ReleaseArtifactTest) ... ok
test_duplicate_version_assignments_fail (parlor_package_control_3.ReleaseArtifactTest) ... ok
test_every_file_and_extra_debug_dylib_is_inventoried_with_uuid (parlor_package_control_3.ReleaseArtifactTest) ... ok
test_exact_case_and_font_bytes_are_checked_in_shipping_namespaces (parlor_package_control_3.ReleaseArtifactTest) ... ok
test_file_total_and_plist_bounds_fail_without_large_fixture (parlor_package_control_3.ReleaseArtifactTest) ... ok
test_framework_deployment_floor_may_be_lower_than_app_floor (parlor_package_control_3.ReleaseArtifactTest) ... ok
test_full_verifier_binds_source_and_does_not_invalidate_for_excluded_review_evidence (parlor_package_control_3.ReleaseArtifactTest) ... ok
test_known_identity_collision_cannot_be_promoted_by_package_inspector (parlor_package_control_3.ReleaseArtifactTest) ... ok
test_missing_source_categories_or_unknown_font_namespace_fail (parlor_package_control_3.ReleaseArtifactTest) ... ok
test_non_macho_extra_native_file_is_not_hidden_as_resource (parlor_package_control_3.ReleaseArtifactTest) ... ok
test_package_mutation_during_native_inspection_is_rejected (parlor_package_control_3.ReleaseArtifactTest) ... ok
test_privacy_structural_match_accepts_binary_plist_but_not_changed_declaration (parlor_package_control_3.ReleaseArtifactTest) ... ok
test_private_material_is_rejected_before_reading_file_bytes (parlor_package_control_3.ReleaseArtifactTest) ... ok
test_release_identity_version_platform_deployment_and_language_are_checked (parlor_package_control_3.ReleaseArtifactTest) ... ok
test_required_native_must_exist_and_have_macho_header (parlor_package_control_3.ReleaseArtifactTest) ... ok
test_symlinked_package_or_resource_is_rejected (parlor_package_control_3.ReleaseArtifactTest) ... ok
test_unreviewed_extension_and_nonregular_entry_fail (parlor_package_control_3.ReleaseArtifactTest) ... ok
test_uuid_is_single_arm64_and_bound_to_actual_path (parlor_package_control_3.ReleaseArtifactTest) ... ok
test_wrong_native_architecture_platform_floor_and_output_shape_fail (parlor_package_control_3.ReleaseArtifactTest) ... ok
test_all_release_temporary_directories_use_signal_safe_cleanup (parlor_package_control_4.WorkflowContractTest) ... ok
test_android_and_ios_release_packages_must_verify_notice_bytes (parlor_package_control_4.WorkflowContractTest) ... ok
test_apple_signing_and_upload_scripts_require_identity_approval (parlor_package_control_4.WorkflowContractTest) ... ok
test_candidate_build_number_claim_cannot_be_removed (parlor_package_control_4.WorkflowContractTest) ... ok
test_candidate_bundletool_download_must_be_bounded (parlor_package_control_4.WorkflowContractTest) ... ok
test_candidate_claim_requires_a_secretless_protected_environment (parlor_package_control_4.WorkflowContractTest) ... ok
test_candidate_claim_transaction_cannot_be_scoped_per_sha (parlor_package_control_4.WorkflowContractTest) ... ok
test_candidate_dependency_and_validation_evidence_must_be_retained (parlor_package_control_4.WorkflowContractTest) ... ok
test_candidate_dependency_report_must_use_release_runtime (parlor_package_control_4.WorkflowContractTest) ... ok
test_candidate_preflight_requires_reviewed_managed_device_image (parlor_package_control_4.WorkflowContractTest) ... ok
test_complete_ios_inventory_requires_successful_build_and_cleanup (parlor_package_control_4.WorkflowContractTest) ... ok
test_every_store_workflow_job_is_repository_disabled (parlor_package_control_4.WorkflowContractTest) ... ok
test_external_partial_rerun_evidence_cannot_be_removed (parlor_package_control_4.WorkflowContractTest) ... ok
test_ios_app_launch_cannot_delay_finalization_or_claim_ownership_after_launch (parlor_package_control_4.WorkflowContractTest) ... ok
test_ios_app_launch_requires_its_own_preparation_and_finalization (parlor_package_control_4.WorkflowContractTest) ... ok
test_ios_app_launch_requires_owned_simulator_and_nonparallel_execution (parlor_package_control_4.WorkflowContractTest) ... ok
test_ios_app_launch_ui_test_cannot_be_replaced_with_a_build (parlor_package_control_4.WorkflowContractTest) ... ok
test_ios_artifact_validator_enforces_pinned_store_toolchain (parlor_package_control_4.WorkflowContractTest) ... ok
test_ios_build_phases_do_not_inherit_source_signing_secrets (parlor_package_control_4.WorkflowContractTest) ... ok
test_ios_profile_refusal_cannot_delete_a_preexisting_profile (parlor_package_control_4.WorkflowContractTest) ... ok
test_ios_signing_cleanup_is_fail_closed (parlor_package_control_4.WorkflowContractTest) ... ok
test_ios_upload_uses_scoped_key_directory_and_removes_raw_response (parlor_package_control_4.WorkflowContractTest) ... ok
test_managed_device_runner_cannot_use_production_signing_material (parlor_package_control_4.WorkflowContractTest) ... ok
test_missing_shared_store_lock_is_rejected (parlor_package_control_4.WorkflowContractTest) ... ok
test_mobile_release_kit_android_signing_fallbacks_remain_bounded (parlor_package_control_4.WorkflowContractTest) ... ok
test_mobile_release_kit_ios_signing_mapping_is_release_target_only (parlor_package_control_4.WorkflowContractTest) ... ok
test_mutable_action_reference_is_rejected (parlor_package_control_4.WorkflowContractTest) ... ok
test_new_store_workflow_job_cannot_omit_the_release_stop (parlor_package_control_4.WorkflowContractTest) ... ok
test_production_build_command_is_rejected (parlor_package_control_4.WorkflowContractTest) ... ok
test_production_push_trigger_is_rejected (parlor_package_control_4.WorkflowContractTest) ... ok
test_production_without_external_receipt_attestation_is_rejected (parlor_package_control_4.WorkflowContractTest) ... ok
test_production_without_its_own_receipt_attestations_is_rejected (parlor_package_control_4.WorkflowContractTest) ... ok
test_promotion_without_candidate_attestation_is_rejected (parlor_package_control_4.WorkflowContractTest) ... ok
test_release_policy_includes_the_candidate_control_environment (parlor_package_control_4.WorkflowContractTest) ... ok
test_release_system_enforces_review_inventory_freshness (parlor_package_control_4.WorkflowContractTest) ... ok
test_release_tool_download_failure_cannot_false_pass (parlor_package_control_4.WorkflowContractTest) ... ok
test_repository_workflows_satisfy_release_contract (parlor_package_control_4.WorkflowContractTest) ... ok
test_review_inventory_gate_has_full_git_history (parlor_package_control_4.WorkflowContractTest) ... ok
test_store_workflow_without_identity_ownership_gate_is_rejected (parlor_package_control_4.WorkflowContractTest) ... ok
test_unreviewed_workflow_file_is_rejected (parlor_package_control_4.WorkflowContractTest) ... ok
test_unsigned_android_inventory_is_required_and_tool_cleanup_is_scoped (parlor_package_control_4.WorkflowContractTest) ... ok
test_validation_requires_release_managed_device_runtime_gate (parlor_package_control_4.WorkflowContractTest) ... ok
test_xcode_identity_guard_matches_the_exact_build_setting (parlor_package_control_4.WorkflowContractTest) ... ok
test_failed_inspection_still_retires_workers_and_retains_required_evidence (parlor_package_control_5.FinalizationTests) ... ok
test_postspawn_clock_failure_terminates_and_reaps_owned_group (parlor_package_control_5.FinalizationTests) ... ok
test_success_retires_postinspection_workers_before_output_cleanup (parlor_package_control_5.FinalizationTests) ... ok
test_surviving_artifact_worker_prevents_output_deletion (parlor_package_control_5.FinalizationTests) ... ok
test_failed_notice_keeps_artifact_and_failure_report (parlor_package_control_5.PackageBoundaryTests) ... ok
test_failed_or_cancelled_download_cleans_only_its_tool (parlor_package_control_5.PackageBoundaryTests) ... ok
test_full_gate_failure_cannot_be_hidden_by_notice_success (parlor_package_control_5.PackageBoundaryTests) ... ok
test_full_gate_nonzero_retains_report_but_removes_tool (parlor_package_control_5.PackageBoundaryTests) ... ok
test_full_gate_requires_artifact_success_and_bounded_report (parlor_package_control_5.PackageBoundaryTests) ... ok
test_full_gate_uses_tracked_invoke_and_removes_tool_after_success (parlor_package_control_5.PackageBoundaryTests) ... ok
test_full_receipt_must_bind_exact_artifact_digest (parlor_package_control_5.PackageBoundaryTests) ... ok
test_oversized_notice_is_rejected (parlor_package_control_5.PackageBoundaryTests) ... ok
test_preexisting_tool_is_not_read_removed_or_overwritten (parlor_package_control_5.PackageBoundaryTests) ... ok
test_source_only_success_cannot_satisfy_package_gate (parlor_package_control_5.PackageBoundaryTests) ... ok
test_success_keeps_byte_bound_notice_and_full_receipt_before_cleanup (parlor_package_control_5.PackageBoundaryTests) ... ok
test_cancellation_retires_group_without_signalling_reaped_leader (parlor_package_control_6.GroupRetirementTests) ... ok
test_failure_retires_group_without_signalling_reaped_leader (parlor_package_control_6.GroupRetirementTests) ... ok
test_observed_descendants_remain_bound_to_their_original_start (parlor_package_control_6.GroupRetirementTests) ... ok
test_reused_group_cannot_adopt_an_unrelated_process (parlor_package_control_6.GroupRetirementTests) ... ok
test_success_retires_group_immediately (parlor_package_control_6.GroupRetirementTests) ... ok

----------------------------------------------------------------------
Ran 143 tests in 2.468s

OK
release workflow contract: PASS
{"driver_unchanged": true, "errors": 0, "failures": 0, "skips": 0, "source_unchanged": true, "tests": 143}
