test_companion_ack_requires_closed_extraction_pair_and_completed_retention_path (test_simulator_lifecycle_integration.LifecycleBuildBoundaryIntegration.test_companion_ack_requires_closed_extraction_pair_and_completed_retention_path) ... ok
test_durable_marker_failure_prevents_builder_but_keeps_immediate_gradle_stop (test_simulator_lifecycle_integration.LifecycleBuildBoundaryIntegration.test_durable_marker_failure_prevents_builder_but_keeps_immediate_gradle_stop) ... ok
test_legacy_build_path_has_no_helper_marker_and_retains_immediate_stop (test_simulator_lifecycle_integration.LifecycleBuildBoundaryIntegration.test_legacy_build_path_has_no_helper_marker_and_retains_immediate_stop) ... ok
test_normal_ack_requires_all_three_actual_extraction_results_not_runtime_success (test_simulator_lifecycle_integration.LifecycleBuildBoundaryIntegration.test_normal_ack_requires_all_three_actual_extraction_results_not_runtime_success) ... ok
test_normal_failed_ack_save_revokes_authority_and_preserves_original_error (test_simulator_lifecycle_integration.LifecycleBuildBoundaryIntegration.test_normal_failed_ack_save_revokes_authority_and_preserves_original_error) ... ok
test_real_build_boundary_marks_before_launch_and_always_stops_after_spawn_failure (test_simulator_lifecycle_integration.LifecycleBuildBoundaryIntegration.test_real_build_boundary_marks_before_launch_and_always_stops_after_spawn_failure) ... ok
test_companion_composed_and_normal_manifests_bind_helper_and_both_test_files (test_simulator_lifecycle_integration.LifecycleCompositionClosureIntegration.test_companion_composed_and_normal_manifests_bind_helper_and_both_test_files) ... ok
test_composition_preserves_actual_lifecycle_and_primary_error_wrappers (test_simulator_lifecycle_integration.LifecycleCompositionClosureIntegration.test_composition_preserves_actual_lifecycle_and_primary_error_wrappers) ... ok
test_original_strict_runner_and_ownership_fifo_controls_are_immutable (test_simulator_lifecycle_integration.LifecycleCompositionClosureIntegration.test_original_strict_runner_and_ownership_fifo_controls_are_immutable) ... ok
test_actual_copied_input_check_failure_cannot_become_cleanup_pass (test_simulator_lifecycle_integration.LifecycleFinalizerIntegration.test_actual_copied_input_check_failure_cannot_become_cleanup_pass) ... ok
test_direct_recovery_failure_never_falls_back_to_legacy_inventory_or_log_adoption (test_simulator_lifecycle_integration.LifecycleFinalizerIntegration.test_direct_recovery_failure_never_falls_back_to_legacy_inventory_or_log_adoption) ... ok
test_failed_composed_ack_save_revokes_authority_without_skipping_workers_or_fifo (test_simulator_lifecycle_integration.LifecycleFinalizerIntegration.test_failed_composed_ack_save_revokes_authority_without_skipping_workers_or_fifo) ... ok
test_failed_final_strict_census_prevents_owned_temporary_removal (test_simulator_lifecycle_integration.LifecycleFinalizerIntegration.test_failed_final_strict_census_prevents_owned_temporary_removal) ... ok
test_failed_foundation_preservation_denies_device_and_temporary_cleanup (test_simulator_lifecycle_integration.LifecycleFinalizerIntegration.test_failed_foundation_preservation_denies_device_and_temporary_cleanup) ... ok
test_failed_postbuild_barrier_cannot_be_reopened_by_later_successful_owner_cleanup (test_simulator_lifecycle_integration.LifecycleFinalizerIntegration.test_failed_postbuild_barrier_cannot_be_reopened_by_later_successful_owner_cleanup) ... ok
test_foundation_retention_precedes_failed_barrier_and_does_not_bypass_it (test_simulator_lifecycle_integration.LifecycleFinalizerIntegration.test_foundation_retention_precedes_failed_barrier_and_does_not_bypass_it) ... ok
test_lifecycle_finishes_before_actual_wrapper_owned_temporary_removal (test_simulator_lifecycle_integration.LifecycleFinalizerIntegration.test_lifecycle_finishes_before_actual_wrapper_owned_temporary_removal) ... ok
test_missing_or_malformed_ack_blocks_real_barrier_and_temporary_removal (test_simulator_lifecycle_integration.LifecycleFinalizerIntegration.test_missing_or_malformed_ack_blocks_real_barrier_and_temporary_removal) ... ok
test_missing_owned_uuid_never_authorizes_destructive_calls (test_simulator_lifecycle_integration.LifecycleFinalizerIntegration.test_missing_owned_uuid_never_authorizes_destructive_calls) ... ok
test_only_exact_true_barrier_authorizes_real_wrapper_shutdown_and_delete_glue (test_simulator_lifecycle_integration.LifecycleFinalizerIntegration.test_only_exact_true_barrier_authorizes_real_wrapper_shutdown_and_delete_glue) ... ok
test_prebuild_resource_cleanup_still_runs_final_strict_census_and_retains_its_failure (test_simulator_lifecycle_integration.LifecycleFinalizerIntegration.test_prebuild_resource_cleanup_still_runs_final_strict_census_and_retains_its_failure) ... ok
test_real_barrier_with_true_ack_requires_strict_stop_census_and_reaping_before_removal (test_simulator_lifecycle_integration.LifecycleFinalizerIntegration.test_real_barrier_with_true_ack_requires_strict_stop_census_and_reaping_before_removal) ... ok
test_source_control_secondary_and_final_census_checks_are_retained_after_direct_cleanup (test_simulator_lifecycle_integration.LifecycleFinalizerIntegration.test_source_control_secondary_and_final_census_checks_are_retained_after_direct_cleanup) ... ok
test_actual_cli_rejects_direct_mode_on_local_profile_before_any_lock_or_lane (test_simulator_lifecycle_integration.LifecycleRouteIntegration.test_actual_cli_rejects_direct_mode_on_local_profile_before_any_lock_or_lane) ... ok
test_actual_command_routes_default_and_direct_result_with_no_fallback_on_error (test_simulator_lifecycle_integration.LifecycleRouteIntegration.test_actual_command_routes_default_and_direct_result_with_no_fallback_on_error) ... ok
test_companion_main_parses_and_retains_mode_before_entering_its_build_lock (test_simulator_lifecycle_integration.LifecycleRouteIntegration.test_companion_main_parses_and_retains_mode_before_entering_its_build_lock) ... ok
test_composer_forwards_explicit_lifecycle_arguments_without_executing_generated_runner (test_simulator_lifecycle_integration.LifecycleRouteIntegration.test_composer_forwards_explicit_lifecycle_arguments_without_executing_generated_runner) ... ok
test_direct_metadata_shutdown_delete_wrappers_never_enter_legacy_paths_on_failure (test_simulator_lifecycle_integration.LifecycleRouteIntegration.test_direct_metadata_shutdown_delete_wrappers_never_enter_legacy_paths_on_failure) ... ok
test_non_lifecycle_app_and_provenance_simctl_calls_keep_generic_owner_routing (test_simulator_lifecycle_integration.LifecycleRouteIntegration.test_non_lifecycle_app_and_provenance_simctl_calls_keep_generic_owner_routing) ... ok
test_normal_constructor_records_exact_selected_mode_without_constructing_helper (test_simulator_lifecycle_integration.LifecycleRouteIntegration.test_normal_constructor_records_exact_selected_mode_without_constructing_helper) ... ok
test_normal_main_passes_default_legacy_and_exact_explicit_mode_without_native_execution (test_simulator_lifecycle_integration.LifecycleRouteIntegration.test_normal_main_passes_default_legacy_and_exact_explicit_mode_without_native_execution) ... ok
test_selected_helper_constructor_receives_live_bindings_only_in_direct_mode (test_simulator_lifecycle_integration.LifecycleRouteIntegration.test_selected_helper_constructor_receives_live_bindings_only_in_direct_mode) ... ok

----------------------------------------------------------------------
Ran 32 tests in 10.867s

OK
