test_actual_run_native_requests_mode_and_refuses_unsafe_evidence_before_a_second_lane (scripts.release.tests.test_native_continuation.DirectLifecycleAdapterTest.test_actual_run_native_requests_mode_and_refuses_unsafe_evidence_before_a_second_lane) ... ok
test_complete_synthetic_cleanup_is_not_runtime_pass_and_legacy_is_not_new_authority (scripts.release.tests.test_native_continuation.DirectLifecycleAdapterTest.test_complete_synthetic_cleanup_is_not_runtime_pass_and_legacy_is_not_new_authority) ... ok
test_prebuild_cleanup_requires_explicit_matching_no_build_marker_not_missing_log_inference (scripts.release.tests.test_native_continuation.DirectLifecycleAdapterTest.test_prebuild_cleanup_requires_explicit_matching_no_build_marker_not_missing_log_inference) ... ok
test_rehashed_journal_cannot_change_custody_intent_order_source_or_absence (scripts.release.tests.test_native_continuation.DirectLifecycleAdapterTest.test_rehashed_journal_cannot_change_custody_intent_order_source_or_absence) ... ok
test_schema_malformed_missing_mode_reap_barrier_identity_and_preservation_fail_closed (scripts.release.tests.test_native_continuation.DirectLifecycleAdapterTest.test_schema_malformed_missing_mode_reap_barrier_identity_and_preservation_fail_closed) ... ok
test_artifact_cannot_come_from_another_repository_or_run (scripts.release.tests.test_native_continuation.NativeArtifactTest.test_artifact_cannot_come_from_another_repository_or_run) ... ok
test_authenticated_api_is_read_only_and_fixed_to_the_same_repository (scripts.release.tests.test_native_continuation.NativeArtifactTest.test_authenticated_api_is_read_only_and_fixed_to_the_same_repository) ... ok
test_download_rejects_untrusted_or_plaintext_redirects (scripts.release.tests.test_native_continuation.NativeArtifactTest.test_download_rejects_untrusted_or_plaintext_redirects) ... ok
test_exact_preflight_zip_and_package_are_accepted_without_execution (scripts.release.tests.test_native_continuation.NativeArtifactTest.test_exact_preflight_zip_and_package_are_accepted_without_execution) ... ok
test_package_cannot_claim_runtime_pass_or_accept_duplicate_json_keys (scripts.release.tests.test_native_continuation.NativeArtifactTest.test_package_cannot_claim_runtime_pass_or_accept_duplicate_json_keys) ... ok
test_package_rejects_root_source_attempt_binding_or_review_hash_drift (scripts.release.tests.test_native_continuation.NativeArtifactTest.test_package_rejects_root_source_attempt_binding_or_review_hash_drift) ... ok
test_producer_requires_exact_successful_attempt_source_workflow_and_artifact (scripts.release.tests.test_native_continuation.NativeArtifactTest.test_producer_requires_exact_successful_attempt_source_workflow_and_artifact) ... ok
test_retained_api_observation_supports_offline_validation_without_urls_or_actor_data (scripts.release.tests.test_native_continuation.NativeArtifactTest.test_retained_api_observation_supports_offline_validation_without_urls_or_actor_data) ... ok
test_signed_download_never_forwards_the_api_token (scripts.release.tests.test_native_continuation.NativeArtifactTest.test_signed_download_never_forwards_the_api_token) ... ok
test_zip_has_independent_archive_and_member_size_limits (scripts.release.tests.test_native_continuation.NativeArtifactTest.test_zip_has_independent_archive_and_member_size_limits) ... ok
test_zip_refuses_path_traversal_extras_duplicates_and_missing_entries (scripts.release.tests.test_native_continuation.NativeArtifactTest.test_zip_refuses_path_traversal_extras_duplicates_and_missing_entries) ... ok
test_zip_refuses_symlink_fifo_and_encrypted_members (scripts.release.tests.test_native_continuation.NativeArtifactTest.test_zip_refuses_symlink_fifo_and_encrypted_members) ... ok
test_archived_a16_and_b15_actual_cleanup_shapes_remain_compatible (scripts.release.tests.test_native_continuation.NativeCleanupTest.test_archived_a16_and_b15_actual_cleanup_shapes_remain_compatible) ... ok
test_changed_hash_inode_or_symlink_prevents_any_cleanup_deletion (scripts.release.tests.test_native_continuation.NativeCleanupTest.test_changed_hash_inode_or_symlink_prevents_any_cleanup_deletion) ... ok
test_cleanup_refuses_contradictory_worker_holder_source_or_stop_receipts (scripts.release.tests.test_native_continuation.NativeCleanupTest.test_cleanup_refuses_contradictory_worker_holder_source_or_stop_receipts) ... ok
test_cleanup_removes_only_owned_outputs_after_successful_upload (scripts.release.tests.test_native_continuation.NativeCleanupTest.test_cleanup_removes_only_owned_outputs_after_successful_upload) ... ok
test_directory_read_failure_cannot_be_silently_omitted_from_preservation (scripts.release.tests.test_native_continuation.NativeCleanupTest.test_directory_read_failure_cannot_be_silently_omitted_from_preservation) ... ok
test_failed_missing_upload_or_unsafe_cleanup_preserves_last_local_custody (scripts.release.tests.test_native_continuation.NativeCleanupTest.test_failed_missing_upload_or_unsafe_cleanup_preserves_last_local_custody) ... ok
test_failed_strict_receipt_can_be_cleanup_safe_without_becoming_pass (scripts.release.tests.test_native_continuation.NativeCleanupTest.test_failed_strict_receipt_can_be_cleanup_safe_without_becoming_pass) ... ok
test_malformed_native_receipt_is_preserved_before_parsing (scripts.release.tests.test_native_continuation.NativeCleanupTest.test_malformed_native_receipt_is_preserved_before_parsing) ... ok
test_missing_receipt_and_partial_preservation_retain_available_raw_logs (scripts.release.tests.test_native_continuation.NativeCleanupTest.test_missing_receipt_and_partial_preservation_retain_available_raw_logs) ... ok
test_native_a_partial_runs_b_but_unsafe_cleanup_does_not (scripts.release.tests.test_native_continuation.NativeCleanupTest.test_native_a_partial_runs_b_but_unsafe_cleanup_does_not) ... ok
test_native_timeout_sends_term_and_waits_for_finalizer_without_kill (scripts.release.tests.test_native_continuation.NativeCleanupTest.test_native_timeout_sends_term_and_waits_for_finalizer_without_kill) ... ok
test_native_unfinished_finalizer_keeps_cleanup_unsafe_and_does_not_kill (scripts.release.tests.test_native_continuation.NativeCleanupTest.test_native_unfinished_finalizer_keeps_cleanup_unsafe_and_does_not_kill) ... ok
test_post_descriptor_hardlink_or_mode_change_is_not_hidden_by_stable_path_inode (scripts.release.tests.test_native_continuation.NativeCleanupTest.test_post_descriptor_hardlink_or_mode_change_is_not_hidden_by_stable_path_inode) ... ok
test_postqualification_deletion_failure_is_not_reported_as_pass (scripts.release.tests.test_native_continuation.NativeCleanupTest.test_postqualification_deletion_failure_is_not_reported_as_pass) ... ok
test_prebuild_toolchain_failure_does_not_invent_a_gradle_attempt (scripts.release.tests.test_native_continuation.NativeCleanupTest.test_prebuild_toolchain_failure_does_not_invent_a_gradle_attempt) ... ok
test_signal_during_popen_assignment_is_forwarded_after_exact_child_is_known (scripts.release.tests.test_native_continuation.NativeCleanupTest.test_signal_during_popen_assignment_is_forwarded_after_exact_child_is_known) ... ok
test_unsafe_file_descriptor_or_symlink_is_rejected (scripts.release.tests.test_native_continuation.NativeCleanupTest.test_unsafe_file_descriptor_or_symlink_is_rejected) ... ok
test_fetch_rejects_zip_digest_before_install_and_live_control_drift_before_build (scripts.release.tests.test_native_continuation.NativePreflightTest.test_fetch_rejects_zip_digest_before_install_and_live_control_drift_before_build) ... ok
test_preflight_only_binds_and_observes_exact_four_file_package (scripts.release.tests.test_native_continuation.NativePreflightTest.test_preflight_only_binds_and_observes_exact_four_file_package) ... ok
test_frozen_context_requires_source_branch_workflow_and_full_history (scripts.release.tests.test_native_continuation.NativeScopeTest.test_frozen_context_requires_source_branch_workflow_and_full_history) ... ok
test_only_explicit_supported_dispatch_scopes_are_accepted (scripts.release.tests.test_native_continuation.NativeScopeTest.test_only_explicit_supported_dispatch_scopes_are_accepted) ... ok
test_probe_executor_is_injected_without_replacing_default_commands (scripts.release.tests.test_native_continuation.NativeScopeTest.test_probe_executor_is_injected_without_replacing_default_commands) ... ok
test_push_and_pr_always_select_full_even_if_input_is_present (scripts.release.tests.test_native_continuation.NativeScopeTest.test_push_and_pr_always_select_full_even_if_input_is_present) ... ok

----------------------------------------------------------------------
Ran 40 tests in 0.166s

OK
