test_capture_keeps_counts_hashes_exact_command_and_reaped_handle_not_raw_output (test_simulator_lifecycle.CaptureAndPersistenceControls.test_capture_keeps_counts_hashes_exact_command_and_reaped_handle_not_raw_output) ... ok
test_capture_systematic_primary_failures_are_sticky_sanitized_and_reaped (test_simulator_lifecycle.CaptureAndPersistenceControls.test_capture_systematic_primary_failures_are_sticky_sanitized_and_reaped) ... ok
test_command_checkpoint_receipt_failure_prevents_allocation (test_simulator_lifecycle.CaptureAndPersistenceControls.test_command_checkpoint_receipt_failure_prevents_allocation) ... ok
test_deadline_includes_launch_checkpoint_and_cleanup_needs_full_command_plus_retirement (test_simulator_lifecycle.CaptureAndPersistenceControls.test_deadline_includes_launch_checkpoint_and_cleanup_needs_full_command_plus_retirement) ... ok
test_deferred_cancellation_guard_has_bounded_pending_data_and_restores_handlers (test_simulator_lifecycle.CaptureAndPersistenceControls.test_deferred_cancellation_guard_has_bounded_pending_data_and_restores_handlers) ... ok
test_journal_short_writes_are_completed_zero_writes_and_bounds_fail_closed (test_simulator_lifecycle.CaptureAndPersistenceControls.test_journal_short_writes_are_completed_zero_writes_and_bounds_fail_closed) ... ok
test_launch_failure_and_invalid_pid_never_escape_handle_accounting (test_simulator_lifecycle.CaptureAndPersistenceControls.test_launch_failure_and_invalid_pid_never_escape_handle_accounting) ... ok
test_result_persistence_failure_is_sticky_and_preserves_an_existing_primary (test_simulator_lifecycle.CaptureAndPersistenceControls.test_result_persistence_failure_is_sticky_and_preserves_an_existing_primary) ... ok
test_secondary_only_failure_turns_exit_zero_into_failed_capture (test_simulator_lifecycle.CaptureAndPersistenceControls.test_secondary_only_failure_turns_exit_zero_into_failed_capture) ... ok
test_secondary_retirement_and_pipe_errors_cannot_replace_primary_cancellation (test_simulator_lifecycle.CaptureAndPersistenceControls.test_secondary_retirement_and_pipe_errors_cannot_replace_primary_cancellation) ... ok
test_unreaped_child_is_not_success_and_later_reaping_never_erases_original_failure (test_simulator_lifecycle.CaptureAndPersistenceControls.test_unreaped_child_is_not_success_and_later_reaping_never_erases_original_failure) ... ok
test_actual_delete_metadata_substitutions_never_dispatch_a_destructive_command (test_simulator_lifecycle.CleanupAndReceiptControls.test_actual_delete_metadata_substitutions_never_dispatch_a_destructive_command) ... ok
test_delete_exit_zero_is_not_absence_when_metadata_directory_or_symlink_remains (test_simulator_lifecycle.CleanupAndReceiptControls.test_delete_exit_zero_is_not_absence_when_metadata_directory_or_symlink_remains) ... ok
test_finish_without_absence_or_with_late_journal_or_receipt_failure_cannot_report_pass (test_simulator_lifecycle.CleanupAndReceiptControls.test_finish_without_absence_or_with_late_journal_or_receipt_failure_cannot_report_pass) ... ok
test_postbuild_booted_success_runs_strict_barrier_before_shutdown_and_delete (test_simulator_lifecycle.CleanupAndReceiptControls.test_postbuild_booted_success_runs_strict_barrier_before_shutdown_and_delete) ... ok
test_prebuild_already_shutdown_success_has_exact_absence_and_no_invented_shutdown_exit (test_simulator_lifecycle.CleanupAndReceiptControls.test_prebuild_already_shutdown_success_has_exact_absence_and_no_invented_shutdown_exit) ... ok
test_sanitized_log_refuses_existing_file_or_symlink_without_overwriting_foreign_data (test_simulator_lifecycle.CleanupAndReceiptControls.test_sanitized_log_refuses_existing_file_or_symlink_without_overwriting_foreign_data) ... ok
test_shutdown_or_delete_nonzero_diagnostic_timeout_cancel_retains_resource (test_simulator_lifecycle.CleanupAndReceiptControls.test_shutdown_or_delete_nonzero_diagnostic_timeout_cancel_retains_resource) ... ok
test_shutdown_requires_new_exact_shutdown_state_and_delete_never_accepts_booted_metadata (test_simulator_lifecycle.CleanupAndReceiptControls.test_shutdown_requires_new_exact_shutdown_state_and_delete_never_accepts_booted_metadata) ... ok
test_constructor_is_inert_and_environment_is_a_closed_allowlist (test_simulator_lifecycle.ConstructionAndClosedCommandControls.test_constructor_is_inert_and_environment_is_a_closed_allowlist) ... ok
test_constructor_rejects_wrong_profile_name_paths_home_and_bindings (test_simulator_lifecycle.ConstructionAndClosedCommandControls.test_constructor_rejects_wrong_profile_name_paths_home_and_bindings) ... ok
test_lowest_launch_seam_rechecks_argv_uuid_timeout_count_and_finished (test_simulator_lifecycle.ConstructionAndClosedCommandControls.test_lowest_launch_seam_rechecks_argv_uuid_timeout_count_and_finished) ... ok
test_no_generic_command_all_booted_name_or_optional_flag_route (test_simulator_lifecycle.ConstructionAndClosedCommandControls.test_no_generic_command_all_booted_name_or_optional_flag_route) ... ok
test_every_postbuild_barrier_negative_is_sticky_and_retains_resource (test_simulator_lifecycle.CustodyAndPostbuildBarrierControls.test_every_postbuild_barrier_negative_is_sticky_and_retains_resource) ... ok
test_journal_custody_bytes_inode_mode_symlink_and_hardlink_substitutions_retain_resource (test_simulator_lifecycle.CustodyAndPostbuildBarrierControls.test_journal_custody_bytes_inode_mode_symlink_and_hardlink_substitutions_retain_resource) ... ok
test_mark_build_is_sticky_before_durable_write_or_receipt_failure (test_simulator_lifecycle.CustodyAndPostbuildBarrierControls.test_mark_build_is_sticky_before_durable_write_or_receipt_failure) ... ok
test_no_destructive_route_exists_without_a_decided_barrier (test_simulator_lifecycle.CustodyAndPostbuildBarrierControls.test_no_destructive_route_exists_without_a_decided_barrier) ... ok
test_postbuild_requires_exact_preservation_ack_before_any_worker_stop (test_simulator_lifecycle.CustodyAndPostbuildBarrierControls.test_postbuild_requires_exact_preservation_ack_before_any_worker_stop) ... ok
test_postbuild_strict_stop_fresh_refresh_then_every_exact_handle_wait_precede_barrier (test_simulator_lifecycle.CustodyAndPostbuildBarrierControls.test_postbuild_strict_stop_fresh_refresh_then_every_exact_handle_wait_precede_barrier) ... ok
test_source_control_task_and_directory_custody_substitutions_refuse_destruction (test_simulator_lifecycle.CustodyAndPostbuildBarrierControls.test_source_control_task_and_directory_custody_substitutions_refuse_destruction) ... ok
test_unreaped_lifecycle_child_blocks_postbuild_owner_stop_and_cannot_repair_failed_barrier (test_simulator_lifecycle.CustodyAndPostbuildBarrierControls.test_unreaped_lifecycle_child_blocks_postbuild_owner_stop_and_cannot_repair_failed_barrier) ... ok
test_create_returning_baseline_uuid_cannot_adopt_or_destroy_that_foreign_resource (test_simulator_lifecycle.DurableCreationAndRecoveryControls.test_create_returning_baseline_uuid_cannot_adopt_or_destroy_that_foreign_resource) ... ok
test_create_stdout_rejects_multiple_uuid_lines_nonascii_and_nonuuid_tokens (test_simulator_lifecycle.DurableCreationAndRecoveryControls.test_create_stdout_rejects_multiple_uuid_lines_nonascii_and_nonuuid_tokens) ... ok
test_exact_owned_identity_rejects_name_uuid_runtime_type_availability_and_baseline_changes (test_simulator_lifecycle.DurableCreationAndRecoveryControls.test_exact_owned_identity_rejects_name_uuid_runtime_type_availability_and_baseline_changes) ... ok
test_existing_journal_is_never_reopened_or_adopted (test_simulator_lifecycle.DurableCreationAndRecoveryControls.test_existing_journal_is_never_reopened_or_adopted) ... ok
test_failed_intent_fsync_or_receipt_prevents_create_dispatch (test_simulator_lifecycle.DurableCreationAndRecoveryControls.test_failed_intent_fsync_or_receipt_prevents_create_dispatch) ... ok
test_interrupted_recovery_missing_cloned_or_wrong_identity_never_adopts_or_authorizes_delete (test_simulator_lifecycle.DurableCreationAndRecoveryControls.test_interrupted_recovery_missing_cloned_or_wrong_identity_never_adopts_or_authorizes_delete) ... ok
test_preexisting_name_or_invalid_inventory_is_sticky_without_creation_or_adoption (test_simulator_lifecycle.DurableCreationAndRecoveryControls.test_preexisting_name_or_invalid_inventory_is_sticky_without_creation_or_adoption) ... ok
test_readable_fsynced_intent_and_hashed_full_baseline_precede_create (test_simulator_lifecycle.DurableCreationAndRecoveryControls.test_readable_fsynced_intent_and_hashed_full_baseline_precede_create) ... ok
test_registered_interrupted_create_recovers_cleanup_only_without_a_success_receipt (test_simulator_lifecycle.DurableCreationAndRecoveryControls.test_registered_interrupted_create_recovers_cleanup_only_without_a_success_receipt) ... ok
test_unissued_create_failure_has_no_resource_lookup_or_recovery_authority (test_simulator_lifecycle.DurableCreationAndRecoveryControls.test_unissued_create_failure_has_no_resource_lookup_or_recovery_authority) ... ok
test_harness_exit_zero_with_real_diagnostic_stderr_remains_failed (test_simulator_lifecycle.HarnessSubprocessControls.test_harness_exit_zero_with_real_diagnostic_stderr_remains_failed) ... HARNESS_SUBPROCESS_CONTROL {"arguments": ["-B", "-c", "<fixed-stand-in>"], "cleanup_errors": [], "fallback_retirement": false, "helper_reaped": true, "interpreter": "/usr/bin/python3", "native_runtime_proof": false, "pid": 22538, "reaped": true, "return_code": 0, "temporary": "/root/projects/Parlor/parlor/remediation-runs/2026-09-07-local-readiness/evidence/continuation-native-lifecycle-controls-01/scratch/tmp/parlor-lifecycle-unit-dfo60t2p", "test": "test_simulator_lifecycle.HarnessSubprocessControls.test_harness_exit_zero_with_real_diagnostic_stderr_remains_failed"}
ok
test_harness_injected_wait_cancellation_retires_closed_pipe_sleeping_handle_without_global_signal (test_simulator_lifecycle.HarnessSubprocessControls.test_harness_injected_wait_cancellation_retires_closed_pipe_sleeping_handle_without_global_signal) ... HARNESS_SUBPROCESS_CONTROL {"arguments": ["-B", "-c", "<fixed-stand-in>"], "cleanup_errors": [], "fallback_retirement": false, "helper_reaped": true, "interpreter": "/usr/bin/python3", "native_runtime_proof": false, "pid": 22539, "reaped": true, "return_code": -15, "temporary": "/root/projects/Parlor/parlor/remediation-runs/2026-09-07-local-readiness/evidence/continuation-native-lifecycle-controls-01/scratch/tmp/parlor-lifecycle-unit-nc838mo5", "test": "test_simulator_lifecycle.HarnessSubprocessControls.test_harness_injected_wait_cancellation_retires_closed_pipe_sleeping_handle_without_global_signal"}
ok
test_harness_injected_wait_deadline_retires_closed_pipe_sleeping_handle_without_long_wait (test_simulator_lifecycle.HarnessSubprocessControls.test_harness_injected_wait_deadline_retires_closed_pipe_sleeping_handle_without_long_wait) ... HARNESS_SUBPROCESS_CONTROL {"arguments": ["-B", "-c", "<fixed-stand-in>"], "cleanup_errors": [], "fallback_retirement": false, "helper_reaped": true, "interpreter": "/usr/bin/python3", "native_runtime_proof": false, "pid": 22540, "reaped": true, "return_code": -15, "temporary": "/root/projects/Parlor/parlor/remediation-runs/2026-09-07-local-readiness/evidence/continuation-native-lifecycle-controls-01/scratch/tmp/parlor-lifecycle-unit-374li_6s", "test": "test_simulator_lifecycle.HarnessSubprocessControls.test_harness_injected_wait_deadline_retires_closed_pipe_sleeping_handle_without_long_wait"}
ok
test_harness_real_stdout_flood_is_bounded_and_the_exact_writer_is_reaped (test_simulator_lifecycle.HarnessSubprocessControls.test_harness_real_stdout_flood_is_bounded_and_the_exact_writer_is_reaped) ... HARNESS_SUBPROCESS_CONTROL {"arguments": ["-B", "-c", "<fixed-stand-in>"], "cleanup_errors": [], "fallback_retirement": false, "helper_reaped": true, "interpreter": "/usr/bin/python3", "native_runtime_proof": false, "pid": 22541, "reaped": true, "return_code": -15, "temporary": "/root/projects/Parlor/parlor/remediation-runs/2026-09-07-local-readiness/evidence/continuation-native-lifecycle-controls-01/scratch/tmp/parlor-lifecycle-unit-hfyyq6ic", "test": "test_simulator_lifecycle.HarnessSubprocessControls.test_harness_real_stdout_flood_is_bounded_and_the_exact_writer_is_reaped"}
ok
test_harness_real_success_drains_both_streams_and_reaps_exact_handle (test_simulator_lifecycle.HarnessSubprocessControls.test_harness_real_success_drains_both_streams_and_reaps_exact_handle) ... HARNESS_SUBPROCESS_CONTROL {"arguments": ["-B", "-c", "<fixed-stand-in>"], "cleanup_errors": [], "fallback_retirement": false, "helper_reaped": true, "interpreter": "/usr/bin/python3", "native_runtime_proof": false, "pid": 22542, "reaped": true, "return_code": 0, "temporary": "/root/projects/Parlor/parlor/remediation-runs/2026-09-07-local-readiness/evidence/continuation-native-lifecycle-controls-01/scratch/tmp/parlor-lifecycle-unit-axvo6lax", "test": "test_simulator_lifecycle.HarnessSubprocessControls.test_harness_real_success_drains_both_streams_and_reaps_exact_handle"}
ok
test_default_legacy_and_only_exact_explicit_qualified_selection (test_simulator_lifecycle.SelectionAndInventoryControls.test_default_legacy_and_only_exact_explicit_qualified_selection) ... ok
test_failure_diagnostics_are_closed_and_never_echo_exception_output (test_simulator_lifecycle.SelectionAndInventoryControls.test_failure_diagnostics_are_closed_and_never_echo_exception_output) ... ok
test_inventory_has_independent_stream_runtime_and_total_device_bounds (test_simulator_lifecycle.SelectionAndInventoryControls.test_inventory_has_independent_stream_runtime_and_total_device_bounds) ... ok
test_inventory_normalizes_uuid_only_and_rejects_ambiguous_or_invalid_schema (test_simulator_lifecycle.SelectionAndInventoryControls.test_inventory_normalizes_uuid_only_and_rejects_ambiguous_or_invalid_schema) ... ok
test_selectors_reject_duplicates_malformed_unknown_and_local_direct (test_simulator_lifecycle.SelectionAndInventoryControls.test_selectors_reject_duplicates_malformed_unknown_and_local_direct) ... ok

----------------------------------------------------------------------
Ran 51 tests in 3.080s

OK
