Tracked diff whitespace check
Resource parity tool SHA256
a61bdc585f35e6b978a761346e3a5cfca33b37ddac8fb1e71a93d161e8a59454  /Users/abdelrahman/.agents/skills/localization-rtl-accessibility/scripts/validate_resource_parity.py
EN/AR structural resource parity: composeApp
{
  "allowlisted": 0,
  "base_resources": 139,
  "errors": [],
  "locale_resources": 139,
  "status": "PASS"
}
EN/AR structural resource parity: game-modes/whodunit
{
  "allowlisted": 0,
  "base_resources": 323,
  "errors": [],
  "locale_resources": 323,
  "status": "PASS"
}
EN/AR structural resource parity: game-modes/mafia
{
  "allowlisted": 0,
  "base_resources": 269,
  "errors": [],
  "locale_resources": 269,
  "status": "PASS"
}
EN/AR structural resource parity: shared/design-system
{
  "allowlisted": 0,
  "base_resources": 16,
  "errors": [],
  "locale_resources": 16,
  "status": "PASS"
}
