PARLOR_APP_FOUNDATION_CONTROL_ALLOCATION {"path": "/tmp/parlor-app-foundation-controls-uts5yovn", "device": 27, "inode": 249870, "uid": 0}
test_copy_adapter_adds_only_two_files_and_three_exact_changes (l08_app_foundation_draft_controls.OwnedCopyControls.test_copy_adapter_adds_only_two_files_and_three_exact_changes) ... ok
test_foreign_source_root_and_preexisting_adapter_are_never_overwritten (l08_app_foundation_draft_controls.OwnedCopyControls.test_foreign_source_root_and_preexisting_adapter_are_never_overwritten) ... ok
test_hardlinked_inherited_source_fails_before_copy_mutation (l08_app_foundation_draft_controls.OwnedCopyControls.test_hardlinked_inherited_source_fails_before_copy_mutation) ... ok
test_malformed_compile_hash_or_device_root_cannot_write_copy (l08_app_foundation_draft_controls.OwnedCopyControls.test_malformed_compile_hash_or_device_root_cannot_write_copy) ... ok
test_owned_receipt_rejects_symlink_hardlink_oversize_and_traversal (l08_app_foundation_draft_controls.OwnedCopyControls.test_owned_receipt_rejects_symlink_hardlink_oversize_and_traversal) ... ok
test_partial_available_receipts_preserved_before_later_abort_without_overwrite (l08_app_foundation_draft_controls.OwnedCopyControls.test_partial_available_receipts_preserved_before_later_abort_without_overwrite) ... ok
test_removed_synthetic_root_claim_is_checked_before_preserving (l08_app_foundation_draft_controls.OwnedCopyControls.test_removed_synthetic_root_claim_is_checked_before_preserving) ... ok
test_source_custody_hash_drift_and_extra_inputs_fail_before_any_addition (l08_app_foundation_draft_controls.OwnedCopyControls.test_source_custody_hash_drift_and_extra_inputs_fail_before_any_addition) ... ok
test_claims_context_runtime_and_unknown_fields_are_strict (l08_app_foundation_draft_controls.SchemaControls.test_claims_context_runtime_and_unknown_fields_are_strict) ... ok
test_closed_delivery_failure_never_becomes_native_observation (l08_app_foundation_draft_controls.SchemaControls.test_closed_delivery_failure_never_becomes_native_observation) ... ok
test_cross_control_source_token_image_or_install_fails_binding (l08_app_foundation_draft_controls.SchemaControls.test_cross_control_source_token_image_or_install_fails_binding) ... ok
test_duplicate_nonfinite_malformed_and_oversized_json_is_rejected (l08_app_foundation_draft_controls.SchemaControls.test_duplicate_nonfinite_malformed_and_oversized_json_is_rejected) ... ok
test_every_boolean_field_rejects_numeric_zero_and_one (l08_app_foundation_draft_controls.SchemaControls.test_every_boolean_field_rejects_numeric_zero_and_one) ... ok
test_false_operations_errors_and_exceptions_remain_observed (l08_app_foundation_draft_controls.SchemaControls.test_false_operations_errors_and_exceptions_remain_observed) ... ok
test_first_health_cross_check_never_substitutes_a_different_boot_or_process (l08_app_foundation_draft_controls.SchemaControls.test_first_health_cross_check_never_substitutes_a_different_boot_or_process) ... ok
test_full_native_dicts_paths_payloads_and_error_descriptions_cannot_enter_receipt (l08_app_foundation_draft_controls.SchemaControls.test_full_native_dicts_paths_payloads_and_error_descriptions_cannot_enter_receipt) ... ok
test_inner_cleanup_failure_cannot_be_collection_validated (l08_app_foundation_draft_controls.SchemaControls.test_inner_cleanup_failure_cannot_be_collection_validated) ... ok
test_missing_complete_metadata_never_satisfies_l08 (l08_app_foundation_draft_controls.SchemaControls.test_missing_complete_metadata_never_satisfies_l08) ... ok
test_missing_duplicate_wrong_architecture_or_digest_uuid_inventory_rejected (l08_app_foundation_draft_controls.SchemaControls.test_missing_duplicate_wrong_architecture_or_digest_uuid_inventory_rejected) ... ok
test_partial_error_receipt_is_preservable_not_collection_success (l08_app_foundation_draft_controls.SchemaControls.test_partial_error_receipt_is_preservable_not_collection_success) ... ok
test_rows_are_complete_unique_ordered_and_cannot_query_directory_url_class (l08_app_foundation_draft_controls.SchemaControls.test_rows_are_complete_unique_ordered_and_cannot_query_directory_url_class) ... ok
test_unavailable_image_preserves_closed_error_rows_without_collection_success (l08_app_foundation_draft_controls.SchemaControls.test_unavailable_image_preserves_closed_error_rows_without_collection_success) ... ok
test_wrong_debug_identity_and_conflicting_native_aliases_fail_binding (l08_app_foundation_draft_controls.SchemaControls.test_wrong_debug_identity_and_conflicting_native_aliases_fail_binding) ... ok
test_xctest_receipt_must_execute_once_with_exact_primitive_types (l08_app_foundation_draft_controls.SchemaControls.test_xctest_receipt_must_execute_once_with_exact_primitive_types) ... ok
test_bridge_wires_only_app_debug_and_preserves_original_project_sections (l08_app_foundation_draft_controls.SourceControls.test_bridge_wires_only_app_debug_and_preserves_original_project_sections) ... ok
test_control03_operation_query_and_image_helpers_remain_exact (l08_app_foundation_draft_controls.SourceControls.test_control03_operation_query_and_image_helpers_remain_exact) ... ok
test_hooks_preserve_existing_loop_method_and_one_activation_counts (l08_app_foundation_draft_controls.SourceControls.test_hooks_preserve_existing_loop_method_and_one_activation_counts) ... ok
test_main_image_selects_exact_bundle_executable_with_no_index_zero_fallback (l08_app_foundation_draft_controls.SourceControls.test_main_image_selects_exact_bundle_executable_with_no_index_zero_fallback) ... ok
test_main_selection_failures_are_preservable_only_as_closed_control_errors (l08_app_foundation_draft_controls.SourceControls.test_main_selection_failures_are_preservable_only_as_closed_control_errors) ... ok
test_native_cleanup_static_guards_reject_individual_policy_mutations (l08_app_foundation_draft_controls.SourceControls.test_native_cleanup_static_guards_reject_individual_policy_mutations) ... ok
test_native_closed_reason_schema_covers_every_guard_without_raw_messages (l08_app_foundation_draft_controls.SourceControls.test_native_closed_reason_schema_covers_every_guard_without_raw_messages) ... ok
test_native_guard_no_process_global_override_or_production_storage_api (l08_app_foundation_draft_controls.SourceControls.test_native_guard_no_process_global_override_or_production_storage_api) ... ok
test_wrong_main_uuid_still_fails_with_correct_fixture_and_foundation (l08_app_foundation_draft_controls.SourceControls.test_wrong_main_uuid_still_fails_with_correct_fixture_and_foundation) ... ok
test_binding_requires_actual_inventories_executed_log_and_first_boot (l08_app_foundation_composition_controls.IntegrationControls.test_binding_requires_actual_inventories_executed_log_and_first_boot) ... ok
test_capture_and_canonicalization_keep_original_creation_identity (l08_app_foundation_composition_controls.IntegrationControls.test_capture_and_canonicalization_keep_original_creation_identity) ... ok
test_first_health_process_binding_is_enforced_when_available (l08_app_foundation_composition_controls.IntegrationControls.test_first_health_process_binding_is_enforced_when_available) ... ok
test_foreign_container_and_cross_run_token_are_not_read_or_adopted (l08_app_foundation_composition_controls.IntegrationControls.test_foreign_container_and_cross_run_token_are_not_read_or_adopted) ... ok
test_malformed_or_missing_context_cannot_produce_collection_success (l08_app_foundation_composition_controls.IntegrationControls.test_malformed_or_missing_context_cannot_produce_collection_success) ... ok
test_normal_preservation_uses_existing_context_and_never_overwrites (l08_app_foundation_composition_controls.IntegrationControls.test_normal_preservation_uses_existing_context_and_never_overwrites) ... ok
test_partial_preservation_failure_retains_first_record_and_cleanup_still_runs (l08_app_foundation_composition_controls.IntegrationControls.test_partial_preservation_failure_retains_first_record_and_cleanup_still_runs) ... ok
test_replaced_or_nonprivate_custody_is_rejected (l08_app_foundation_composition_controls.IntegrationControls.test_replaced_or_nonprivate_custody_is_rejected) ... ok
test_required_collection_never_upgrades_original_classification (l08_app_foundation_composition_controls.IntegrationControls.test_required_collection_never_upgrades_original_classification) ... ok
test_timeout_and_cancellation_fallback_preserve_before_simulated_deletion (l08_app_foundation_composition_controls.IntegrationControls.test_timeout_and_cancellation_fallback_preserve_before_simulated_deletion) ... ok
test_external_parent_and_environment_are_finalized_on_success_failure_and_cancellation (l08_app_foundation_composition_controls.LauncherControls.test_external_parent_and_environment_are_finalized_on_success_failure_and_cancellation) ... PARLOR_APP_FOUNDATION_CONTROL_ALLOCATION {"path": "/tmp/parlor-app-foundation-controls-21o6pyv3", "device": 27, "inode": 250545, "uid": 0}
PARLOR_APP_FOUNDATION_CONTROL_CLEANUP {"status": "PASS", "parent": "/tmp/parlor-app-foundation-controls-21o6pyv3", "workers_started": 0, "parent_removed": true, "custody": {"device": 27, "inode": 250545, "uid": 0}}
PARLOR_APP_FOUNDATION_CONTROL_ALLOCATION {"path": "/tmp/parlor-app-foundation-controls-_59cij9f", "device": 27, "inode": 250548, "uid": 0}
PARLOR_APP_FOUNDATION_CONTROL_CLEANUP {"status": "PASS", "parent": "/tmp/parlor-app-foundation-controls-_59cij9f", "workers_started": 0, "parent_removed": true, "custody": {"device": 27, "inode": 250548, "uid": 0}}
PARLOR_APP_FOUNDATION_CONTROL_ALLOCATION {"path": "/tmp/parlor-app-foundation-controls-ciocf53u", "device": 27, "inode": 250551, "uid": 0}
PARLOR_APP_FOUNDATION_CONTROL_CLEANUP {"status": "PASS", "parent": "/tmp/parlor-app-foundation-controls-ciocf53u", "workers_started": 0, "parent_removed": true, "custody": {"device": 27, "inode": 250551, "uid": 0}}
ok
test_external_parent_canonicalizes_exact_platform_path_before_allocation (l08_app_foundation_composition_controls.LauncherControls.test_external_parent_canonicalizes_exact_platform_path_before_allocation) ... ok
test_external_parent_rejects_unreviewed_platform_before_allocation (l08_app_foundation_composition_controls.LauncherControls.test_external_parent_rejects_unreviewed_platform_before_allocation) ... ok
test_allocation_custody_is_inside_original_deferred_signal_boundary (l08_app_foundation_composition_controls.SourceControls.test_allocation_custody_is_inside_original_deferred_signal_boundary) ... ok
test_control_union_keeps_every_inherited_and_new_input (l08_app_foundation_composition_controls.SourceControls.test_control_union_keeps_every_inherited_and_new_input) ... ok
test_each_missing_and_ambiguous_anchor_fails_closed (l08_app_foundation_composition_controls.SourceControls.test_each_missing_and_ambiguous_anchor_fails_closed) ... ok
test_exact_companion_hash_and_composed_syntax (l08_app_foundation_composition_controls.SourceControls.test_exact_companion_hash_and_composed_syntax) ... ok
test_inherited_inspector_precedes_adapter_and_extended_evidence (l08_app_foundation_composition_controls.SourceControls.test_inherited_inspector_precedes_adapter_and_extended_evidence) ... ok
test_only_declared_regions_change_and_original_functions_remain (l08_app_foundation_composition_controls.SourceControls.test_only_declared_regions_change_and_original_functions_remain) ... ok
test_preservation_binding_and_required_gate_do_not_replace_original_gates (l08_app_foundation_composition_controls.SourceControls.test_preservation_binding_and_required_gate_do_not_replace_original_gates) ... ok
test_relative_freeze_preserves_exact_nine_owned_draft_inputs (l08_app_foundation_composition_controls.SourceControls.test_relative_freeze_preserves_exact_nine_owned_draft_inputs) ... ok
test_relative_freeze_rejects_wrong_root_escapes_duplicate_and_hash_changes (l08_app_foundation_composition_controls.SourceControls.test_relative_freeze_rejects_wrong_root_escapes_duplicate_and_hash_changes) ... ok

----------------------------------------------------------------------
Ran 55 tests in 5.214s

OK
PARLOR_APP_FOUNDATION_CONTROL_RESULTS {"discovered": ["l08_app_foundation_draft_controls.OwnedCopyControls.test_copy_adapter_adds_only_two_files_and_three_exact_changes", "l08_app_foundation_draft_controls.OwnedCopyControls.test_foreign_source_root_and_preexisting_adapter_are_never_overwritten", "l08_app_foundation_draft_controls.OwnedCopyControls.test_hardlinked_inherited_source_fails_before_copy_mutation", "l08_app_foundation_draft_controls.OwnedCopyControls.test_malformed_compile_hash_or_device_root_cannot_write_copy", "l08_app_foundation_draft_controls.OwnedCopyControls.test_owned_receipt_rejects_symlink_hardlink_oversize_and_traversal", "l08_app_foundation_draft_controls.OwnedCopyControls.test_partial_available_receipts_preserved_before_later_abort_without_overwrite", "l08_app_foundation_draft_controls.OwnedCopyControls.test_removed_synthetic_root_claim_is_checked_before_preserving", "l08_app_foundation_draft_controls.OwnedCopyControls.test_source_custody_hash_drift_and_extra_inputs_fail_before_any_addition", "l08_app_foundation_draft_controls.SchemaControls.test_claims_context_runtime_and_unknown_fields_are_strict", "l08_app_foundation_draft_controls.SchemaControls.test_closed_delivery_failure_never_becomes_native_observation", "l08_app_foundation_draft_controls.SchemaControls.test_cross_control_source_token_image_or_install_fails_binding", "l08_app_foundation_draft_controls.SchemaControls.test_duplicate_nonfinite_malformed_and_oversized_json_is_rejected", "l08_app_foundation_draft_controls.SchemaControls.test_every_boolean_field_rejects_numeric_zero_and_one", "l08_app_foundation_draft_controls.SchemaControls.test_false_operations_errors_and_exceptions_remain_observed", "l08_app_foundation_draft_controls.SchemaControls.test_first_health_cross_check_never_substitutes_a_different_boot_or_process", "l08_app_foundation_draft_controls.SchemaControls.test_full_native_dicts_paths_payloads_and_error_descriptions_cannot_enter_receipt", "l08_app_foundation_draft_controls.SchemaControls.test_inner_cleanup_failure_cannot_be_collection_validated", "l08_app_foundation_draft_controls.SchemaControls.test_missing_complete_metadata_never_satisfies_l08", "l08_app_foundation_draft_controls.SchemaControls.test_missing_duplicate_wrong_architecture_or_digest_uuid_inventory_rejected", "l08_app_foundation_draft_controls.SchemaControls.test_partial_error_receipt_is_preservable_not_collection_success", "l08_app_foundation_draft_controls.SchemaControls.test_rows_are_complete_unique_ordered_and_cannot_query_directory_url_class", "l08_app_foundation_draft_controls.SchemaControls.test_unavailable_image_preserves_closed_error_rows_without_collection_success", "l08_app_foundation_draft_controls.SchemaControls.test_wrong_debug_identity_and_conflicting_native_aliases_fail_binding", "l08_app_foundation_draft_controls.SchemaControls.test_xctest_receipt_must_execute_once_with_exact_primitive_types", "l08_app_foundation_draft_controls.SourceControls.test_bridge_wires_only_app_debug_and_preserves_original_project_sections", "l08_app_foundation_draft_controls.SourceControls.test_control03_operation_query_and_image_helpers_remain_exact", "l08_app_foundation_draft_controls.SourceControls.test_hooks_preserve_existing_loop_method_and_one_activation_counts", "l08_app_foundation_draft_controls.SourceControls.test_main_image_selects_exact_bundle_executable_with_no_index_zero_fallback", "l08_app_foundation_draft_controls.SourceControls.test_main_selection_failures_are_preservable_only_as_closed_control_errors", "l08_app_foundation_draft_controls.SourceControls.test_native_cleanup_static_guards_reject_individual_policy_mutations", "l08_app_foundation_draft_controls.SourceControls.test_native_closed_reason_schema_covers_every_guard_without_raw_messages", "l08_app_foundation_draft_controls.SourceControls.test_native_guard_no_process_global_override_or_production_storage_api", "l08_app_foundation_draft_controls.SourceControls.test_wrong_main_uuid_still_fails_with_correct_fixture_and_foundation", "l08_app_foundation_composition_controls.IntegrationControls.test_binding_requires_actual_inventories_executed_log_and_first_boot", "l08_app_foundation_composition_controls.IntegrationControls.test_capture_and_canonicalization_keep_original_creation_identity", "l08_app_foundation_composition_controls.IntegrationControls.test_first_health_process_binding_is_enforced_when_available", "l08_app_foundation_composition_controls.IntegrationControls.test_foreign_container_and_cross_run_token_are_not_read_or_adopted", "l08_app_foundation_composition_controls.IntegrationControls.test_malformed_or_missing_context_cannot_produce_collection_success", "l08_app_foundation_composition_controls.IntegrationControls.test_normal_preservation_uses_existing_context_and_never_overwrites", "l08_app_foundation_composition_controls.IntegrationControls.test_partial_preservation_failure_retains_first_record_and_cleanup_still_runs", "l08_app_foundation_composition_controls.IntegrationControls.test_replaced_or_nonprivate_custody_is_rejected", "l08_app_foundation_composition_controls.IntegrationControls.test_required_collection_never_upgrades_original_classification", "l08_app_foundation_composition_controls.IntegrationControls.test_timeout_and_cancellation_fallback_preserve_before_simulated_deletion", "l08_app_foundation_composition_controls.LauncherControls.test_external_parent_and_environment_are_finalized_on_success_failure_and_cancellation", "l08_app_foundation_composition_controls.LauncherControls.test_external_parent_canonicalizes_exact_platform_path_before_allocation", "l08_app_foundation_composition_controls.LauncherControls.test_external_parent_rejects_unreviewed_platform_before_allocation", "l08_app_foundation_composition_controls.SourceControls.test_allocation_custody_is_inside_original_deferred_signal_boundary", "l08_app_foundation_composition_controls.SourceControls.test_control_union_keeps_every_inherited_and_new_input", "l08_app_foundation_composition_controls.SourceControls.test_each_missing_and_ambiguous_anchor_fails_closed", "l08_app_foundation_composition_controls.SourceControls.test_exact_companion_hash_and_composed_syntax", "l08_app_foundation_composition_controls.SourceControls.test_inherited_inspector_precedes_adapter_and_extended_evidence", "l08_app_foundation_composition_controls.SourceControls.test_only_declared_regions_change_and_original_functions_remain", "l08_app_foundation_composition_controls.SourceControls.test_preservation_binding_and_required_gate_do_not_replace_original_gates", "l08_app_foundation_composition_controls.SourceControls.test_relative_freeze_preserves_exact_nine_owned_draft_inputs", "l08_app_foundation_composition_controls.SourceControls.test_relative_freeze_rejects_wrong_root_escapes_duplicate_and_hash_changes"], "tests_run": 55, "failures": 0, "errors": 0, "skipped": [], "input_tests": [{"path": "/root/projects/Parlor/parlor/remediation-runs/2026-09-07-local-readiness/native/l08-app-foundation-draft-01/test_app_foundation.py", "sha256": "c04c7d4b1bb99207415beab77ae3b40bb3d5f59709970f7d844d5d14beab0fe5"}, {"path": "/root/projects/Parlor/parlor/remediation-runs/2026-09-07-local-readiness/native/l08-app-foundation-composition-01/test_composition.py", "sha256": "1ee5d5889d50b94a11d3e3d2ce881899c2434eb97489e953f546a2b7d344afd5"}], "native_execution": false}
PARLOR_APP_FOUNDATION_CONTROL_CLEANUP {"status": "PASS", "parent": "/tmp/parlor-app-foundation-controls-uts5yovn", "workers_started": 0, "parent_removed": true, "custody": {"device": 27, "inode": 249870, "uid": 0}}
