test_actual_struct_layout_and_self_fields_are_observed_without_task_or_argv_api (scripts.release.tests.test_native_process_probe.NativeMetadataObservationTest.test_actual_struct_layout_and_self_fields_are_observed_without_task_or_argv_api) ... ok
test_permission_denial_is_explicit_partial_not_a_missing_or_cleaned_worker (scripts.release.tests.test_native_process_probe.NativeMetadataObservationTest.test_permission_denial_is_explicit_partial_not_a_missing_or_cleaned_worker) ... ok
test_pid_enumeration_truncation_or_duplicate_rows_fail_closed (scripts.release.tests.test_native_process_probe.NativeMetadataObservationTest.test_pid_enumeration_truncation_or_duplicate_rows_fail_closed) ... ok
test_short_self_metadata_cannot_be_a_successful_observation (scripts.release.tests.test_native_process_probe.NativeMetadataObservationTest.test_short_self_metadata_cannot_be_a_successful_observation) ... ok
test_budget_refuses_launch_rather_than_shortening_fifteen_seconds (scripts.release.tests.test_native_process_probe.ProbeBoundedCaptureTest.test_budget_refuses_launch_rather_than_shortening_fifteen_seconds) ... ok
test_capture_drains_bounded_pipes_and_never_persists_raw_bytes (scripts.release.tests.test_native_process_probe.ProbeBoundedCaptureTest.test_capture_drains_bounded_pipes_and_never_persists_raw_bytes) ... ok
test_cleanup_capture_continues_when_receipt_writes_fail (scripts.release.tests.test_native_process_probe.ProbeBoundedCaptureTest.test_cleanup_capture_continues_when_receipt_writes_fail) ... ok
test_failed_durable_intent_prevents_launch_and_never_exports_exception_text (scripts.release.tests.test_native_process_probe.ProbeBoundedCaptureTest.test_failed_durable_intent_prevents_launch_and_never_exports_exception_text) ... ok
test_failed_or_unreaped_sample_cannot_claim_usable_frames (scripts.release.tests.test_native_process_probe.ProbeBoundedCaptureTest.test_failed_or_unreaped_sample_cannot_claim_usable_frames) ... ok
test_only_original_ps_may_be_sampled (scripts.release.tests.test_native_process_probe.ProbeBoundedCaptureTest.test_only_original_ps_may_be_sampled) ... ok
test_output_limit_is_enforced_before_unbounded_accumulation (scripts.release.tests.test_native_process_probe.ProbeBoundedCaptureTest.test_output_limit_is_enforced_before_unbounded_accumulation) ... ok
test_postlaunch_and_final_write_failures_still_retire_direct_child (scripts.release.tests.test_native_process_probe.ProbeBoundedCaptureTest.test_postlaunch_and_final_write_failures_still_retire_direct_child) ... ok
test_required_reconciliation_commands_fit_twenty_second_cleanup_stage (scripts.release.tests.test_native_process_probe.ProbeBoundedCaptureTest.test_required_reconciliation_commands_fit_twenty_second_cleanup_stage) ... ok
test_sample_exception_cannot_mask_primary_timeout_or_disclose_text (scripts.release.tests.test_native_process_probe.ProbeBoundedCaptureTest.test_sample_exception_cannot_mask_primary_timeout_or_disclose_text) ... ok
test_signal_before_launch_does_not_launch_or_block_child_masks (scripts.release.tests.test_native_process_probe.ProbeBoundedCaptureTest.test_signal_before_launch_does_not_launch_or_block_child_masks) ... ok
test_timeout_is_latched_before_owned_sample_even_if_ps_exits_during_sample (scripts.release.tests.test_native_process_probe.ProbeBoundedCaptureTest.test_timeout_is_latched_before_owned_sample_even_if_ps_exits_during_sample) ... ok
test_cleanup_receipt_write_failures_do_not_abort_later_independent_finalizers (scripts.release.tests.test_native_process_probe.ProbeLifecycleTest.test_cleanup_receipt_write_failures_do_not_abort_later_independent_finalizers) ... ok
test_complete_synthetic_glue_is_observation_only_not_an_always_fail_fixture (scripts.release.tests.test_native_process_probe.ProbeLifecycleTest.test_complete_synthetic_glue_is_observation_only_not_an_always_fail_fixture) ... ok
test_constructor_failure_is_signal_protected_and_retires_owned_handle (scripts.release.tests.test_native_process_probe.ProbeLifecycleTest.test_constructor_failure_is_signal_protected_and_retires_owned_handle) ... ok
test_initial_checkpoint_failure_is_inside_resource_finalizer (scripts.release.tests.test_native_process_probe.ProbeLifecycleTest.test_initial_checkpoint_failure_is_inside_resource_finalizer) ... ok
test_partial_metadata_deliberately_fails_even_with_all_commands_and_cleanup_complete (scripts.release.tests.test_native_process_probe.ProbeLifecycleTest.test_partial_metadata_deliberately_fails_even_with_all_commands_and_cleanup_complete) ... ok
test_settings_tail_wait_notices_signal_without_waiting_sixty_seconds (scripts.release.tests.test_native_process_probe.ProbeLifecycleTest.test_settings_tail_wait_notices_signal_without_waiting_sixty_seconds) ... ok
test_changed_source_controls_custody_or_preservation_refuses_evidence_deletion (scripts.release.tests.test_native_process_probe.ProbePrivacyAndCustodyTest.test_changed_source_controls_custody_or_preservation_refuses_evidence_deletion) ... ok
test_confirmed_upload_allows_deletion_but_preserves_failed_probe_verdict (scripts.release.tests.test_native_process_probe.ProbePrivacyAndCustodyTest.test_confirmed_upload_allows_deletion_but_preserves_failed_probe_verdict) ... ok
test_every_lsof_warning_holder_or_invalid_empty_success_preserves_resources (scripts.release.tests.test_native_process_probe.ProbePrivacyAndCustodyTest.test_every_lsof_warning_holder_or_invalid_empty_success_preserves_resources) ... ok
test_mutated_uploaded_bundle_or_unretired_resources_block_staging_deletion (scripts.release.tests.test_native_process_probe.ProbePrivacyAndCustodyTest.test_mutated_uploaded_bundle_or_unretired_resources_block_staging_deletion) ... ok
test_no_upload_id_digest_or_success_preserves_last_evidence (scripts.release.tests.test_native_process_probe.ProbePrivacyAndCustodyTest.test_no_upload_id_digest_or_success_preserves_last_evidence) ... ok
test_numeric_summary_cannot_export_argv_or_promote_a_timed_out_partial_table (scripts.release.tests.test_native_process_probe.ProbePrivacyAndCustodyTest.test_numeric_summary_cannot_export_argv_or_promote_a_timed_out_partial_table) ... ok
test_stack_filter_drops_headers_private_paths_and_unbounded_or_unknown_lines (scripts.release.tests.test_native_process_probe.ProbePrivacyAndCustodyTest.test_stack_filter_drops_headers_private_paths_and_unbounded_or_unknown_lines) ... ok
test_unreaped_or_cleanup_failed_lsof_cannot_authorize_resource_deletion (scripts.release.tests.test_native_process_probe.ProbePrivacyAndCustodyTest.test_unreaped_or_cleanup_failed_lsof_cannot_authorize_resource_deletion) ... ok
test_bootstatus_uses_evidence_based_bound_without_changing_original_ps (scripts.release.tests.test_native_process_probe.ProbeSimulatorGlueTest.test_bootstatus_uses_evidence_based_bound_without_changing_original_ps) ... ok
test_exact_qualified_simulator_is_journaled_once_before_boot_and_retired_by_uuid (scripts.release.tests.test_native_process_probe.ProbeSimulatorGlueTest.test_exact_qualified_simulator_is_journaled_once_before_boot_and_retired_by_uuid) ... ok
test_failed_plan_write_never_creates_and_interrupted_create_reuses_only_attested_intent (scripts.release.tests.test_native_process_probe.ProbeSimulatorGlueTest.test_failed_plan_write_never_creates_and_interrupted_create_reuses_only_attested_intent) ... ok
test_changed_original_timeout_or_fields_cannot_be_silently_compared (scripts.release.tests.test_native_process_probe.ProbeSourceContractTest.test_changed_original_timeout_or_fields_cannot_be_silently_compared) ... ok
test_complete_runtime_closure_and_control_hash_are_explicit (scripts.release.tests.test_native_process_probe.ProbeSourceContractTest.test_complete_runtime_closure_and_control_hash_are_explicit) ... ok
test_environment_is_an_allowlist_not_only_one_token_exclusion (scripts.release.tests.test_native_process_probe.ProbeSourceContractTest.test_environment_is_an_allowlist_not_only_one_token_exclusion) ... ok
test_full_non_app_scope_is_explicit_and_cycles_do_not_reuse_failed_labels (scripts.release.tests.test_native_process_probe.ProbeSourceContractTest.test_full_non_app_scope_is_explicit_and_cycles_do_not_reuse_failed_labels) ... ok
test_nonbuilding_xcode_arguments_have_no_build_or_test_action (scripts.release.tests.test_native_process_probe.ProbeSourceContractTest.test_nonbuilding_xcode_arguments_have_no_build_or_test_action) ... ok
test_original_command_and_timeout_are_bound_without_importing_runner (scripts.release.tests.test_native_process_probe.ProbeSourceContractTest.test_original_command_and_timeout_are_bound_without_importing_runner) ... ok
test_artifact_cannot_come_from_another_repository_or_run (scripts.release.tests.test_native_continuation.NativeArtifactTest.test_artifact_cannot_come_from_another_repository_or_run) ... ok
test_authenticated_api_is_read_only_and_fixed_to_the_same_repository (scripts.release.tests.test_native_continuation.NativeArtifactTest.test_authenticated_api_is_read_only_and_fixed_to_the_same_repository) ... ok
test_download_rejects_untrusted_or_plaintext_redirects (scripts.release.tests.test_native_continuation.NativeArtifactTest.test_download_rejects_untrusted_or_plaintext_redirects) ... ok
test_exact_preflight_zip_and_package_are_accepted_without_execution (scripts.release.tests.test_native_continuation.NativeArtifactTest.test_exact_preflight_zip_and_package_are_accepted_without_execution) ... ok
test_package_cannot_claim_runtime_pass_or_accept_duplicate_json_keys (scripts.release.tests.test_native_continuation.NativeArtifactTest.test_package_cannot_claim_runtime_pass_or_accept_duplicate_json_keys) ... ok
test_package_rejects_root_source_attempt_binding_or_review_hash_drift (scripts.release.tests.test_native_continuation.NativeArtifactTest.test_package_rejects_root_source_attempt_binding_or_review_hash_drift) ... ok
test_producer_requires_exact_successful_attempt_source_workflow_and_artifact (scripts.release.tests.test_native_continuation.NativeArtifactTest.test_producer_requires_exact_successful_attempt_source_workflow_and_artifact) ... ok
test_retained_api_observation_supports_offline_validation_without_urls_or_actor_data (scripts.release.tests.test_native_continuation.NativeArtifactTest.test_retained_api_observation_supports_offline_validation_without_urls_or_actor_data) ... ok
test_signed_download_never_forwards_the_api_token (scripts.release.tests.test_native_continuation.NativeArtifactTest.test_signed_download_never_forwards_the_api_token) ... ok
test_zip_has_independent_archive_and_member_size_limits (scripts.release.tests.test_native_continuation.NativeArtifactTest.test_zip_has_independent_archive_and_member_size_limits) ... ok
test_zip_refuses_path_traversal_extras_duplicates_and_missing_entries (scripts.release.tests.test_native_continuation.NativeArtifactTest.test_zip_refuses_path_traversal_extras_duplicates_and_missing_entries) ... ok
test_zip_refuses_symlink_fifo_and_encrypted_members (scripts.release.tests.test_native_continuation.NativeArtifactTest.test_zip_refuses_symlink_fifo_and_encrypted_members) ... ok
test_archived_a16_and_b15_actual_cleanup_shapes_remain_compatible (scripts.release.tests.test_native_continuation.NativeCleanupTest.test_archived_a16_and_b15_actual_cleanup_shapes_remain_compatible) ... ok
test_changed_hash_inode_or_symlink_prevents_any_cleanup_deletion (scripts.release.tests.test_native_continuation.NativeCleanupTest.test_changed_hash_inode_or_symlink_prevents_any_cleanup_deletion) ... ok
test_cleanup_refuses_contradictory_worker_holder_source_or_stop_receipts (scripts.release.tests.test_native_continuation.NativeCleanupTest.test_cleanup_refuses_contradictory_worker_holder_source_or_stop_receipts) ... ok
test_cleanup_removes_only_owned_outputs_after_successful_upload (scripts.release.tests.test_native_continuation.NativeCleanupTest.test_cleanup_removes_only_owned_outputs_after_successful_upload) ... ok
test_directory_read_failure_cannot_be_silently_omitted_from_preservation (scripts.release.tests.test_native_continuation.NativeCleanupTest.test_directory_read_failure_cannot_be_silently_omitted_from_preservation) ... ok
test_failed_missing_upload_or_unsafe_cleanup_preserves_last_local_custody (scripts.release.tests.test_native_continuation.NativeCleanupTest.test_failed_missing_upload_or_unsafe_cleanup_preserves_last_local_custody) ... ok
test_failed_strict_receipt_can_be_cleanup_safe_without_becoming_pass (scripts.release.tests.test_native_continuation.NativeCleanupTest.test_failed_strict_receipt_can_be_cleanup_safe_without_becoming_pass) ... ok
test_malformed_native_receipt_is_preserved_before_parsing (scripts.release.tests.test_native_continuation.NativeCleanupTest.test_malformed_native_receipt_is_preserved_before_parsing) ... ok
test_missing_receipt_and_partial_preservation_retain_available_raw_logs (scripts.release.tests.test_native_continuation.NativeCleanupTest.test_missing_receipt_and_partial_preservation_retain_available_raw_logs) ... ok
test_native_a_partial_runs_b_but_unsafe_cleanup_does_not (scripts.release.tests.test_native_continuation.NativeCleanupTest.test_native_a_partial_runs_b_but_unsafe_cleanup_does_not) ... ok
test_native_timeout_sends_term_and_waits_for_finalizer_without_kill (scripts.release.tests.test_native_continuation.NativeCleanupTest.test_native_timeout_sends_term_and_waits_for_finalizer_without_kill) ... ok
test_native_unfinished_finalizer_keeps_cleanup_unsafe_and_does_not_kill (scripts.release.tests.test_native_continuation.NativeCleanupTest.test_native_unfinished_finalizer_keeps_cleanup_unsafe_and_does_not_kill) ... ok
test_post_descriptor_hardlink_or_mode_change_is_not_hidden_by_stable_path_inode (scripts.release.tests.test_native_continuation.NativeCleanupTest.test_post_descriptor_hardlink_or_mode_change_is_not_hidden_by_stable_path_inode) ... ok
test_postqualification_deletion_failure_is_not_reported_as_pass (scripts.release.tests.test_native_continuation.NativeCleanupTest.test_postqualification_deletion_failure_is_not_reported_as_pass) ... ok
test_prebuild_toolchain_failure_does_not_invent_a_gradle_attempt (scripts.release.tests.test_native_continuation.NativeCleanupTest.test_prebuild_toolchain_failure_does_not_invent_a_gradle_attempt) ... ok
test_signal_during_popen_assignment_is_forwarded_after_exact_child_is_known (scripts.release.tests.test_native_continuation.NativeCleanupTest.test_signal_during_popen_assignment_is_forwarded_after_exact_child_is_known) ... ok
test_unsafe_file_descriptor_or_symlink_is_rejected (scripts.release.tests.test_native_continuation.NativeCleanupTest.test_unsafe_file_descriptor_or_symlink_is_rejected) ... ok
test_fetch_rejects_zip_digest_before_install_and_live_control_drift_before_build (scripts.release.tests.test_native_continuation.NativePreflightTest.test_fetch_rejects_zip_digest_before_install_and_live_control_drift_before_build) ... ok
test_preflight_only_binds_and_observes_exact_four_file_package (scripts.release.tests.test_native_continuation.NativePreflightTest.test_preflight_only_binds_and_observes_exact_four_file_package) ... ok
test_frozen_context_requires_source_branch_workflow_and_full_history (scripts.release.tests.test_native_continuation.NativeScopeTest.test_frozen_context_requires_source_branch_workflow_and_full_history) ... ok
test_only_explicit_supported_dispatch_scopes_are_accepted (scripts.release.tests.test_native_continuation.NativeScopeTest.test_only_explicit_supported_dispatch_scopes_are_accepted) ... ok
test_probe_executor_is_injected_without_replacing_default_commands (scripts.release.tests.test_native_continuation.NativeScopeTest.test_probe_executor_is_injected_without_replacing_default_commands) ... ok
test_push_and_pr_always_select_full_even_if_input_is_present (scripts.release.tests.test_native_continuation.NativeScopeTest.test_push_and_pr_always_select_full_even_if_input_is_present) ... ok
test_all_release_temporary_directories_use_signal_safe_cleanup (scripts.release.tests.test_workflow_contract.WorkflowContractTest.test_all_release_temporary_directories_use_signal_safe_cleanup) ... ok
test_android_and_ios_release_packages_must_verify_notice_bytes (scripts.release.tests.test_workflow_contract.WorkflowContractTest.test_android_and_ios_release_packages_must_verify_notice_bytes) ... ok
test_apple_signing_and_upload_scripts_require_identity_approval (scripts.release.tests.test_workflow_contract.WorkflowContractTest.test_apple_signing_and_upload_scripts_require_identity_approval) ... ok
test_candidate_build_number_claim_cannot_be_removed (scripts.release.tests.test_workflow_contract.WorkflowContractTest.test_candidate_build_number_claim_cannot_be_removed) ... ok
test_candidate_bundletool_download_must_be_bounded (scripts.release.tests.test_workflow_contract.WorkflowContractTest.test_candidate_bundletool_download_must_be_bounded) ... ok
test_candidate_claim_requires_a_secretless_protected_environment (scripts.release.tests.test_workflow_contract.WorkflowContractTest.test_candidate_claim_requires_a_secretless_protected_environment) ... ok
test_candidate_claim_transaction_cannot_be_scoped_per_sha (scripts.release.tests.test_workflow_contract.WorkflowContractTest.test_candidate_claim_transaction_cannot_be_scoped_per_sha) ... ok
test_candidate_dependency_and_validation_evidence_must_be_retained (scripts.release.tests.test_workflow_contract.WorkflowContractTest.test_candidate_dependency_and_validation_evidence_must_be_retained) ... ok
test_candidate_dependency_report_must_use_release_runtime (scripts.release.tests.test_workflow_contract.WorkflowContractTest.test_candidate_dependency_report_must_use_release_runtime) ... ok
test_candidate_preflight_requires_reviewed_managed_device_image (scripts.release.tests.test_workflow_contract.WorkflowContractTest.test_candidate_preflight_requires_reviewed_managed_device_image) ... ok
test_complete_ios_inventory_requires_successful_build_and_cleanup (scripts.release.tests.test_workflow_contract.WorkflowContractTest.test_complete_ios_inventory_requires_successful_build_and_cleanup) ... ok
test_every_store_workflow_job_is_repository_disabled (scripts.release.tests.test_workflow_contract.WorkflowContractTest.test_every_store_workflow_job_is_repository_disabled) ... ok
test_external_partial_rerun_evidence_cannot_be_removed (scripts.release.tests.test_workflow_contract.WorkflowContractTest.test_external_partial_rerun_evidence_cannot_be_removed) ... ok
test_focused_native_modes_do_not_weaken_full_verification (scripts.release.tests.test_workflow_contract.WorkflowContractTest.test_focused_native_modes_do_not_weaken_full_verification) ... ok
test_ios_app_launch_cannot_delay_finalization_or_claim_ownership_after_launch (scripts.release.tests.test_workflow_contract.WorkflowContractTest.test_ios_app_launch_cannot_delay_finalization_or_claim_ownership_after_launch) ... ok
test_ios_app_launch_requires_its_own_preparation_and_finalization (scripts.release.tests.test_workflow_contract.WorkflowContractTest.test_ios_app_launch_requires_its_own_preparation_and_finalization) ... ok
test_ios_app_launch_requires_owned_simulator_and_nonparallel_execution (scripts.release.tests.test_workflow_contract.WorkflowContractTest.test_ios_app_launch_requires_owned_simulator_and_nonparallel_execution) ... ok
test_ios_app_launch_ui_test_cannot_be_replaced_with_a_build (scripts.release.tests.test_workflow_contract.WorkflowContractTest.test_ios_app_launch_ui_test_cannot_be_replaced_with_a_build) ... ok
test_ios_artifact_validator_enforces_pinned_store_toolchain (scripts.release.tests.test_workflow_contract.WorkflowContractTest.test_ios_artifact_validator_enforces_pinned_store_toolchain) ... ok
test_ios_build_phases_do_not_inherit_source_signing_secrets (scripts.release.tests.test_workflow_contract.WorkflowContractTest.test_ios_build_phases_do_not_inherit_source_signing_secrets) ... ok
test_ios_profile_refusal_cannot_delete_a_preexisting_profile (scripts.release.tests.test_workflow_contract.WorkflowContractTest.test_ios_profile_refusal_cannot_delete_a_preexisting_profile) ... ok
test_ios_signing_cleanup_is_fail_closed (scripts.release.tests.test_workflow_contract.WorkflowContractTest.test_ios_signing_cleanup_is_fail_closed) ... ok
test_ios_upload_uses_scoped_key_directory_and_removes_raw_response (scripts.release.tests.test_workflow_contract.WorkflowContractTest.test_ios_upload_uses_scoped_key_directory_and_removes_raw_response) ... ok
test_managed_device_runner_cannot_use_production_signing_material (scripts.release.tests.test_workflow_contract.WorkflowContractTest.test_managed_device_runner_cannot_use_production_signing_material) ... ok
test_missing_shared_store_lock_is_rejected (scripts.release.tests.test_workflow_contract.WorkflowContractTest.test_missing_shared_store_lock_is_rejected) ... ok
test_mobile_release_kit_android_signing_fallbacks_remain_bounded (scripts.release.tests.test_workflow_contract.WorkflowContractTest.test_mobile_release_kit_android_signing_fallbacks_remain_bounded) ... ok
test_mobile_release_kit_ios_signing_mapping_is_release_target_only (scripts.release.tests.test_workflow_contract.WorkflowContractTest.test_mobile_release_kit_ios_signing_mapping_is_release_target_only) ... ok
test_mutable_action_reference_is_rejected (scripts.release.tests.test_workflow_contract.WorkflowContractTest.test_mutable_action_reference_is_rejected) ... ok
test_new_store_workflow_job_cannot_omit_the_release_stop (scripts.release.tests.test_workflow_contract.WorkflowContractTest.test_new_store_workflow_job_cannot_omit_the_release_stop) ... ok
test_non_app_probe_requires_explicit_review_no_token_and_uploaded_custody (scripts.release.tests.test_workflow_contract.WorkflowContractTest.test_non_app_probe_requires_explicit_review_no_token_and_uploaded_custody) ... ok
test_probe_cannot_precede_scope_validation_or_upload (scripts.release.tests.test_workflow_contract.WorkflowContractTest.test_probe_cannot_precede_scope_validation_or_upload) ... ok
test_probe_cleanup_binding_timeout_and_artifact_paths_are_exact (scripts.release.tests.test_workflow_contract.WorkflowContractTest.test_probe_cleanup_binding_timeout_and_artifact_paths_are_exact) ... ok
test_production_build_command_is_rejected (scripts.release.tests.test_workflow_contract.WorkflowContractTest.test_production_build_command_is_rejected) ... ok
test_production_push_trigger_is_rejected (scripts.release.tests.test_workflow_contract.WorkflowContractTest.test_production_push_trigger_is_rejected) ... ok
test_production_without_external_receipt_attestation_is_rejected (scripts.release.tests.test_workflow_contract.WorkflowContractTest.test_production_without_external_receipt_attestation_is_rejected) ... ok
test_production_without_its_own_receipt_attestations_is_rejected (scripts.release.tests.test_workflow_contract.WorkflowContractTest.test_production_without_its_own_receipt_attestations_is_rejected) ... ok
test_promotion_without_candidate_attestation_is_rejected (scripts.release.tests.test_workflow_contract.WorkflowContractTest.test_promotion_without_candidate_attestation_is_rejected) ... ok
test_release_policy_includes_the_candidate_control_environment (scripts.release.tests.test_workflow_contract.WorkflowContractTest.test_release_policy_includes_the_candidate_control_environment) ... ok
test_release_system_enforces_review_inventory_freshness (scripts.release.tests.test_workflow_contract.WorkflowContractTest.test_release_system_enforces_review_inventory_freshness) ... ok
test_release_tool_download_failure_cannot_false_pass (scripts.release.tests.test_workflow_contract.WorkflowContractTest.test_release_tool_download_failure_cannot_false_pass) ... ok
test_repository_workflows_satisfy_release_contract (scripts.release.tests.test_workflow_contract.WorkflowContractTest.test_repository_workflows_satisfy_release_contract) ... ok
test_review_inventory_gate_has_full_git_history (scripts.release.tests.test_workflow_contract.WorkflowContractTest.test_review_inventory_gate_has_full_git_history) ... ok
test_scoped_full_finalizers_reject_every_nonexact_predicate (scripts.release.tests.test_workflow_contract.WorkflowContractTest.test_scoped_full_finalizers_reject_every_nonexact_predicate) ... ok
test_store_workflow_without_identity_ownership_gate_is_rejected (scripts.release.tests.test_workflow_contract.WorkflowContractTest.test_store_workflow_without_identity_ownership_gate_is_rejected) ... ok
test_unreviewed_workflow_file_is_rejected (scripts.release.tests.test_workflow_contract.WorkflowContractTest.test_unreviewed_workflow_file_is_rejected) ... ok
test_unsigned_android_inventory_is_required_and_tool_cleanup_is_scoped (scripts.release.tests.test_workflow_contract.WorkflowContractTest.test_unsigned_android_inventory_is_required_and_tool_cleanup_is_scoped) ... ok
test_validation_requires_release_managed_device_runtime_gate (scripts.release.tests.test_workflow_contract.WorkflowContractTest.test_validation_requires_release_managed_device_runtime_gate) ... ok
test_xcode_identity_guard_matches_the_exact_build_setting (scripts.release.tests.test_workflow_contract.WorkflowContractTest.test_xcode_identity_guard_matches_the_exact_build_setting) ... ok

----------------------------------------------------------------------
Ran 122 tests in 0.308s

OK
{"kind": "NATIVE_PROCESS_PROBE_NOT_APP_EVIDENCE", "status": "OBSERVATIONS_WITH_FAILURES_NOT_RUNTIME_EVIDENCE", "cleanup_safe": true, "preservation": {"failures": 10, "errors": [{"operation": "state-checkpoint", "error_type": "OSError"}, {"operation": "state-checkpoint", "error_type": "OSError"}, {"operation": "state-checkpoint", "error_type": "OSError"}, {"operation": "state-checkpoint", "error_type": "OSError"}, {"operation": "state-checkpoint", "error_type": "OSError"}, {"operation": "state-checkpoint", "error_type": "OSError"}, {"operation": "state-checkpoint", "error_type": "OSError"}, {"operation": "state-checkpoint", "error_type": "OSError"}, {"operation": "state-checkpoint", "error_type": "OSError"}, {"operation": "state-checkpoint", "error_type": "OSError"}]}}
{"kind": "NATIVE_PROCESS_PROBE_NOT_APP_EVIDENCE", "status": "OBSERVATIONS_COLLECTED_NOT_RUNTIME_EVIDENCE", "cleanup_safe": true, "preservation": {"failures": 0, "errors": []}}
{"kind": "NATIVE_PROCESS_PROBE_NOT_APP_EVIDENCE", "status": "OBSERVATIONS_WITH_FAILURES_NOT_RUNTIME_EVIDENCE", "cleanup_safe": true, "preservation": {"failures": 8, "errors": [{"operation": "state-checkpoint", "error_type": "OSError"}, {"operation": "state-checkpoint", "error_type": "OSError"}, {"operation": "state-checkpoint", "error_type": "OSError"}, {"operation": "state-checkpoint", "error_type": "OSError"}, {"operation": "state-checkpoint", "error_type": "OSError"}, {"operation": "state-checkpoint", "error_type": "OSError"}, {"operation": "state-checkpoint", "error_type": "OSError"}, {"operation": "state-checkpoint", "error_type": "OSError"}]}}
{"kind": "NATIVE_PROCESS_PROBE_NOT_APP_EVIDENCE", "status": "OBSERVATIONS_WITH_FAILURES_NOT_RUNTIME_EVIDENCE", "cleanup_safe": true, "preservation": {"failures": 0, "errors": []}}
{"schema_version": 1, "context": {"head_sha": "aaaaaaaaaaaaaaaaaaaaaaaaaaaaaaaaaaaaaaaa"}, "kind": "PROCESS_PROBE_CUSTODY_CLEANUP", "status": "FAILED", "started_at": "2026-09-08T12:35:14.847647+00:00", "error_type": "RuntimeError", "finished_at": "2026-09-08T12:35:14.847835+00:00"}
{"schema_version": 1, "context": {"head_sha": "aaaaaaaaaaaaaaaaaaaaaaaaaaaaaaaaaaaaaaaa"}, "kind": "PROCESS_PROBE_CUSTODY_CLEANUP", "status": "FAILED", "started_at": "2026-09-08T12:35:14.850559+00:00", "error_type": "RuntimeError", "finished_at": "2026-09-08T12:35:14.850729+00:00"}
{"schema_version": 1, "context": {"head_sha": "aaaaaaaaaaaaaaaaaaaaaaaaaaaaaaaaaaaaaaaa"}, "kind": "PROCESS_PROBE_CUSTODY_CLEANUP", "status": "FAILED", "started_at": "2026-09-08T12:35:14.853480+00:00", "error_type": "RuntimeError", "finished_at": "2026-09-08T12:35:14.853675+00:00"}
{"schema_version": 1, "context": {"head_sha": "aaaaaaaaaaaaaaaaaaaaaaaaaaaaaaaaaaaaaaaa"}, "kind": "PROCESS_PROBE_CUSTODY_CLEANUP", "status": "FAILED", "started_at": "2026-09-08T12:35:14.856222+00:00", "upload": {"artifact_id": "100", "sha256": "cccccccccccccccccccccccccccccccccccccccccccccccccccccccccccccccc"}, "error_type": "RuntimeError", "finished_at": "2026-09-08T12:35:14.856431+00:00"}
{"schema_version": 1, "context": {"head_sha": "aaaaaaaaaaaaaaaaaaaaaaaaaaaaaaaaaaaaaaaa"}, "kind": "PROCESS_PROBE_CUSTODY_CLEANUP", "status": "COMPLETE", "started_at": "2026-09-08T12:35:14.859072+00:00", "upload": {"artifact_id": "100", "sha256": "cccccccccccccccccccccccccccccccccccccccccccccccccccccccccccccccc"}, "removed_owned_staging": true, "probe_status": "OBSERVATIONS_WITH_FAILURES_NOT_RUNTIME_EVIDENCE", "scope": "Custody cleanup only; probe status is preserved, not an application result.", "finished_at": "2026-09-08T12:35:14.859666+00:00"}
{"schema_version": 1, "context": {"head_sha": "aaaaaaaaaaaaaaaaaaaaaaaaaaaaaaaaaaaaaaaa"}, "kind": "PROCESS_PROBE_CUSTODY_CLEANUP", "status": "FAILED", "started_at": "2026-09-08T12:35:14.864112+00:00", "upload": {"artifact_id": "100", "sha256": "cccccccccccccccccccccccccccccccccccccccccccccccccccccccccccccccc"}, "error_type": "RuntimeError", "finished_at": "2026-09-08T12:35:14.864614+00:00"}
{"schema_version": 1, "context": {"head_sha": "aaaaaaaaaaaaaaaaaaaaaaaaaaaaaaaaaaaaaaaa"}, "kind": "PROCESS_PROBE_CUSTODY_CLEANUP", "status": "FAILED", "started_at": "2026-09-08T12:35:14.867754+00:00", "upload": {"artifact_id": "100", "sha256": "cccccccccccccccccccccccccccccccccccccccccccccccccccccccccccccccc"}, "error_type": "RuntimeError", "finished_at": "2026-09-08T12:35:14.867960+00:00"}
{"schema_version": 1, "context": {"head_sha": "aaaaaaaaaaaaaaaaaaaaaaaaaaaaaaaaaaaaaaaa"}, "kind": "PROCESS_PROBE_CUSTODY_CLEANUP", "status": "FAILED", "started_at": "2026-09-08T12:35:14.870037+00:00", "upload": {"artifact_id": "100", "sha256": "cccccccccccccccccccccccccccccccccccccccccccccccccccccccccccccccc"}, "error_type": "RuntimeError", "finished_at": "2026-09-08T12:35:14.870493+00:00"}
{"schema_version": 1, "context": {"head_sha": "aaaaaaaaaaaaaaaaaaaaaaaaaaaaaaaaaaaaaaaa"}, "kind": "PROCESS_PROBE_CUSTODY_CLEANUP", "status": "FAILED", "started_at": "2026-09-08T12:35:14.873100+00:00", "error_type": "RuntimeError", "finished_at": "2026-09-08T12:35:14.873279+00:00"}
{"schema_version": 1, "context": {"head_sha": "aaaaaaaaaaaaaaaaaaaaaaaaaaaaaaaaaaaaaaaa"}, "kind": "PROCESS_PROBE_CUSTODY_CLEANUP", "status": "FAILED", "started_at": "2026-09-08T12:35:14.876089+00:00", "error_type": "RuntimeError", "finished_at": "2026-09-08T12:35:14.876279+00:00"}
{"schema_version": 1, "context": {"head_sha": "aaaaaaaaaaaaaaaaaaaaaaaaaaaaaaaaaaaaaaaa"}, "kind": "PROCESS_PROBE_CUSTODY_CLEANUP", "status": "FAILED", "started_at": "2026-09-08T12:35:14.879284+00:00", "error_type": "RuntimeError", "finished_at": "2026-09-08T12:35:14.879552+00:00"}
release workflow contract: PASS
