Executable=/private/var/folders/6m/vxwlbjsn7vs6h80_98w6x7p40000gn/T/parlor-audit-ios-readiness-16-558d2x5y/DerivedData/Build/Products/Debug-iphonesimulator/Parlor.app/Frameworks/ComposeApp.framework/ComposeApp
Identifier=com.parlor.ComposeApp
Format=bundle with Mach-O thin (arm64)
CodeDirectory v=20400 size=163086 flags=0x2(adhoc) hashes=5090+3 location=embedded
VersionPlatform=7
VersionMin=983040
VersionSDK=1704960
Hash type=sha256 size=32
CandidateCDHash sha256=23fb0a16dfbd515fe0ec7e8483cf9c3ef5b440bd
CandidateCDHashFull sha256=23fb0a16dfbd515fe0ec7e8483cf9c3ef5b440bdb49dcee47d3bd5d2323d2fb9
Hash choices=sha256
CMSDigest=23fb0a16dfbd515fe0ec7e8483cf9c3ef5b440bdb49dcee47d3bd5d2323d2fb9
CMSDigestType=2
Executable Segment base=0
Executable Segment limit=43483136
Executable Segment flags=0x0
Page size=16384
CDHash=23fb0a16dfbd515fe0ec7e8483cf9c3ef5b440bd
Signature=adhoc
Info.plist entries=10
TeamIdentifier=not set
Sealed Resources version=2 rules=10 files=2
Internal requirements count=0 size=12
