Executable=/private/var/folders/6m/vxwlbjsn7vs6h80_98w6x7p40000gn/T/parlor-audit-ios-readiness-16-558d2x5y/DerivedData/Build/Products/Debug-iphonesimulator/Parlor.app/__preview.dylib
Identifier=__preview-55554944ea1b0bf27f553d4080a6f7dd92168432
Format=Mach-O thin (arm64)
CodeDirectory v=20400 size=267 flags=0x2(adhoc) hashes=2+2 location=embedded
VersionPlatform=7
VersionMin=1048576
VersionSDK=1705216
Hash type=sha256 size=32
CandidateCDHash sha256=2bffd272f43f0b5076900d73935c9092a9304f95
CandidateCDHashFull sha256=2bffd272f43f0b5076900d73935c9092a9304f95092e382404709e1040fabbd6
Hash choices=sha256
CMSDigest=2bffd272f43f0b5076900d73935c9092a9304f95092e382404709e1040fabbd6
CMSDigestType=2
Executable Segment base=0
Executable Segment limit=16384
Executable Segment flags=0x0
Page size=16384
CDHash=2bffd272f43f0b5076900d73935c9092a9304f95
Signature=adhoc
Info.plist=not bound
TeamIdentifier=not set
Sealed Resources=none
Internal requirements count=0 size=12
