Executable=/private/var/folders/6m/vxwlbjsn7vs6h80_98w6x7p40000gn/T/parlor-audit-ios-readiness-16-558d2x5y/DerivedData/Build/Products/Debug-iphonesimulator/Parlor.app/Parlor
Identifier=com.parlor.app.debug
Format=app bundle with Mach-O thin (arm64)
CodeDirectory v=20400 size=301 flags=0x2(adhoc) hashes=3+3 location=embedded
VersionPlatform=7
VersionMin=1048576
VersionSDK=1705216
Hash type=sha256 size=32
CandidateCDHash sha256=a88ab1afde003112290834949c1308e78901100c
CandidateCDHashFull sha256=a88ab1afde003112290834949c1308e78901100c9a169632a187634d2c9edafe
Hash choices=sha256
CMSDigest=a88ab1afde003112290834949c1308e78901100c9a169632a187634d2c9edafe
CMSDigestType=2
Executable Segment base=0
Executable Segment limit=16384
Executable Segment flags=0x1
Page size=16384
CDHash=a88ab1afde003112290834949c1308e78901100c
Signature=adhoc
Info.plist entries=33
TeamIdentifier=not set
Sealed Resources version=2 rules=10 files=56
Internal requirements count=0 size=12
