test_controls_bind_each_owned_and_transitive_input (test_probe.AdmissionTests.test_controls_bind_each_owned_and_transitive_input) ... ok
test_exact_job_and_source_admission (test_probe.AdmissionTests.test_exact_job_and_source_admission) ... ok
test_execute_default_preserves_borrowed_legacy_capture_signature (test_probe.AdmissionTests.test_execute_default_preserves_borrowed_legacy_capture_signature) ... ok
test_platform_runtime_listing_opts_into_sampling_but_timeout_still_fails (test_probe.AdmissionTests.test_platform_runtime_listing_opts_into_sampling_but_timeout_still_fails) ... ok
test_unknown_cli_cannot_allocate (test_probe.AdmissionTests.test_unknown_cli_cannot_allocate) ... ok
test_upload_failure_and_missing_identity_rejected (test_probe.AdmissionTests.test_upload_failure_and_missing_identity_rejected) ... ok
test_five_final_inodes_and_host_complete_never_promote_original_four (test_probe.HostComparisonTests.test_five_final_inodes_and_host_complete_never_promote_original_four) ... ok
test_full_identity_map_rejects_stale_directory_old_file_and_aliases (test_probe.HostComparisonTests.test_full_identity_map_rejects_stale_directory_old_file_and_aliases) ... ok
test_host_context_pid_main_and_method_roles_fail_closed (test_probe.HostComparisonTests.test_host_context_pid_main_and_method_roles_fail_closed) ... ok
test_raw_host_failure_is_preserved_before_exit_check (test_probe.HostComparisonTests.test_raw_host_failure_is_preserved_before_exit_check) ... ok
test_failed_or_wrong_host_sdk_qualification_cannot_supply_an_attestation (test_probe.HostSdkSequencingTests.test_failed_or_wrong_host_sdk_qualification_cannot_supply_an_attestation) ... ok
test_host_read_stage_consumes_bound_sdk_before_sources_without_requery (test_probe.HostSdkSequencingTests.test_host_read_stage_consumes_bound_sdk_before_sources_without_requery) ... ok
test_missing_current_run_binding_and_duplicate_qualification_never_query_as_fallback (test_probe.HostSdkSequencingTests.test_missing_current_run_binding_and_duplicate_qualification_never_query_as_fallback) ... ok
test_real_platform_phase_retains_host_sdk_before_creation_and_later_reuses_it (test_probe.HostSdkSequencingTests.test_real_platform_phase_retains_host_sdk_before_creation_and_later_reuses_it) ... ok
test_redirected_prequalified_sdk_path_is_not_silently_resolved_again (test_probe.HostSdkSequencingTests.test_redirected_prequalified_sdk_path_is_not_silently_resolved_again) ... ok
test_source_run_control_nonce_or_retained_path_drift_rejects_without_queries (test_probe.HostSdkSequencingTests.test_source_run_control_nonce_or_retained_path_drift_rejects_without_queries) ... ok
test_attr_missing_bit_is_not_class_zero (test_probe.ReportTests.test_attr_missing_bit_is_not_class_zero) ... ok
test_attr_positive_return_is_invalid (test_probe.ReportTests.test_attr_positive_return_is_invalid) ... ok
test_attr_unrequested_bit (test_probe.ReportTests.test_attr_unrequested_bit) ... ok
test_available_attr_class_zero_remains_observation (test_probe.ReportTests.test_available_attr_class_zero_remains_observation) ... ok
test_capability_claim_must_match_flag (test_probe.ReportTests.test_capability_claim_must_match_flag) ... ok
test_changed_fd_witness (test_probe.ReportTests.test_changed_fd_witness) ... ok
test_collection_is_not_strict_or_application_pass (test_probe.ReportTests.test_collection_is_not_strict_or_application_pass) ... ok
test_duplicate_json_key (test_probe.ReportTests.test_duplicate_json_key) ... ok
test_fcntl_bool_is_not_integer_class (test_probe.ReportTests.test_fcntl_bool_is_not_integer_class) ... ok
test_fcntl_errno_cannot_be_class (test_probe.ReportTests.test_fcntl_errno_cannot_be_class) ... ok
test_filesystem_bool_return_rejected (test_probe.ReportTests.test_filesystem_bool_return_rejected) ... ok
test_getter_imp_changes (test_probe.ReportTests.test_getter_imp_changes) ... ok
test_getter_selector_not_class_image (test_probe.ReportTests.test_getter_selector_not_class_image) ... ok
test_missing_event (test_probe.ReportTests.test_missing_event) ... ok
test_nonatomic_contrast_must_not_request_atomic (test_probe.ReportTests.test_nonatomic_contrast_must_not_request_atomic) ... ok
test_observer_must_not_hold_fd_across_write (test_probe.ReportTests.test_observer_must_not_hold_fd_across_write) ... ok
test_reordered_events (test_probe.ReportTests.test_reordered_events) ... ok
test_simulator_images_remain_single_platform (test_probe.ReportTests.test_simulator_images_remain_single_platform) ... ok
test_stale_source (test_probe.ReportTests.test_stale_source) ... ok
test_strict_failure_cannot_be_promoted (test_probe.ReportTests.test_strict_failure_cannot_be_promoted) ... ok
test_unavailable_api_cannot_supply_class (test_probe.ReportTests.test_unavailable_api_cannot_supply_class) ... ok
test_unclosed_fd (test_probe.ReportTests.test_unclosed_fd) ... ok
test_wrong_main_uuid (test_probe.ReportTests.test_wrong_main_uuid) ... ok
test_wrong_runtime (test_probe.ReportTests.test_wrong_runtime) ... ok
test_wrong_write_options (test_probe.ReportTests.test_wrong_write_options) ... ok

----------------------------------------------------------------------
Ran 41 tests in 0.174s

OK
