test_actual_resume_navigation_and_original_lifecycle_calls_remain (test_l08_copy.L08CopyContractTests) ... ok
test_copy_transforms_refuse_symlinked_roots_and_inputs (test_l08_copy.L08CopyContractTests) ... ok
test_every_actual_source_anchor_transforms_without_changing_repository_bytes (test_l08_copy.L08CopyContractTests) ... ok
test_mafia_settings_observation_preserves_original_updates_and_start (test_l08_copy.L08CopyContractTests) ... ok
test_missing_ambiguous_unknown_and_repeated_anchors_fail_closed (test_l08_copy.L08CopyContractTests) ... ok
test_new_parser_sources_are_python_syntax_not_runtime_evidence (test_l08_copy.L08CopyContractTests) ... ok
test_old_and_l08_transforms_compose_in_only_an_owned_temporary_copy (test_l08_copy.L08CopyContractTests) ... ok
test_registry_is_closed_and_verbatim_fixtures_match_current_source (test_l08_copy.L08CopyContractTests) ... ok
test_swift_observers_are_additive_and_old_discovery_is_unchanged (test_l08_copy.L08CopyContractTests) ... ok
test_actual_native_compose_preferences_and_system_owner_must_all_agree (test_l08_host_receipts.HostReceiptTests) ... ok
test_actual_uikit_callbacks_cannot_be_replaced_by_synthetic_counts (test_l08_host_receipts.HostReceiptTests) ... ok
test_all_runtime_counters_and_worker_errors_are_verified (test_l08_host_receipts.HostReceiptTests) ... ok
test_artifact_mismatch_is_not_swallowed (test_l08_host_receipts.HostReceiptTests) ... ok
test_complete_parser_fixture_requires_three_independent_native_artifact_bindings (test_l08_host_receipts.HostReceiptTests) ... ok
test_each_process_gets_only_its_observed_framework_plus_exact_embedded_inventory (test_l08_host_receipts.HostReceiptTests) ... ok
test_every_source_invariant_false_missing_unknown_or_nonboolean_is_rejected (test_l08_host_receipts.HostReceiptTests) ... ok
test_missing_extra_failed_or_reordered_operations_cannot_pass (test_l08_host_receipts.HostReceiptTests) ... ok
test_native_observation_must_be_unique_correct_order_and_same_boot (test_l08_host_receipts.HostReceiptTests) ... ok
test_source_identity_scopes_and_secret_fields_are_closed (test_l08_host_receipts.HostReceiptTests) ... ok
test_unobserved_missing_or_duplicate_framework_rows_fail_before_filtering (test_l08_host_receipts.HostReceiptTests) ... ok
test_xctest_missing_duplicate_different_boot_or_failure_cannot_pass (test_l08_host_receipts.HostReceiptTests) ... ok
test_actual_artifact_binding_failure_is_not_swallowed (test_l08_receipts.L08ReceiptTests) ... ok
test_both_success_and_closed_failure_observations_are_sanitized_before_preservation (test_l08_receipts.L08ReceiptTests) ... ok
test_closed_failure_preservation_is_exclusive_and_missing_steps_stay_missing (test_l08_receipts.L08ReceiptTests) ... ok
test_complete_parser_fixture_demands_thirteen_independent_real_artifact_binding_calls (test_l08_receipts.L08ReceiptTests) ... ok
test_completed_scenario_and_unique_boots_are_required (test_l08_receipts.L08ReceiptTests) ... ok
test_context_strictness_and_secret_fields (test_l08_receipts.L08ReceiptTests) ... ok
test_every_individual_invariant_false_missing_unknown_or_nonboolean_is_rejected (test_l08_receipts.L08ReceiptTests) ... ok
test_failed_boundary_record_and_failed_or_missing_xctest_are_rejected (test_l08_receipts.L08ReceiptTests) ... ok
test_missing_or_extra_operation_cannot_pass (test_l08_receipts.L08ReceiptTests) ... ok
test_reordered_operations_and_wrong_process_cannot_pass (test_l08_receipts.L08ReceiptTests) ... ok
test_result_name_inventory_is_closed_unique_and_matches_twenty_operations (test_l08_receipts.L08ReceiptTests) ... ok
test_result_reader_bounds_duplicate_fields_and_symlink (test_l08_receipts.L08ReceiptTests) ... ok
test_unknown_sensitive_fields_never_reach_durable_evidence (test_l08_receipts.L08ReceiptTests) ... ok

----------------------------------------------------------------------
Ran 34 tests in 5.931s

OK
