PARLOR_APP_FOUNDATION_CONTROL_ALLOCATION {"path": "/tmp/parlor-app-foundation-controls-tc7ay25s", "device": 27, "inode": 1046197, "uid": 0}
test_closed_profiles_bind_exact_numeric_runtime_and_return_fresh_values (__main__.FoundationToolchainControls.test_closed_profiles_bind_exact_numeric_runtime_and_return_fresh_values) ... ok
test_collection_requires_paired_profile_but_never_claims_strict_l08_pass (__main__.FoundationToolchainControls.test_collection_requires_paired_profile_but_never_claims_strict_l08_pass) ... ok
test_complete_parse_requires_selected_exact_runtime_and_strict_primitive_types (__main__.FoundationToolchainControls.test_complete_parse_requires_selected_exact_runtime_and_strict_primitive_types) ... ok
test_composed_copy_hook_passes_selected_runner_profile_without_default (__main__.FoundationToolchainControls.test_composed_copy_hook_passes_selected_runner_profile_without_default) ... ok
test_control_error_keeps_existing_bounded_runtime_shape_and_never_validates_collection (__main__.FoundationToolchainControls.test_control_error_keeps_existing_bounded_runtime_shape_and_never_validates_collection) ... ok
test_copy_binding_records_selected_profile_triple_and_generated_native_hash (__main__.FoundationToolchainControls.test_copy_binding_records_selected_profile_triple_and_generated_native_hash) ... ok
test_copy_binding_requires_profile_and_exact_integer_triple (__main__.FoundationToolchainControls.test_copy_binding_requires_profile_and_exact_integer_triple) ... ok
test_default_render_keeps_exact_legacy_local_expansion (__main__.FoundationToolchainControls.test_default_render_keeps_exact_legacy_local_expansion) ... ok
test_native_guard_missing_ambiguous_or_changed_patch_fails_closed (__main__.FoundationToolchainControls.test_native_guard_missing_ambiguous_or_changed_patch_fails_closed) ... ok
test_no_explicit_parse_profile_preserves_local_default_only (__main__.FoundationToolchainControls.test_no_explicit_parse_profile_preserves_local_default_only) ... ok
test_qualified_render_changes_only_exact_guard_from_local_render (__main__.FoundationToolchainControls.test_qualified_render_changes_only_exact_guard_from_local_render) ... ok
test_unknown_profile_cannot_parse_even_well_formed_raw_record (__main__.FoundationToolchainControls.test_unknown_profile_cannot_parse_even_well_formed_raw_record) ... ok
test_unknown_profiles_fail_before_generated_copy_writes (__main__.FoundationToolchainControls.test_unknown_profiles_fail_before_generated_copy_writes) ... ok
test_both_profiles_preserve_and_bind_through_all_actual_hooks (__main__.FoundationToolchainHookControls.test_both_profiles_preserve_and_bind_through_all_actual_hooks) ... ok
test_changed_root_selection_after_preservation_cannot_borrow_other_profile (__main__.FoundationToolchainHookControls.test_changed_root_selection_after_preservation_cannot_borrow_other_profile) ... ok
test_malformed_runtime_control_error_keeps_rejection_and_source_evidence (__main__.FoundationToolchainHookControls.test_malformed_runtime_control_error_keeps_rejection_and_source_evidence) ... ok
test_missing_or_unknown_root_profile_cannot_preserve_or_bind (__main__.FoundationToolchainHookControls.test_missing_or_unknown_root_profile_cannot_preserve_or_bind) ... ok
test_runtime_control_error_is_retained_byte_for_byte_then_fails_collection (__main__.FoundationToolchainHookControls.test_runtime_control_error_is_retained_byte_for_byte_then_fails_collection) ... ok
test_wrong_copy_binding_cannot_validate_previously_preserved_record (__main__.FoundationToolchainHookControls.test_wrong_copy_binding_cannot_validate_previously_preserved_record) ... ok
test_wrong_runtime_complete_record_is_rejected_at_preservation_and_collection (__main__.FoundationToolchainHookControls.test_wrong_runtime_complete_record_is_rejected_at_preservation_and_collection) ... ok

----------------------------------------------------------------------
Ran 20 tests in 2.611s

OK
PARLOR_APP_FOUNDATION_CONTROL_CLEANUP {"status": "PASS", "parent": "/tmp/parlor-app-foundation-controls-tc7ay25s", "workers_started": 0, "parent_removed": true, "custody": {"device": 27, "inode": 1046197, "uid": 0}}
