test_actual_finish_requires_exact_true_and_preserves_first_finalization_failure (test_simulator_lifecycle_integration.LifecycleBuildBoundaryIntegration.test_actual_finish_requires_exact_true_and_preserves_first_finalization_failure) ... ok
test_durable_marker_failure_prevents_builder_but_keeps_immediate_gradle_stop (test_simulator_lifecycle_integration.LifecycleBuildBoundaryIntegration.test_durable_marker_failure_prevents_builder_but_keeps_immediate_gradle_stop) ... ok
test_legacy_build_path_has_no_helper_marker_and_retains_immediate_stop (test_simulator_lifecycle_integration.LifecycleBuildBoundaryIntegration.test_legacy_build_path_has_no_helper_marker_and_retains_immediate_stop) ... ok
test_normal_ack_requires_all_three_actual_extraction_results_not_runtime_success (test_simulator_lifecycle_integration.LifecycleBuildBoundaryIntegration.test_normal_ack_requires_all_three_actual_extraction_results_not_runtime_success) ... ok
test_normal_failed_ack_save_revokes_authority_and_preserves_original_error (test_simulator_lifecycle_integration.LifecycleBuildBoundaryIntegration.test_normal_failed_ack_save_revokes_authority_and_preserves_original_error) ... ok
test_real_build_boundary_marks_before_launch_and_always_stops_after_spawn_failure (test_simulator_lifecycle_integration.LifecycleBuildBoundaryIntegration.test_real_build_boundary_marks_before_launch_and_always_stops_after_spawn_failure) ... ok
test_companion_composed_and_normal_manifests_bind_helper_and_both_test_files (test_simulator_lifecycle_integration.LifecycleCompositionClosureIntegration.test_companion_composed_and_normal_manifests_bind_helper_and_both_test_files) ... ok
test_composition_preserves_actual_lifecycle_and_primary_error_wrappers (test_simulator_lifecycle_integration.LifecycleCompositionClosureIntegration.test_composition_preserves_actual_lifecycle_and_primary_error_wrappers) ... ok
test_original_strict_runner_and_ownership_fifo_controls_are_immutable (test_simulator_lifecycle_integration.LifecycleCompositionClosureIntegration.test_original_strict_runner_and_ownership_fifo_controls_are_immutable) ... ok
test_actual_copied_input_check_failure_cannot_become_cleanup_pass (test_simulator_lifecycle_integration.LifecycleFinalizerIntegration.test_actual_copied_input_check_failure_cannot_become_cleanup_pass) ... ok
test_direct_recovery_failure_never_falls_back_to_legacy_inventory_or_log_adoption (test_simulator_lifecycle_integration.LifecycleFinalizerIntegration.test_direct_recovery_failure_never_falls_back_to_legacy_inventory_or_log_adoption) ... ok
test_failed_actual_xcode_boundary_preserves_raw_before_real_barrier_and_never_skips_worker_fifo_cleanup (test_simulator_lifecycle_integration.LifecycleFinalizerIntegration.test_failed_actual_xcode_boundary_preserves_raw_before_real_barrier_and_never_skips_worker_fifo_cleanup) ... ok
test_failed_composed_ack_save_revokes_authority_without_skipping_workers_or_fifo (test_simulator_lifecycle_integration.LifecycleFinalizerIntegration.test_failed_composed_ack_save_revokes_authority_without_skipping_workers_or_fifo) ... ok
test_failed_final_strict_census_prevents_owned_temporary_removal (test_simulator_lifecycle_integration.LifecycleFinalizerIntegration.test_failed_final_strict_census_prevents_owned_temporary_removal) ... ok
test_failed_foundation_preservation_denies_device_and_temporary_cleanup (test_simulator_lifecycle_integration.LifecycleFinalizerIntegration.test_failed_foundation_preservation_denies_device_and_temporary_cleanup) ... ok
test_failed_postbuild_barrier_cannot_be_reopened_by_later_successful_owner_cleanup (test_simulator_lifecycle_integration.LifecycleFinalizerIntegration.test_failed_postbuild_barrier_cannot_be_reopened_by_later_successful_owner_cleanup) ... ok
test_foundation_retention_precedes_failed_barrier_and_does_not_bypass_it (test_simulator_lifecycle_integration.LifecycleFinalizerIntegration.test_foundation_retention_precedes_failed_barrier_and_does_not_bypass_it) ... ok
test_lifecycle_finishes_before_actual_wrapper_owned_temporary_removal (test_simulator_lifecycle_integration.LifecycleFinalizerIntegration.test_lifecycle_finishes_before_actual_wrapper_owned_temporary_removal) ... ok
test_missing_or_malformed_ack_blocks_real_barrier_and_temporary_removal (test_simulator_lifecycle_integration.LifecycleFinalizerIntegration.test_missing_or_malformed_ack_blocks_real_barrier_and_temporary_removal) ... ok
test_missing_owned_uuid_never_authorizes_destructive_calls (test_simulator_lifecycle_integration.LifecycleFinalizerIntegration.test_missing_owned_uuid_never_authorizes_destructive_calls) ... ok
test_only_exact_true_barrier_authorizes_real_wrapper_shutdown_and_delete_glue (test_simulator_lifecycle_integration.LifecycleFinalizerIntegration.test_only_exact_true_barrier_authorizes_real_wrapper_shutdown_and_delete_glue) ... ok
test_prebuild_resource_cleanup_still_runs_final_strict_census_and_retains_its_failure (test_simulator_lifecycle_integration.LifecycleFinalizerIntegration.test_prebuild_resource_cleanup_still_runs_final_strict_census_and_retains_its_failure) ... ok
test_raw_ack_does_not_bypass_actual_unknown_holder_barrier_or_delete_owned_copy (test_simulator_lifecycle_integration.LifecycleFinalizerIntegration.test_raw_ack_does_not_bypass_actual_unknown_holder_barrier_or_delete_owned_copy) ... ok
test_real_barrier_with_true_ack_requires_strict_stop_census_and_reaping_before_removal (test_simulator_lifecycle_integration.LifecycleFinalizerIntegration.test_real_barrier_with_true_ack_requires_strict_stop_census_and_reaping_before_removal) ... ok
test_source_control_secondary_and_final_census_checks_are_retained_after_direct_cleanup (test_simulator_lifecycle_integration.LifecycleFinalizerIntegration.test_source_control_secondary_and_final_census_checks_are_retained_after_direct_cleanup) ... ok
test_actual_cli_rejects_direct_mode_on_local_profile_before_any_lock_or_lane (test_simulator_lifecycle_integration.LifecycleRouteIntegration.test_actual_cli_rejects_direct_mode_on_local_profile_before_any_lock_or_lane) ... ok
test_actual_command_routes_default_and_direct_result_with_no_fallback_on_error (test_simulator_lifecycle_integration.LifecycleRouteIntegration.test_actual_command_routes_default_and_direct_result_with_no_fallback_on_error) ... ok
test_companion_main_parses_and_retains_mode_before_entering_its_build_lock (test_simulator_lifecycle_integration.LifecycleRouteIntegration.test_companion_main_parses_and_retains_mode_before_entering_its_build_lock) ... ok
test_composer_forwards_explicit_lifecycle_arguments_without_executing_generated_runner (test_simulator_lifecycle_integration.LifecycleRouteIntegration.test_composer_forwards_explicit_lifecycle_arguments_without_executing_generated_runner) ... ok
test_direct_metadata_shutdown_delete_wrappers_never_enter_legacy_paths_on_failure (test_simulator_lifecycle_integration.LifecycleRouteIntegration.test_direct_metadata_shutdown_delete_wrappers_never_enter_legacy_paths_on_failure) ... ok
test_non_lifecycle_app_and_provenance_simctl_calls_keep_generic_owner_routing (test_simulator_lifecycle_integration.LifecycleRouteIntegration.test_non_lifecycle_app_and_provenance_simctl_calls_keep_generic_owner_routing) ... ok
test_normal_constructor_records_exact_selected_mode_without_constructing_helper (test_simulator_lifecycle_integration.LifecycleRouteIntegration.test_normal_constructor_records_exact_selected_mode_without_constructing_helper) ... ok
test_normal_main_passes_default_legacy_and_exact_explicit_mode_without_native_execution (test_simulator_lifecycle_integration.LifecycleRouteIntegration.test_normal_main_passes_default_legacy_and_exact_explicit_mode_without_native_execution) ... ok
test_selected_helper_constructor_receives_live_bindings_only_in_direct_mode (test_simulator_lifecycle_integration.LifecycleRouteIntegration.test_selected_helper_constructor_receives_live_bindings_only_in_direct_mode) ... ok
test_actual_collector_retains_every_safe_plan_and_closed_failure_without_claiming_runtime_success (test_simulator_lifecycle_integration.RawPostbuildPreservationIntegration.test_actual_collector_retains_every_safe_plan_and_closed_failure_without_claiming_runtime_success) ... ok
test_additional_composed_retention_is_independent_and_cannot_skip_remaining_records (test_simulator_lifecycle_integration.RawPostbuildPreservationIntegration.test_additional_composed_retention_is_independent_and_cannot_skip_remaining_records) ... ok
test_aggregate_budget_keeps_all_120_second_commands_and_refuses_a_shortened_late_attempt (test_simulator_lifecycle_integration.RawPostbuildPreservationIntegration.test_aggregate_budget_keeps_all_120_second_commands_and_refuses_a_shortened_late_attempt) ... ok
test_changing_open_descriptor_or_postread_path_is_rejected_by_actual_identity_checks (test_simulator_lifecycle_integration.RawPostbuildPreservationIntegration.test_changing_open_descriptor_or_postread_path_is_rejected_by_actual_identity_checks) ... ok
test_completed_or_failed_collector_is_one_shot_with_no_second_command_or_write (test_simulator_lifecycle_integration.RawPostbuildPreservationIntegration.test_completed_or_failed_collector_is_one_shot_with_no_second_command_or_write) ... ok
test_existing_or_symlink_destination_is_never_overwritten (test_simulator_lifecycle_integration.RawPostbuildPreservationIntegration.test_existing_or_symlink_destination_is_never_overwritten) ... ok
test_extraction_exit_codes_are_exact_integers_and_each_failure_still_attempts_later_stages (test_simulator_lifecycle_integration.RawPostbuildPreservationIntegration.test_extraction_exit_codes_are_exact_integers_and_each_failure_still_attempts_later_stages) ... ok
test_failed_ack_persistence_revokes_authority_after_safe_files_were_retained (test_simulator_lifecycle_integration.RawPostbuildPreservationIntegration.test_failed_ack_persistence_revokes_authority_after_safe_files_were_retained) ... ok
test_malformed_duplicate_nonfinite_nonobject_or_empty_json_is_not_preservable (test_simulator_lifecycle_integration.RawPostbuildPreservationIntegration.test_malformed_duplicate_nonfinite_nonobject_or_empty_json_is_not_preservable) ... ok
test_missing_optional_operation_is_recorded_as_absent_not_fabricated_or_runtime_pass (test_simulator_lifecycle_integration.RawPostbuildPreservationIntegration.test_missing_optional_operation_is_recorded_as_absent_not_fabricated_or_runtime_pass) ... ok
test_missing_required_results_views_or_container_log_never_grants_an_ack (test_simulator_lifecycle_integration.RawPostbuildPreservationIntegration.test_missing_required_results_views_or_container_log_never_grants_an_ack) ... ok
test_native_failure_context_validator_is_real_and_failures_do_not_stop_later_retention (test_simulator_lifecycle_integration.RawPostbuildPreservationIntegration.test_native_failure_context_validator_is_real_and_failures_do_not_stop_later_retention) ... ok
test_raw_stage_failures_are_independent_and_original_primary_is_never_replaced (test_simulator_lifecycle_integration.RawPostbuildPreservationIntegration.test_raw_stage_failures_are_independent_and_original_primary_is_never_replaced) ... ok
test_real_operation_validators_reject_unknown_private_fields_but_preserve_later_scenarios (test_simulator_lifecycle_integration.RawPostbuildPreservationIntegration.test_real_operation_validators_reject_unknown_private_fields_but_preserve_later_scenarios) ... ok
test_required_extraction_symlink_hardlink_and_oversize_do_not_grant_ack (test_simulator_lifecycle_integration.RawPostbuildPreservationIntegration.test_required_extraction_symlink_hardlink_and_oversize_do_not_grant_ack) ... ok
test_symlink_hardlink_directory_and_oversize_source_records_cannot_ack_or_block_other_safe_files (test_simulator_lifecycle_integration.RawPostbuildPreservationIntegration.test_symlink_hardlink_directory_and_oversize_source_records_cannot_ack_or_block_other_safe_files) ... ok
test_valid_operation_cannot_be_retained_under_another_planned_filename (test_simulator_lifecycle_integration.RawPostbuildPreservationIntegration.test_valid_operation_cannot_be_retained_under_another_planned_filename) ... ok
test_wrong_container_scope_or_redirected_result_directory_never_authorizes_copying (test_simulator_lifecycle_integration.RawPostbuildPreservationIntegration.test_wrong_container_scope_or_redirected_result_directory_never_authorizes_copying) ... ok
test_actual_a_and_b_build_argv_budget_test_selection_and_serialism_are_unchanged_except_qualified_a (test_simulator_lifecycle_integration.XcodeBudgetIntegration.test_actual_a_and_b_build_argv_budget_test_selection_and_serialism_are_unchanged_except_qualified_a) ... ok
test_actual_a_budget_function_is_closed_and_qualified_only (test_simulator_lifecycle_integration.XcodeBudgetIntegration.test_actual_a_budget_function_is_closed_and_qualified_only) ... ok

----------------------------------------------------------------------
Ran 54 tests in 41.330s

OK
