Executable=/private/var/folders/bl/vzjcvbz95c3dk19cb0fw46180000gn/T/parlor-audit-ios-readiness-33-qkaob8z3/DerivedData/Build/Products/Debug-iphonesimulator/Parlor.app/Frameworks/ComposeApp.framework/ComposeApp
Identifier=com.parlor.ComposeApp
Format=bundle with Mach-O thin (arm64)
CodeDirectory v=20400 size=651630 flags=0x2(adhoc) hashes=20357+3 location=embedded
VersionPlatform=7
VersionMin=983040
VersionSDK=1704960
Hash type=sha256 size=32
CandidateCDHash sha256=4c707438efc99b2b6d7c014b346d47531ff0f29e
CandidateCDHashFull sha256=4c707438efc99b2b6d7c014b346d47531ff0f29e2af8c86786561c2099826769
Hash choices=sha256
CMSDigest=4c707438efc99b2b6d7c014b346d47531ff0f29e2af8c86786561c2099826769
CMSDigestType=2
Executable Segment base=0
Executable Segment limit=43483136
Executable Segment flags=0x0
Page size=4096
CDHash=4c707438efc99b2b6d7c014b346d47531ff0f29e
Signature=adhoc
Info.plist entries=10
TeamIdentifier=not set
Sealed Resources version=2 rules=10 files=2
Internal requirements count=0 size=12
