Executable=/private/var/folders/bl/vzjcvbz95c3dk19cb0fw46180000gn/T/parlor-audit-ios-readiness-33-qkaob8z3/DerivedData/Build/Products/Debug-iphonesimulator/Parlor.app/Parlor.debug.dylib
Identifier=Parlor.debug
Format=Mach-O thin (arm64)
CodeDirectory v=20400 size=8357 flags=0x2(adhoc) hashes=256+2 location=embedded
VersionPlatform=7
VersionMin=1048576
VersionSDK=1704448
Hash type=sha256 size=32
CandidateCDHash sha256=aba1421abe0640c7d81305ba5894ea411d389f50
CandidateCDHashFull sha256=aba1421abe0640c7d81305ba5894ea411d389f507b32f8a4425c8c1ff508046b
Hash choices=sha256
CMSDigest=aba1421abe0640c7d81305ba5894ea411d389f507b32f8a4425c8c1ff508046b
CMSDigestType=2
Executable Segment base=0
Executable Segment limit=475136
Executable Segment flags=0x0
Page size=4096
CDHash=aba1421abe0640c7d81305ba5894ea411d389f50
Signature=adhoc
Info.plist=not bound
TeamIdentifier=not set
Sealed Resources=none
Internal requirements count=0 size=12
