Executable=/private/var/folders/bl/vzjcvbz95c3dk19cb0fw46180000gn/T/parlor-audit-ios-readiness-33-qkaob8z3/DerivedData/Build/Products/Debug-iphonesimulator/Parlor.app/Parlor
Identifier=com.parlor.app.debug
Format=app bundle with Mach-O thin (arm64)
CodeDirectory v=20400 size=525 flags=0x2(adhoc) hashes=10+3 location=embedded
VersionPlatform=7
VersionMin=1048576
VersionSDK=1704448
Hash type=sha256 size=32
CandidateCDHash sha256=41eefd8925358daeb208e904724d8734759a2294
CandidateCDHashFull sha256=41eefd8925358daeb208e904724d8734759a2294957fe7e8cf23c163a26832dc
Hash choices=sha256
CMSDigest=41eefd8925358daeb208e904724d8734759a2294957fe7e8cf23c163a26832dc
CMSDigestType=2
Executable Segment base=0
Executable Segment limit=16384
Executable Segment flags=0x1
Page size=4096
CDHash=41eefd8925358daeb208e904724d8734759a2294
Signature=adhoc
Info.plist entries=33
TeamIdentifier=not set
Sealed Resources version=2 rules=10 files=56
Internal requirements count=0 size=12
