To honour the JVM settings for this build a single-use Daemon process will be forked. For more on this, please refer to https://docs.gradle.org/8.13/userguide/gradle_daemon.html#sec:disabling_the_daemon in the Gradle documentation.
Daemon will be stopped at the end of the build 
Type-safe project accessors is an incubating feature.
> Task :build-logic:convention:checkKotlinGradlePluginConfigurationErrors SKIPPED
> Task :build-logic:convention:compileKotlin FROM-CACHE
> Task :build-logic:convention:compileJava NO-SOURCE
> Task :build-logic:convention:pluginDescriptors
> Task :build-logic:convention:processResources
> Task :build-logic:convention:classes
> Task :build-logic:convention:jar

> Configure project :composeApp
WARNING: The option setting 'android.experimental.lint.version=9.1.1' is experimental.
w: [33m[1m⚠️ Deprecated Gradle Version[0m[0m
The used Gradle version (Gradle 8.13) is deprecated and will not be supported in future Kotlin Gradle Plugin releases.
The minimum supported Gradle version will become Gradle 8.14.4 in Kotlin 2.5.0.

This warning can be suppressed in 'gradle.properties':
    kotlin.suppressGradlePluginWarnings=DeprecatedGradleVersionWarning
[32m[1mSolution:[0m[0m
[32m[3mPlease update the Gradle version to at least Gradle 8.14.4.[0m[0m

w: [33m[1m⚠️ Native task 'iosX64Test' is disabled[0m[0m
Task 'iosX64Test' for target 'ios_x64' cannot run on the current host (macos-aarch64).
Reason: architecture mismatch - target requires X64, current host is ARM64
[32m[1mSolution:[0m[0m
[32m[3mTo suppress this warning, add 'kotlin.native.ignoreDisabledTargets=true' to gradle.properties.[0m[0m


> Task :composeApp:preBuild UP-TO-DATE
> Task :composeApp:preReleaseBuild UP-TO-DATE
> Task :composeApp:extractReleaseVersionControlInfo
> Task :composeApp:mergeReleaseShaders
> Task :composeApp:compileReleaseShaders NO-SOURCE
> Task :composeApp:convertXmlValueResourcesForAndroidMain NO-SOURCE
> Task :composeApp:copyNonXmlValueResourcesForAndroidMain NO-SOURCE
> Task :composeApp:prepareComposeResourcesTaskForAndroidMain NO-SOURCE
> Task :composeApp:convertXmlValueResourcesForAndroidRelease NO-SOURCE
> Task :composeApp:copyNonXmlValueResourcesForAndroidRelease NO-SOURCE
> Task :composeApp:prepareComposeResourcesTaskForAndroidRelease NO-SOURCE
> Task :composeApp:convertXmlValueResourcesForCommonMain
> Task :composeApp:copyNonXmlValueResourcesForCommonMain NO-SOURCE
> Task :composeApp:prepareComposeResourcesTaskForCommonMain UP-TO-DATE
> Task :composeApp:copyReleaseComposeResourcesToAndroidAssets
> Task :composeApp:generateReleaseAssets UP-TO-DATE
> Task :composeApp:releaseAssetsCopyForAGP NO-SOURCE
> Task :game-modes:mafia:preBuild UP-TO-DATE
> Task :game-modes:mafia:preReleaseBuild UP-TO-DATE
> Task :game-modes:mafia:mergeReleaseShaders
> Task :game-modes:mafia:compileReleaseShaders NO-SOURCE
> Task :game-modes:mafia:convertXmlValueResourcesForAndroidMain NO-SOURCE
> Task :game-modes:mafia:copyNonXmlValueResourcesForAndroidMain NO-SOURCE
> Task :game-modes:mafia:prepareComposeResourcesTaskForAndroidMain NO-SOURCE
> Task :game-modes:mafia:convertXmlValueResourcesForAndroidRelease NO-SOURCE
> Task :game-modes:mafia:copyNonXmlValueResourcesForAndroidRelease NO-SOURCE
> Task :game-modes:mafia:prepareComposeResourcesTaskForAndroidRelease NO-SOURCE
> Task :game-modes:mafia:convertXmlValueResourcesForCommonMain
> Task :game-modes:mafia:copyNonXmlValueResourcesForCommonMain NO-SOURCE
> Task :game-modes:mafia:prepareComposeResourcesTaskForCommonMain UP-TO-DATE
> Task :game-modes:mafia:copyReleaseComposeResourcesToAndroidAssets
> Task :game-modes:mafia:generateReleaseAssets UP-TO-DATE
> Task :game-modes:mafia:releaseAssetsCopyForAGP NO-SOURCE
> Task :game-modes:mafia:mergeReleaseAssets
> Task :game-modes:whodunit:preBuild UP-TO-DATE
> Task :game-modes:whodunit:preReleaseBuild UP-TO-DATE
> Task :build-logic:convention:detekt FROM-CACHE
> Task :game-modes:whodunit:mergeReleaseShaders
> Task :game-modes:whodunit:compileReleaseShaders NO-SOURCE
> Task :game-modes:whodunit:convertXmlValueResourcesForAndroidMain NO-SOURCE
> Task :game-modes:whodunit:copyNonXmlValueResourcesForAndroidMain NO-SOURCE
> Task :game-modes:whodunit:prepareComposeResourcesTaskForAndroidMain NO-SOURCE
> Task :game-modes:whodunit:convertXmlValueResourcesForAndroidRelease NO-SOURCE
> Task :game-modes:whodunit:copyNonXmlValueResourcesForAndroidRelease NO-SOURCE
> Task :game-modes:whodunit:prepareComposeResourcesTaskForAndroidRelease NO-SOURCE
> Task :game-modes:whodunit:convertXmlValueResourcesForCommonMain
> Task :game-modes:whodunit:copyNonXmlValueResourcesForCommonMain
> Task :game-modes:whodunit:prepareComposeResourcesTaskForCommonMain UP-TO-DATE
> Task :game-modes:whodunit:copyReleaseComposeResourcesToAndroidAssets
> Task :game-modes:whodunit:generateReleaseAssets UP-TO-DATE
> Task :game-modes:whodunit:releaseAssetsCopyForAGP NO-SOURCE
> Task :game-modes:whodunit:mergeReleaseAssets
> Task :shared:content:preBuild UP-TO-DATE
> Task :shared:content:preReleaseBuild UP-TO-DATE
> Task :shared:content:mergeReleaseShaders
> Task :shared:content:compileReleaseShaders NO-SOURCE
> Task :shared:content:generateReleaseAssets UP-TO-DATE
> Task :shared:content:releaseAssetsCopyForAGP NO-SOURCE
> Task :shared:content:mergeReleaseAssets
> Task :shared:core:preBuild UP-TO-DATE
> Task :shared:core:preReleaseBuild UP-TO-DATE
> Task :shared:core:mergeReleaseShaders
> Task :shared:core:compileReleaseShaders NO-SOURCE
> Task :shared:core:generateReleaseAssets UP-TO-DATE
> Task :shared:core:releaseAssetsCopyForAGP NO-SOURCE
> Task :shared:core:mergeReleaseAssets
> Task :shared:design-system:preBuild UP-TO-DATE
> Task :shared:design-system:preReleaseBuild UP-TO-DATE
> Task :shared:design-system:mergeReleaseShaders
> Task :shared:design-system:compileReleaseShaders NO-SOURCE
> Task :shared:design-system:convertXmlValueResourcesForAndroidMain NO-SOURCE
> Task :shared:design-system:copyNonXmlValueResourcesForAndroidMain NO-SOURCE
> Task :shared:design-system:prepareComposeResourcesTaskForAndroidMain NO-SOURCE
> Task :shared:design-system:convertXmlValueResourcesForAndroidRelease NO-SOURCE
> Task :shared:design-system:copyNonXmlValueResourcesForAndroidRelease NO-SOURCE
> Task :shared:design-system:prepareComposeResourcesTaskForAndroidRelease NO-SOURCE
> Task :shared:design-system:convertXmlValueResourcesForCommonMain
> Task :shared:design-system:copyNonXmlValueResourcesForCommonMain
> Task :shared:design-system:prepareComposeResourcesTaskForCommonMain UP-TO-DATE
> Task :shared:design-system:copyReleaseComposeResourcesToAndroidAssets
> Task :shared:design-system:generateReleaseAssets UP-TO-DATE
> Task :shared:design-system:releaseAssetsCopyForAGP NO-SOURCE
> Task :shared:design-system:mergeReleaseAssets
> Task :shared:engine:preBuild UP-TO-DATE
> Task :shared:engine:preReleaseBuild UP-TO-DATE
> Task :shared:engine:mergeReleaseShaders
> Task :shared:engine:compileReleaseShaders NO-SOURCE
> Task :shared:engine:generateReleaseAssets UP-TO-DATE
> Task :shared:engine:releaseAssetsCopyForAGP NO-SOURCE
> Task :shared:engine:mergeReleaseAssets
> Task :shared:networking:preBuild UP-TO-DATE
> Task :shared:networking:preReleaseBuild UP-TO-DATE
> Task :shared:networking:mergeReleaseShaders
> Task :shared:networking:compileReleaseShaders NO-SOURCE
> Task :shared:networking:generateReleaseAssets UP-TO-DATE
> Task :shared:networking:releaseAssetsCopyForAGP NO-SOURCE
> Task :shared:networking:mergeReleaseAssets
> Task :shared:session:preBuild UP-TO-DATE
> Task :shared:session:preReleaseBuild UP-TO-DATE
> Task :shared:session:mergeReleaseShaders
> Task :shared:session:compileReleaseShaders NO-SOURCE
> Task :shared:session:generateReleaseAssets UP-TO-DATE
> Task :shared:session:releaseAssetsCopyForAGP NO-SOURCE
> Task :shared:session:mergeReleaseAssets
> Task :shared:storage:preBuild UP-TO-DATE
> Task :shared:storage:preReleaseBuild UP-TO-DATE
> Task :shared:storage:mergeReleaseShaders
> Task :shared:storage:compileReleaseShaders NO-SOURCE
> Task :shared:storage:generateReleaseAssets UP-TO-DATE
> Task :shared:storage:releaseAssetsCopyForAGP NO-SOURCE
> Task :shared:storage:mergeReleaseAssets
> Task :shared:transport-p2p:preBuild UP-TO-DATE
> Task :shared:transport-p2p:preReleaseBuild UP-TO-DATE
> Task :shared:transport-p2p:mergeReleaseShaders
> Task :shared:transport-p2p:compileReleaseShaders NO-SOURCE
> Task :shared:transport-p2p:generateReleaseAssets UP-TO-DATE
> Task :shared:transport-p2p:releaseAssetsCopyForAGP NO-SOURCE
> Task :shared:transport-p2p:mergeReleaseAssets
> Task :composeApp:mergeReleaseAssets
> Task :game-modes:whodunit:kmpPartiallyResolvedDependenciesChecker
> Task :game-modes:whodunit:checkKotlinGradlePluginConfigurationErrors SKIPPED
> Task :game-modes:whodunit:generateResourceAccessorsForAndroidMain NO-SOURCE
> Task :game-modes:whodunit:generateResourceAccessorsForCommonMain
> Task :game-modes:whodunit:generateActualResourceCollectorsForAndroidMain
> Task :game-modes:whodunit:generateComposeResClass
> Task :game-modes:whodunit:generateExpectResourceCollectorsForCommonMain
> Task :game-modes:whodunit:generateReleaseResValues FROM-CACHE
> Task :game-modes:whodunit:generateReleaseResources FROM-CACHE
> Task :game-modes:whodunit:packageReleaseResources FROM-CACHE
> Task :game-modes:whodunit:processReleaseNavigationResources FROM-CACHE
> Task :game-modes:whodunit:parseReleaseLocalResources FROM-CACHE
> Task :game-modes:whodunit:generateReleaseRFile FROM-CACHE
> Task :game-modes:whodunit:generateResourceAccessorsForAndroidRelease NO-SOURCE
> Task :shared:content:kmpPartiallyResolvedDependenciesChecker
> Task :shared:content:checkKotlinGradlePluginConfigurationErrors SKIPPED
> Task :shared:content:generateReleaseResValues FROM-CACHE
> Task :shared:content:generateReleaseResources FROM-CACHE
> Task :shared:content:packageReleaseResources FROM-CACHE
> Task :shared:content:processReleaseNavigationResources FROM-CACHE
> Task :shared:content:parseReleaseLocalResources FROM-CACHE
> Task :shared:content:generateReleaseRFile FROM-CACHE
> Task :shared:core:kmpPartiallyResolvedDependenciesChecker
> Task :shared:core:checkKotlinGradlePluginConfigurationErrors SKIPPED
> Task :shared:core:generateReleaseResValues FROM-CACHE
> Task :shared:core:generateReleaseResources FROM-CACHE
> Task :shared:core:packageReleaseResources FROM-CACHE
> Task :shared:core:processReleaseNavigationResources FROM-CACHE
> Task :shared:core:parseReleaseLocalResources FROM-CACHE
> Task :shared:core:generateReleaseRFile FROM-CACHE
> Task :shared:core:compileReleaseKotlinAndroid FROM-CACHE
> Task :shared:core:javaPreCompileRelease FROM-CACHE
> Task :shared:core:compileReleaseJavaWithJavac NO-SOURCE
> Task :shared:core:bundleLibCompileToJarRelease
> Task :shared:engine:kmpPartiallyResolvedDependenciesChecker
> Task :shared:engine:checkKotlinGradlePluginConfigurationErrors SKIPPED
> Task :shared:engine:generateReleaseResValues FROM-CACHE
> Task :shared:engine:generateReleaseResources FROM-CACHE
> Task :shared:engine:packageReleaseResources FROM-CACHE
> Task :shared:engine:processReleaseNavigationResources FROM-CACHE
> Task :shared:engine:parseReleaseLocalResources FROM-CACHE
> Task :shared:engine:generateReleaseRFile FROM-CACHE
> Task :shared:engine:compileReleaseKotlinAndroid FROM-CACHE
> Task :shared:engine:javaPreCompileRelease FROM-CACHE
> Task :shared:engine:compileReleaseJavaWithJavac NO-SOURCE
> Task :shared:engine:bundleLibCompileToJarRelease
> Task :shared:content:compileReleaseKotlinAndroid FROM-CACHE
> Task :shared:content:javaPreCompileRelease FROM-CACHE
> Task :shared:content:compileReleaseJavaWithJavac NO-SOURCE
> Task :shared:content:bundleLibCompileToJarRelease
> Task :shared:design-system:kmpPartiallyResolvedDependenciesChecker
> Task :shared:design-system:checkKotlinGradlePluginConfigurationErrors SKIPPED
> Task :shared:design-system:generateResourceAccessorsForAndroidMain NO-SOURCE
> Task :shared:design-system:generateResourceAccessorsForCommonMain
> Task :shared:design-system:generateActualResourceCollectorsForAndroidMain
> Task :shared:design-system:generateComposeResClass
> Task :shared:design-system:generateExpectResourceCollectorsForCommonMain
> Task :shared:design-system:generateReleaseResValues FROM-CACHE
> Task :shared:design-system:generateReleaseResources FROM-CACHE
> Task :shared:design-system:packageReleaseResources FROM-CACHE
> Task :shared:design-system:processReleaseNavigationResources FROM-CACHE
> Task :shared:design-system:parseReleaseLocalResources FROM-CACHE
> Task :shared:design-system:generateReleaseRFile FROM-CACHE
> Task :shared:design-system:generateResourceAccessorsForAndroidRelease NO-SOURCE
> Task :shared:design-system:compileReleaseKotlinAndroid
> Task :shared:design-system:javaPreCompileRelease FROM-CACHE
> Task :shared:design-system:compileReleaseJavaWithJavac NO-SOURCE
> Task :shared:design-system:bundleLibCompileToJarRelease
> Task :shared:networking:kmpPartiallyResolvedDependenciesChecker
> Task :shared:networking:checkKotlinGradlePluginConfigurationErrors SKIPPED
> Task :shared:networking:generateReleaseResValues FROM-CACHE
> Task :shared:networking:generateReleaseResources FROM-CACHE
> Task :shared:networking:packageReleaseResources FROM-CACHE
> Task :shared:networking:processReleaseNavigationResources FROM-CACHE
> Task :shared:networking:parseReleaseLocalResources FROM-CACHE
> Task :shared:networking:generateReleaseRFile FROM-CACHE
> Task :shared:networking:compileReleaseKotlinAndroid FROM-CACHE
> Task :shared:networking:javaPreCompileRelease FROM-CACHE
> Task :shared:networking:compileReleaseJavaWithJavac NO-SOURCE
> Task :shared:networking:bundleLibCompileToJarRelease
> Task :shared:session:kmpPartiallyResolvedDependenciesChecker
> Task :shared:session:checkKotlinGradlePluginConfigurationErrors SKIPPED
> Task :shared:session:generateReleaseResValues FROM-CACHE
> Task :shared:session:generateReleaseResources FROM-CACHE
> Task :shared:session:packageReleaseResources FROM-CACHE
> Task :shared:session:processReleaseNavigationResources FROM-CACHE
> Task :shared:session:parseReleaseLocalResources FROM-CACHE
> Task :shared:session:generateReleaseRFile FROM-CACHE
> Task :shared:session:compileReleaseKotlinAndroid
> Task :shared:session:javaPreCompileRelease FROM-CACHE
> Task :shared:session:compileReleaseJavaWithJavac NO-SOURCE
> Task :shared:session:bundleLibCompileToJarRelease
> Task :shared:storage:kmpPartiallyResolvedDependenciesChecker
> Task :shared:storage:checkKotlinGradlePluginConfigurationErrors SKIPPED
> Task :shared:storage:generateReleaseResValues FROM-CACHE
> Task :shared:storage:generateReleaseResources FROM-CACHE
> Task :shared:storage:packageReleaseResources FROM-CACHE
> Task :shared:storage:processReleaseNavigationResources FROM-CACHE
> Task :shared:storage:parseReleaseLocalResources FROM-CACHE
> Task :shared:storage:generateReleaseRFile FROM-CACHE
> Task :shared:storage:compileReleaseKotlinAndroid FROM-CACHE
> Task :shared:storage:javaPreCompileRelease FROM-CACHE
> Task :shared:storage:compileReleaseJavaWithJavac NO-SOURCE
> Task :shared:storage:bundleLibCompileToJarRelease
> Task :game-modes:whodunit:compileReleaseKotlinAndroid
> Task :game-modes:whodunit:javaPreCompileRelease FROM-CACHE
> Task :game-modes:whodunit:compileReleaseJavaWithJavac NO-SOURCE
> Task :game-modes:whodunit:mergeReleaseGeneratedProguardFiles UP-TO-DATE
> Task :game-modes:whodunit:exportReleaseConsumerProguardFiles UP-TO-DATE
> Task :game-modes:mafia:kmpPartiallyResolvedDependenciesChecker
> Task :game-modes:mafia:checkKotlinGradlePluginConfigurationErrors SKIPPED
> Task :game-modes:mafia:generateResourceAccessorsForAndroidMain NO-SOURCE
> Task :game-modes:mafia:generateResourceAccessorsForCommonMain
> Task :game-modes:mafia:generateActualResourceCollectorsForAndroidMain
> Task :game-modes:mafia:generateComposeResClass
> Task :game-modes:mafia:generateExpectResourceCollectorsForCommonMain
> Task :game-modes:mafia:generateReleaseResValues FROM-CACHE
> Task :game-modes:mafia:generateReleaseResources FROM-CACHE
> Task :game-modes:mafia:packageReleaseResources FROM-CACHE
> Task :game-modes:mafia:processReleaseNavigationResources FROM-CACHE
> Task :game-modes:mafia:parseReleaseLocalResources FROM-CACHE
> Task :game-modes:mafia:generateReleaseRFile FROM-CACHE
> Task :game-modes:mafia:generateResourceAccessorsForAndroidRelease NO-SOURCE
> Task :game-modes:mafia:compileReleaseKotlinAndroid
> Task :game-modes:mafia:javaPreCompileRelease FROM-CACHE
> Task :game-modes:mafia:compileReleaseJavaWithJavac NO-SOURCE
> Task :game-modes:mafia:mergeReleaseGeneratedProguardFiles UP-TO-DATE
> Task :game-modes:mafia:exportReleaseConsumerProguardFiles UP-TO-DATE
> Task :shared:session:mergeReleaseGeneratedProguardFiles UP-TO-DATE
> Task :shared:session:exportReleaseConsumerProguardFiles UP-TO-DATE
> Task :shared:content:mergeReleaseGeneratedProguardFiles UP-TO-DATE
> Task :shared:content:exportReleaseConsumerProguardFiles UP-TO-DATE
> Task :shared:transport-p2p:kmpPartiallyResolvedDependenciesChecker
> Task :shared:transport-p2p:checkKotlinGradlePluginConfigurationErrors SKIPPED
> Task :shared:transport-p2p:generateReleaseResValues FROM-CACHE
> Task :shared:transport-p2p:generateReleaseResources FROM-CACHE
> Task :shared:transport-p2p:packageReleaseResources FROM-CACHE
> Task :shared:transport-p2p:processReleaseNavigationResources FROM-CACHE
> Task :shared:transport-p2p:parseReleaseLocalResources FROM-CACHE
> Task :shared:transport-p2p:generateReleaseRFile FROM-CACHE
> Task :shared:transport-p2p:compileReleaseKotlinAndroid
> Task :shared:transport-p2p:javaPreCompileRelease FROM-CACHE
> Task :shared:transport-p2p:compileReleaseJavaWithJavac NO-SOURCE
> Task :shared:transport-p2p:mergeReleaseGeneratedProguardFiles UP-TO-DATE
> Task :shared:transport-p2p:exportReleaseConsumerProguardFiles UP-TO-DATE
> Task :shared:networking:mergeReleaseGeneratedProguardFiles UP-TO-DATE
> Task :shared:networking:exportReleaseConsumerProguardFiles UP-TO-DATE
> Task :shared:storage:mergeReleaseGeneratedProguardFiles UP-TO-DATE
> Task :shared:storage:exportReleaseConsumerProguardFiles UP-TO-DATE
> Task :shared:engine:mergeReleaseGeneratedProguardFiles UP-TO-DATE
> Task :shared:engine:exportReleaseConsumerProguardFiles UP-TO-DATE
> Task :shared:design-system:mergeReleaseGeneratedProguardFiles UP-TO-DATE
> Task :shared:design-system:exportReleaseConsumerProguardFiles UP-TO-DATE
> Task :shared:core:mergeReleaseGeneratedProguardFiles UP-TO-DATE
> Task :shared:core:exportReleaseConsumerProguardFiles UP-TO-DATE
> Task :composeApp:buildKotlinToolingMetadata
> Task :composeApp:checkReleaseDuplicateClasses
> Task :composeApp:kmpPartiallyResolvedDependenciesChecker
> Task :composeApp:checkKotlinGradlePluginConfigurationErrors SKIPPED
> Task :composeApp:generateResourceAccessorsForAndroidMain NO-SOURCE
> Task :composeApp:generateResourceAccessorsForCommonMain
> Task :composeApp:generateActualResourceCollectorsForAndroidMain
> Task :composeApp:generateComposeResClass
> Task :composeApp:generateExpectResourceCollectorsForCommonMain
> Task :composeApp:generateParlorVersion
> Task :composeApp:generateResourceAccessorsForAndroidRelease NO-SOURCE
> Task :game-modes:mafia:writeReleaseAarMetadata
> Task :game-modes:whodunit:writeReleaseAarMetadata
> Task :shared:content:writeReleaseAarMetadata
> Task :shared:core:writeReleaseAarMetadata
> Task :shared:design-system:writeReleaseAarMetadata
> Task :shared:engine:writeReleaseAarMetadata
> Task :shared:networking:writeReleaseAarMetadata
> Task :shared:session:writeReleaseAarMetadata
> Task :shared:storage:writeReleaseAarMetadata
> Task :shared:transport-p2p:writeReleaseAarMetadata
> Task :composeApp:checkReleaseAarMetadata
> Task :composeApp:processReleaseNavigationResources FROM-CACHE
> Task :composeApp:compileReleaseNavigationResources FROM-CACHE
> Task :composeApp:generateReleaseResValues FROM-CACHE
> Task :composeApp:mapReleaseSourceSetPaths
> Task :composeApp:generateReleaseResources FROM-CACHE
> Task :composeApp:mergeReleaseResources FROM-CACHE
> Task :composeApp:packageReleaseResources FROM-CACHE
> Task :composeApp:parseReleaseLocalResources FROM-CACHE
> Task :composeApp:createReleaseCompatibleScreenManifests
> Task :composeApp:extractDeepLinksRelease FROM-CACHE
> Task :game-modes:mafia:extractDeepLinksRelease FROM-CACHE
> Task :game-modes:mafia:processReleaseManifest FROM-CACHE
> Task :game-modes:whodunit:extractDeepLinksRelease FROM-CACHE
> Task :game-modes:whodunit:processReleaseManifest FROM-CACHE
> Task :shared:content:extractDeepLinksRelease FROM-CACHE
> Task :shared:content:processReleaseManifest FROM-CACHE
> Task :shared:core:extractDeepLinksRelease FROM-CACHE
> Task :shared:core:processReleaseManifest FROM-CACHE
> Task :shared:design-system:extractDeepLinksRelease FROM-CACHE
> Task :shared:design-system:processReleaseManifest FROM-CACHE
> Task :shared:engine:extractDeepLinksRelease FROM-CACHE
> Task :shared:engine:processReleaseManifest FROM-CACHE
> Task :shared:networking:extractDeepLinksRelease FROM-CACHE
> Task :shared:networking:processReleaseManifest FROM-CACHE
> Task :shared:session:extractDeepLinksRelease FROM-CACHE
> Task :shared:session:processReleaseManifest FROM-CACHE
> Task :shared:storage:extractDeepLinksRelease FROM-CACHE
> Task :shared:storage:processReleaseManifest FROM-CACHE
> Task :shared:transport-p2p:extractDeepLinksRelease FROM-CACHE
> Task :shared:transport-p2p:processReleaseManifest FROM-CACHE
> Task :composeApp:processReleaseMainManifest FROM-CACHE
> Task :composeApp:processReleaseManifest FROM-CACHE
> Task :composeApp:processReleaseManifestForPackage FROM-CACHE
> Task :composeApp:processReleaseResources FROM-CACHE
> Task :game-modes:mafia:bundleLibCompileToJarRelease
> Task :game-modes:whodunit:bundleLibCompileToJarRelease
> Task :shared:transport-p2p:bundleLibCompileToJarRelease
> Task :composeApp:compileReleaseKotlinAndroid
> Task :composeApp:javaPreCompileRelease FROM-CACHE
> Task :composeApp:compileReleaseJavaWithJavac NO-SOURCE
> Task :game-modes:mafia:prepareReleaseArtProfile UP-TO-DATE
> Task :game-modes:whodunit:prepareReleaseArtProfile UP-TO-DATE
> Task :shared:content:prepareReleaseArtProfile UP-TO-DATE
> Task :shared:core:prepareReleaseArtProfile UP-TO-DATE
> Task :shared:design-system:prepareReleaseArtProfile UP-TO-DATE
> Task :shared:engine:prepareReleaseArtProfile UP-TO-DATE
> Task :shared:networking:prepareReleaseArtProfile UP-TO-DATE
> Task :shared:session:prepareReleaseArtProfile UP-TO-DATE
> Task :shared:storage:prepareReleaseArtProfile UP-TO-DATE
> Task :shared:transport-p2p:prepareReleaseArtProfile UP-TO-DATE
> Task :composeApp:mergeReleaseArtProfile
> Task :game-modes:mafia:bundleLibRuntimeToJarRelease
> Task :game-modes:whodunit:bundleLibRuntimeToJarRelease
> Task :shared:content:bundleLibRuntimeToJarRelease
> Task :shared:core:bundleLibRuntimeToJarRelease
> Task :shared:design-system:bundleLibRuntimeToJarRelease
> Task :shared:engine:bundleLibRuntimeToJarRelease
> Task :shared:networking:bundleLibRuntimeToJarRelease
> Task :shared:session:bundleLibRuntimeToJarRelease
> Task :shared:storage:bundleLibRuntimeToJarRelease
> Task :shared:transport-p2p:bundleLibRuntimeToJarRelease
> Task :composeApp:expandReleaseArtProfileWildcards
> Task :composeApp:extractProguardFiles
> Task :composeApp:mergeReleaseGeneratedProguardFiles UP-TO-DATE
> Task :composeApp:processReleaseJavaRes
> Task :game-modes:mafia:processReleaseJavaRes
> Task :game-modes:whodunit:processReleaseJavaRes
> Task :shared:content:processReleaseJavaRes
> Task :shared:core:processReleaseJavaRes
> Task :shared:design-system:processReleaseJavaRes
> Task :shared:engine:processReleaseJavaRes
> Task :shared:networking:processReleaseJavaRes
> Task :shared:session:processReleaseJavaRes
> Task :shared:storage:processReleaseJavaRes
> Task :shared:transport-p2p:processReleaseJavaRes
> Task :composeApp:mergeReleaseJavaResource
> Task :composeApp:mergeReleaseStartupProfile UP-TO-DATE

> Task :composeApp:minifyReleaseWithR8
WARNING: R8: Class file resource provider does not support async parsing: com.android.builder.dexing.r8.ClassFileProviderFactory$OrderedClassFileResourceProvider
WARNING: R8: Class file resource provider does not support async parsing: com.android.builder.dexing.r8.ClassFileProviderFactory$OrderedClassFileResourceProvider

> Task :composeApp:mergeReleaseJniLibFolders
> Task :game-modes:mafia:mergeReleaseJniLibFolders
> Task :game-modes:mafia:mergeReleaseNativeLibs NO-SOURCE
> Task :game-modes:mafia:copyReleaseJniLibsProjectOnly
> Task :game-modes:whodunit:mergeReleaseJniLibFolders
> Task :game-modes:whodunit:mergeReleaseNativeLibs NO-SOURCE
> Task :game-modes:whodunit:copyReleaseJniLibsProjectOnly
> Task :shared:content:mergeReleaseJniLibFolders
> Task :shared:content:mergeReleaseNativeLibs NO-SOURCE
> Task :shared:content:copyReleaseJniLibsProjectOnly
> Task :shared:core:mergeReleaseJniLibFolders
> Task :shared:core:mergeReleaseNativeLibs NO-SOURCE
> Task :shared:core:copyReleaseJniLibsProjectOnly
> Task :shared:design-system:mergeReleaseJniLibFolders
> Task :shared:design-system:mergeReleaseNativeLibs NO-SOURCE
> Task :shared:design-system:copyReleaseJniLibsProjectOnly
> Task :shared:engine:mergeReleaseJniLibFolders
> Task :shared:engine:mergeReleaseNativeLibs NO-SOURCE
> Task :shared:engine:copyReleaseJniLibsProjectOnly
> Task :shared:networking:mergeReleaseJniLibFolders
> Task :shared:networking:mergeReleaseNativeLibs NO-SOURCE
> Task :shared:networking:copyReleaseJniLibsProjectOnly
> Task :shared:session:mergeReleaseJniLibFolders
> Task :shared:session:mergeReleaseNativeLibs NO-SOURCE
> Task :shared:session:copyReleaseJniLibsProjectOnly
> Task :shared:storage:mergeReleaseJniLibFolders
> Task :shared:storage:mergeReleaseNativeLibs NO-SOURCE
> Task :shared:storage:copyReleaseJniLibsProjectOnly
> Task :shared:transport-p2p:mergeReleaseJniLibFolders
> Task :shared:transport-p2p:mergeReleaseNativeLibs NO-SOURCE
> Task :shared:transport-p2p:copyReleaseJniLibsProjectOnly
> Task :composeApp:mergeReleaseNativeLibs

> Task :composeApp:stripReleaseDebugSymbols
Unable to strip the following libraries, packaging them as they are: libandroidx.graphics.path.so. Run with --info option to learn more.

> Task :composeApp:writeReleaseAppMetadata
> Task :composeApp:buildReleasePreBundle
> Task :composeApp:produceReleaseComposeMapping
> Task :composeApp:reportReleaseComposeMappingErrors
> Task :composeApp:mergeReleaseComposeMapping
> Task :composeApp:compileReleaseArtProfile
> Task :composeApp:collectReleaseDependencies
> Task :composeApp:configureReleaseDependencies
> Task :composeApp:extractReleaseNativeDebugMetadata FROM-CACHE
> Task :composeApp:convertXmlValueResourcesForAndroidDebug NO-SOURCE
> Task :composeApp:copyNonXmlValueResourcesForAndroidDebug NO-SOURCE
> Task :composeApp:prepareComposeResourcesTaskForAndroidDebug NO-SOURCE
> Task :composeApp:copyDebugComposeResourcesToAndroidAssets
> Task :composeApp:generateResourceAccessorsForAndroidDebug NO-SOURCE
> Task :composeApp:convertXmlValueResourcesForAndroidUnitTest NO-SOURCE
> Task :composeApp:copyNonXmlValueResourcesForAndroidUnitTest NO-SOURCE
> Task :composeApp:prepareComposeResourcesTaskForAndroidUnitTest NO-SOURCE
> Task :composeApp:generateResourceAccessorsForAndroidUnitTest NO-SOURCE
> Task :composeApp:convertXmlValueResourcesForAndroidUnitTestDebug NO-SOURCE
> Task :composeApp:copyNonXmlValueResourcesForAndroidUnitTestDebug NO-SOURCE
> Task :composeApp:prepareComposeResourcesTaskForAndroidUnitTestDebug NO-SOURCE
> Task :composeApp:generateResourceAccessorsForAndroidUnitTestDebug NO-SOURCE
> Task :composeApp:convertXmlValueResourcesForAndroidUnitTestRelease NO-SOURCE
> Task :composeApp:copyNonXmlValueResourcesForAndroidUnitTestRelease NO-SOURCE
> Task :composeApp:prepareComposeResourcesTaskForAndroidUnitTestRelease NO-SOURCE
> Task :composeApp:generateResourceAccessorsForAndroidUnitTestRelease NO-SOURCE
> Task :composeApp:convertXmlValueResourcesForCommonTest NO-SOURCE
> Task :composeApp:copyNonXmlValueResourcesForCommonTest NO-SOURCE
> Task :composeApp:prepareComposeResourcesTaskForCommonTest NO-SOURCE
> Task :composeApp:generateResourceAccessorsForCommonTest NO-SOURCE
> Task :composeApp:convertXmlValueResourcesForDesktopMain NO-SOURCE
> Task :composeApp:copyNonXmlValueResourcesForDesktopMain NO-SOURCE
> Task :composeApp:prepareComposeResourcesTaskForDesktopMain NO-SOURCE
> Task :composeApp:generateResourceAccessorsForDesktopMain NO-SOURCE
> Task :composeApp:convertXmlValueResourcesForDesktopTest NO-SOURCE
> Task :composeApp:copyNonXmlValueResourcesForDesktopTest NO-SOURCE
> Task :composeApp:prepareComposeResourcesTaskForDesktopTest NO-SOURCE
> Task :composeApp:generateResourceAccessorsForDesktopTest NO-SOURCE
> Task :game-modes:mafia:createFullJarRelease
> Task :game-modes:mafia:convertXmlValueResourcesForAndroidDebug NO-SOURCE
> Task :game-modes:mafia:copyNonXmlValueResourcesForAndroidDebug NO-SOURCE
> Task :game-modes:mafia:prepareComposeResourcesTaskForAndroidDebug NO-SOURCE
> Task :game-modes:mafia:copyDebugComposeResourcesToAndroidAssets
> Task :game-modes:mafia:generateResourceAccessorsForAndroidDebug NO-SOURCE
> Task :game-modes:mafia:convertXmlValueResourcesForAndroidUnitTest NO-SOURCE
> Task :game-modes:mafia:copyNonXmlValueResourcesForAndroidUnitTest NO-SOURCE
> Task :game-modes:mafia:prepareComposeResourcesTaskForAndroidUnitTest NO-SOURCE
> Task :game-modes:mafia:generateResourceAccessorsForAndroidUnitTest NO-SOURCE
> Task :game-modes:mafia:convertXmlValueResourcesForAndroidUnitTestRelease NO-SOURCE
> Task :game-modes:mafia:copyNonXmlValueResourcesForAndroidUnitTestRelease NO-SOURCE
> Task :game-modes:mafia:prepareComposeResourcesTaskForAndroidUnitTestRelease NO-SOURCE
> Task :game-modes:mafia:generateResourceAccessorsForAndroidUnitTestRelease NO-SOURCE
> Task :game-modes:mafia:convertXmlValueResourcesForCommonTest NO-SOURCE
> Task :game-modes:mafia:copyNonXmlValueResourcesForCommonTest NO-SOURCE
> Task :game-modes:mafia:prepareComposeResourcesTaskForCommonTest NO-SOURCE
> Task :game-modes:mafia:generateResourceAccessorsForCommonTest NO-SOURCE
> Task :game-modes:mafia:convertXmlValueResourcesForDesktopMain NO-SOURCE
> Task :game-modes:mafia:copyNonXmlValueResourcesForDesktopMain NO-SOURCE
> Task :game-modes:mafia:prepareComposeResourcesTaskForDesktopMain NO-SOURCE
> Task :game-modes:mafia:generateResourceAccessorsForDesktopMain NO-SOURCE
> Task :game-modes:mafia:convertXmlValueResourcesForDesktopTest NO-SOURCE
> Task :game-modes:mafia:copyNonXmlValueResourcesForDesktopTest NO-SOURCE
> Task :game-modes:mafia:prepareComposeResourcesTaskForDesktopTest NO-SOURCE
> Task :game-modes:mafia:generateResourceAccessorsForDesktopTest NO-SOURCE
> Task :game-modes:mafia:extractProguardFiles
> Task :shared:content:createFullJarRelease
> Task :shared:content:extractProguardFiles
> Task :shared:core:createFullJarRelease
> Task :shared:core:extractProguardFiles
> Task :shared:core:generateReleaseLintModel
> Task :shared:core:prepareLintJarForPublish UP-TO-DATE
> Task :shared:engine:createFullJarRelease
> Task :shared:engine:extractProguardFiles
> Task :shared:engine:generateReleaseLintModel
> Task :shared:engine:prepareLintJarForPublish UP-TO-DATE
> Task :shared:content:generateReleaseLintModel
> Task :shared:content:prepareLintJarForPublish UP-TO-DATE
> Task :shared:design-system:createFullJarRelease
> Task :shared:design-system:convertXmlValueResourcesForAndroidDebug NO-SOURCE
> Task :shared:design-system:copyNonXmlValueResourcesForAndroidDebug NO-SOURCE
> Task :shared:design-system:prepareComposeResourcesTaskForAndroidDebug NO-SOURCE
> Task :shared:design-system:copyDebugComposeResourcesToAndroidAssets
> Task :shared:design-system:generateResourceAccessorsForAndroidDebug NO-SOURCE
> Task :shared:design-system:convertXmlValueResourcesForAndroidUnitTest NO-SOURCE
> Task :shared:design-system:copyNonXmlValueResourcesForAndroidUnitTest NO-SOURCE
> Task :shared:design-system:prepareComposeResourcesTaskForAndroidUnitTest NO-SOURCE
> Task :shared:design-system:generateResourceAccessorsForAndroidUnitTest NO-SOURCE
> Task :shared:design-system:convertXmlValueResourcesForAndroidUnitTestRelease NO-SOURCE
> Task :shared:design-system:copyNonXmlValueResourcesForAndroidUnitTestRelease NO-SOURCE
> Task :shared:design-system:prepareComposeResourcesTaskForAndroidUnitTestRelease NO-SOURCE
> Task :shared:design-system:generateResourceAccessorsForAndroidUnitTestRelease NO-SOURCE
> Task :shared:design-system:convertXmlValueResourcesForCommonTest NO-SOURCE
> Task :shared:design-system:copyNonXmlValueResourcesForCommonTest NO-SOURCE
> Task :shared:design-system:prepareComposeResourcesTaskForCommonTest NO-SOURCE
> Task :shared:design-system:generateResourceAccessorsForCommonTest NO-SOURCE
> Task :shared:design-system:convertXmlValueResourcesForDesktopMain NO-SOURCE
> Task :shared:design-system:copyNonXmlValueResourcesForDesktopMain NO-SOURCE
> Task :shared:design-system:prepareComposeResourcesTaskForDesktopMain NO-SOURCE
> Task :shared:design-system:generateResourceAccessorsForDesktopMain NO-SOURCE
> Task :shared:design-system:convertXmlValueResourcesForDesktopTest NO-SOURCE
> Task :shared:design-system:copyNonXmlValueResourcesForDesktopTest NO-SOURCE
> Task :shared:design-system:prepareComposeResourcesTaskForDesktopTest NO-SOURCE
> Task :shared:design-system:generateResourceAccessorsForDesktopTest NO-SOURCE
> Task :shared:design-system:extractProguardFiles
> Task :shared:design-system:generateReleaseLintModel
> Task :shared:design-system:prepareLintJarForPublish UP-TO-DATE
> Task :shared:networking:createFullJarRelease
> Task :shared:networking:extractProguardFiles
> Task :shared:networking:generateReleaseLintModel
> Task :shared:networking:prepareLintJarForPublish UP-TO-DATE
> Task :shared:session:createFullJarRelease
> Task :shared:session:extractProguardFiles
> Task :shared:session:generateReleaseLintModel
> Task :shared:session:prepareLintJarForPublish UP-TO-DATE
> Task :shared:storage:createFullJarRelease
> Task :shared:storage:extractProguardFiles
> Task :shared:storage:generateReleaseLintModel
> Task :shared:storage:prepareLintJarForPublish UP-TO-DATE
> Task :game-modes:mafia:generateReleaseLintModel
> Task :game-modes:mafia:prepareLintJarForPublish UP-TO-DATE
> Task :game-modes:whodunit:createFullJarRelease
> Task :game-modes:whodunit:convertXmlValueResourcesForAndroidDebug NO-SOURCE
> Task :game-modes:whodunit:copyNonXmlValueResourcesForAndroidDebug NO-SOURCE
> Task :game-modes:whodunit:prepareComposeResourcesTaskForAndroidDebug NO-SOURCE
> Task :game-modes:whodunit:copyDebugComposeResourcesToAndroidAssets
> Task :game-modes:whodunit:generateResourceAccessorsForAndroidDebug NO-SOURCE
> Task :game-modes:whodunit:convertXmlValueResourcesForAndroidUnitTest NO-SOURCE
> Task :game-modes:whodunit:copyNonXmlValueResourcesForAndroidUnitTest NO-SOURCE
> Task :game-modes:whodunit:prepareComposeResourcesTaskForAndroidUnitTest NO-SOURCE
> Task :game-modes:whodunit:generateResourceAccessorsForAndroidUnitTest NO-SOURCE
> Task :game-modes:whodunit:convertXmlValueResourcesForAndroidUnitTestRelease NO-SOURCE
> Task :game-modes:whodunit:copyNonXmlValueResourcesForAndroidUnitTestRelease NO-SOURCE
> Task :game-modes:whodunit:prepareComposeResourcesTaskForAndroidUnitTestRelease NO-SOURCE
> Task :game-modes:whodunit:generateResourceAccessorsForAndroidUnitTestRelease NO-SOURCE
> Task :game-modes:whodunit:convertXmlValueResourcesForCommonTest NO-SOURCE
> Task :game-modes:whodunit:copyNonXmlValueResourcesForCommonTest NO-SOURCE
> Task :game-modes:whodunit:prepareComposeResourcesTaskForCommonTest NO-SOURCE
> Task :game-modes:whodunit:generateResourceAccessorsForCommonTest NO-SOURCE
> Task :game-modes:whodunit:convertXmlValueResourcesForDesktopMain NO-SOURCE
> Task :game-modes:whodunit:copyNonXmlValueResourcesForDesktopMain NO-SOURCE
> Task :game-modes:whodunit:prepareComposeResourcesTaskForDesktopMain NO-SOURCE
> Task :game-modes:whodunit:generateResourceAccessorsForDesktopMain NO-SOURCE
> Task :game-modes:whodunit:convertXmlValueResourcesForDesktopTest NO-SOURCE
> Task :game-modes:whodunit:copyNonXmlValueResourcesForDesktopTest NO-SOURCE
> Task :game-modes:whodunit:prepareComposeResourcesTaskForDesktopTest NO-SOURCE
> Task :game-modes:whodunit:generateResourceAccessorsForDesktopTest NO-SOURCE
> Task :game-modes:whodunit:extractProguardFiles
> Task :game-modes:whodunit:generateReleaseLintModel
> Task :game-modes:whodunit:prepareLintJarForPublish UP-TO-DATE
> Task :shared:transport-p2p:createFullJarRelease
> Task :shared:transport-p2p:extractProguardFiles
> Task :shared:transport-p2p:generateReleaseLintModel
> Task :shared:transport-p2p:prepareLintJarForPublish UP-TO-DATE
> Task :composeApp:generateReleaseLintVitalReportModel
> Task :game-modes:whodunit:checkReleaseAarMetadata
> Task :game-modes:whodunit:stripReleaseDebugSymbols NO-SOURCE
> Task :game-modes:whodunit:copyReleaseJniLibsProjectAndLocalJars
> Task :game-modes:whodunit:extractDeepLinksForAarRelease UP-TO-DATE
> Task :game-modes:whodunit:extractReleaseAnnotations
> Task :game-modes:whodunit:mergeReleaseConsumerProguardFiles UP-TO-DATE
> Task :game-modes:whodunit:mergeReleaseJavaResource
> Task :game-modes:whodunit:syncReleaseLibJars
> Task :game-modes:whodunit:bundleReleaseLocalLintAar
> Task :game-modes:mafia:checkReleaseAarMetadata
> Task :game-modes:mafia:stripReleaseDebugSymbols NO-SOURCE
> Task :game-modes:mafia:copyReleaseJniLibsProjectAndLocalJars
> Task :game-modes:mafia:extractDeepLinksForAarRelease UP-TO-DATE
> Task :game-modes:mafia:extractReleaseAnnotations
> Task :game-modes:mafia:mergeReleaseConsumerProguardFiles UP-TO-DATE
> Task :game-modes:mafia:mergeReleaseJavaResource
> Task :game-modes:mafia:syncReleaseLibJars
> Task :game-modes:mafia:bundleReleaseLocalLintAar
> Task :shared:session:checkReleaseAarMetadata
> Task :shared:session:stripReleaseDebugSymbols NO-SOURCE
> Task :shared:session:copyReleaseJniLibsProjectAndLocalJars
> Task :shared:session:extractDeepLinksForAarRelease UP-TO-DATE
> Task :shared:session:extractReleaseAnnotations FROM-CACHE
> Task :shared:session:mergeReleaseConsumerProguardFiles UP-TO-DATE
> Task :shared:session:mergeReleaseJavaResource
> Task :shared:session:syncReleaseLibJars
> Task :shared:session:bundleReleaseLocalLintAar
> Task :shared:content:checkReleaseAarMetadata
> Task :shared:content:stripReleaseDebugSymbols NO-SOURCE
> Task :shared:content:copyReleaseJniLibsProjectAndLocalJars
> Task :shared:content:extractDeepLinksForAarRelease UP-TO-DATE
> Task :shared:content:extractReleaseAnnotations FROM-CACHE
> Task :shared:content:mergeReleaseConsumerProguardFiles UP-TO-DATE
> Task :shared:content:mergeReleaseJavaResource
> Task :shared:content:syncReleaseLibJars FROM-CACHE
> Task :shared:content:bundleReleaseLocalLintAar
> Task :shared:transport-p2p:checkReleaseAarMetadata
> Task :shared:transport-p2p:stripReleaseDebugSymbols NO-SOURCE
> Task :shared:transport-p2p:copyReleaseJniLibsProjectAndLocalJars
> Task :shared:transport-p2p:extractDeepLinksForAarRelease UP-TO-DATE
> Task :shared:transport-p2p:extractReleaseAnnotations
> Task :shared:transport-p2p:mergeReleaseConsumerProguardFiles UP-TO-DATE
> Task :shared:transport-p2p:mergeReleaseJavaResource
> Task :shared:transport-p2p:syncReleaseLibJars
> Task :shared:transport-p2p:bundleReleaseLocalLintAar
> Task :shared:networking:checkReleaseAarMetadata
> Task :shared:networking:stripReleaseDebugSymbols NO-SOURCE
> Task :shared:networking:copyReleaseJniLibsProjectAndLocalJars
> Task :shared:networking:extractDeepLinksForAarRelease UP-TO-DATE
> Task :shared:networking:extractReleaseAnnotations FROM-CACHE
> Task :shared:networking:mergeReleaseConsumerProguardFiles UP-TO-DATE
> Task :shared:networking:mergeReleaseJavaResource
> Task :shared:networking:syncReleaseLibJars FROM-CACHE
> Task :shared:networking:bundleReleaseLocalLintAar
> Task :shared:storage:checkReleaseAarMetadata
> Task :shared:storage:stripReleaseDebugSymbols NO-SOURCE
> Task :shared:storage:copyReleaseJniLibsProjectAndLocalJars
> Task :shared:storage:extractDeepLinksForAarRelease UP-TO-DATE
> Task :shared:storage:extractReleaseAnnotations FROM-CACHE
> Task :shared:storage:mergeReleaseConsumerProguardFiles UP-TO-DATE
> Task :shared:storage:mergeReleaseJavaResource
> Task :shared:storage:syncReleaseLibJars FROM-CACHE
> Task :shared:storage:bundleReleaseLocalLintAar
> Task :shared:engine:checkReleaseAarMetadata
> Task :shared:engine:stripReleaseDebugSymbols NO-SOURCE
> Task :shared:engine:copyReleaseJniLibsProjectAndLocalJars
> Task :shared:engine:extractDeepLinksForAarRelease UP-TO-DATE
> Task :shared:engine:extractReleaseAnnotations FROM-CACHE
> Task :shared:engine:mergeReleaseConsumerProguardFiles UP-TO-DATE
> Task :shared:engine:mergeReleaseJavaResource
> Task :shared:engine:syncReleaseLibJars FROM-CACHE
> Task :shared:engine:bundleReleaseLocalLintAar
> Task :shared:design-system:checkReleaseAarMetadata
> Task :shared:design-system:stripReleaseDebugSymbols NO-SOURCE
> Task :shared:design-system:copyReleaseJniLibsProjectAndLocalJars
> Task :shared:design-system:extractDeepLinksForAarRelease UP-TO-DATE
> Task :shared:design-system:extractReleaseAnnotations
> Task :shared:design-system:mergeReleaseConsumerProguardFiles UP-TO-DATE
> Task :shared:design-system:mergeReleaseJavaResource
> Task :shared:design-system:syncReleaseLibJars
> Task :shared:design-system:bundleReleaseLocalLintAar
> Task :shared:core:checkReleaseAarMetadata
> Task :shared:core:stripReleaseDebugSymbols NO-SOURCE
> Task :shared:core:copyReleaseJniLibsProjectAndLocalJars
> Task :shared:core:extractDeepLinksForAarRelease UP-TO-DATE
> Task :shared:core:extractReleaseAnnotations FROM-CACHE
> Task :shared:core:mergeReleaseConsumerProguardFiles UP-TO-DATE
> Task :shared:core:mergeReleaseJavaResource
> Task :shared:core:syncReleaseLibJars FROM-CACHE
> Task :shared:core:bundleReleaseLocalLintAar
> Task :shared:content:writeReleaseLintModelMetadata
> Task :shared:core:writeReleaseLintModelMetadata
> Task :shared:design-system:writeReleaseLintModelMetadata
> Task :shared:engine:writeReleaseLintModelMetadata
> Task :shared:networking:writeReleaseLintModelMetadata
> Task :shared:session:writeReleaseLintModelMetadata
> Task :shared:storage:writeReleaseLintModelMetadata
> Task :game-modes:mafia:lintVitalAnalyzeRelease
> Task :game-modes:mafia:writeReleaseLintModelMetadata
> Task :game-modes:whodunit:lintVitalAnalyzeRelease
> Task :game-modes:whodunit:writeReleaseLintModelMetadata
> Task :shared:content:lintVitalAnalyzeRelease FROM-CACHE
> Task :shared:core:lintVitalAnalyzeRelease FROM-CACHE
> Task :shared:design-system:lintVitalAnalyzeRelease
> Task :shared:engine:lintVitalAnalyzeRelease FROM-CACHE
> Task :shared:networking:lintVitalAnalyzeRelease FROM-CACHE
> Task :shared:session:lintVitalAnalyzeRelease
> Task :shared:storage:lintVitalAnalyzeRelease FROM-CACHE
> Task :shared:transport-p2p:lintVitalAnalyzeRelease
> Task :shared:transport-p2p:writeReleaseLintModelMetadata
> Task :composeApp:lintVitalAnalyzeRelease
> Task :game-modes:mafia:generateReleaseLintVitalModel
> Task :game-modes:whodunit:generateReleaseLintVitalModel
> Task :shared:content:generateReleaseLintVitalModel
> Task :shared:core:generateReleaseLintVitalModel
> Task :shared:design-system:generateReleaseLintVitalModel
> Task :shared:engine:generateReleaseLintVitalModel
> Task :shared:networking:generateReleaseLintVitalModel
> Task :shared:session:generateReleaseLintVitalModel
> Task :shared:storage:generateReleaseLintVitalModel
> Task :shared:transport-p2p:generateReleaseLintVitalModel
> Task :composeApp:lintVitalReportRelease SKIPPED
> Task :composeApp:lintVitalRelease SKIPPED
> Task :composeApp:parseReleaseIntegrityConfig UP-TO-DATE
> Task :composeApp:packageReleaseBundle
> Task :composeApp:signReleaseBundle
> Task :composeApp:produceReleaseBundleIdeListingFile
> Task :composeApp:createReleaseBundleListingFileRedirect
> Task :composeApp:bundleRelease
> Task :composeApp:bundleReleaseClassesToCompileJar
> Task :composeApp:preReleaseAndroidTestBuild SKIPPED
> Task :composeApp:generateReleaseAndroidTestResValues FROM-CACHE
> Task :composeApp:generateReleaseAndroidTestLintModel
> Task :composeApp:generateReleaseLintReportModel
> Task :shared:engine-testing:preBuild UP-TO-DATE
> Task :shared:engine-testing:preReleaseBuild UP-TO-DATE
> Task :shared:engine-testing:checkReleaseAarMetadata
> Task :shared:engine-testing:mergeReleaseJniLibFolders
> Task :shared:engine-testing:mergeReleaseNativeLibs NO-SOURCE
> Task :shared:engine-testing:stripReleaseDebugSymbols NO-SOURCE
> Task :shared:engine-testing:copyReleaseJniLibsProjectAndLocalJars
> Task :shared:engine-testing:generateReleaseResValues FROM-CACHE
> Task :shared:engine-testing:extractDeepLinksForAarRelease UP-TO-DATE
> Task :shared:engine-testing:kmpPartiallyResolvedDependenciesChecker
> Task :shared:engine-testing:checkKotlinGradlePluginConfigurationErrors SKIPPED
> Task :shared:engine-testing:generateReleaseResources FROM-CACHE
> Task :shared:engine-testing:packageReleaseResources FROM-CACHE
> Task :shared:engine-testing:processReleaseNavigationResources FROM-CACHE
> Task :shared:engine-testing:parseReleaseLocalResources FROM-CACHE
> Task :shared:engine-testing:generateReleaseRFile FROM-CACHE
> Task :shared:engine-testing:compileReleaseKotlinAndroid FROM-CACHE
> Task :shared:engine-testing:extractReleaseAnnotations FROM-CACHE
> Task :shared:engine-testing:mergeReleaseShaders
> Task :shared:engine-testing:compileReleaseShaders NO-SOURCE
> Task :shared:engine-testing:generateReleaseAssets UP-TO-DATE
> Task :shared:engine-testing:releaseAssetsCopyForAGP NO-SOURCE
> Task :shared:engine-testing:mergeReleaseAssets
> Task :shared:engine-testing:javaPreCompileRelease FROM-CACHE
> Task :shared:engine-testing:compileReleaseJavaWithJavac NO-SOURCE
> Task :shared:engine-testing:mergeReleaseGeneratedProguardFiles UP-TO-DATE
> Task :shared:engine-testing:mergeReleaseConsumerProguardFiles UP-TO-DATE
> Task :shared:engine-testing:prepareLintJarForPublish UP-TO-DATE
> Task :shared:engine-testing:prepareReleaseArtProfile UP-TO-DATE
> Task :shared:engine-testing:processReleaseManifest FROM-CACHE
> Task :shared:engine-testing:processReleaseJavaRes
> Task :shared:engine-testing:mergeReleaseJavaResource
> Task :shared:engine-testing:syncReleaseLibJars FROM-CACHE
> Task :shared:engine-testing:writeReleaseAarMetadata
> Task :shared:engine-testing:bundleReleaseLocalLintAar
> Task :composeApp:preReleaseUnitTestBuild UP-TO-DATE
> Task :shared:engine-testing:bundleLibRuntimeToJarRelease
> Task :shared:engine-testing:createFullJarRelease
> Task :shared:engine-testing:writeReleaseLintModelMetadata
> Task :composeApp:generateReleaseUnitTestLintModel
> Task :shared:core:lintAnalyzeRelease FROM-CACHE
> Task :shared:engine:lintAnalyzeRelease FROM-CACHE
> Task :shared:content:lintAnalyzeRelease FROM-CACHE
> Task :shared:design-system:lintAnalyzeRelease
> Task :shared:networking:lintAnalyzeRelease FROM-CACHE
> Task :shared:session:lintAnalyzeRelease
> Task :shared:storage:lintAnalyzeRelease FROM-CACHE
> Task :game-modes:mafia:lintAnalyzeRelease
> Task :game-modes:whodunit:lintAnalyzeRelease
> Task :shared:transport-p2p:lintAnalyzeRelease
> Task :composeApp:lintAnalyzeRelease
> Task :composeApp:lintAnalyzeReleaseAndroidTest
> Task :composeApp:lintAnalyzeReleaseUnitTest
> Task :shared:networking-testing:preBuild UP-TO-DATE
> Task :shared:networking-testing:preReleaseBuild UP-TO-DATE
> Task :shared:networking-testing:checkReleaseAarMetadata
> Task :shared:networking-testing:mergeReleaseJniLibFolders
> Task :shared:networking-testing:mergeReleaseNativeLibs NO-SOURCE
> Task :shared:networking-testing:stripReleaseDebugSymbols NO-SOURCE
> Task :shared:networking-testing:copyReleaseJniLibsProjectAndLocalJars
> Task :shared:networking-testing:generateReleaseResValues FROM-CACHE
> Task :shared:networking-testing:extractDeepLinksForAarRelease UP-TO-DATE
> Task :shared:networking-testing:kmpPartiallyResolvedDependenciesChecker
> Task :shared:networking-testing:checkKotlinGradlePluginConfigurationErrors SKIPPED
> Task :shared:networking-testing:generateReleaseResources FROM-CACHE
> Task :shared:networking-testing:packageReleaseResources FROM-CACHE
> Task :shared:networking-testing:processReleaseNavigationResources FROM-CACHE
> Task :shared:networking-testing:parseReleaseLocalResources FROM-CACHE
> Task :shared:networking-testing:generateReleaseRFile FROM-CACHE
> Task :shared:networking-testing:compileReleaseKotlinAndroid FROM-CACHE
> Task :shared:networking-testing:extractReleaseAnnotations FROM-CACHE
> Task :shared:networking-testing:mergeReleaseShaders
> Task :shared:networking-testing:compileReleaseShaders NO-SOURCE
> Task :shared:networking-testing:generateReleaseAssets UP-TO-DATE
> Task :shared:networking-testing:releaseAssetsCopyForAGP NO-SOURCE
> Task :shared:networking-testing:mergeReleaseAssets
> Task :shared:networking-testing:javaPreCompileRelease FROM-CACHE
> Task :shared:networking-testing:compileReleaseJavaWithJavac NO-SOURCE
> Task :shared:networking-testing:mergeReleaseGeneratedProguardFiles UP-TO-DATE
> Task :shared:networking-testing:mergeReleaseConsumerProguardFiles UP-TO-DATE
> Task :shared:networking-testing:prepareLintJarForPublish UP-TO-DATE
> Task :shared:networking-testing:prepareReleaseArtProfile UP-TO-DATE
> Task :shared:networking-testing:processReleaseManifest FROM-CACHE
> Task :shared:networking-testing:processReleaseJavaRes
> Task :shared:networking-testing:mergeReleaseJavaResource
> Task :shared:networking-testing:syncReleaseLibJars FROM-CACHE
> Task :shared:networking-testing:writeReleaseAarMetadata
> Task :shared:networking-testing:bundleReleaseLocalLintAar
> Task :game-modes:mafia:preReleaseUnitTestBuild UP-TO-DATE
> Task :shared:networking-testing:bundleLibRuntimeToJarRelease
> Task :shared:networking-testing:createFullJarRelease
> Task :shared:networking-testing:writeReleaseLintModelMetadata
> Task :game-modes:mafia:generateReleaseUnitTestLintModel
> Task :game-modes:mafia:lintAnalyzeReleaseUnitTest
> Task :game-modes:whodunit:preReleaseUnitTestBuild UP-TO-DATE
> Task :game-modes:whodunit:generateReleaseUnitTestLintModel
> Task :game-modes:whodunit:lintAnalyzeReleaseUnitTest
> Task :shared:content:preReleaseUnitTestBuild UP-TO-DATE
> Task :shared:content:generateReleaseUnitTestLintModel
> Task :shared:content:lintAnalyzeReleaseUnitTest FROM-CACHE
> Task :shared:core:preReleaseUnitTestBuild UP-TO-DATE
> Task :shared:core:generateReleaseUnitTestLintModel
> Task :shared:core:lintAnalyzeReleaseUnitTest FROM-CACHE
> Task :shared:design-system:preReleaseUnitTestBuild UP-TO-DATE
> Task :shared:design-system:generateReleaseUnitTestLintModel
> Task :shared:design-system:lintAnalyzeReleaseUnitTest
> Task :shared:engine:preReleaseUnitTestBuild UP-TO-DATE
> Task :shared:engine:generateReleaseUnitTestLintModel
> Task :shared:engine:lintAnalyzeReleaseUnitTest FROM-CACHE
> Task :shared:networking:preReleaseUnitTestBuild UP-TO-DATE
> Task :shared:networking:generateReleaseUnitTestLintModel
> Task :shared:networking:lintAnalyzeReleaseUnitTest FROM-CACHE
> Task :shared:session:preReleaseUnitTestBuild UP-TO-DATE
> Task :shared:session:generateReleaseUnitTestLintModel
> Task :shared:session:lintAnalyzeReleaseUnitTest
> Task :shared:storage:preReleaseUnitTestBuild UP-TO-DATE
> Task :shared:storage:generateReleaseUnitTestLintModel
> Task :shared:storage:lintAnalyzeReleaseUnitTest FROM-CACHE
> Task :shared:transport-p2p:preReleaseUnitTestBuild UP-TO-DATE
> Task :shared:transport-p2p:generateReleaseUnitTestLintModel
> Task :shared:transport-p2p:lintAnalyzeReleaseUnitTest

> Task :composeApp:lintReportRelease
Wrote HTML report to file:///Users/abdelrahman/Projects/parlor/composeApp/build/reports/lint-results-release.html

> Task :composeApp:lintRelease
> Task :composeApp:preDebugBuild UP-TO-DATE
> Task :game-modes:mafia:preDebugBuild UP-TO-DATE
> Task :game-modes:mafia:writeDebugAarMetadata
> Task :game-modes:whodunit:preDebugBuild UP-TO-DATE
> Task :game-modes:whodunit:writeDebugAarMetadata
> Task :shared:content:preDebugBuild UP-TO-DATE
> Task :shared:content:writeDebugAarMetadata
> Task :shared:core:preDebugBuild UP-TO-DATE
> Task :shared:core:writeDebugAarMetadata
> Task :shared:design-system:preDebugBuild UP-TO-DATE
> Task :shared:design-system:writeDebugAarMetadata
> Task :shared:engine:preDebugBuild UP-TO-DATE
> Task :shared:engine:writeDebugAarMetadata
> Task :shared:networking:preDebugBuild UP-TO-DATE
> Task :shared:networking:writeDebugAarMetadata
> Task :shared:session:preDebugBuild UP-TO-DATE
> Task :shared:session:writeDebugAarMetadata
> Task :shared:storage:preDebugBuild UP-TO-DATE
> Task :shared:storage:writeDebugAarMetadata
> Task :shared:transport-p2p:preDebugBuild UP-TO-DATE
> Task :shared:transport-p2p:writeDebugAarMetadata
> Task :composeApp:checkDebugAarMetadata
> Task :game-modes:mafia:processDebugNavigationResources FROM-CACHE
> Task :game-modes:whodunit:processDebugNavigationResources FROM-CACHE
> Task :shared:content:processDebugNavigationResources FROM-CACHE
> Task :shared:core:processDebugNavigationResources FROM-CACHE
> Task :shared:design-system:processDebugNavigationResources FROM-CACHE
> Task :shared:engine:processDebugNavigationResources FROM-CACHE
> Task :shared:networking:processDebugNavigationResources FROM-CACHE
> Task :shared:session:processDebugNavigationResources FROM-CACHE
> Task :shared:storage:processDebugNavigationResources FROM-CACHE
> Task :shared:transport-p2p:processDebugNavigationResources FROM-CACHE
> Task :composeApp:processDebugNavigationResources FROM-CACHE
> Task :composeApp:compileDebugNavigationResources FROM-CACHE
> Task :composeApp:generateDebugResValues FROM-CACHE
> Task :game-modes:mafia:generateDebugResValues FROM-CACHE
> Task :game-modes:mafia:generateDebugResources FROM-CACHE
> Task :game-modes:mafia:packageDebugResources FROM-CACHE
> Task :game-modes:whodunit:generateDebugResValues FROM-CACHE
> Task :game-modes:whodunit:generateDebugResources FROM-CACHE
> Task :game-modes:whodunit:packageDebugResources FROM-CACHE
> Task :shared:content:generateDebugResValues FROM-CACHE
> Task :shared:content:generateDebugResources FROM-CACHE
> Task :shared:content:packageDebugResources FROM-CACHE
> Task :shared:core:generateDebugResValues FROM-CACHE
> Task :shared:core:generateDebugResources FROM-CACHE
> Task :shared:core:packageDebugResources FROM-CACHE
> Task :shared:design-system:generateDebugResValues FROM-CACHE
> Task :shared:design-system:generateDebugResources FROM-CACHE
> Task :shared:design-system:packageDebugResources FROM-CACHE
> Task :shared:engine:generateDebugResValues FROM-CACHE
> Task :shared:engine:generateDebugResources FROM-CACHE
> Task :shared:engine:packageDebugResources FROM-CACHE
> Task :shared:networking:generateDebugResValues FROM-CACHE
> Task :shared:networking:generateDebugResources FROM-CACHE
> Task :shared:networking:packageDebugResources FROM-CACHE
> Task :shared:session:generateDebugResValues FROM-CACHE
> Task :shared:session:generateDebugResources FROM-CACHE
> Task :shared:session:packageDebugResources FROM-CACHE
> Task :shared:storage:generateDebugResValues FROM-CACHE
> Task :shared:storage:generateDebugResources FROM-CACHE
> Task :shared:storage:packageDebugResources FROM-CACHE
> Task :shared:transport-p2p:generateDebugResValues FROM-CACHE
> Task :shared:transport-p2p:generateDebugResources FROM-CACHE
> Task :shared:transport-p2p:packageDebugResources FROM-CACHE
> Task :composeApp:mapDebugSourceSetPaths
> Task :composeApp:generateDebugResources FROM-CACHE
> Task :composeApp:mergeDebugResources FROM-CACHE
> Task :composeApp:packageDebugResources FROM-CACHE
> Task :composeApp:parseDebugLocalResources FROM-CACHE
> Task :composeApp:createDebugCompatibleScreenManifests
> Task :composeApp:extractDeepLinksDebug FROM-CACHE
> Task :game-modes:mafia:extractDeepLinksDebug FROM-CACHE
> Task :game-modes:mafia:processDebugManifest FROM-CACHE
> Task :game-modes:whodunit:extractDeepLinksDebug FROM-CACHE
> Task :game-modes:whodunit:processDebugManifest FROM-CACHE
> Task :shared:content:extractDeepLinksDebug FROM-CACHE
> Task :shared:content:processDebugManifest FROM-CACHE
> Task :shared:core:extractDeepLinksDebug FROM-CACHE
> Task :shared:core:processDebugManifest FROM-CACHE
> Task :shared:design-system:extractDeepLinksDebug FROM-CACHE
> Task :shared:design-system:processDebugManifest FROM-CACHE
> Task :shared:engine:extractDeepLinksDebug FROM-CACHE
> Task :shared:engine:processDebugManifest FROM-CACHE
> Task :shared:networking:extractDeepLinksDebug FROM-CACHE
> Task :shared:networking:processDebugManifest FROM-CACHE
> Task :shared:session:extractDeepLinksDebug FROM-CACHE
> Task :shared:session:processDebugManifest FROM-CACHE
> Task :shared:storage:extractDeepLinksDebug FROM-CACHE
> Task :shared:storage:processDebugManifest FROM-CACHE
> Task :shared:transport-p2p:extractDeepLinksDebug FROM-CACHE
> Task :shared:transport-p2p:processDebugManifest FROM-CACHE
> Task :composeApp:processDebugMainManifest FROM-CACHE
> Task :composeApp:processDebugManifest FROM-CACHE
> Task :composeApp:processDebugManifestForPackage FROM-CACHE
> Task :game-modes:mafia:compileDebugLibraryResources FROM-CACHE
> Task :game-modes:mafia:parseDebugLocalResources FROM-CACHE
> Task :game-modes:mafia:generateDebugRFile FROM-CACHE
> Task :game-modes:whodunit:compileDebugLibraryResources FROM-CACHE
> Task :game-modes:whodunit:parseDebugLocalResources FROM-CACHE
> Task :game-modes:whodunit:generateDebugRFile FROM-CACHE
> Task :shared:content:compileDebugLibraryResources FROM-CACHE
> Task :shared:content:parseDebugLocalResources FROM-CACHE
> Task :shared:content:generateDebugRFile FROM-CACHE
> Task :shared:core:compileDebugLibraryResources FROM-CACHE
> Task :shared:core:parseDebugLocalResources FROM-CACHE
> Task :shared:core:generateDebugRFile FROM-CACHE
> Task :shared:design-system:compileDebugLibraryResources FROM-CACHE
> Task :shared:design-system:parseDebugLocalResources FROM-CACHE
> Task :shared:design-system:generateDebugRFile FROM-CACHE
> Task :shared:engine:compileDebugLibraryResources FROM-CACHE
> Task :shared:engine:parseDebugLocalResources FROM-CACHE
> Task :shared:engine:generateDebugRFile FROM-CACHE
> Task :shared:networking:compileDebugLibraryResources FROM-CACHE
> Task :shared:networking:parseDebugLocalResources FROM-CACHE
> Task :shared:networking:generateDebugRFile FROM-CACHE
> Task :shared:session:compileDebugLibraryResources FROM-CACHE
> Task :shared:session:parseDebugLocalResources FROM-CACHE
> Task :shared:session:generateDebugRFile FROM-CACHE
> Task :shared:storage:compileDebugLibraryResources FROM-CACHE
> Task :shared:storage:parseDebugLocalResources FROM-CACHE
> Task :shared:storage:generateDebugRFile FROM-CACHE
> Task :shared:transport-p2p:compileDebugLibraryResources FROM-CACHE
> Task :shared:transport-p2p:parseDebugLocalResources FROM-CACHE
> Task :shared:transport-p2p:generateDebugRFile FROM-CACHE
> Task :composeApp:processDebugResources FROM-CACHE
> Task :shared:core:compileDebugKotlinAndroid FROM-CACHE
> Task :shared:core:javaPreCompileDebug FROM-CACHE
> Task :shared:core:compileDebugJavaWithJavac NO-SOURCE
> Task :shared:core:bundleLibCompileToJarDebug
> Task :shared:engine:compileDebugKotlinAndroid FROM-CACHE
> Task :shared:engine:javaPreCompileDebug FROM-CACHE
> Task :shared:engine:compileDebugJavaWithJavac NO-SOURCE
> Task :shared:engine:bundleLibCompileToJarDebug
> Task :shared:content:compileDebugKotlinAndroid FROM-CACHE
> Task :shared:content:javaPreCompileDebug FROM-CACHE
> Task :shared:content:compileDebugJavaWithJavac NO-SOURCE
> Task :shared:content:bundleLibCompileToJarDebug
> Task :shared:design-system:compileDebugKotlinAndroid
> Task :shared:design-system:javaPreCompileDebug FROM-CACHE
> Task :shared:design-system:compileDebugJavaWithJavac NO-SOURCE
> Task :shared:design-system:bundleLibCompileToJarDebug
> Task :shared:networking:compileDebugKotlinAndroid FROM-CACHE
> Task :shared:networking:javaPreCompileDebug FROM-CACHE
> Task :shared:networking:compileDebugJavaWithJavac NO-SOURCE
> Task :shared:networking:bundleLibCompileToJarDebug
> Task :shared:session:compileDebugKotlinAndroid
> Task :shared:session:javaPreCompileDebug FROM-CACHE
> Task :shared:session:compileDebugJavaWithJavac NO-SOURCE
> Task :shared:session:bundleLibCompileToJarDebug
> Task :shared:storage:compileDebugKotlinAndroid FROM-CACHE
> Task :shared:storage:javaPreCompileDebug FROM-CACHE
> Task :shared:storage:compileDebugJavaWithJavac NO-SOURCE
> Task :shared:storage:bundleLibCompileToJarDebug
> Task :game-modes:mafia:compileDebugKotlinAndroid
> Task :game-modes:mafia:javaPreCompileDebug FROM-CACHE
> Task :game-modes:mafia:compileDebugJavaWithJavac NO-SOURCE
> Task :game-modes:mafia:bundleLibCompileToJarDebug
> Task :game-modes:whodunit:compileDebugKotlinAndroid
> Task :game-modes:whodunit:javaPreCompileDebug FROM-CACHE
> Task :game-modes:whodunit:compileDebugJavaWithJavac NO-SOURCE
> Task :game-modes:whodunit:bundleLibCompileToJarDebug
> Task :shared:transport-p2p:compileDebugKotlinAndroid
> Task :shared:transport-p2p:javaPreCompileDebug FROM-CACHE
> Task :shared:transport-p2p:compileDebugJavaWithJavac NO-SOURCE
> Task :shared:transport-p2p:bundleLibCompileToJarDebug
> Task :composeApp:compileDebugKotlinAndroid
> Task :composeApp:javaPreCompileDebug FROM-CACHE
> Task :composeApp:compileDebugJavaWithJavac NO-SOURCE
> Task :composeApp:bundleDebugClassesToRuntimeJar
> Task :composeApp:bundleDebugClassesToCompileJar
> Task :shared:engine-testing:preDebugBuild UP-TO-DATE
> Task :shared:engine-testing:generateDebugResValues FROM-CACHE
> Task :shared:engine-testing:generateDebugResources FROM-CACHE
> Task :shared:engine-testing:packageDebugResources FROM-CACHE
> Task :shared:engine-testing:processDebugNavigationResources FROM-CACHE
> Task :shared:engine-testing:parseDebugLocalResources FROM-CACHE
> Task :shared:engine-testing:generateDebugRFile FROM-CACHE
> Task :shared:engine-testing:compileDebugKotlinAndroid FROM-CACHE
> Task :shared:engine-testing:javaPreCompileDebug FROM-CACHE
> Task :shared:engine-testing:compileDebugJavaWithJavac NO-SOURCE
> Task :shared:engine-testing:bundleLibCompileToJarDebug
> Task :composeApp:compileDebugUnitTestKotlinAndroid
> Task :composeApp:preDebugUnitTestBuild UP-TO-DATE
> Task :composeApp:javaPreCompileDebugUnitTest FROM-CACHE
> Task :composeApp:compileDebugUnitTestJavaWithJavac NO-SOURCE
> Task :composeApp:processDebugJavaRes
> Task :composeApp:processDebugUnitTestJavaRes
> Task :game-modes:mafia:bundleLibRuntimeToJarDebug
> Task :game-modes:mafia:processDebugJavaRes
> Task :game-modes:whodunit:bundleLibRuntimeToJarDebug
> Task :game-modes:whodunit:processDebugJavaRes
> Task :shared:content:bundleLibRuntimeToJarDebug
> Task :shared:content:processDebugJavaRes
> Task :shared:core:bundleLibRuntimeToJarDebug
> Task :shared:core:processDebugJavaRes
> Task :shared:design-system:bundleLibRuntimeToJarDebug
> Task :shared:design-system:processDebugJavaRes
> Task :shared:engine:bundleLibRuntimeToJarDebug
> Task :shared:engine:processDebugJavaRes
> Task :shared:engine-testing:bundleLibRuntimeToJarDebug
> Task :shared:engine-testing:processDebugJavaRes
> Task :shared:networking:bundleLibRuntimeToJarDebug
> Task :shared:networking:processDebugJavaRes
> Task :shared:session:bundleLibRuntimeToJarDebug
> Task :shared:session:processDebugJavaRes
> Task :shared:storage:bundleLibRuntimeToJarDebug
> Task :shared:storage:processDebugJavaRes
> Task :shared:transport-p2p:bundleLibRuntimeToJarDebug
> Task :shared:transport-p2p:processDebugJavaRes
> Task :composeApp:testDebugUnitTest
> Task :composeApp:bundleReleaseClassesToRuntimeJar
> Task :shared:engine-testing:bundleLibCompileToJarRelease
> Task :composeApp:compileReleaseUnitTestKotlinAndroid
> Task :composeApp:javaPreCompileReleaseUnitTest FROM-CACHE
> Task :composeApp:compileReleaseUnitTestJavaWithJavac NO-SOURCE
> Task :composeApp:processReleaseUnitTestJavaRes
> Task :composeApp:testReleaseUnitTest
> Task :composeApp:verifyApplicationIdentities
> Task :composeApp:verifyMergedReleaseManifest
> Task :composeApp:verifyReleaseLintWarnings
> Task :productionAndroidCheck
> Task :composeApp:generateActualResourceCollectorsForDesktopMain
> Task :game-modes:mafia:generateActualResourceCollectorsForDesktopMain
> Task :shared:core:compileKotlinDesktop FROM-CACHE
> Task :shared:core:compileDesktopMainJava NO-SOURCE
> Task :shared:core:desktopProcessResources NO-SOURCE
> Task :shared:core:processDesktopMainResources SKIPPED
> Task :shared:core:desktopMainClasses UP-TO-DATE
> Task :shared:core:desktopJar
> Task :shared:engine:compileKotlinDesktop FROM-CACHE
> Task :shared:engine:compileDesktopMainJava NO-SOURCE
> Task :shared:engine:desktopProcessResources NO-SOURCE
> Task :shared:engine:processDesktopMainResources SKIPPED
> Task :shared:engine:desktopMainClasses UP-TO-DATE
> Task :shared:engine:desktopJar
> Task :shared:content:compileKotlinDesktop FROM-CACHE
> Task :shared:content:compileDesktopMainJava NO-SOURCE
> Task :shared:content:desktopProcessResources NO-SOURCE
> Task :shared:content:processDesktopMainResources SKIPPED
> Task :shared:content:desktopMainClasses UP-TO-DATE
> Task :shared:content:desktopJar
> Task :shared:design-system:generateActualResourceCollectorsForDesktopMain
> Task :shared:design-system:compileKotlinDesktop FROM-CACHE
> Task :shared:design-system:compileDesktopMainJava NO-SOURCE
> Task :shared:design-system:assembleDesktopMainResources
> Task :shared:design-system:desktopProcessResources
> Task :shared:design-system:processDesktopMainResources SKIPPED
> Task :shared:design-system:desktopMainClasses
> Task :shared:design-system:desktopJar
> Task :shared:networking:compileKotlinDesktop FROM-CACHE
> Task :shared:networking:compileDesktopMainJava NO-SOURCE
> Task :shared:networking:desktopProcessResources NO-SOURCE
> Task :shared:networking:processDesktopMainResources SKIPPED
> Task :shared:networking:desktopMainClasses UP-TO-DATE
> Task :shared:networking:desktopJar
> Task :shared:session:compileKotlinDesktop FROM-CACHE
> Task :shared:session:compileDesktopMainJava NO-SOURCE
> Task :shared:session:desktopProcessResources NO-SOURCE
> Task :shared:session:processDesktopMainResources SKIPPED
> Task :shared:session:desktopMainClasses UP-TO-DATE
> Task :shared:session:desktopJar
> Task :shared:storage:compileKotlinDesktop FROM-CACHE
> Task :shared:storage:compileDesktopMainJava NO-SOURCE
> Task :shared:storage:desktopProcessResources NO-SOURCE
> Task :shared:storage:processDesktopMainResources SKIPPED
> Task :shared:storage:desktopMainClasses UP-TO-DATE
> Task :shared:storage:desktopJar
> Task :game-modes:mafia:compileKotlinDesktop FROM-CACHE
> Task :game-modes:mafia:compileDesktopMainJava NO-SOURCE
> Task :game-modes:mafia:assembleDesktopMainResources
> Task :game-modes:mafia:desktopProcessResources
> Task :game-modes:mafia:processDesktopMainResources SKIPPED
> Task :game-modes:mafia:desktopMainClasses
> Task :game-modes:mafia:desktopJar
> Task :game-modes:whodunit:generateActualResourceCollectorsForDesktopMain
> Task :game-modes:whodunit:compileKotlinDesktop FROM-CACHE
> Task :game-modes:whodunit:compileDesktopMainJava NO-SOURCE
> Task :game-modes:whodunit:assembleDesktopMainResources
> Task :game-modes:whodunit:desktopProcessResources
> Task :game-modes:whodunit:processDesktopMainResources SKIPPED
> Task :game-modes:whodunit:desktopMainClasses
> Task :game-modes:whodunit:desktopJar
> Task :shared:transport-p2p:compileKotlinDesktop FROM-CACHE
> Task :shared:transport-p2p:compileDesktopMainJava NO-SOURCE
> Task :shared:transport-p2p:desktopProcessResources NO-SOURCE
> Task :shared:transport-p2p:processDesktopMainResources SKIPPED
> Task :shared:transport-p2p:desktopMainClasses UP-TO-DATE
> Task :shared:transport-p2p:desktopJar
> Task :composeApp:compileKotlinDesktop
> Task :composeApp:compileDesktopMainJava NO-SOURCE
> Task :composeApp:assembleDesktopMainResources
> Task :composeApp:desktopProcessResources
> Task :composeApp:processDesktopMainResources SKIPPED
> Task :composeApp:desktopMainClasses
> Task :composeApp:desktopJar
> Task :shared:engine-testing:compileKotlinDesktop FROM-CACHE
> Task :shared:engine-testing:compileDesktopMainJava NO-SOURCE
> Task :shared:engine-testing:desktopProcessResources NO-SOURCE
> Task :shared:engine-testing:processDesktopMainResources SKIPPED
> Task :shared:engine-testing:desktopMainClasses UP-TO-DATE
> Task :shared:engine-testing:desktopJar
> Task :composeApp:compileTestKotlinDesktop
> Task :composeApp:compileDesktopTestJava NO-SOURCE
> Task :composeApp:assembleDesktopTestResources
> Task :composeApp:desktopTestProcessResources
> Task :composeApp:processDesktopTestResources SKIPPED
> Task :composeApp:desktopTestClasses

> Task :composeApp:desktopTest FAILED

ProductionUiAccessibilityContractTest[desktop] > platform_locale_overrides_are_commit_scoped_and_do_not_mutate_shared_resources()[desktop] FAILED
    org.opentest4j.AssertionFailedError at ProductionUiAccessibilityContractTest.kt:215

95 tests completed, 1 failed

[Incubating] Problems report is available at: file:///Users/abdelrahman/Projects/parlor/build/reports/problems/problems-report.html

FAILURE: Build failed with an exception.

* What went wrong:
Execution failed for task ':composeApp:desktopTest'.
> There were failing tests. See the report at: file:///Users/abdelrahman/Projects/parlor/composeApp/build/reports/tests/desktopTest/index.html

* Try:
> Run with --scan to get full insights.

BUILD FAILED in 2m 27s
792 actionable tasks: 416 executed, 299 from cache, 77 up-to-date
