test_added_xctest_helper_and_contract_are_hashed_build_copy_inputs (test_catalog_contract.CatalogControlTest) ... ok
test_each_v6_reference_affects_control_identity_without_mutating_files (test_catalog_contract.CatalogControlTest) ... ok
test_every_consumed_v6_reference_is_bound_by_full_path_and_bytes (test_catalog_contract.CatalogControlTest) ... ok
test_incomplete_train_unknown_game_and_oversized_row_fail (test_catalog_contract.CatalogControlTest) ... ok
test_missing_swift_contract_or_game_cannot_pass (test_catalog_contract.CatalogControlTest) ... ok
test_old_native_matrix_and_cleanup_controls_remain_identical (test_catalog_contract.CatalogControlTest) ... ok
test_only_catalog_entry_call_changes_original_matrix_and_geometry_checks_execute (test_catalog_contract.CatalogControlTest) ... ok
test_os_prefix_queries_are_diagnostics_only_not_action_fallbacks (test_catalog_contract.CatalogControlTest) ... ok
test_physical_activation_is_outside_all_readiness_retries (test_catalog_contract.CatalogControlTest) ... ok
test_public_metadata_bounds_and_measured_exclusions_are_explicit (test_catalog_contract.CatalogControlTest) ... ok
test_repeated_activation_or_missing_successor_cannot_pass (test_catalog_contract.CatalogControlTest) ... ok
test_synthetic_receipt_is_only_a_parser_check (test_catalog_contract.CatalogControlTest) ... ok
test_actual_os_api_used_not_private_settings_urls_or_global_defaults (test_copy_observation_contract.CopyBoundaryContractTest) ... ok
test_after_build_identity_precedes_owned_copy_deletion_and_gates_pass (test_copy_observation_contract.CopyBoundaryContractTest) ... ok
test_all_actual_source_anchors_apply_only_to_owned_copies (test_copy_observation_contract.CopyBoundaryContractTest) ... ok
test_both_en_ar_geometries_use_actual_orientation_then_a_complete_passive_window (test_copy_observation_contract.CopyBoundaryContractTest) ... ok
test_copy_refuses_unbound_manifest_and_nonempty_destination (test_copy_observation_contract.CopyBoundaryContractTest) ... ok
test_exact_compose_controller_is_captured_from_local_not_a_child_type_guess (test_copy_observation_contract.CopyBoundaryContractTest) ... ok
test_final_copy_attestation_rejects_input_drift_but_not_owned_outputs (test_copy_observation_contract.CopyBoundaryContractTest) ... ok
test_final_copy_attestation_rejects_new_inputs_and_source_symlinks (test_copy_observation_contract.CopyBoundaryContractTest) ... ok
test_foreground_collects_both_windows_before_any_direction_assertion (test_copy_observation_contract.CopyBoundaryContractTest) ... ok
test_local_checkpoint_uses_real_settings_then_home_before_synthetic_language_calls (test_copy_observation_contract.CopyBoundaryContractTest) ... ok
test_missing_or_duplicate_anchor_is_not_a_dynamic_fallback (test_copy_observation_contract.CopyBoundaryContractTest) ... ok
test_name_entry_uses_real_ime_next_done_without_fling_or_backing_state_bypass (test_copy_observation_contract.CopyBoundaryContractTest) ... ok
test_native_source_additions_and_explicit_swift_outer_are_closed_manifest_inputs (test_copy_observation_contract.CopyBoundaryContractTest) ... ok
test_observation_never_loads_or_reconfigures_a_native_view (test_copy_observation_contract.CopyBoundaryContractTest) ... ok
test_original_build_outputs_never_enter_copy_only_cleanup_set (test_copy_observation_contract.CopyBoundaryContractTest) ... ok
test_original_name_fields_still_own_next_and_final_done (test_copy_observation_contract.CopyBoundaryContractTest) ... ok
test_passive_samples_are_durable_nonblocking_and_do_not_publish_between_samples (test_copy_observation_contract.CopyBoundaryContractTest) ... ok
test_protected_traversal_hidden_generated_and_nonbuild_inputs_are_excluded (test_copy_observation_contract.CopyBoundaryContractTest) ... ok
test_public_setup_selectors_are_source_whitelisted_and_bounded (test_copy_observation_contract.CopyBoundaryContractTest) ... ok
test_a_disposed_session_cannot_be_rebased_to_a_passing_checkpoint (test_copy_observation_contract.DirectObservationReceiptTest) ... ok
test_a_language_command_must_have_its_own_lifecycle_witness (test_copy_observation_contract.DirectObservationReceiptTest) ... ok
test_actual_native_child_outer_view_window_or_parent_replacement_is_rejected (test_copy_observation_contract.DirectObservationReceiptTest) ... ok
test_any_early_middle_or_second_window_divergence_fails_despite_good_final_sample (test_copy_observation_contract.DirectObservationReceiptTest) ... ok
test_both_actual_game_phase_schemas_are_exercised_without_runtime_claim (test_copy_observation_contract.DirectObservationReceiptTest) ... ok
test_complete_raw_geometric_receipts_fit_the_retained_file_budget (test_copy_observation_contract.DirectObservationReceiptTest) ... ok
test_correct_native_direction_does_not_replace_direct_compose_observation (test_copy_observation_contract.DirectObservationReceiptTest) ... ok
test_distinct_outer_direction_is_not_mistaken_for_compose_native_direction (test_copy_observation_contract.DirectObservationReceiptTest) ... ok
test_equal_value_cannot_hide_a_replaced_controller_or_flow_or_state_reference (test_copy_observation_contract.DirectObservationReceiptTest) ... ok
test_every_passive_sample_requires_own_lifecycle_and_canonical_reference (test_copy_observation_contract.DirectObservationReceiptTest) ... ok
test_every_raw_geometry_field_is_independently_checked (test_copy_observation_contract.DirectObservationReceiptTest) ... ok
test_explicit_language_cannot_pass_when_locale_and_direction_both_stay_stale (test_copy_observation_contract.DirectObservationReceiptTest) ... ok
test_failed_and_cancelled_synthetic_commands_are_not_success (test_copy_observation_contract.DirectObservationReceiptTest) ... ok
test_first_post_foreground_mismatch_cannot_be_erased_by_good_passive_windows (test_copy_observation_contract.DirectObservationReceiptTest) ... ok
test_geometry_window_must_not_add_a_background_cycle (test_copy_observation_contract.DirectObservationReceiptTest) ... ok
test_initial_language_must_use_actual_settings_with_zero_synthetic_commands (test_copy_observation_contract.DirectObservationReceiptTest) ... ok
test_kotlin_observation_cannot_run_before_original_app_initialization (test_copy_observation_contract.DirectObservationReceiptTest) ... ok
test_matching_but_inset_child_and_parent_do_not_prove_full_window_geometry (test_copy_observation_contract.DirectObservationReceiptTest) ... ok
test_missing_os_language_ui_is_blocked_never_pass_or_not_applicable (test_copy_observation_contract.DirectObservationReceiptTest) ... ok
test_native_observer_cannot_rebase_after_disposal_or_call_before_main (test_copy_observation_contract.DirectObservationReceiptTest) ... ok
test_os_gate_requires_an_accepted_public_settings_url_invocation (test_copy_observation_contract.DirectObservationReceiptTest) ... ok
test_os_owned_preference_requires_restoration_and_restart (test_copy_observation_contract.DirectObservationReceiptTest) ... ok
test_oversized_negative_nan_and_bool_geometry_is_rejected (test_copy_observation_contract.DirectObservationReceiptTest) ... ok
test_passive_windows_require_all_six_samples_and_original_order (test_copy_observation_contract.DirectObservationReceiptTest) ... ok
test_private_or_unknown_data_is_rejected (test_copy_observation_contract.DirectObservationReceiptTest) ... ok
test_process_recreation_is_not_same_process_continuity (test_copy_observation_contract.DirectObservationReceiptTest) ... ok
test_root_controller_count_and_locale_do_not_prove_session_retention (test_copy_observation_contract.DirectObservationReceiptTest) ... ok
test_rotations_must_cover_both_actual_directions_and_not_fake_orientation (test_copy_observation_contract.DirectObservationReceiptTest) ... ok
test_six_full_public_snapshot_rows_fit_the_existing_accessibility_budget (test_copy_observation_contract.DirectObservationReceiptTest) ... ok
test_system_cannot_accept_a_plausible_but_replaced_os_preference (test_copy_observation_contract.DirectObservationReceiptTest) ... ok
test_valid_synthetic_settings_direction_receipt_is_only_a_schema_check (test_copy_observation_contract.DirectObservationReceiptTest) ... ok
test_window_only_schema_is_not_accepted_in_settings_or_nonwindow_events (test_copy_observation_contract.DirectObservationReceiptTest) ... ok
test_zero_safe_areas_cannot_false_green_even_when_all_three_match (test_copy_observation_contract.DirectObservationReceiptTest) ... ok
test_failed_build_with_stale_output_stops_and_never_normalizes (test_harness_contract.CopiedPhaseContractTest) ... ok
test_failed_directory_change_never_builds_or_normalizes (test_harness_contract.CopiedPhaseContractTest) ... ok
test_failed_stop_cannot_normalize_or_look_green (test_harness_contract.CopiedPhaseContractTest) ... ok
test_normalization_failure_propagates_after_immediate_stop (test_harness_contract.CopiedPhaseContractTest) ... ok
test_successful_phase_stops_before_normalizing (test_harness_contract.CopiedPhaseContractTest) ... ok
test_changed_boot_identity_cannot_impersonate_restart (test_harness_contract.ReceiptContractTest) ... ok
test_complete_synthetic_schema_is_accepted_not_runtime_evidence (test_harness_contract.ReceiptContractTest) ... ok
test_exact_five_test_receipt_is_required_not_just_the_app_matrix (test_harness_contract.ReceiptContractTest) ... ok
test_missing_no_disposal_precondition_is_rejected (test_harness_contract.ReceiptContractTest) ... ok
test_missing_system_restoration_or_wrong_native_direction_fails (test_harness_contract.ReceiptContractTest) ... ok
test_production_container_test_names_signatures_and_actual_project_wiring_are_bound (test_harness_contract.ReceiptContractTest) ... ok
test_test_summary_with_skip_cannot_pass (test_harness_contract.ReceiptContractTest) ... ok
test_unknown_data_is_not_exported_as_trusted_observation (test_harness_contract.ReceiptContractTest) ... ok
test_executed_failed_xctest_summary_cannot_remain_not_run (test_harness_contract.RuntimeStatusContractTest) ... ok
test_later_evidence_failure_cannot_leave_pass (test_harness_contract.RuntimeStatusContractTest) ... ok
test_preflight_failure_is_still_not_run (test_harness_contract.RuntimeStatusContractTest) ... ok
test_running_is_persisted_before_the_guarded_xcode_call (test_harness_contract.RuntimeStatusContractTest) ... ok
test_diagnostics_are_exact_whitelisted_bounded_and_never_a_fallback_tap (test_harness_contract.SelectorSourceContractTest) ... ok
test_exact_tab_selector_matches_reviewed_pinned_merge_and_actual_resources (test_harness_contract.SelectorSourceContractTest) ... ok
test_games_return_uses_original_resources_and_the_same_actual_tab_bar (test_harness_contract.SelectorSourceContractTest) ... ok
test_attested_pair_removed_only_after_workers_stop (test_secondary_fifo.SecondaryFifoSafetyTest) ... ok
test_cached_pair_still_rechecks_changed_inode (test_secondary_fifo.SecondaryFifoSafetyTest) ... ok
test_cached_pair_still_rechecks_inode_uid_and_symlink (test_secondary_fifo.SecondaryFifoSafetyTest) ... ok
test_changed_child_or_parent_start_cannot_use_attested_pair (test_secondary_fifo.SecondaryFifoSafetyTest) ... ok
test_current_new_pair_cannot_hide_behind_members_old_argv (test_secondary_fifo.SecondaryFifoSafetyTest) ... ok
test_file_holder_prevents_any_unlink (test_secondary_fifo.SecondaryFifoSafetyTest) ... ok
test_fully_attested_same_identity_and_pair_avoids_redundant_uid_query (test_secondary_fifo.SecondaryFifoSafetyTest) ... ok
test_holder_query_error_never_becomes_empty_holder_success (test_secondary_fifo.SecondaryFifoSafetyTest) ... ok
test_initial_uid_query_failure_never_attests_or_deletes_paths (test_secondary_fifo.SecondaryFifoSafetyTest) ... ok
test_inode_uid_mismatch_is_not_owned (test_secondary_fifo.SecondaryFifoSafetyTest) ... ok
test_missing_or_duplicate_flags_rejected (test_secondary_fifo.SecondaryFifoSafetyTest) ... ok
test_missing_unattested_then_late_created_fifo_blocks_cleanup (test_secondary_fifo.SecondaryFifoSafetyTest) ... ok
test_new_pair_argv_change_during_uid_attestation_is_rejected (test_secondary_fifo.SecondaryFifoSafetyTest) ... ok
test_partial_record_or_pending_claim_cannot_use_cached_uid (test_secondary_fifo.SecondaryFifoSafetyTest) ... ok
test_pid_reuse_during_cleanup_preserves_files (test_secondary_fifo.SecondaryFifoSafetyTest) ... ok
test_pid_reuse_during_observation_rejected (test_secondary_fifo.SecondaryFifoSafetyTest) ... ok
test_preexisting_parent_birthtime_rejects_new_fifo (test_secondary_fifo.SecondaryFifoSafetyTest) ... ok
test_process_uid_mismatch_is_not_owned (test_secondary_fifo.SecondaryFifoSafetyTest) ... ok
test_replaced_inode_rejected (test_secondary_fifo.SecondaryFifoSafetyTest) ... ok
test_stale_preexisting_fifo_is_not_owned (test_secondary_fifo.SecondaryFifoSafetyTest) ... ok
test_symlink_fifo_not_followed_or_deleted (test_secondary_fifo.SecondaryFifoSafetyTest) ... ok
test_symlink_parent_not_followed (test_secondary_fifo.SecondaryFifoSafetyTest) ... ok
test_timeout_or_cancellation_cleanup_uses_same_attestation (test_secondary_fifo.SecondaryFifoSafetyTest) ... ok
test_unknown_directory_contents_preserve_all (test_secondary_fifo.SecondaryFifoSafetyTest) ... ok
test_unknown_external_argument_is_rejected (test_secondary_fifo.SecondaryFifoSafetyTest) ... ok
test_unknown_root_contents_preserve_all (test_secondary_fifo.SecondaryFifoSafetyTest) ... ok
test_unowned_child_cannot_attest_from_name_alone (test_secondary_fifo.SecondaryFifoSafetyTest) ... ok
test_all_original_templates_tests_kotlin_probes_and_cleanup_remain_immutable (test_v10_contract.V10CopySourceContractTest) ... ok
test_every_consumed_old_and_new_control_is_bound_by_full_path (test_v10_contract.V10CopySourceContractTest) ... ok
test_expansion_only_occurs_inside_terminal_finish_after_original_restart_oracles (test_v10_contract.V10CopySourceContractTest) ... ok
test_new_real_swift_contract_and_complete_original_probe_gate_are_both_wired (test_v10_contract.V10CopySourceContractTest) ... ok
test_probe_only_adds_terminal_report_visibility_not_preference_or_native_behavior (test_v10_contract.V10CopySourceContractTest) ... ok
test_renderer_fails_closed_on_changed_inputs_missing_or_duplicate_boundaries (test_v10_contract.V10CopySourceContractTest) ... ok
test_renderer_preserves_every_original_postselection_assertion_and_non_os_byte (test_v10_contract.V10CopySourceContractTest) ... ok
test_source_whitelisted_english_and_arabic_app_names_match_shipped_resources (test_v10_contract.V10CopySourceContractTest) ... ok
test_all_observed_public_entry_panes_keep_full_original_os_oracles (test_v10_contract.V10OSReceiptTest) ... ok
test_contract_must_be_executed_once_with_all_twenty_four_cases (test_v10_contract.V10OSReceiptTest) ... ok
test_expander_successor_requires_all_three_visible_ordered_full_height_markers (test_v10_contract.V10OSReceiptTest) ... ok
test_marker_requires_matching_durable_sample_before_completed_report (test_v10_contract.V10OSReceiptTest) ... ok
test_missing_repeated_or_reordered_actions_fail_closed (test_v10_contract.V10OSReceiptTest) ... ok
test_opened_or_verified_marker_alone_cannot_manufacture_os_selection (test_v10_contract.V10OSReceiptTest) ... ok
test_original_os_preference_restoration_and_restart_assertions_are_not_bypassed (test_v10_contract.V10OSReceiptTest) ... ok
test_page_and_target_guards_reject_hidden_ambiguous_offscreen_and_wrong_pane (test_v10_contract.V10OSReceiptTest) ... ok
test_report_expansion_and_complete_cannot_precede_their_receipts (test_v10_contract.V10OSReceiptTest) ... ok
test_three_real_stable_samples_and_finite_frames_are_mandatory (test_v10_contract.V10OSReceiptTest) ... ok
test_unknown_stages_bool_counts_payload_bounds_and_missing_receipts_fail (test_v10_contract.V10OSReceiptTest) ... ok
test_unproven_pane_or_unavailable_language_remains_explicitly_blocked (test_v10_contract.V10OSReceiptTest) ... ok
test_absent_os_pane_stays_blocked_and_missing_contract_never_becomes_green (test_v11_contract.V11PaneIdentityContractTest) ... ok
test_additional_gate_is_after_original_gates_and_all_consumed_inputs_are_bound (test_v11_contract.V11PaneIdentityContractTest) ... ok
test_aliases_on_one_element_do_not_double_count_but_two_elements_remain_ambiguous (test_v11_contract.V11PaneIdentityContractTest) ... ok
test_each_documented_property_can_provide_bounded_provenance_not_os_authority (test_v11_contract.V11PaneIdentityContractTest) ... ok
test_every_old_control_except_targeted_helper_and_wiring_is_byte_identical (test_v11_contract.V11PaneIdentityContractTest) ... ok
test_exact_public_predicate_and_allowlisted_provenance_are_executed_in_original_matrix (test_v11_contract.V11PaneIdentityContractTest) ... ok
test_fresh_names_never_override_hidden_offscreen_ambiguous_or_stale_guards (test_v11_contract.V11PaneIdentityContractTest) ... ok
test_missing_unknown_duplicate_wrong_pane_and_bool_provenance_fail (test_v11_contract.V11PaneIdentityContractTest) ... ok
test_successful_actions_need_actual_known_provenance_including_stable_samples (test_v11_contract.V11PaneIdentityContractTest) ... ok
test_absent_is_exactly_preserved_not_claimed_as_present_or_old_oracle_execution (test_v12_contract.V12ExactOSPreferenceContractTest) ... ok
test_actual_arabic_owner_must_preserve_previous_presence_and_exact_value (test_v12_contract.V12ExactOSPreferenceContractTest) ... ok
test_actual_before_choice_and_fresh_post_choice_process_are_bound (test_v12_contract.V12ExactOSPreferenceContractTest) ... ok
test_before_app_present_cannot_be_rebased_to_absent_after_app_initialization (test_v12_contract.V12ExactOSPreferenceContractTest) ... ok
test_direct_english_settings_between_os_baseline_and_arabic_is_required (test_v12_contract.V12ExactOSPreferenceContractTest) ... ok
test_four_ordered_stages_and_exact_executed_native_contract_are_required (test_v12_contract.V12ExactOSPreferenceContractTest) ... ok
test_full_matrix_calls_unchanged_settings_and_both_local_oracles (test_v12_contract.V12ExactOSPreferenceContractTest) ... ok
test_incomplete_after_os_observation_never_becomes_a_retroactive_pass (test_v12_contract.V12ExactOSPreferenceContractTest) ... ok
test_invalid_settings_local_scope_or_token_is_not_hidden_by_a_valid_os_branch (test_v12_contract.V12ExactOSPreferenceContractTest) ... ok
test_missing_nonboolean_inconsistent_and_unbounded_representation_is_rejected (test_v12_contract.V12ExactOSPreferenceContractTest) ... ok
test_native_compose_identity_and_full_geometry_guards_remain_mandatory (test_v12_contract.V12ExactOSPreferenceContractTest) ... ok
test_present_preserves_exact_array_order_and_still_executes_original_os_oracle (test_v12_contract.V12ExactOSPreferenceContractTest) ... ok
test_real_one_action_and_public_pane_provenance_cannot_be_replaced_by_baseline_logs (test_v12_contract.V12ExactOSPreferenceContractTest) ... ok
test_restart_requires_a_distinct_before_app_process_not_a_reused_observation (test_v12_contract.V12ExactOSPreferenceContractTest) ... ok
test_system_restart_and_terminal_cannot_replace_the_exact_original_pair (test_v12_contract.V12ExactOSPreferenceContractTest) ... ok
test_unavailable_os_route_remains_blocked_with_no_invented_baseline (test_v12_contract.V12ExactOSPreferenceContractTest) ... ok
test_every_inherited_control_and_all_177_tests_and_finalizer_are_unchanged (test_v12_contract.V12ExactSourceContractTest) ... ok
test_every_new_and_consumed_v11_reference_is_full_path_hash_bound (test_v12_contract.V12ExactSourceContractTest) ... ok
test_exact_renderer_changes_only_bounded_os_region_and_restores_all_old_assertions (test_v12_contract.V12ExactSourceContractTest) ... ok
test_explicit_replacement_and_truthful_action_annotations_are_wired_before_completion (test_v12_contract.V12ExactSourceContractTest) ... ok
test_native_contract_and_direct_stages_are_invoked_without_preference_or_ui_model_writes (test_v12_contract.V12ExactSourceContractTest) ... ok
test_renderer_rejects_unreviewed_bytes_missing_and_ambiguous_boundaries (test_v12_contract.V12ExactSourceContractTest) ... ok
test_arabic_picker_result_cannot_masquerade_as_exposed_preferred_list (test_v8_contract.V8ReceiptTest) ... ok
test_complete_synthetic_receipts_only_exercise_parsers (test_v8_contract.V8ReceiptTest) ... ok
test_os_precondition_never_passes_from_missing_unknown_or_blocked_step (test_v8_contract.V8ReceiptTest) ... ok
test_os_prerequisite_requires_owned_profile_and_english_primary_not_arabic_primary (test_v8_contract.V8ReceiptTest) ... ok
test_os_step_activation_cannot_repeat_or_disappear (test_v8_contract.V8ReceiptTest) ... ok
test_public_diagnostic_bounds_are_strict (test_v8_contract.V8ReceiptTest) ... ok
test_start_activation_is_not_repeatable_or_an_incomplete_window (test_v8_contract.V8ReceiptTest) ... ok
test_start_disabled_hidden_occluded_and_nonfinite_fail (test_v8_contract.V8ReceiptTest) ... ok
test_start_last_window_and_dynamic_coordinate_drift_fail (test_v8_contract.V8ReceiptTest) ... ok
test_start_requires_executed_geometry_contract (test_v8_contract.V8ReceiptTest) ... ok
test_start_setup_and_canonical_successor_are_both_mandatory (test_v8_contract.V8ReceiptTest) ... ok
test_complete_original_matrix_changes_only_the_authorized_calls_and_wait_diagnostics (test_v8_contract.V8SourceControlTest) ... ok
test_each_v7_reference_changes_identity_without_changing_any_file (test_v8_contract.V8SourceControlTest) ... ok
test_every_consumed_v7_reference_is_bound_by_full_path_and_bytes (test_v8_contract.V8SourceControlTest) ... ok
test_every_observation_predicate_is_named_without_logging_preferences_or_private_state (test_v8_contract.V8SourceControlTest) ... ok
test_new_controls_are_bound_and_appended_to_only_the_copied_xctest (test_v8_contract.V8SourceControlTest) ... ok
test_original_app_observers_catalog_cleanup_and_oracle_controls_remain_byte_identical (test_v8_contract.V8SourceControlTest) ... ok
test_os_prerequisite_is_supported_ui_only_fresh_owned_and_after_both_complete_games (test_v8_contract.V8SourceControlTest) ... ok
test_start_keeps_one_activation_outside_readiness_and_proves_canonical_successor (test_v8_contract.V8SourceControlTest) ... ok
test_blocked_unknown_wrong_owner_and_budget_are_not_success (test_v9_contract.V9PrerequisiteReceiptTest) ... ok
test_covered_picker_ambiguity_and_wrong_primary_block_both_observations (test_v9_contract.V9PrerequisiteReceiptTest) ... ok
test_distinct_outcome_cannot_falsely_claim_language_addition (test_v9_contract.V9PrerequisiteReceiptTest) ... ok
test_executed_swift_decision_contract_is_mandatory_and_unique (test_v9_contract.V9PrerequisiteReceiptTest) ... ok
test_incomplete_or_covered_missing_arabic_baseline_blocks (test_v9_contract.V9PrerequisiteReceiptTest) ... ok
test_invalid_missing_or_offscreen_rectangles_block (test_v9_contract.V9PrerequisiteReceiptTest) ... ok
test_language_mutation_must_not_occur_on_already_satisfied_branch (test_v9_contract.V9PrerequisiteReceiptTest) ... ok
test_missing_arabic_retains_every_original_addition_oracle (test_v9_contract.V9PrerequisiteReceiptTest) ... ok
test_navigation_and_required_addition_steps_cannot_repeat_or_disappear (test_v9_contract.V9PrerequisiteReceiptTest) ... ok
test_preexisting_pair_passes_without_claiming_addition_or_origin (test_v9_contract.V9PrerequisiteReceiptTest) ... ok
test_present_language_boolean_alone_never_passes (test_v9_contract.V9PrerequisiteReceiptTest) ... ok
test_unique_merged_english_primary_is_supported_without_duplicate_rows (test_v9_contract.V9PrerequisiteReceiptTest) ... ok
test_wrong_row_order_cannot_be_hidden_by_true_flags (test_v9_contract.V9PrerequisiteReceiptTest) ... ok
test_every_consumed_v8_reference_and_before_after_binding_are_explicit (test_v9_contract.V9SourceControlTest) ... ok
test_missing_arabic_still_executes_unchanged_real_settings_actions (test_v9_contract.V9SourceControlTest) ... ok
test_original_per_app_matrix_probes_start_and_cleanup_stay_byte_identical (test_v9_contract.V9SourceControlTest) ... ok
test_satisfied_branch_reobserves_and_returns_without_mutating_languages (test_v9_contract.V9SourceControlTest) ... ok
test_v9_result_is_after_exact_xctest_and_before_original_probe_gate (test_v9_contract.V9SourceControlTest) ... ok

----------------------------------------------------------------------
Ran 199 tests in 5.800s

OK
