FOCUSED_COMMAND reader-hygiene-probe-workflow-python
test_binding_and_observer_omission_fail_closed (scripts.release.tests.test_ci_verification_hygiene.AndroidEmulatorAbsenceTest.test_binding_and_observer_omission_fail_closed) ... ok
test_coherent_sample_excludes_other_uid_without_reading_its_executable (scripts.release.tests.test_ci_verification_hygiene.AndroidEmulatorAbsenceTest.test_coherent_sample_excludes_other_uid_without_reading_its_executable) ... ok
test_deleted_executable_path_is_ambiguous_not_absence (scripts.release.tests.test_ci_verification_hygiene.AndroidEmulatorAbsenceTest.test_deleted_executable_path_is_ambiguous_not_absence) ... ok
test_enumeration_and_clock_limits_fail_closed (scripts.release.tests.test_ci_verification_hygiene.AndroidEmulatorAbsenceTest.test_enumeration_and_clock_limits_fail_closed) ... ok
test_executable_read_denial_or_disappearing_pid_is_not_absence (scripts.release.tests.test_ci_verification_hygiene.AndroidEmulatorAbsenceTest.test_executable_read_denial_or_disappearing_pid_is_not_absence) ... ok
test_malformed_missing_oversized_and_mixed_uid_records_fail_closed (scripts.release.tests.test_ci_verification_hygiene.AndroidEmulatorAbsenceTest.test_malformed_missing_oversized_and_mixed_uid_records_fail_closed) ... ok
test_opt_in_reader_does_not_hide_churn_or_sdk_emulator_executable (scripts.release.tests.test_ci_verification_hygiene.AndroidEmulatorAbsenceTest.test_opt_in_reader_does_not_hide_churn_or_sdk_emulator_executable) ... ok
test_opt_in_reader_never_escalates_later_exe_or_identity_failure (scripts.release.tests.test_ci_verification_hygiene.AndroidEmulatorAbsenceTest.test_opt_in_reader_never_escalates_later_exe_or_identity_failure) ... ok
test_opt_in_reader_only_recovers_first_selected_exe_eacces (scripts.release.tests.test_ci_verification_hygiene.AndroidEmulatorAbsenceTest.test_opt_in_reader_only_recovers_first_selected_exe_eacces) ... ok
test_pid_lifetime_uid_and_executable_changes_during_sample_fail (scripts.release.tests.test_ci_verification_hygiene.AndroidEmulatorAbsenceTest.test_pid_lifetime_uid_and_executable_changes_during_sample_fail) ... ok
test_same_prefix_sibling_is_outside_this_explicit_path_predicate (scripts.release.tests.test_ci_verification_hygiene.AndroidEmulatorAbsenceTest.test_same_prefix_sibling_is_outside_this_explicit_path_predicate) ... ok
test_same_uid_sdk_qemu_fails_without_attributing_or_killing_process (scripts.release.tests.test_ci_verification_hygiene.AndroidEmulatorAbsenceTest.test_same_uid_sdk_qemu_fails_without_attributing_or_killing_process) ... ok
test_real_clean_checkout_removes_exact_outputs_after_wrapper_stop (scripts.release.tests.test_ci_verification_hygiene.VerificationHygieneGitIntegrationTest.test_real_clean_checkout_removes_exact_outputs_after_wrapper_stop) ... ok
test_real_modified_build_input_preserves_all_generated_evidence (scripts.release.tests.test_ci_verification_hygiene.VerificationHygieneGitIntegrationTest.test_real_modified_build_input_preserves_all_generated_evidence) ... ok
test_android_audit_follows_upload_gate_and_failure_retains_outputs (scripts.release.tests.test_ci_verification_hygiene.VerificationHygieneTest.test_android_audit_follows_upload_gate_and_failure_retains_outputs) ... ok
test_android_successful_sample_allows_existing_exact_output_cleanup (scripts.release.tests.test_ci_verification_hygiene.VerificationHygieneTest.test_android_successful_sample_allows_existing_exact_output_cleanup) ... ok
test_both_hosts_use_the_repository_wrapper_for_stop (scripts.release.tests.test_ci_verification_hygiene.VerificationHygieneTest.test_both_hosts_use_the_repository_wrapper_for_stop) ... ok
test_changed_source_or_task_cannot_authorize_cleanup (scripts.release.tests.test_ci_verification_hygiene.VerificationHygieneTest.test_changed_source_or_task_cannot_authorize_cleanup) ... ok
test_cleanup_reader_cli_rejects_bad_flags_after_gradle_stop (scripts.release.tests.test_ci_verification_hygiene.VerificationHygieneTest.test_cleanup_reader_cli_rejects_bad_flags_after_gradle_stop) ... ok
test_cleanup_removes_only_claimed_outputs_and_keeps_evidence_and_source (scripts.release.tests.test_ci_verification_hygiene.VerificationHygieneTest.test_cleanup_removes_only_claimed_outputs_and_keeps_evidence_and_source) ... ok
test_cli_rejects_local_worktrees_before_cleaning (scripts.release.tests.test_ci_verification_hygiene.VerificationHygieneTest.test_cli_rejects_local_worktrees_before_cleaning) ... ok
test_dirty_worktree_with_unchanged_head_tree_and_paths_cannot_authorize_cleanup (scripts.release.tests.test_ci_verification_hygiene.VerificationHygieneTest.test_dirty_worktree_with_unchanged_head_tree_and_paths_cannot_authorize_cleanup) ... ok
test_failed_prepare_cannot_reuse_a_historical_same_task_claim (scripts.release.tests.test_ci_verification_hygiene.VerificationHygieneTest.test_failed_prepare_cannot_reuse_a_historical_same_task_claim) ... ok
test_failed_stop_preserves_generated_output_and_reports_failure (scripts.release.tests.test_ci_verification_hygiene.VerificationHygieneTest.test_failed_stop_preserves_generated_output_and_reports_failure) ... ok
test_historical_other_task_claim_does_not_authorize_current_cleanup (scripts.release.tests.test_ci_verification_hygiene.VerificationHygieneTest.test_historical_other_task_claim_does_not_authorize_current_cleanup) ... ok
test_missing_claim_fails_without_deleting_outputs (scripts.release.tests.test_ci_verification_hygiene.VerificationHygieneTest.test_missing_claim_fails_without_deleting_outputs) ... ok
test_nested_output_symlink_does_not_delete_external_target (scripts.release.tests.test_ci_verification_hygiene.VerificationHygieneTest.test_nested_output_symlink_does_not_delete_external_target) ... ok
test_new_claim_never_overwrites_a_historical_receipt (scripts.release.tests.test_ci_verification_hygiene.VerificationHygieneTest.test_new_claim_never_overwrites_a_historical_receipt) ... ok
test_non_object_ownership_record_fails_with_a_cleanup_receipt (scripts.release.tests.test_ci_verification_hygiene.VerificationHygieneTest.test_non_object_ownership_record_fails_with_a_cleanup_receipt) ... ok
test_preexisting_outputs_are_never_claimed (scripts.release.tests.test_ci_verification_hygiene.VerificationHygieneTest.test_preexisting_outputs_are_never_claimed) ... ok
test_reader_mode_and_reader_failure_retain_outputs_after_gradle_stop (scripts.release.tests.test_ci_verification_hygiene.VerificationHygieneTest.test_reader_mode_and_reader_failure_retain_outputs_after_gradle_stop) ... ok
test_roots_include_build_logic_and_only_known_generated_directories (scripts.release.tests.test_ci_verification_hygiene.VerificationHygieneTest.test_roots_include_build_logic_and_only_known_generated_directories) ... ok
test_success_without_actual_artifact_outputs_cannot_authorize_deletion (scripts.release.tests.test_ci_verification_hygiene.VerificationHygieneTest.test_success_without_actual_artifact_outputs_cannot_authorize_deletion) ... ok
test_symlink_sibling_rejects_cleanup_before_any_deletion (scripts.release.tests.test_ci_verification_hygiene.VerificationHygieneTest.test_symlink_sibling_rejects_cleanup_before_any_deletion) ... ok
test_tampered_source_path_claim_is_rejected (scripts.release.tests.test_ci_verification_hygiene.VerificationHygieneTest.test_tampered_source_path_claim_is_rejected) ... ok
test_unsuccessful_upload_preserves_evidence_and_still_stops_gradle (scripts.release.tests.test_ci_verification_hygiene.VerificationHygieneTest.test_unsuccessful_upload_preserves_evidence_and_still_stops_gradle) ... ok
test_every_job_retains_xml_before_always_run_cleanup (scripts.release.tests.test_ci_verification_hygiene.VerificationWorkflowHygieneTest.test_every_job_retains_xml_before_always_run_cleanup) ... ok
test_kotlin_compiler_work_is_owned_by_the_gradle_lane (scripts.release.tests.test_ci_verification_hygiene.VerificationWorkflowHygieneTest.test_kotlin_compiler_work_is_owned_by_the_gradle_lane) ... ok
test_denied_missing_timeout_or_expired_helper_cannot_be_absence (scripts.release.tests.test_linux_exe_reader.LinuxExeReaderClientTest.test_denied_missing_timeout_or_expired_helper_cannot_be_absence) ... ok
test_fixed_isolated_command_original_uid_and_bounded_private_protocol (scripts.release.tests.test_linux_exe_reader.LinuxExeReaderClientTest.test_fixed_isolated_command_original_uid_and_bounded_private_protocol) ... ok
test_invalid_request_or_redirected_helper_never_invokes_sudo (scripts.release.tests.test_linux_exe_reader.LinuxExeReaderClientTest.test_invalid_request_or_redirected_helper_never_invokes_sudo) ... ok
test_malformed_oversized_wrong_identity_and_changed_metadata_rejected (scripts.release.tests.test_linux_exe_reader.LinuxExeReaderClientTest.test_malformed_oversized_wrong_identity_and_changed_metadata_rejected) ... ok
test_changed_or_mixed_uid_and_lifetime_fail_before_emitting_paths (scripts.release.tests.test_linux_exe_reader.LinuxExeReaderTest.test_changed_or_mixed_uid_and_lifetime_fail_before_emitting_paths) ... ok
test_cli_has_own_deadline_and_never_emits_exception_message (scripts.release.tests.test_linux_exe_reader.LinuxExeReaderTest.test_cli_has_own_deadline_and_never_emits_exception_message) ... ok
test_deleted_nonregular_changed_or_oversized_executable_fails (scripts.release.tests.test_linux_exe_reader.LinuxExeReaderTest.test_deleted_nonregular_changed_or_oversized_executable_fails) ... ok
test_invalid_caller_uid_pid_and_lifetime_never_open_proc (scripts.release.tests.test_linux_exe_reader.LinuxExeReaderTest.test_invalid_caller_uid_pid_and_lifetime_never_open_proc) ... ok
test_one_pinned_numeric_directory_and_exact_read_only_metadata (scripts.release.tests.test_linux_exe_reader.LinuxExeReaderTest.test_one_pinned_numeric_directory_and_exact_read_only_metadata) ... ok
test_owned_identity_records_are_bounded_and_not_followed (scripts.release.tests.test_linux_exe_reader.LinuxExeReaderTest.test_owned_identity_records_are_bounded_and_not_followed) ... ok
test_controls_hash_exact_regular_bounded_bytes (scripts.release.tests.test_linux_process_probe.LinuxProcessProbeTest.test_controls_hash_exact_regular_bounded_bytes) ... ok
test_explicit_privileged_control_requires_an_actual_reader_success_record (scripts.release.tests.test_linux_process_probe.LinuxProcessProbeTest.test_explicit_privileged_control_requires_an_actual_reader_success_record) ... ok
test_finalizer_requires_retired_control_receipts_before_unchanged_cleanup (scripts.release.tests.test_linux_process_probe.LinuxProcessProbeTest.test_finalizer_requires_retired_control_receipts_before_unchanged_cleanup) ... ok
test_host_failure_is_not_promoted_and_new_child_waits_for_previous_cleanup (scripts.release.tests.test_linux_process_probe.LinuxProcessProbeTest.test_host_failure_is_not_promoted_and_new_child_waits_for_previous_cleanup) ... ok
test_negative_control_remains_failed_audit_and_uses_only_owned_isolated_child (scripts.release.tests.test_linux_process_probe.LinuxProcessProbeTest.test_negative_control_remains_failed_audit_and_uses_only_owned_isolated_child) ... ok
test_readiness_failure_reaps_child_without_sampling_or_private_text (scripts.release.tests.test_linux_process_probe.LinuxProcessProbeTest.test_readiness_failure_reaps_child_without_sampling_or_private_text) ... ok
test_source_scope_review_host_and_unused_inputs_are_fail_closed (scripts.release.tests.test_linux_process_probe.LinuxProcessProbeTest.test_source_scope_review_host_and_unused_inputs_are_fail_closed) ... ok
test_timeout_and_interrupt_retire_only_the_exact_owned_child (scripts.release.tests.test_linux_process_probe.LinuxProcessProbeTest.test_timeout_and_interrupt_retire_only_the_exact_owned_child) ... ok
test_unknown_selected_denial_is_not_the_expected_nondumpable_control (scripts.release.tests.test_linux_process_probe.LinuxProcessProbeTest.test_unknown_selected_denial_is_not_the_expected_nondumpable_control) ... ok
test_unreaped_child_or_changed_fixture_is_not_cleaned_or_passed (scripts.release.tests.test_linux_process_probe.LinuxProcessProbeTest.test_unreaped_child_or_changed_fixture_is_not_cleaned_or_passed) ... ok
test_actual_first_step_clock_producer_emits_exact_shared_kernel_and_run_source_token (scripts.release.tests.test_workflow_contract.WorkflowContractTest.test_actual_first_step_clock_producer_emits_exact_shared_kernel_and_run_source_token) ... ok
test_all_release_temporary_directories_use_signal_safe_cleanup (scripts.release.tests.test_workflow_contract.WorkflowContractTest.test_all_release_temporary_directories_use_signal_safe_cleanup) ... ok
test_android_and_ios_release_packages_must_verify_notice_bytes (scripts.release.tests.test_workflow_contract.WorkflowContractTest.test_android_and_ios_release_packages_must_verify_notice_bytes) ... ok
test_apple_signing_and_upload_scripts_require_identity_approval (scripts.release.tests.test_workflow_contract.WorkflowContractTest.test_apple_signing_and_upload_scripts_require_identity_approval) ... ok
test_candidate_build_number_claim_cannot_be_removed (scripts.release.tests.test_workflow_contract.WorkflowContractTest.test_candidate_build_number_claim_cannot_be_removed) ... ok
test_candidate_bundletool_download_must_be_bounded (scripts.release.tests.test_workflow_contract.WorkflowContractTest.test_candidate_bundletool_download_must_be_bounded) ... ok
test_candidate_claim_requires_a_secretless_protected_environment (scripts.release.tests.test_workflow_contract.WorkflowContractTest.test_candidate_claim_requires_a_secretless_protected_environment) ... ok
test_candidate_claim_transaction_cannot_be_scoped_per_sha (scripts.release.tests.test_workflow_contract.WorkflowContractTest.test_candidate_claim_transaction_cannot_be_scoped_per_sha) ... ok
test_candidate_dependency_and_validation_evidence_must_be_retained (scripts.release.tests.test_workflow_contract.WorkflowContractTest.test_candidate_dependency_and_validation_evidence_must_be_retained) ... ok
test_candidate_dependency_report_must_use_release_runtime (scripts.release.tests.test_workflow_contract.WorkflowContractTest.test_candidate_dependency_report_must_use_release_runtime) ... ok
test_candidate_preflight_requires_reviewed_managed_device_image (scripts.release.tests.test_workflow_contract.WorkflowContractTest.test_candidate_preflight_requires_reviewed_managed_device_image) ... ok
test_complete_ios_inventory_requires_successful_build_and_cleanup (scripts.release.tests.test_workflow_contract.WorkflowContractTest.test_complete_ios_inventory_requires_successful_build_and_cleanup) ... ok
test_every_store_workflow_job_is_repository_disabled (scripts.release.tests.test_workflow_contract.WorkflowContractTest.test_every_store_workflow_job_is_repository_disabled) ... ok
test_external_partial_rerun_evidence_cannot_be_removed (scripts.release.tests.test_workflow_contract.WorkflowContractTest.test_external_partial_rerun_evidence_cannot_be_removed) ... ok
test_focused_native_modes_do_not_weaken_full_verification (scripts.release.tests.test_workflow_contract.WorkflowContractTest.test_focused_native_modes_do_not_weaken_full_verification) ... ok
test_ios_app_launch_cannot_delay_finalization_or_claim_ownership_after_launch (scripts.release.tests.test_workflow_contract.WorkflowContractTest.test_ios_app_launch_cannot_delay_finalization_or_claim_ownership_after_launch) ... ok
test_ios_app_launch_requires_its_own_preparation_and_finalization (scripts.release.tests.test_workflow_contract.WorkflowContractTest.test_ios_app_launch_requires_its_own_preparation_and_finalization) ... ok
test_ios_app_launch_requires_owned_simulator_and_nonparallel_execution (scripts.release.tests.test_workflow_contract.WorkflowContractTest.test_ios_app_launch_requires_owned_simulator_and_nonparallel_execution) ... ok
test_ios_app_launch_ui_test_cannot_be_replaced_with_a_build (scripts.release.tests.test_workflow_contract.WorkflowContractTest.test_ios_app_launch_ui_test_cannot_be_replaced_with_a_build) ... ok
test_ios_artifact_validator_enforces_pinned_store_toolchain (scripts.release.tests.test_workflow_contract.WorkflowContractTest.test_ios_artifact_validator_enforces_pinned_store_toolchain) ... ok
test_ios_build_phases_do_not_inherit_source_signing_secrets (scripts.release.tests.test_workflow_contract.WorkflowContractTest.test_ios_build_phases_do_not_inherit_source_signing_secrets) ... ok
test_ios_profile_refusal_cannot_delete_a_preexisting_profile (scripts.release.tests.test_workflow_contract.WorkflowContractTest.test_ios_profile_refusal_cannot_delete_a_preexisting_profile) ... ok
test_ios_signing_cleanup_is_fail_closed (scripts.release.tests.test_workflow_contract.WorkflowContractTest.test_ios_signing_cleanup_is_fail_closed) ... ok
test_ios_upload_uses_scoped_key_directory_and_removes_raw_response (scripts.release.tests.test_workflow_contract.WorkflowContractTest.test_ios_upload_uses_scoped_key_directory_and_removes_raw_response) ... ok
test_linux_full_cleanup_reader_is_explicit_and_cannot_leak_to_other_jobs (scripts.release.tests.test_workflow_contract.WorkflowContractTest.test_linux_full_cleanup_reader_is_explicit_and_cannot_leak_to_other_jobs) ... ok
test_linux_probe_cannot_run_full_work_or_other_hosts (scripts.release.tests.test_workflow_contract.WorkflowContractTest.test_linux_probe_cannot_run_full_work_or_other_hosts) ... ok
test_linux_probe_emulator_package_prerequisite_is_bounded_and_after_admission (scripts.release.tests.test_workflow_contract.WorkflowContractTest.test_linux_probe_emulator_package_prerequisite_is_bounded_and_after_admission) ... ok
test_linux_probe_requires_bound_inputs_and_exact_compact_uploads (scripts.release.tests.test_workflow_contract.WorkflowContractTest.test_linux_probe_requires_bound_inputs_and_exact_compact_uploads) ... ok
test_managed_device_runner_cannot_use_production_signing_material (scripts.release.tests.test_workflow_contract.WorkflowContractTest.test_managed_device_runner_cannot_use_production_signing_material) ... ok
test_missing_shared_store_lock_is_rejected (scripts.release.tests.test_workflow_contract.WorkflowContractTest.test_missing_shared_store_lock_is_rejected) ... ok
test_mobile_release_kit_android_signing_fallbacks_remain_bounded (scripts.release.tests.test_workflow_contract.WorkflowContractTest.test_mobile_release_kit_android_signing_fallbacks_remain_bounded) ... ok
test_mobile_release_kit_ios_signing_mapping_is_release_target_only (scripts.release.tests.test_workflow_contract.WorkflowContractTest.test_mobile_release_kit_ios_signing_mapping_is_release_target_only) ... ok
test_mutable_action_reference_is_rejected (scripts.release.tests.test_workflow_contract.WorkflowContractTest.test_mutable_action_reference_is_rejected) ... ok
test_native_clock_cannot_be_restarted_later_or_moved_after_checkout (scripts.release.tests.test_workflow_contract.WorkflowContractTest.test_native_clock_cannot_be_restarted_later_or_moved_after_checkout) ... ok
test_native_clock_step_rejects_unshared_clocks_extra_code_fields_and_context_weakening (scripts.release.tests.test_workflow_contract.WorkflowContractTest.test_native_clock_step_rejects_unshared_clocks_extra_code_fields_and_context_weakening) ... ok
test_native_evidence_only_job_budget_and_all_other_scope_ceilings_are_exact (scripts.release.tests.test_workflow_contract.WorkflowContractTest.test_native_evidence_only_job_budget_and_all_other_scope_ceilings_are_exact) ... ok
test_native_selection_is_closed_paired_default_and_cannot_be_duplicated (scripts.release.tests.test_workflow_contract.WorkflowContractTest.test_native_selection_is_closed_paired_default_and_cannot_be_duplicated) ... ok
test_native_selection_validation_execution_and_cleanup_use_identical_input (scripts.release.tests.test_workflow_contract.WorkflowContractTest.test_native_selection_validation_execution_and_cleanup_use_identical_input) ... ok
test_new_store_workflow_job_cannot_omit_the_release_stop (scripts.release.tests.test_workflow_contract.WorkflowContractTest.test_new_store_workflow_job_cannot_omit_the_release_stop) ... ok
test_non_app_probe_requires_explicit_review_no_token_and_uploaded_custody (scripts.release.tests.test_workflow_contract.WorkflowContractTest.test_non_app_probe_requires_explicit_review_no_token_and_uploaded_custody) ... ok
test_probe_cannot_precede_scope_validation_or_upload (scripts.release.tests.test_workflow_contract.WorkflowContractTest.test_probe_cannot_precede_scope_validation_or_upload) ... ok
test_probe_cleanup_binding_timeout_and_artifact_paths_are_exact (scripts.release.tests.test_workflow_contract.WorkflowContractTest.test_probe_cleanup_binding_timeout_and_artifact_paths_are_exact) ... ok
test_production_build_command_is_rejected (scripts.release.tests.test_workflow_contract.WorkflowContractTest.test_production_build_command_is_rejected) ... ok
test_production_push_trigger_is_rejected (scripts.release.tests.test_workflow_contract.WorkflowContractTest.test_production_push_trigger_is_rejected) ... ok
test_production_without_external_receipt_attestation_is_rejected (scripts.release.tests.test_workflow_contract.WorkflowContractTest.test_production_without_external_receipt_attestation_is_rejected) ... ok
test_production_without_its_own_receipt_attestations_is_rejected (scripts.release.tests.test_workflow_contract.WorkflowContractTest.test_production_without_its_own_receipt_attestations_is_rejected) ... ok
test_promotion_without_candidate_attestation_is_rejected (scripts.release.tests.test_workflow_contract.WorkflowContractTest.test_promotion_without_candidate_attestation_is_rejected) ... ok
test_release_policy_includes_the_candidate_control_environment (scripts.release.tests.test_workflow_contract.WorkflowContractTest.test_release_policy_includes_the_candidate_control_environment) ... ok
test_release_system_enforces_review_inventory_freshness (scripts.release.tests.test_workflow_contract.WorkflowContractTest.test_release_system_enforces_review_inventory_freshness) ... ok
test_release_tool_download_failure_cannot_false_pass (scripts.release.tests.test_workflow_contract.WorkflowContractTest.test_release_tool_download_failure_cannot_false_pass) ... ok
test_repository_workflows_satisfy_release_contract (scripts.release.tests.test_workflow_contract.WorkflowContractTest.test_repository_workflows_satisfy_release_contract) ... ok
test_review_inventory_gate_has_full_git_history (scripts.release.tests.test_workflow_contract.WorkflowContractTest.test_review_inventory_gate_has_full_git_history) ... ok
test_scoped_full_finalizers_reject_every_nonexact_predicate (scripts.release.tests.test_workflow_contract.WorkflowContractTest.test_scoped_full_finalizers_reject_every_nonexact_predicate) ... ok
test_settings_and_os_selections_require_the_explicit_shared_probe_hash_binding (scripts.release.tests.test_workflow_contract.WorkflowContractTest.test_settings_and_os_selections_require_the_explicit_shared_probe_hash_binding) ... ok
test_store_workflow_without_identity_ownership_gate_is_rejected (scripts.release.tests.test_workflow_contract.WorkflowContractTest.test_store_workflow_without_identity_ownership_gate_is_rejected) ... ok
test_unreviewed_workflow_file_is_rejected (scripts.release.tests.test_workflow_contract.WorkflowContractTest.test_unreviewed_workflow_file_is_rejected) ... ok
test_unsigned_android_inventory_is_required_and_tool_cleanup_is_scoped (scripts.release.tests.test_workflow_contract.WorkflowContractTest.test_unsigned_android_inventory_is_required_and_tool_cleanup_is_scoped) ... ok
test_validation_requires_release_managed_device_runtime_gate (scripts.release.tests.test_workflow_contract.WorkflowContractTest.test_validation_requires_release_managed_device_runtime_gate) ... ok
test_windows_checkout_long_paths_and_exact_source_are_required_before_checkout (scripts.release.tests.test_workflow_contract.WorkflowContractTest.test_windows_checkout_long_paths_and_exact_source_are_required_before_checkout) ... ok
test_windows_only_selection_cannot_skip_full_or_run_other_jobs (scripts.release.tests.test_workflow_contract.WorkflowContractTest.test_windows_only_selection_cannot_skip_full_or_run_other_jobs) ... ok
test_xcode_identity_guard_matches_the_exact_build_setting (scripts.release.tests.test_workflow_contract.WorkflowContractTest.test_xcode_identity_guard_matches_the_exact_build_setting) ... ok

----------------------------------------------------------------------
Ran 119 tests in 0.705s

OK
release workflow contract: PASS
FOCUSED_COMMAND focused-actionlint
/root/projects/Parlor/parlor/remediation-runs/2026-09-07-local-readiness/evidence/continuation-linux-readonly-reader-controls-01/scratch/tmp/parlor-release-tools.he1mTa/shellcheck.tar.gz: OK
/root/projects/Parlor/parlor/remediation-runs/2026-09-07-local-readiness/evidence/continuation-linux-readonly-reader-controls-01/scratch/tmp/parlor-release-tools.he1mTa/actionlint.tar.gz: OK
