To honour the JVM settings for this build a single-use Daemon process will be forked. For more on this, please refer to https://docs.gradle.org/8.13/userguide/gradle_daemon.html#sec:disabling_the_daemon in the Gradle documentation.
Daemon will be stopped at the end of the build 
Type-safe project accessors is an incubating feature.
> Task :build-logic:convention:checkKotlinGradlePluginConfigurationErrors SKIPPED
> Task :build-logic:convention:compileKotlin
> Task :build-logic:convention:compileJava NO-SOURCE
> Task :build-logic:convention:pluginDescriptors
> Task :build-logic:convention:processResources
> Task :build-logic:convention:classes
> Task :build-logic:convention:jar

> Configure project :composeApp
WARNING: The option setting 'android.experimental.lint.version=9.1.1' is experimental.
w: [33m[1m⚠️ Deprecated Gradle Version[0m[0m
The used Gradle version (Gradle 8.13) is deprecated and will not be supported in future Kotlin Gradle Plugin releases.
The minimum supported Gradle version will become Gradle 8.14.4 in Kotlin 2.5.0.

This warning can be suppressed in 'gradle.properties':
    kotlin.suppressGradlePluginWarnings=DeprecatedGradleVersionWarning
[32m[1mSolution:[0m[0m
[32m[3mPlease update the Gradle version to at least Gradle 8.14.4.[0m[0m

w: [33m[1m⚠️ Native task 'iosX64Test' is disabled[0m[0m
Task 'iosX64Test' for target 'ios_x64' cannot run on the current host (macos-aarch64).
Reason: architecture mismatch - target requires X64, current host is ARM64
[32m[1mSolution:[0m[0m
[32m[3mTo suppress this warning, add 'kotlin.native.ignoreDisabledTargets=true' to gradle.properties.[0m[0m


> Task :composeApp:preBuild UP-TO-DATE
> Task :composeApp:preReleaseBuild UP-TO-DATE
> Task :composeApp:extractReleaseVersionControlInfo
> Task :composeApp:mergeReleaseShaders
> Task :composeApp:compileReleaseShaders NO-SOURCE
> Task :composeApp:convertXmlValueResourcesForAndroidMain NO-SOURCE
> Task :composeApp:copyNonXmlValueResourcesForAndroidMain NO-SOURCE
> Task :composeApp:prepareComposeResourcesTaskForAndroidMain NO-SOURCE
> Task :composeApp:convertXmlValueResourcesForAndroidRelease NO-SOURCE
> Task :composeApp:copyNonXmlValueResourcesForAndroidRelease NO-SOURCE
> Task :composeApp:prepareComposeResourcesTaskForAndroidRelease NO-SOURCE
> Task :composeApp:convertXmlValueResourcesForCommonMain
> Task :composeApp:copyNonXmlValueResourcesForCommonMain NO-SOURCE
> Task :composeApp:prepareComposeResourcesTaskForCommonMain UP-TO-DATE
> Task :composeApp:copyReleaseComposeResourcesToAndroidAssets
> Task :composeApp:generateReleaseAssets UP-TO-DATE
> Task :composeApp:releaseAssetsCopyForAGP NO-SOURCE
> Task :game-modes:mafia:preBuild UP-TO-DATE
> Task :game-modes:mafia:preReleaseBuild UP-TO-DATE
> Task :game-modes:mafia:mergeReleaseShaders
> Task :game-modes:mafia:compileReleaseShaders NO-SOURCE
> Task :game-modes:mafia:convertXmlValueResourcesForAndroidMain NO-SOURCE
> Task :game-modes:mafia:copyNonXmlValueResourcesForAndroidMain NO-SOURCE
> Task :game-modes:mafia:prepareComposeResourcesTaskForAndroidMain NO-SOURCE
> Task :game-modes:mafia:convertXmlValueResourcesForAndroidRelease NO-SOURCE
> Task :game-modes:mafia:copyNonXmlValueResourcesForAndroidRelease NO-SOURCE
> Task :game-modes:mafia:prepareComposeResourcesTaskForAndroidRelease NO-SOURCE
> Task :game-modes:mafia:convertXmlValueResourcesForCommonMain
> Task :game-modes:mafia:copyNonXmlValueResourcesForCommonMain NO-SOURCE
> Task :game-modes:mafia:prepareComposeResourcesTaskForCommonMain UP-TO-DATE
> Task :game-modes:mafia:copyReleaseComposeResourcesToAndroidAssets
> Task :game-modes:mafia:generateReleaseAssets UP-TO-DATE
> Task :game-modes:mafia:releaseAssetsCopyForAGP NO-SOURCE
> Task :build-logic:convention:detekt
> Task :game-modes:mafia:mergeReleaseAssets
> Task :game-modes:whodunit:preBuild UP-TO-DATE
> Task :game-modes:whodunit:preReleaseBuild UP-TO-DATE
> Task :game-modes:whodunit:mergeReleaseShaders
> Task :game-modes:whodunit:compileReleaseShaders NO-SOURCE
> Task :game-modes:whodunit:convertXmlValueResourcesForAndroidMain NO-SOURCE
> Task :game-modes:whodunit:copyNonXmlValueResourcesForAndroidMain NO-SOURCE
> Task :game-modes:whodunit:prepareComposeResourcesTaskForAndroidMain NO-SOURCE
> Task :game-modes:whodunit:convertXmlValueResourcesForAndroidRelease NO-SOURCE
> Task :game-modes:whodunit:copyNonXmlValueResourcesForAndroidRelease NO-SOURCE
> Task :game-modes:whodunit:prepareComposeResourcesTaskForAndroidRelease NO-SOURCE
> Task :game-modes:whodunit:convertXmlValueResourcesForCommonMain
> Task :game-modes:whodunit:copyNonXmlValueResourcesForCommonMain
> Task :game-modes:whodunit:prepareComposeResourcesTaskForCommonMain UP-TO-DATE
> Task :game-modes:whodunit:copyReleaseComposeResourcesToAndroidAssets
> Task :game-modes:whodunit:generateReleaseAssets UP-TO-DATE
> Task :game-modes:whodunit:releaseAssetsCopyForAGP NO-SOURCE
> Task :game-modes:whodunit:mergeReleaseAssets
> Task :shared:content:preBuild UP-TO-DATE
> Task :shared:content:preReleaseBuild UP-TO-DATE
> Task :shared:content:mergeReleaseShaders
> Task :shared:content:compileReleaseShaders NO-SOURCE
> Task :shared:content:generateReleaseAssets UP-TO-DATE
> Task :shared:content:releaseAssetsCopyForAGP NO-SOURCE
> Task :shared:content:mergeReleaseAssets
> Task :shared:core:preBuild UP-TO-DATE
> Task :shared:core:preReleaseBuild UP-TO-DATE
> Task :shared:core:mergeReleaseShaders
> Task :shared:core:compileReleaseShaders NO-SOURCE
> Task :shared:core:generateReleaseAssets UP-TO-DATE
> Task :shared:core:releaseAssetsCopyForAGP NO-SOURCE
> Task :shared:core:mergeReleaseAssets
> Task :shared:design-system:preBuild UP-TO-DATE
> Task :shared:design-system:preReleaseBuild UP-TO-DATE
> Task :shared:design-system:mergeReleaseShaders
> Task :shared:design-system:compileReleaseShaders NO-SOURCE
> Task :shared:design-system:convertXmlValueResourcesForAndroidMain NO-SOURCE
> Task :shared:design-system:copyNonXmlValueResourcesForAndroidMain NO-SOURCE
> Task :shared:design-system:prepareComposeResourcesTaskForAndroidMain NO-SOURCE
> Task :shared:design-system:convertXmlValueResourcesForAndroidRelease NO-SOURCE
> Task :shared:design-system:copyNonXmlValueResourcesForAndroidRelease NO-SOURCE
> Task :shared:design-system:prepareComposeResourcesTaskForAndroidRelease NO-SOURCE
> Task :shared:design-system:convertXmlValueResourcesForCommonMain
> Task :shared:design-system:copyNonXmlValueResourcesForCommonMain
> Task :shared:design-system:prepareComposeResourcesTaskForCommonMain UP-TO-DATE
> Task :shared:design-system:copyReleaseComposeResourcesToAndroidAssets
> Task :shared:design-system:generateReleaseAssets UP-TO-DATE
> Task :shared:design-system:releaseAssetsCopyForAGP NO-SOURCE
> Task :shared:design-system:mergeReleaseAssets
> Task :shared:engine:preBuild UP-TO-DATE
> Task :shared:engine:preReleaseBuild UP-TO-DATE
> Task :shared:engine:mergeReleaseShaders
> Task :shared:engine:compileReleaseShaders NO-SOURCE
> Task :shared:engine:generateReleaseAssets UP-TO-DATE
> Task :shared:engine:releaseAssetsCopyForAGP NO-SOURCE
> Task :shared:engine:mergeReleaseAssets
> Task :shared:networking:preBuild UP-TO-DATE
> Task :shared:networking:preReleaseBuild UP-TO-DATE
> Task :shared:networking:mergeReleaseShaders
> Task :shared:networking:compileReleaseShaders NO-SOURCE
> Task :shared:networking:generateReleaseAssets UP-TO-DATE
> Task :shared:networking:releaseAssetsCopyForAGP NO-SOURCE
> Task :shared:networking:mergeReleaseAssets
> Task :shared:session:preBuild UP-TO-DATE
> Task :shared:session:preReleaseBuild UP-TO-DATE
> Task :shared:session:mergeReleaseShaders
> Task :shared:session:compileReleaseShaders NO-SOURCE
> Task :shared:session:generateReleaseAssets UP-TO-DATE
> Task :shared:session:releaseAssetsCopyForAGP NO-SOURCE
> Task :shared:session:mergeReleaseAssets
> Task :shared:storage:preBuild UP-TO-DATE
> Task :shared:storage:preReleaseBuild UP-TO-DATE
> Task :shared:storage:mergeReleaseShaders
> Task :shared:storage:compileReleaseShaders NO-SOURCE
> Task :shared:storage:generateReleaseAssets UP-TO-DATE
> Task :shared:storage:releaseAssetsCopyForAGP NO-SOURCE
> Task :shared:storage:mergeReleaseAssets
> Task :shared:transport-p2p:preBuild UP-TO-DATE
> Task :shared:transport-p2p:preReleaseBuild UP-TO-DATE
> Task :shared:transport-p2p:mergeReleaseShaders
> Task :shared:transport-p2p:compileReleaseShaders NO-SOURCE
> Task :shared:transport-p2p:generateReleaseAssets UP-TO-DATE
> Task :shared:transport-p2p:releaseAssetsCopyForAGP NO-SOURCE
> Task :shared:transport-p2p:mergeReleaseAssets
> Task :composeApp:mergeReleaseAssets
> Task :game-modes:whodunit:kmpPartiallyResolvedDependenciesChecker
> Task :game-modes:whodunit:checkKotlinGradlePluginConfigurationErrors SKIPPED
> Task :game-modes:whodunit:generateResourceAccessorsForAndroidMain NO-SOURCE
> Task :game-modes:whodunit:generateResourceAccessorsForCommonMain
> Task :game-modes:whodunit:generateActualResourceCollectorsForAndroidMain
> Task :game-modes:whodunit:generateComposeResClass
> Task :game-modes:whodunit:generateExpectResourceCollectorsForCommonMain
> Task :game-modes:whodunit:generateReleaseResValues
> Task :game-modes:whodunit:generateReleaseResources
> Task :game-modes:whodunit:packageReleaseResources
> Task :game-modes:whodunit:processReleaseNavigationResources
> Task :game-modes:whodunit:parseReleaseLocalResources
> Task :game-modes:whodunit:generateReleaseRFile
> Task :game-modes:whodunit:generateResourceAccessorsForAndroidRelease NO-SOURCE
> Task :shared:content:kmpPartiallyResolvedDependenciesChecker
> Task :shared:content:checkKotlinGradlePluginConfigurationErrors SKIPPED
> Task :shared:content:generateReleaseResValues
> Task :shared:content:generateReleaseResources
> Task :shared:content:packageReleaseResources
> Task :shared:content:processReleaseNavigationResources
> Task :shared:content:parseReleaseLocalResources
> Task :shared:content:generateReleaseRFile
> Task :shared:core:kmpPartiallyResolvedDependenciesChecker
> Task :shared:core:checkKotlinGradlePluginConfigurationErrors SKIPPED
> Task :shared:core:generateReleaseResValues
> Task :shared:core:generateReleaseResources
> Task :shared:core:packageReleaseResources
> Task :shared:core:processReleaseNavigationResources
> Task :shared:core:parseReleaseLocalResources
> Task :shared:core:generateReleaseRFile
> Task :shared:core:compileReleaseKotlinAndroid
> Task :shared:core:javaPreCompileRelease
> Task :shared:core:compileReleaseJavaWithJavac NO-SOURCE
> Task :shared:core:bundleLibCompileToJarRelease
> Task :shared:engine:kmpPartiallyResolvedDependenciesChecker
> Task :shared:engine:checkKotlinGradlePluginConfigurationErrors SKIPPED
> Task :shared:engine:generateReleaseResValues
> Task :shared:engine:generateReleaseResources
> Task :shared:engine:packageReleaseResources
> Task :shared:engine:processReleaseNavigationResources
> Task :shared:engine:parseReleaseLocalResources
> Task :shared:engine:generateReleaseRFile
> Task :shared:engine:compileReleaseKotlinAndroid
> Task :shared:engine:javaPreCompileRelease
> Task :shared:engine:compileReleaseJavaWithJavac NO-SOURCE
> Task :shared:engine:bundleLibCompileToJarRelease
> Task :shared:content:compileReleaseKotlinAndroid
> Task :shared:content:javaPreCompileRelease
> Task :shared:content:compileReleaseJavaWithJavac NO-SOURCE
> Task :shared:content:bundleLibCompileToJarRelease
> Task :shared:design-system:kmpPartiallyResolvedDependenciesChecker
> Task :shared:design-system:checkKotlinGradlePluginConfigurationErrors SKIPPED
> Task :shared:design-system:generateResourceAccessorsForAndroidMain NO-SOURCE
> Task :shared:design-system:generateResourceAccessorsForCommonMain
> Task :shared:design-system:generateActualResourceCollectorsForAndroidMain
> Task :shared:design-system:generateComposeResClass
> Task :shared:design-system:generateExpectResourceCollectorsForCommonMain
> Task :shared:design-system:generateReleaseResValues
> Task :shared:design-system:generateReleaseResources
> Task :shared:design-system:packageReleaseResources
> Task :shared:design-system:processReleaseNavigationResources
> Task :shared:design-system:parseReleaseLocalResources
> Task :shared:design-system:generateReleaseRFile
> Task :shared:design-system:generateResourceAccessorsForAndroidRelease NO-SOURCE
> Task :shared:design-system:compileReleaseKotlinAndroid
> Task :shared:design-system:javaPreCompileRelease
> Task :shared:design-system:compileReleaseJavaWithJavac NO-SOURCE
> Task :shared:design-system:bundleLibCompileToJarRelease
> Task :shared:networking:kmpPartiallyResolvedDependenciesChecker
> Task :shared:networking:checkKotlinGradlePluginConfigurationErrors SKIPPED
> Task :shared:networking:generateReleaseResValues
> Task :shared:networking:generateReleaseResources
> Task :shared:networking:packageReleaseResources
> Task :shared:networking:processReleaseNavigationResources
> Task :shared:networking:parseReleaseLocalResources
> Task :shared:networking:generateReleaseRFile
> Task :shared:networking:compileReleaseKotlinAndroid
> Task :shared:networking:javaPreCompileRelease
> Task :shared:networking:compileReleaseJavaWithJavac NO-SOURCE
> Task :shared:networking:bundleLibCompileToJarRelease
> Task :shared:session:kmpPartiallyResolvedDependenciesChecker
> Task :shared:session:checkKotlinGradlePluginConfigurationErrors SKIPPED
> Task :shared:session:generateReleaseResValues
> Task :shared:session:generateReleaseResources
> Task :shared:session:packageReleaseResources
> Task :shared:session:processReleaseNavigationResources
> Task :shared:session:parseReleaseLocalResources
> Task :shared:session:generateReleaseRFile
> Task :shared:session:compileReleaseKotlinAndroid
> Task :shared:session:javaPreCompileRelease
> Task :shared:session:compileReleaseJavaWithJavac NO-SOURCE
> Task :shared:session:bundleLibCompileToJarRelease
> Task :shared:storage:kmpPartiallyResolvedDependenciesChecker
> Task :shared:storage:checkKotlinGradlePluginConfigurationErrors SKIPPED
> Task :shared:storage:generateReleaseResValues
> Task :shared:storage:generateReleaseResources
> Task :shared:storage:packageReleaseResources
> Task :shared:storage:processReleaseNavigationResources
> Task :shared:storage:parseReleaseLocalResources
> Task :shared:storage:generateReleaseRFile
> Task :shared:storage:compileReleaseKotlinAndroid
> Task :shared:storage:javaPreCompileRelease
> Task :shared:storage:compileReleaseJavaWithJavac NO-SOURCE
> Task :shared:storage:bundleLibCompileToJarRelease
> Task :game-modes:whodunit:compileReleaseKotlinAndroid
> Task :game-modes:whodunit:javaPreCompileRelease
> Task :game-modes:whodunit:compileReleaseJavaWithJavac NO-SOURCE
> Task :game-modes:whodunit:mergeReleaseGeneratedProguardFiles UP-TO-DATE
> Task :game-modes:whodunit:exportReleaseConsumerProguardFiles UP-TO-DATE
> Task :game-modes:mafia:kmpPartiallyResolvedDependenciesChecker
> Task :game-modes:mafia:checkKotlinGradlePluginConfigurationErrors SKIPPED
> Task :game-modes:mafia:generateResourceAccessorsForAndroidMain NO-SOURCE
> Task :game-modes:mafia:generateResourceAccessorsForCommonMain
> Task :game-modes:mafia:generateActualResourceCollectorsForAndroidMain
> Task :game-modes:mafia:generateComposeResClass
> Task :game-modes:mafia:generateExpectResourceCollectorsForCommonMain
> Task :game-modes:mafia:generateReleaseResValues
> Task :game-modes:mafia:generateReleaseResources
> Task :game-modes:mafia:packageReleaseResources
> Task :game-modes:mafia:processReleaseNavigationResources
> Task :game-modes:mafia:parseReleaseLocalResources
> Task :game-modes:mafia:generateReleaseRFile
> Task :game-modes:mafia:generateResourceAccessorsForAndroidRelease NO-SOURCE
> Task :game-modes:mafia:compileReleaseKotlinAndroid
> Task :game-modes:mafia:javaPreCompileRelease
> Task :game-modes:mafia:compileReleaseJavaWithJavac NO-SOURCE
> Task :game-modes:mafia:mergeReleaseGeneratedProguardFiles UP-TO-DATE
> Task :game-modes:mafia:exportReleaseConsumerProguardFiles UP-TO-DATE
> Task :shared:session:mergeReleaseGeneratedProguardFiles UP-TO-DATE
> Task :shared:session:exportReleaseConsumerProguardFiles UP-TO-DATE
> Task :shared:content:mergeReleaseGeneratedProguardFiles UP-TO-DATE
> Task :shared:content:exportReleaseConsumerProguardFiles UP-TO-DATE
> Task :shared:transport-p2p:kmpPartiallyResolvedDependenciesChecker
> Task :shared:transport-p2p:checkKotlinGradlePluginConfigurationErrors SKIPPED
> Task :shared:transport-p2p:generateReleaseResValues
> Task :shared:transport-p2p:generateReleaseResources
> Task :shared:transport-p2p:packageReleaseResources
> Task :shared:transport-p2p:processReleaseNavigationResources
> Task :shared:transport-p2p:parseReleaseLocalResources
> Task :shared:transport-p2p:generateReleaseRFile
> Task :shared:transport-p2p:compileReleaseKotlinAndroid
> Task :shared:transport-p2p:javaPreCompileRelease
> Task :shared:transport-p2p:compileReleaseJavaWithJavac NO-SOURCE
> Task :shared:transport-p2p:mergeReleaseGeneratedProguardFiles UP-TO-DATE
> Task :shared:transport-p2p:exportReleaseConsumerProguardFiles UP-TO-DATE
> Task :shared:networking:mergeReleaseGeneratedProguardFiles UP-TO-DATE
> Task :shared:networking:exportReleaseConsumerProguardFiles UP-TO-DATE
> Task :shared:storage:mergeReleaseGeneratedProguardFiles UP-TO-DATE
> Task :shared:storage:exportReleaseConsumerProguardFiles UP-TO-DATE
> Task :shared:engine:mergeReleaseGeneratedProguardFiles UP-TO-DATE
> Task :shared:engine:exportReleaseConsumerProguardFiles UP-TO-DATE
> Task :shared:design-system:mergeReleaseGeneratedProguardFiles UP-TO-DATE
> Task :shared:design-system:exportReleaseConsumerProguardFiles UP-TO-DATE
> Task :shared:core:mergeReleaseGeneratedProguardFiles UP-TO-DATE
> Task :shared:core:exportReleaseConsumerProguardFiles UP-TO-DATE
> Task :composeApp:buildKotlinToolingMetadata
> Task :composeApp:checkReleaseDuplicateClasses
> Task :composeApp:kmpPartiallyResolvedDependenciesChecker
> Task :composeApp:checkKotlinGradlePluginConfigurationErrors SKIPPED
> Task :composeApp:generateResourceAccessorsForAndroidMain NO-SOURCE
> Task :composeApp:generateResourceAccessorsForCommonMain
> Task :composeApp:generateActualResourceCollectorsForAndroidMain
> Task :composeApp:generateComposeResClass
> Task :composeApp:generateExpectResourceCollectorsForCommonMain
> Task :composeApp:generateParlorVersion
> Task :composeApp:generateResourceAccessorsForAndroidRelease NO-SOURCE
> Task :game-modes:mafia:writeReleaseAarMetadata
> Task :game-modes:whodunit:writeReleaseAarMetadata
> Task :shared:content:writeReleaseAarMetadata
> Task :shared:core:writeReleaseAarMetadata
> Task :shared:design-system:writeReleaseAarMetadata
> Task :shared:engine:writeReleaseAarMetadata
> Task :shared:networking:writeReleaseAarMetadata
> Task :shared:session:writeReleaseAarMetadata
> Task :shared:storage:writeReleaseAarMetadata
> Task :shared:transport-p2p:writeReleaseAarMetadata
> Task :composeApp:checkReleaseAarMetadata
> Task :composeApp:processReleaseNavigationResources
> Task :composeApp:compileReleaseNavigationResources
> Task :composeApp:generateReleaseResValues
> Task :composeApp:mapReleaseSourceSetPaths
> Task :composeApp:generateReleaseResources
> Task :composeApp:mergeReleaseResources
> Task :composeApp:packageReleaseResources
> Task :composeApp:parseReleaseLocalResources
> Task :composeApp:createReleaseCompatibleScreenManifests
> Task :composeApp:extractDeepLinksRelease
> Task :game-modes:mafia:extractDeepLinksRelease
> Task :game-modes:mafia:processReleaseManifest
> Task :game-modes:whodunit:extractDeepLinksRelease
> Task :game-modes:whodunit:processReleaseManifest
> Task :shared:content:extractDeepLinksRelease
> Task :shared:content:processReleaseManifest
> Task :shared:core:extractDeepLinksRelease
> Task :shared:core:processReleaseManifest
> Task :shared:design-system:extractDeepLinksRelease
> Task :shared:design-system:processReleaseManifest
> Task :shared:engine:extractDeepLinksRelease
> Task :shared:engine:processReleaseManifest
> Task :shared:networking:extractDeepLinksRelease
> Task :shared:networking:processReleaseManifest
> Task :shared:session:extractDeepLinksRelease
> Task :shared:session:processReleaseManifest
> Task :shared:storage:extractDeepLinksRelease
> Task :shared:storage:processReleaseManifest
> Task :shared:transport-p2p:extractDeepLinksRelease
> Task :shared:transport-p2p:processReleaseManifest
> Task :composeApp:processReleaseMainManifest
> Task :composeApp:processReleaseManifest
> Task :composeApp:processReleaseManifestForPackage
> Task :composeApp:processReleaseResources
> Task :game-modes:mafia:bundleLibCompileToJarRelease
> Task :game-modes:whodunit:bundleLibCompileToJarRelease
> Task :shared:transport-p2p:bundleLibCompileToJarRelease
> Task :composeApp:compileReleaseKotlinAndroid
> Task :composeApp:javaPreCompileRelease
> Task :composeApp:compileReleaseJavaWithJavac NO-SOURCE
> Task :game-modes:mafia:prepareReleaseArtProfile UP-TO-DATE
> Task :game-modes:whodunit:prepareReleaseArtProfile UP-TO-DATE
> Task :shared:content:prepareReleaseArtProfile UP-TO-DATE
> Task :shared:core:prepareReleaseArtProfile UP-TO-DATE
> Task :shared:design-system:prepareReleaseArtProfile UP-TO-DATE
> Task :shared:engine:prepareReleaseArtProfile UP-TO-DATE
> Task :shared:networking:prepareReleaseArtProfile UP-TO-DATE
> Task :shared:session:prepareReleaseArtProfile UP-TO-DATE
> Task :shared:storage:prepareReleaseArtProfile UP-TO-DATE
> Task :shared:transport-p2p:prepareReleaseArtProfile UP-TO-DATE
> Task :composeApp:mergeReleaseArtProfile
> Task :game-modes:mafia:bundleLibRuntimeToJarRelease
> Task :game-modes:whodunit:bundleLibRuntimeToJarRelease
> Task :shared:content:bundleLibRuntimeToJarRelease
> Task :shared:core:bundleLibRuntimeToJarRelease
> Task :shared:design-system:bundleLibRuntimeToJarRelease
> Task :shared:engine:bundleLibRuntimeToJarRelease
> Task :shared:networking:bundleLibRuntimeToJarRelease
> Task :shared:session:bundleLibRuntimeToJarRelease
> Task :shared:storage:bundleLibRuntimeToJarRelease
> Task :shared:transport-p2p:bundleLibRuntimeToJarRelease
> Task :composeApp:expandReleaseArtProfileWildcards
> Task :composeApp:extractProguardFiles
> Task :composeApp:mergeReleaseGeneratedProguardFiles UP-TO-DATE
> Task :composeApp:processReleaseJavaRes
> Task :game-modes:mafia:processReleaseJavaRes
> Task :game-modes:whodunit:processReleaseJavaRes
> Task :shared:content:processReleaseJavaRes
> Task :shared:core:processReleaseJavaRes
> Task :shared:design-system:processReleaseJavaRes
> Task :shared:engine:processReleaseJavaRes
> Task :shared:networking:processReleaseJavaRes
> Task :shared:session:processReleaseJavaRes
> Task :shared:storage:processReleaseJavaRes
> Task :shared:transport-p2p:processReleaseJavaRes
> Task :composeApp:mergeReleaseJavaResource
> Task :composeApp:mergeReleaseStartupProfile UP-TO-DATE

> Task :composeApp:minifyReleaseWithR8
WARNING: R8: Class file resource provider does not support async parsing: com.android.builder.dexing.r8.ClassFileProviderFactory$OrderedClassFileResourceProvider
WARNING: R8: Class file resource provider does not support async parsing: com.android.builder.dexing.r8.ClassFileProviderFactory$OrderedClassFileResourceProvider

> Task :composeApp:mergeReleaseJniLibFolders
> Task :game-modes:mafia:mergeReleaseJniLibFolders
> Task :game-modes:mafia:mergeReleaseNativeLibs NO-SOURCE
> Task :game-modes:mafia:copyReleaseJniLibsProjectOnly
> Task :game-modes:whodunit:mergeReleaseJniLibFolders
> Task :game-modes:whodunit:mergeReleaseNativeLibs NO-SOURCE
> Task :game-modes:whodunit:copyReleaseJniLibsProjectOnly
> Task :shared:content:mergeReleaseJniLibFolders
> Task :shared:content:mergeReleaseNativeLibs NO-SOURCE
> Task :shared:content:copyReleaseJniLibsProjectOnly
> Task :shared:core:mergeReleaseJniLibFolders
> Task :shared:core:mergeReleaseNativeLibs NO-SOURCE
> Task :shared:core:copyReleaseJniLibsProjectOnly
> Task :shared:design-system:mergeReleaseJniLibFolders
> Task :shared:design-system:mergeReleaseNativeLibs NO-SOURCE
> Task :shared:design-system:copyReleaseJniLibsProjectOnly
> Task :shared:engine:mergeReleaseJniLibFolders
> Task :shared:engine:mergeReleaseNativeLibs NO-SOURCE
> Task :shared:engine:copyReleaseJniLibsProjectOnly
> Task :shared:networking:mergeReleaseJniLibFolders
> Task :shared:networking:mergeReleaseNativeLibs NO-SOURCE
> Task :shared:networking:copyReleaseJniLibsProjectOnly
> Task :shared:session:mergeReleaseJniLibFolders
> Task :shared:session:mergeReleaseNativeLibs NO-SOURCE
> Task :shared:session:copyReleaseJniLibsProjectOnly
> Task :shared:storage:mergeReleaseJniLibFolders
> Task :shared:storage:mergeReleaseNativeLibs NO-SOURCE
> Task :shared:storage:copyReleaseJniLibsProjectOnly
> Task :shared:transport-p2p:mergeReleaseJniLibFolders
> Task :shared:transport-p2p:mergeReleaseNativeLibs NO-SOURCE
> Task :shared:transport-p2p:copyReleaseJniLibsProjectOnly
> Task :composeApp:mergeReleaseNativeLibs

> Task :composeApp:stripReleaseDebugSymbols
Unable to strip the following libraries, packaging them as they are: libandroidx.graphics.path.so. Run with --info option to learn more.

> Task :composeApp:writeReleaseAppMetadata
> Task :composeApp:buildReleasePreBundle
> Task :composeApp:produceReleaseComposeMapping
> Task :composeApp:reportReleaseComposeMappingErrors
> Task :composeApp:mergeReleaseComposeMapping
> Task :composeApp:compileReleaseArtProfile
> Task :composeApp:collectReleaseDependencies
> Task :composeApp:configureReleaseDependencies
> Task :composeApp:extractReleaseNativeDebugMetadata
> Task :composeApp:convertXmlValueResourcesForAndroidDebug NO-SOURCE
> Task :composeApp:copyNonXmlValueResourcesForAndroidDebug NO-SOURCE
> Task :composeApp:prepareComposeResourcesTaskForAndroidDebug NO-SOURCE
> Task :composeApp:copyDebugComposeResourcesToAndroidAssets
> Task :composeApp:generateResourceAccessorsForAndroidDebug NO-SOURCE
> Task :composeApp:convertXmlValueResourcesForAndroidUnitTest NO-SOURCE
> Task :composeApp:copyNonXmlValueResourcesForAndroidUnitTest NO-SOURCE
> Task :composeApp:prepareComposeResourcesTaskForAndroidUnitTest NO-SOURCE
> Task :composeApp:generateResourceAccessorsForAndroidUnitTest NO-SOURCE
> Task :composeApp:convertXmlValueResourcesForAndroidUnitTestDebug NO-SOURCE
> Task :composeApp:copyNonXmlValueResourcesForAndroidUnitTestDebug NO-SOURCE
> Task :composeApp:prepareComposeResourcesTaskForAndroidUnitTestDebug NO-SOURCE
> Task :composeApp:generateResourceAccessorsForAndroidUnitTestDebug NO-SOURCE
> Task :composeApp:convertXmlValueResourcesForAndroidUnitTestRelease NO-SOURCE
> Task :composeApp:copyNonXmlValueResourcesForAndroidUnitTestRelease NO-SOURCE
> Task :composeApp:prepareComposeResourcesTaskForAndroidUnitTestRelease NO-SOURCE
> Task :composeApp:generateResourceAccessorsForAndroidUnitTestRelease NO-SOURCE
> Task :composeApp:convertXmlValueResourcesForCommonTest NO-SOURCE
> Task :composeApp:copyNonXmlValueResourcesForCommonTest NO-SOURCE
> Task :composeApp:prepareComposeResourcesTaskForCommonTest NO-SOURCE
> Task :composeApp:generateResourceAccessorsForCommonTest NO-SOURCE
> Task :composeApp:convertXmlValueResourcesForDesktopMain NO-SOURCE
> Task :composeApp:copyNonXmlValueResourcesForDesktopMain NO-SOURCE
> Task :composeApp:prepareComposeResourcesTaskForDesktopMain NO-SOURCE
> Task :composeApp:generateResourceAccessorsForDesktopMain NO-SOURCE
> Task :composeApp:convertXmlValueResourcesForDesktopTest NO-SOURCE
> Task :composeApp:copyNonXmlValueResourcesForDesktopTest NO-SOURCE
> Task :composeApp:prepareComposeResourcesTaskForDesktopTest NO-SOURCE
> Task :composeApp:generateResourceAccessorsForDesktopTest NO-SOURCE
> Task :game-modes:mafia:createFullJarRelease
> Task :game-modes:mafia:convertXmlValueResourcesForAndroidDebug NO-SOURCE
> Task :game-modes:mafia:copyNonXmlValueResourcesForAndroidDebug NO-SOURCE
> Task :game-modes:mafia:prepareComposeResourcesTaskForAndroidDebug NO-SOURCE
> Task :game-modes:mafia:copyDebugComposeResourcesToAndroidAssets
> Task :game-modes:mafia:generateResourceAccessorsForAndroidDebug NO-SOURCE
> Task :game-modes:mafia:convertXmlValueResourcesForAndroidUnitTest NO-SOURCE
> Task :game-modes:mafia:copyNonXmlValueResourcesForAndroidUnitTest NO-SOURCE
> Task :game-modes:mafia:prepareComposeResourcesTaskForAndroidUnitTest NO-SOURCE
> Task :game-modes:mafia:generateResourceAccessorsForAndroidUnitTest NO-SOURCE
> Task :game-modes:mafia:convertXmlValueResourcesForAndroidUnitTestRelease NO-SOURCE
> Task :game-modes:mafia:copyNonXmlValueResourcesForAndroidUnitTestRelease NO-SOURCE
> Task :game-modes:mafia:prepareComposeResourcesTaskForAndroidUnitTestRelease NO-SOURCE
> Task :game-modes:mafia:generateResourceAccessorsForAndroidUnitTestRelease NO-SOURCE
> Task :game-modes:mafia:convertXmlValueResourcesForCommonTest NO-SOURCE
> Task :game-modes:mafia:copyNonXmlValueResourcesForCommonTest NO-SOURCE
> Task :game-modes:mafia:prepareComposeResourcesTaskForCommonTest NO-SOURCE
> Task :game-modes:mafia:generateResourceAccessorsForCommonTest NO-SOURCE
> Task :game-modes:mafia:convertXmlValueResourcesForDesktopMain NO-SOURCE
> Task :game-modes:mafia:copyNonXmlValueResourcesForDesktopMain NO-SOURCE
> Task :game-modes:mafia:prepareComposeResourcesTaskForDesktopMain NO-SOURCE
> Task :game-modes:mafia:generateResourceAccessorsForDesktopMain NO-SOURCE
> Task :game-modes:mafia:convertXmlValueResourcesForDesktopTest NO-SOURCE
> Task :game-modes:mafia:copyNonXmlValueResourcesForDesktopTest NO-SOURCE
> Task :game-modes:mafia:prepareComposeResourcesTaskForDesktopTest NO-SOURCE
> Task :game-modes:mafia:generateResourceAccessorsForDesktopTest NO-SOURCE
> Task :game-modes:mafia:extractProguardFiles
> Task :shared:content:createFullJarRelease
> Task :shared:content:extractProguardFiles
> Task :shared:core:createFullJarRelease
> Task :shared:core:extractProguardFiles
> Task :shared:core:generateReleaseLintModel
> Task :shared:core:prepareLintJarForPublish UP-TO-DATE
> Task :shared:engine:createFullJarRelease
> Task :shared:engine:extractProguardFiles
> Task :shared:engine:generateReleaseLintModel
> Task :shared:engine:prepareLintJarForPublish UP-TO-DATE
> Task :shared:content:generateReleaseLintModel
> Task :shared:content:prepareLintJarForPublish UP-TO-DATE
> Task :shared:design-system:createFullJarRelease
> Task :shared:design-system:convertXmlValueResourcesForAndroidDebug NO-SOURCE
> Task :shared:design-system:copyNonXmlValueResourcesForAndroidDebug NO-SOURCE
> Task :shared:design-system:prepareComposeResourcesTaskForAndroidDebug NO-SOURCE
> Task :shared:design-system:copyDebugComposeResourcesToAndroidAssets
> Task :shared:design-system:generateResourceAccessorsForAndroidDebug NO-SOURCE
> Task :shared:design-system:convertXmlValueResourcesForAndroidUnitTest NO-SOURCE
> Task :shared:design-system:copyNonXmlValueResourcesForAndroidUnitTest NO-SOURCE
> Task :shared:design-system:prepareComposeResourcesTaskForAndroidUnitTest NO-SOURCE
> Task :shared:design-system:generateResourceAccessorsForAndroidUnitTest NO-SOURCE
> Task :shared:design-system:convertXmlValueResourcesForAndroidUnitTestRelease NO-SOURCE
> Task :shared:design-system:copyNonXmlValueResourcesForAndroidUnitTestRelease NO-SOURCE
> Task :shared:design-system:prepareComposeResourcesTaskForAndroidUnitTestRelease NO-SOURCE
> Task :shared:design-system:generateResourceAccessorsForAndroidUnitTestRelease NO-SOURCE
> Task :shared:design-system:convertXmlValueResourcesForCommonTest NO-SOURCE
> Task :shared:design-system:copyNonXmlValueResourcesForCommonTest NO-SOURCE
> Task :shared:design-system:prepareComposeResourcesTaskForCommonTest NO-SOURCE
> Task :shared:design-system:generateResourceAccessorsForCommonTest NO-SOURCE
> Task :shared:design-system:convertXmlValueResourcesForDesktopMain NO-SOURCE
> Task :shared:design-system:copyNonXmlValueResourcesForDesktopMain NO-SOURCE
> Task :shared:design-system:prepareComposeResourcesTaskForDesktopMain NO-SOURCE
> Task :shared:design-system:generateResourceAccessorsForDesktopMain NO-SOURCE
> Task :shared:design-system:convertXmlValueResourcesForDesktopTest NO-SOURCE
> Task :shared:design-system:copyNonXmlValueResourcesForDesktopTest NO-SOURCE
> Task :shared:design-system:prepareComposeResourcesTaskForDesktopTest NO-SOURCE
> Task :shared:design-system:generateResourceAccessorsForDesktopTest NO-SOURCE
> Task :shared:design-system:extractProguardFiles
> Task :shared:design-system:generateReleaseLintModel
> Task :shared:design-system:prepareLintJarForPublish UP-TO-DATE
> Task :shared:networking:createFullJarRelease
> Task :shared:networking:extractProguardFiles
> Task :shared:networking:generateReleaseLintModel
> Task :shared:networking:prepareLintJarForPublish UP-TO-DATE
> Task :shared:session:createFullJarRelease
> Task :shared:session:extractProguardFiles
> Task :shared:session:generateReleaseLintModel
> Task :shared:session:prepareLintJarForPublish UP-TO-DATE
> Task :shared:storage:createFullJarRelease
> Task :shared:storage:extractProguardFiles
> Task :shared:storage:generateReleaseLintModel
> Task :shared:storage:prepareLintJarForPublish UP-TO-DATE
> Task :game-modes:mafia:generateReleaseLintModel
> Task :game-modes:mafia:prepareLintJarForPublish UP-TO-DATE
> Task :game-modes:whodunit:createFullJarRelease
> Task :game-modes:whodunit:convertXmlValueResourcesForAndroidDebug NO-SOURCE
> Task :game-modes:whodunit:copyNonXmlValueResourcesForAndroidDebug NO-SOURCE
> Task :game-modes:whodunit:prepareComposeResourcesTaskForAndroidDebug NO-SOURCE
> Task :game-modes:whodunit:copyDebugComposeResourcesToAndroidAssets
> Task :game-modes:whodunit:generateResourceAccessorsForAndroidDebug NO-SOURCE
> Task :game-modes:whodunit:convertXmlValueResourcesForAndroidUnitTest NO-SOURCE
> Task :game-modes:whodunit:copyNonXmlValueResourcesForAndroidUnitTest NO-SOURCE
> Task :game-modes:whodunit:prepareComposeResourcesTaskForAndroidUnitTest NO-SOURCE
> Task :game-modes:whodunit:generateResourceAccessorsForAndroidUnitTest NO-SOURCE
> Task :game-modes:whodunit:convertXmlValueResourcesForAndroidUnitTestRelease NO-SOURCE
> Task :game-modes:whodunit:copyNonXmlValueResourcesForAndroidUnitTestRelease NO-SOURCE
> Task :game-modes:whodunit:prepareComposeResourcesTaskForAndroidUnitTestRelease NO-SOURCE
> Task :game-modes:whodunit:generateResourceAccessorsForAndroidUnitTestRelease NO-SOURCE
> Task :game-modes:whodunit:convertXmlValueResourcesForCommonTest NO-SOURCE
> Task :game-modes:whodunit:copyNonXmlValueResourcesForCommonTest NO-SOURCE
> Task :game-modes:whodunit:prepareComposeResourcesTaskForCommonTest NO-SOURCE
> Task :game-modes:whodunit:generateResourceAccessorsForCommonTest NO-SOURCE
> Task :game-modes:whodunit:convertXmlValueResourcesForDesktopMain NO-SOURCE
> Task :game-modes:whodunit:copyNonXmlValueResourcesForDesktopMain NO-SOURCE
> Task :game-modes:whodunit:prepareComposeResourcesTaskForDesktopMain NO-SOURCE
> Task :game-modes:whodunit:generateResourceAccessorsForDesktopMain NO-SOURCE
> Task :game-modes:whodunit:convertXmlValueResourcesForDesktopTest NO-SOURCE
> Task :game-modes:whodunit:copyNonXmlValueResourcesForDesktopTest NO-SOURCE
> Task :game-modes:whodunit:prepareComposeResourcesTaskForDesktopTest NO-SOURCE
> Task :game-modes:whodunit:generateResourceAccessorsForDesktopTest NO-SOURCE
> Task :game-modes:whodunit:extractProguardFiles
> Task :game-modes:whodunit:generateReleaseLintModel
> Task :game-modes:whodunit:prepareLintJarForPublish UP-TO-DATE
> Task :shared:transport-p2p:createFullJarRelease
> Task :shared:transport-p2p:extractProguardFiles
> Task :shared:transport-p2p:generateReleaseLintModel
> Task :shared:transport-p2p:prepareLintJarForPublish UP-TO-DATE
> Task :composeApp:generateReleaseLintVitalReportModel
> Task :game-modes:whodunit:checkReleaseAarMetadata
> Task :game-modes:whodunit:stripReleaseDebugSymbols NO-SOURCE
> Task :game-modes:whodunit:copyReleaseJniLibsProjectAndLocalJars
> Task :game-modes:whodunit:extractDeepLinksForAarRelease UP-TO-DATE
> Task :game-modes:whodunit:extractReleaseAnnotations
> Task :game-modes:whodunit:mergeReleaseConsumerProguardFiles UP-TO-DATE
> Task :game-modes:whodunit:mergeReleaseJavaResource
> Task :game-modes:whodunit:syncReleaseLibJars
> Task :game-modes:whodunit:bundleReleaseLocalLintAar
> Task :game-modes:mafia:checkReleaseAarMetadata
> Task :game-modes:mafia:stripReleaseDebugSymbols NO-SOURCE
> Task :game-modes:mafia:copyReleaseJniLibsProjectAndLocalJars
> Task :game-modes:mafia:extractDeepLinksForAarRelease UP-TO-DATE
> Task :game-modes:mafia:extractReleaseAnnotations
> Task :game-modes:mafia:mergeReleaseConsumerProguardFiles UP-TO-DATE
> Task :game-modes:mafia:mergeReleaseJavaResource
> Task :game-modes:mafia:syncReleaseLibJars
> Task :game-modes:mafia:bundleReleaseLocalLintAar
> Task :shared:session:checkReleaseAarMetadata
> Task :shared:session:stripReleaseDebugSymbols NO-SOURCE
> Task :shared:session:copyReleaseJniLibsProjectAndLocalJars
> Task :shared:session:extractDeepLinksForAarRelease UP-TO-DATE
> Task :shared:session:extractReleaseAnnotations
> Task :shared:session:mergeReleaseConsumerProguardFiles UP-TO-DATE
> Task :shared:session:mergeReleaseJavaResource
> Task :shared:session:syncReleaseLibJars
> Task :shared:session:bundleReleaseLocalLintAar
> Task :shared:content:checkReleaseAarMetadata
> Task :shared:content:stripReleaseDebugSymbols NO-SOURCE
> Task :shared:content:copyReleaseJniLibsProjectAndLocalJars
> Task :shared:content:extractDeepLinksForAarRelease UP-TO-DATE
> Task :shared:content:extractReleaseAnnotations
> Task :shared:content:mergeReleaseConsumerProguardFiles UP-TO-DATE
> Task :shared:content:mergeReleaseJavaResource
> Task :shared:content:syncReleaseLibJars
> Task :shared:content:bundleReleaseLocalLintAar
> Task :shared:transport-p2p:checkReleaseAarMetadata
> Task :shared:transport-p2p:stripReleaseDebugSymbols NO-SOURCE
> Task :shared:transport-p2p:copyReleaseJniLibsProjectAndLocalJars
> Task :shared:transport-p2p:extractDeepLinksForAarRelease UP-TO-DATE
> Task :shared:transport-p2p:extractReleaseAnnotations
> Task :shared:transport-p2p:mergeReleaseConsumerProguardFiles UP-TO-DATE
> Task :shared:transport-p2p:mergeReleaseJavaResource
> Task :shared:transport-p2p:syncReleaseLibJars
> Task :shared:transport-p2p:bundleReleaseLocalLintAar
> Task :shared:networking:checkReleaseAarMetadata
> Task :shared:networking:stripReleaseDebugSymbols NO-SOURCE
> Task :shared:networking:copyReleaseJniLibsProjectAndLocalJars
> Task :shared:networking:extractDeepLinksForAarRelease UP-TO-DATE
> Task :shared:networking:extractReleaseAnnotations
> Task :shared:networking:mergeReleaseConsumerProguardFiles UP-TO-DATE
> Task :shared:networking:mergeReleaseJavaResource
> Task :shared:networking:syncReleaseLibJars
> Task :shared:networking:bundleReleaseLocalLintAar
> Task :shared:storage:checkReleaseAarMetadata
> Task :shared:storage:stripReleaseDebugSymbols NO-SOURCE
> Task :shared:storage:copyReleaseJniLibsProjectAndLocalJars
> Task :shared:storage:extractDeepLinksForAarRelease UP-TO-DATE
> Task :shared:storage:extractReleaseAnnotations
> Task :shared:storage:mergeReleaseConsumerProguardFiles UP-TO-DATE
> Task :shared:storage:mergeReleaseJavaResource
> Task :shared:storage:syncReleaseLibJars
> Task :shared:storage:bundleReleaseLocalLintAar
> Task :shared:engine:checkReleaseAarMetadata
> Task :shared:engine:stripReleaseDebugSymbols NO-SOURCE
> Task :shared:engine:copyReleaseJniLibsProjectAndLocalJars
> Task :shared:engine:extractDeepLinksForAarRelease UP-TO-DATE
> Task :shared:engine:extractReleaseAnnotations
> Task :shared:engine:mergeReleaseConsumerProguardFiles UP-TO-DATE
> Task :shared:engine:mergeReleaseJavaResource
> Task :shared:engine:syncReleaseLibJars
> Task :shared:engine:bundleReleaseLocalLintAar
> Task :shared:design-system:checkReleaseAarMetadata
> Task :shared:design-system:stripReleaseDebugSymbols NO-SOURCE
> Task :shared:design-system:copyReleaseJniLibsProjectAndLocalJars
> Task :shared:design-system:extractDeepLinksForAarRelease UP-TO-DATE
> Task :shared:design-system:extractReleaseAnnotations
> Task :shared:design-system:mergeReleaseConsumerProguardFiles UP-TO-DATE
> Task :shared:design-system:mergeReleaseJavaResource
> Task :shared:design-system:syncReleaseLibJars
> Task :shared:design-system:bundleReleaseLocalLintAar
> Task :shared:core:checkReleaseAarMetadata
> Task :shared:core:stripReleaseDebugSymbols NO-SOURCE
> Task :shared:core:copyReleaseJniLibsProjectAndLocalJars
> Task :shared:core:extractDeepLinksForAarRelease UP-TO-DATE
> Task :shared:core:extractReleaseAnnotations
> Task :shared:core:mergeReleaseConsumerProguardFiles UP-TO-DATE
> Task :shared:core:mergeReleaseJavaResource
> Task :shared:core:syncReleaseLibJars
> Task :shared:core:bundleReleaseLocalLintAar
> Task :shared:content:writeReleaseLintModelMetadata
> Task :shared:core:writeReleaseLintModelMetadata
> Task :shared:design-system:writeReleaseLintModelMetadata
> Task :shared:engine:writeReleaseLintModelMetadata
> Task :shared:networking:writeReleaseLintModelMetadata
> Task :shared:session:writeReleaseLintModelMetadata
> Task :shared:storage:writeReleaseLintModelMetadata
> Task :game-modes:mafia:lintVitalAnalyzeRelease
> Task :game-modes:mafia:writeReleaseLintModelMetadata
> Task :game-modes:whodunit:lintVitalAnalyzeRelease
> Task :game-modes:whodunit:writeReleaseLintModelMetadata
> Task :shared:content:lintVitalAnalyzeRelease
> Task :shared:core:lintVitalAnalyzeRelease
> Task :shared:design-system:lintVitalAnalyzeRelease
> Task :shared:engine:lintVitalAnalyzeRelease
> Task :shared:networking:lintVitalAnalyzeRelease
> Task :shared:session:lintVitalAnalyzeRelease
> Task :shared:storage:lintVitalAnalyzeRelease
> Task :shared:transport-p2p:lintVitalAnalyzeRelease
> Task :shared:transport-p2p:writeReleaseLintModelMetadata
> Task :composeApp:lintVitalAnalyzeRelease
> Task :game-modes:mafia:generateReleaseLintVitalModel
> Task :game-modes:whodunit:generateReleaseLintVitalModel
> Task :shared:content:generateReleaseLintVitalModel
> Task :shared:core:generateReleaseLintVitalModel
> Task :shared:design-system:generateReleaseLintVitalModel
> Task :shared:engine:generateReleaseLintVitalModel
> Task :shared:networking:generateReleaseLintVitalModel
> Task :shared:session:generateReleaseLintVitalModel
> Task :shared:storage:generateReleaseLintVitalModel
> Task :shared:transport-p2p:generateReleaseLintVitalModel
> Task :composeApp:lintVitalReportRelease SKIPPED
> Task :composeApp:lintVitalRelease SKIPPED
> Task :composeApp:parseReleaseIntegrityConfig UP-TO-DATE
> Task :composeApp:packageReleaseBundle
> Task :composeApp:signReleaseBundle
> Task :composeApp:produceReleaseBundleIdeListingFile
> Task :composeApp:createReleaseBundleListingFileRedirect
> Task :composeApp:bundleRelease
> Task :composeApp:bundleReleaseClassesToCompileJar
> Task :composeApp:preReleaseAndroidTestBuild SKIPPED
> Task :composeApp:generateReleaseAndroidTestResValues
> Task :composeApp:generateReleaseAndroidTestLintModel
> Task :composeApp:generateReleaseLintReportModel
> Task :shared:engine-testing:preBuild UP-TO-DATE
> Task :shared:engine-testing:preReleaseBuild UP-TO-DATE
> Task :shared:engine-testing:checkReleaseAarMetadata
> Task :shared:engine-testing:mergeReleaseJniLibFolders
> Task :shared:engine-testing:mergeReleaseNativeLibs NO-SOURCE
> Task :shared:engine-testing:stripReleaseDebugSymbols NO-SOURCE
> Task :shared:engine-testing:copyReleaseJniLibsProjectAndLocalJars
> Task :shared:engine-testing:generateReleaseResValues
> Task :shared:engine-testing:extractDeepLinksForAarRelease UP-TO-DATE
> Task :shared:engine-testing:kmpPartiallyResolvedDependenciesChecker
> Task :shared:engine-testing:checkKotlinGradlePluginConfigurationErrors SKIPPED
> Task :shared:engine-testing:generateReleaseResources
> Task :shared:engine-testing:packageReleaseResources
> Task :shared:engine-testing:processReleaseNavigationResources
> Task :shared:engine-testing:parseReleaseLocalResources
> Task :shared:engine-testing:generateReleaseRFile
> Task :shared:engine-testing:compileReleaseKotlinAndroid
> Task :shared:engine-testing:extractReleaseAnnotations
> Task :shared:engine-testing:mergeReleaseShaders
> Task :shared:engine-testing:compileReleaseShaders NO-SOURCE
> Task :shared:engine-testing:generateReleaseAssets UP-TO-DATE
> Task :shared:engine-testing:releaseAssetsCopyForAGP NO-SOURCE
> Task :shared:engine-testing:mergeReleaseAssets
> Task :shared:engine-testing:javaPreCompileRelease
> Task :shared:engine-testing:compileReleaseJavaWithJavac NO-SOURCE
> Task :shared:engine-testing:mergeReleaseGeneratedProguardFiles UP-TO-DATE
> Task :shared:engine-testing:mergeReleaseConsumerProguardFiles UP-TO-DATE
> Task :shared:engine-testing:prepareLintJarForPublish UP-TO-DATE
> Task :shared:engine-testing:prepareReleaseArtProfile UP-TO-DATE
> Task :shared:engine-testing:processReleaseManifest
> Task :shared:engine-testing:processReleaseJavaRes
> Task :shared:engine-testing:mergeReleaseJavaResource
> Task :shared:engine-testing:syncReleaseLibJars
> Task :shared:engine-testing:writeReleaseAarMetadata
> Task :shared:engine-testing:bundleReleaseLocalLintAar
> Task :composeApp:preReleaseUnitTestBuild UP-TO-DATE
> Task :shared:engine-testing:bundleLibRuntimeToJarRelease
> Task :shared:engine-testing:createFullJarRelease
> Task :shared:engine-testing:writeReleaseLintModelMetadata
> Task :composeApp:generateReleaseUnitTestLintModel
> Task :shared:core:lintAnalyzeRelease
> Task :shared:engine:lintAnalyzeRelease
> Task :shared:content:lintAnalyzeRelease
> Task :shared:design-system:lintAnalyzeRelease
> Task :shared:networking:lintAnalyzeRelease
> Task :shared:session:lintAnalyzeRelease
> Task :shared:storage:lintAnalyzeRelease
> Task :game-modes:mafia:lintAnalyzeRelease
> Task :game-modes:whodunit:lintAnalyzeRelease
> Task :shared:transport-p2p:lintAnalyzeRelease
> Task :composeApp:lintAnalyzeRelease
> Task :composeApp:lintAnalyzeReleaseAndroidTest
> Task :composeApp:lintAnalyzeReleaseUnitTest
> Task :shared:networking-testing:preBuild UP-TO-DATE
> Task :shared:networking-testing:preReleaseBuild UP-TO-DATE
> Task :shared:networking-testing:checkReleaseAarMetadata
> Task :shared:networking-testing:mergeReleaseJniLibFolders
> Task :shared:networking-testing:mergeReleaseNativeLibs NO-SOURCE
> Task :shared:networking-testing:stripReleaseDebugSymbols NO-SOURCE
> Task :shared:networking-testing:copyReleaseJniLibsProjectAndLocalJars
> Task :shared:networking-testing:generateReleaseResValues
> Task :shared:networking-testing:extractDeepLinksForAarRelease UP-TO-DATE
> Task :shared:networking-testing:kmpPartiallyResolvedDependenciesChecker
> Task :shared:networking-testing:checkKotlinGradlePluginConfigurationErrors SKIPPED
> Task :shared:networking-testing:generateReleaseResources
> Task :shared:networking-testing:packageReleaseResources
> Task :shared:networking-testing:processReleaseNavigationResources
> Task :shared:networking-testing:parseReleaseLocalResources
> Task :shared:networking-testing:generateReleaseRFile
> Task :shared:networking-testing:compileReleaseKotlinAndroid
> Task :shared:networking-testing:extractReleaseAnnotations
> Task :shared:networking-testing:mergeReleaseShaders
> Task :shared:networking-testing:compileReleaseShaders NO-SOURCE
> Task :shared:networking-testing:generateReleaseAssets UP-TO-DATE
> Task :shared:networking-testing:releaseAssetsCopyForAGP NO-SOURCE
> Task :shared:networking-testing:mergeReleaseAssets
> Task :shared:networking-testing:javaPreCompileRelease
> Task :shared:networking-testing:compileReleaseJavaWithJavac NO-SOURCE
> Task :shared:networking-testing:mergeReleaseGeneratedProguardFiles UP-TO-DATE
> Task :shared:networking-testing:mergeReleaseConsumerProguardFiles UP-TO-DATE
> Task :shared:networking-testing:prepareLintJarForPublish UP-TO-DATE
> Task :shared:networking-testing:prepareReleaseArtProfile UP-TO-DATE
> Task :shared:networking-testing:processReleaseManifest
> Task :shared:networking-testing:processReleaseJavaRes
> Task :shared:networking-testing:mergeReleaseJavaResource
> Task :shared:networking-testing:syncReleaseLibJars
> Task :shared:networking-testing:writeReleaseAarMetadata
> Task :shared:networking-testing:bundleReleaseLocalLintAar
> Task :game-modes:mafia:preReleaseUnitTestBuild UP-TO-DATE
> Task :shared:networking-testing:bundleLibRuntimeToJarRelease
> Task :shared:networking-testing:createFullJarRelease
> Task :shared:networking-testing:writeReleaseLintModelMetadata
> Task :game-modes:mafia:generateReleaseUnitTestLintModel
> Task :game-modes:mafia:lintAnalyzeReleaseUnitTest
> Task :game-modes:whodunit:preReleaseUnitTestBuild UP-TO-DATE
> Task :game-modes:whodunit:generateReleaseUnitTestLintModel
> Task :game-modes:whodunit:lintAnalyzeReleaseUnitTest
> Task :shared:content:preReleaseUnitTestBuild UP-TO-DATE
> Task :shared:content:generateReleaseUnitTestLintModel
> Task :shared:content:lintAnalyzeReleaseUnitTest
> Task :shared:core:preReleaseUnitTestBuild UP-TO-DATE
> Task :shared:core:generateReleaseUnitTestLintModel
> Task :shared:core:lintAnalyzeReleaseUnitTest
> Task :shared:design-system:preReleaseUnitTestBuild UP-TO-DATE
> Task :shared:design-system:generateReleaseUnitTestLintModel
> Task :shared:design-system:lintAnalyzeReleaseUnitTest
> Task :shared:engine:preReleaseUnitTestBuild UP-TO-DATE
> Task :shared:engine:generateReleaseUnitTestLintModel
> Task :shared:engine:lintAnalyzeReleaseUnitTest
> Task :shared:networking:preReleaseUnitTestBuild UP-TO-DATE
> Task :shared:networking:generateReleaseUnitTestLintModel
> Task :shared:networking:lintAnalyzeReleaseUnitTest
> Task :shared:session:preReleaseUnitTestBuild UP-TO-DATE
> Task :shared:session:generateReleaseUnitTestLintModel
> Task :shared:session:lintAnalyzeReleaseUnitTest
> Task :shared:storage:preReleaseUnitTestBuild UP-TO-DATE
> Task :shared:storage:generateReleaseUnitTestLintModel
> Task :shared:storage:lintAnalyzeReleaseUnitTest
> Task :shared:transport-p2p:preReleaseUnitTestBuild UP-TO-DATE
> Task :shared:transport-p2p:generateReleaseUnitTestLintModel
> Task :shared:transport-p2p:lintAnalyzeReleaseUnitTest

> Task :composeApp:lintReportRelease
Wrote HTML report to file:///Users/abdelrahman/Projects/parlor/composeApp/build/reports/lint-results-release.html

> Task :composeApp:lintRelease
> Task :composeApp:preDebugBuild UP-TO-DATE
> Task :game-modes:mafia:preDebugBuild UP-TO-DATE
> Task :game-modes:mafia:writeDebugAarMetadata
> Task :game-modes:whodunit:preDebugBuild UP-TO-DATE
> Task :game-modes:whodunit:writeDebugAarMetadata
> Task :shared:content:preDebugBuild UP-TO-DATE
> Task :shared:content:writeDebugAarMetadata
> Task :shared:core:preDebugBuild UP-TO-DATE
> Task :shared:core:writeDebugAarMetadata
> Task :shared:design-system:preDebugBuild UP-TO-DATE
> Task :shared:design-system:writeDebugAarMetadata
> Task :shared:engine:preDebugBuild UP-TO-DATE
> Task :shared:engine:writeDebugAarMetadata
> Task :shared:networking:preDebugBuild UP-TO-DATE
> Task :shared:networking:writeDebugAarMetadata
> Task :shared:session:preDebugBuild UP-TO-DATE
> Task :shared:session:writeDebugAarMetadata
> Task :shared:storage:preDebugBuild UP-TO-DATE
> Task :shared:storage:writeDebugAarMetadata
> Task :shared:transport-p2p:preDebugBuild UP-TO-DATE
> Task :shared:transport-p2p:writeDebugAarMetadata
> Task :composeApp:checkDebugAarMetadata
> Task :game-modes:mafia:processDebugNavigationResources
> Task :game-modes:whodunit:processDebugNavigationResources
> Task :shared:content:processDebugNavigationResources
> Task :shared:core:processDebugNavigationResources
> Task :shared:design-system:processDebugNavigationResources
> Task :shared:engine:processDebugNavigationResources
> Task :shared:networking:processDebugNavigationResources
> Task :shared:session:processDebugNavigationResources
> Task :shared:storage:processDebugNavigationResources
> Task :shared:transport-p2p:processDebugNavigationResources
> Task :composeApp:processDebugNavigationResources
> Task :composeApp:compileDebugNavigationResources
> Task :composeApp:generateDebugResValues
> Task :game-modes:mafia:generateDebugResValues
> Task :game-modes:mafia:generateDebugResources
> Task :game-modes:mafia:packageDebugResources
> Task :game-modes:whodunit:generateDebugResValues
> Task :game-modes:whodunit:generateDebugResources
> Task :game-modes:whodunit:packageDebugResources
> Task :shared:content:generateDebugResValues
> Task :shared:content:generateDebugResources
> Task :shared:content:packageDebugResources
> Task :shared:core:generateDebugResValues
> Task :shared:core:generateDebugResources
> Task :shared:core:packageDebugResources
> Task :shared:design-system:generateDebugResValues
> Task :shared:design-system:generateDebugResources
> Task :shared:design-system:packageDebugResources
> Task :shared:engine:generateDebugResValues
> Task :shared:engine:generateDebugResources
> Task :shared:engine:packageDebugResources
> Task :shared:networking:generateDebugResValues
> Task :shared:networking:generateDebugResources
> Task :shared:networking:packageDebugResources
> Task :shared:session:generateDebugResValues
> Task :shared:session:generateDebugResources
> Task :shared:session:packageDebugResources
> Task :shared:storage:generateDebugResValues
> Task :shared:storage:generateDebugResources
> Task :shared:storage:packageDebugResources
> Task :shared:transport-p2p:generateDebugResValues
> Task :shared:transport-p2p:generateDebugResources
> Task :shared:transport-p2p:packageDebugResources
> Task :composeApp:mapDebugSourceSetPaths
> Task :composeApp:generateDebugResources
> Task :composeApp:mergeDebugResources
> Task :composeApp:packageDebugResources
> Task :composeApp:parseDebugLocalResources
> Task :composeApp:createDebugCompatibleScreenManifests
> Task :composeApp:extractDeepLinksDebug
> Task :game-modes:mafia:extractDeepLinksDebug
> Task :game-modes:mafia:processDebugManifest
> Task :game-modes:whodunit:extractDeepLinksDebug
> Task :game-modes:whodunit:processDebugManifest
> Task :shared:content:extractDeepLinksDebug
> Task :shared:content:processDebugManifest
> Task :shared:core:extractDeepLinksDebug
> Task :shared:core:processDebugManifest
> Task :shared:design-system:extractDeepLinksDebug
> Task :shared:design-system:processDebugManifest
> Task :shared:engine:extractDeepLinksDebug
> Task :shared:engine:processDebugManifest
> Task :shared:networking:extractDeepLinksDebug
> Task :shared:networking:processDebugManifest
> Task :shared:session:extractDeepLinksDebug
> Task :shared:session:processDebugManifest
> Task :shared:storage:extractDeepLinksDebug
> Task :shared:storage:processDebugManifest
> Task :shared:transport-p2p:extractDeepLinksDebug
> Task :shared:transport-p2p:processDebugManifest
> Task :composeApp:processDebugMainManifest
> Task :composeApp:processDebugManifest
> Task :composeApp:processDebugManifestForPackage
> Task :game-modes:mafia:compileDebugLibraryResources
> Task :game-modes:mafia:parseDebugLocalResources
> Task :game-modes:mafia:generateDebugRFile
> Task :game-modes:whodunit:compileDebugLibraryResources
> Task :game-modes:whodunit:parseDebugLocalResources
> Task :game-modes:whodunit:generateDebugRFile
> Task :shared:content:compileDebugLibraryResources
> Task :shared:content:parseDebugLocalResources
> Task :shared:content:generateDebugRFile
> Task :shared:core:compileDebugLibraryResources
> Task :shared:core:parseDebugLocalResources
> Task :shared:core:generateDebugRFile
> Task :shared:design-system:compileDebugLibraryResources
> Task :shared:design-system:parseDebugLocalResources
> Task :shared:design-system:generateDebugRFile
> Task :shared:engine:compileDebugLibraryResources
> Task :shared:engine:parseDebugLocalResources
> Task :shared:engine:generateDebugRFile
> Task :shared:networking:compileDebugLibraryResources
> Task :shared:networking:parseDebugLocalResources
> Task :shared:networking:generateDebugRFile
> Task :shared:session:compileDebugLibraryResources
> Task :shared:session:parseDebugLocalResources
> Task :shared:session:generateDebugRFile
> Task :shared:storage:compileDebugLibraryResources
> Task :shared:storage:parseDebugLocalResources
> Task :shared:storage:generateDebugRFile
> Task :shared:transport-p2p:compileDebugLibraryResources
> Task :shared:transport-p2p:parseDebugLocalResources
> Task :shared:transport-p2p:generateDebugRFile
> Task :composeApp:processDebugResources
> Task :shared:core:compileDebugKotlinAndroid
> Task :shared:core:javaPreCompileDebug
> Task :shared:core:compileDebugJavaWithJavac NO-SOURCE
> Task :shared:core:bundleLibCompileToJarDebug
> Task :shared:engine:compileDebugKotlinAndroid
> Task :shared:engine:javaPreCompileDebug
> Task :shared:engine:compileDebugJavaWithJavac NO-SOURCE
> Task :shared:engine:bundleLibCompileToJarDebug
> Task :shared:content:compileDebugKotlinAndroid
> Task :shared:content:javaPreCompileDebug
> Task :shared:content:compileDebugJavaWithJavac NO-SOURCE
> Task :shared:content:bundleLibCompileToJarDebug
> Task :shared:design-system:compileDebugKotlinAndroid
> Task :shared:design-system:javaPreCompileDebug
> Task :shared:design-system:compileDebugJavaWithJavac NO-SOURCE
> Task :shared:design-system:bundleLibCompileToJarDebug
> Task :shared:networking:compileDebugKotlinAndroid
> Task :shared:networking:javaPreCompileDebug
> Task :shared:networking:compileDebugJavaWithJavac NO-SOURCE
> Task :shared:networking:bundleLibCompileToJarDebug
> Task :shared:session:compileDebugKotlinAndroid
> Task :shared:session:javaPreCompileDebug
> Task :shared:session:compileDebugJavaWithJavac NO-SOURCE
> Task :shared:session:bundleLibCompileToJarDebug
> Task :shared:storage:compileDebugKotlinAndroid
> Task :shared:storage:javaPreCompileDebug
> Task :shared:storage:compileDebugJavaWithJavac NO-SOURCE
> Task :shared:storage:bundleLibCompileToJarDebug
> Task :game-modes:mafia:compileDebugKotlinAndroid
> Task :game-modes:mafia:javaPreCompileDebug
> Task :game-modes:mafia:compileDebugJavaWithJavac NO-SOURCE
> Task :game-modes:mafia:bundleLibCompileToJarDebug
> Task :game-modes:whodunit:compileDebugKotlinAndroid
> Task :game-modes:whodunit:javaPreCompileDebug
> Task :game-modes:whodunit:compileDebugJavaWithJavac NO-SOURCE
> Task :game-modes:whodunit:bundleLibCompileToJarDebug
> Task :shared:transport-p2p:compileDebugKotlinAndroid
> Task :shared:transport-p2p:javaPreCompileDebug
> Task :shared:transport-p2p:compileDebugJavaWithJavac NO-SOURCE
> Task :shared:transport-p2p:bundleLibCompileToJarDebug
> Task :composeApp:compileDebugKotlinAndroid
> Task :composeApp:javaPreCompileDebug
> Task :composeApp:compileDebugJavaWithJavac NO-SOURCE
> Task :composeApp:bundleDebugClassesToRuntimeJar
> Task :composeApp:bundleDebugClassesToCompileJar
> Task :shared:engine-testing:preDebugBuild UP-TO-DATE
> Task :shared:engine-testing:generateDebugResValues
> Task :shared:engine-testing:generateDebugResources
> Task :shared:engine-testing:packageDebugResources
> Task :shared:engine-testing:processDebugNavigationResources
> Task :shared:engine-testing:parseDebugLocalResources
> Task :shared:engine-testing:generateDebugRFile
> Task :shared:engine-testing:compileDebugKotlinAndroid
> Task :shared:engine-testing:javaPreCompileDebug
> Task :shared:engine-testing:compileDebugJavaWithJavac NO-SOURCE
> Task :shared:engine-testing:bundleLibCompileToJarDebug
> Task :composeApp:compileDebugUnitTestKotlinAndroid
> Task :composeApp:preDebugUnitTestBuild UP-TO-DATE
> Task :composeApp:javaPreCompileDebugUnitTest
> Task :composeApp:compileDebugUnitTestJavaWithJavac NO-SOURCE
> Task :composeApp:processDebugJavaRes
> Task :composeApp:processDebugUnitTestJavaRes
> Task :game-modes:mafia:bundleLibRuntimeToJarDebug
> Task :game-modes:mafia:processDebugJavaRes
> Task :game-modes:whodunit:bundleLibRuntimeToJarDebug
> Task :game-modes:whodunit:processDebugJavaRes
> Task :shared:content:bundleLibRuntimeToJarDebug
> Task :shared:content:processDebugJavaRes
> Task :shared:core:bundleLibRuntimeToJarDebug
> Task :shared:core:processDebugJavaRes
> Task :shared:design-system:bundleLibRuntimeToJarDebug
> Task :shared:design-system:processDebugJavaRes
> Task :shared:engine:bundleLibRuntimeToJarDebug
> Task :shared:engine:processDebugJavaRes
> Task :shared:engine-testing:bundleLibRuntimeToJarDebug
> Task :shared:engine-testing:processDebugJavaRes
> Task :shared:networking:bundleLibRuntimeToJarDebug
> Task :shared:networking:processDebugJavaRes
> Task :shared:session:bundleLibRuntimeToJarDebug
> Task :shared:session:processDebugJavaRes
> Task :shared:storage:bundleLibRuntimeToJarDebug
> Task :shared:storage:processDebugJavaRes
> Task :shared:transport-p2p:bundleLibRuntimeToJarDebug
> Task :shared:transport-p2p:processDebugJavaRes
> Task :composeApp:testDebugUnitTest
> Task :composeApp:bundleReleaseClassesToRuntimeJar
> Task :shared:engine-testing:bundleLibCompileToJarRelease
> Task :composeApp:compileReleaseUnitTestKotlinAndroid
> Task :composeApp:javaPreCompileReleaseUnitTest
> Task :composeApp:compileReleaseUnitTestJavaWithJavac NO-SOURCE
> Task :composeApp:processReleaseUnitTestJavaRes
> Task :composeApp:testReleaseUnitTest
> Task :composeApp:verifyApplicationIdentities
> Task :composeApp:verifyMergedReleaseManifest
> Task :composeApp:verifyReleaseLintWarnings FAILED

[Incubating] Problems report is available at: file:///Users/abdelrahman/Projects/parlor/build/reports/problems/problems-report.html

FAILURE: Build failed with an exception.

* What went wrong:
Execution failed for task ':composeApp:verifyReleaseLintWarnings'.
> Release lint inventory changed. Unexpected: []; missing: [DependencyUpdate|gradle/libs.versions.toml|A newer version of io.ktor:ktor-client-mock than 3.0.3]

* Try:
> Run with --stacktrace option to get the stack trace.
> Run with --info or --debug option to get more log output.
> Run with --scan to get full insights.
> Get more help at https://help.gradle.org.

BUILD FAILED in 5m 4s
752 actionable tasks: 675 executed, 77 up-to-date
