test_commands_never_use_wrapper_default_set_all_booted_or_standalone (test_control.DevicePlanTests) ... ok
test_empty_runtime_keys_are_empty_but_unknown_devices_are_not_owned (test_control.DevicePlanTests) ... ok
test_exact_private_device_only (test_control.DevicePlanTests) ... ok
test_probe_baseline_is_not_masked_by_later_directory_set (test_control.DevicePlanTests) ... ok
test_bad_source_token_image_runtime_and_platform_rejected (test_control.MetadataTests) ... ok
test_collection_keeps_false_write_and_exception_distinct (test_control.MetadataTests) ... ok
test_duplicate_unknown_oversized_and_nonfinite_json_rejected (test_control.MetadataTests) ... ok
test_key_and_error_type_boundaries (test_control.MetadataTests) ... ok
test_missing_keys_supported_volume_is_collection_not_l08_pass (test_control.MetadataTests) ... ok
test_native_error_not_coerced_to_empty_or_success (test_control.MetadataTests) ... ok
test_no_expanded_claims_or_raw_native_details (test_control.MetadataTests) ... ok
test_query_exception_requires_unobserved_not_missing (test_control.MetadataTests) ... ok
test_rows_cannot_be_lost_duplicated_reordered_or_repurposed (test_control.MetadataTests) ... ok
test_cancellation_while_waiting_after_pipe_eof_still_finalizes_child (test_control.OwnedFixtures) ... ok
test_cancelled_lane_refuses_new_work_but_shields_gradle_stop (test_control.OwnedFixtures) ... ok
test_device_set_replaced_before_any_contact_is_also_retained (test_control.OwnedFixtures) ... ok
test_foreign_gradle_is_not_stopped (test_control.OwnedFixtures) ... ok
test_interrupted_partial_create_recovers_only_unique_token_device (test_control.OwnedFixtures) ... ok
test_lsof_clean_empty_result_allows_only_owned_root_removal (test_control.OwnedFixtures) ... ok
test_lsof_warnings_enabled_after_terse_option_and_stderr_is_fatal (test_control.OwnedFixtures) ... ok
test_main_uses_nonthrowing_handlers_not_exception_raising_callbacks (test_control.OwnedFixtures) ... ok
test_nested_files_fifo_and_owned_cache_removed (test_control.OwnedFixtures) ... ok
test_no_creation_attempt_is_not_evidence_of_empty_private_set (test_control.OwnedFixtures) ... ok
test_no_reap_precedes_termination_on_bounded_output_failure (test_control.OwnedFixtures) ... ok
test_normal_fake_child_never_signals_any_process (test_control.OwnedFixtures) ... ok
test_partial_create_wrong_token_never_grants_delete_authority (test_control.OwnedFixtures) ... ok
test_precreate_ambiguity_cannot_be_cleared_by_later_empty_listing (test_control.OwnedFixtures) ... ok
test_repeated_cancellation_cannot_unwind_kill_reap_close_or_logs (test_control.OwnedFixtures) ... ok
test_replaced_device_set_inode_is_not_forwarded_to_simctl (test_control.OwnedFixtures) ... ok
test_replaced_root_cannot_be_deleted_with_old_identity (test_control.OwnedFixtures) ... ok
test_symlink_device_set_is_not_forwarded_or_removed_by_lane (test_control.OwnedFixtures) ... ok
test_symlink_unlinks_only_owned_link_not_target (test_control.OwnedFixtures) ... ok
test_wrong_mode_or_symlink_root_refused (test_control.OwnedFixtures) ... ok
test_actual_native01_numeric_boolean_receipt_stays_rejected_and_unchanged (test_control.WireTypeRegressionTests) ... ok
test_actual_producer_comparisons_select_boolean_objects_not_integer_boxing (test_control.WireTypeRegressionTests) ... ok
test_every_boolean_wire_slot_rejects_numeric_zero_and_one (test_control.WireTypeRegressionTests) ... ok

----------------------------------------------------------------------
Ran 36 tests in 0.118s

OK
