To honour the JVM settings for this build a single-use Daemon process will be forked. For more on this, please refer to https://docs.gradle.org/8.13/userguide/gradle_daemon.html#sec:disabling_the_daemon in the Gradle documentation.
Daemon will be stopped at the end of the build 
Type-safe project accessors is an incubating feature.
> Task :build-logic:convention:checkKotlinGradlePluginConfigurationErrors SKIPPED
> Task :build-logic:convention:compileKotlin FROM-CACHE
> Task :build-logic:convention:compileJava NO-SOURCE
> Task :build-logic:convention:pluginDescriptors
> Task :build-logic:convention:processResources
> Task :build-logic:convention:classes
> Task :build-logic:convention:jar

> Configure project :composeApp
WARNING: The option setting 'android.experimental.lint.version=9.1.1' is experimental.
w: [33m[1m⚠️ Deprecated Gradle Version[0m[0m
The used Gradle version (Gradle 8.13) is deprecated and will not be supported in future Kotlin Gradle Plugin releases.
The minimum supported Gradle version will become Gradle 8.14.4 in Kotlin 2.5.0.

This warning can be suppressed in 'gradle.properties':
    kotlin.suppressGradlePluginWarnings=DeprecatedGradleVersionWarning
[32m[1mSolution:[0m[0m
[32m[3mPlease update the Gradle version to at least Gradle 8.14.4.[0m[0m

w: [33m[1m⚠️ Native task 'iosX64Test' is disabled[0m[0m
Task 'iosX64Test' for target 'ios_x64' cannot run on the current host (macos-aarch64).
Reason: architecture mismatch - target requires X64, current host is ARM64
[32m[1mSolution:[0m[0m
[32m[3mTo suppress this warning, add 'kotlin.native.ignoreDisabledTargets=true' to gradle.properties.[0m[0m


> Task :composeApp:preBuild UP-TO-DATE
> Task :composeApp:preReleaseBuild UP-TO-DATE
> Task :composeApp:extractReleaseVersionControlInfo
> Task :composeApp:mergeReleaseShaders
> Task :composeApp:compileReleaseShaders NO-SOURCE
> Task :composeApp:convertXmlValueResourcesForAndroidMain NO-SOURCE
> Task :composeApp:copyNonXmlValueResourcesForAndroidMain NO-SOURCE
> Task :composeApp:prepareComposeResourcesTaskForAndroidMain NO-SOURCE
> Task :composeApp:convertXmlValueResourcesForAndroidRelease NO-SOURCE
> Task :composeApp:copyNonXmlValueResourcesForAndroidRelease NO-SOURCE
> Task :composeApp:prepareComposeResourcesTaskForAndroidRelease NO-SOURCE
> Task :composeApp:convertXmlValueResourcesForCommonMain
> Task :composeApp:copyNonXmlValueResourcesForCommonMain NO-SOURCE
> Task :composeApp:prepareComposeResourcesTaskForCommonMain UP-TO-DATE
> Task :composeApp:copyReleaseComposeResourcesToAndroidAssets
> Task :composeApp:generateReleaseAssets UP-TO-DATE
> Task :composeApp:releaseAssetsCopyForAGP NO-SOURCE
> Task :game-modes:mafia:preBuild UP-TO-DATE
> Task :game-modes:mafia:preReleaseBuild UP-TO-DATE
> Task :game-modes:mafia:mergeReleaseShaders
> Task :game-modes:mafia:compileReleaseShaders NO-SOURCE
> Task :game-modes:mafia:convertXmlValueResourcesForAndroidMain NO-SOURCE
> Task :game-modes:mafia:copyNonXmlValueResourcesForAndroidMain NO-SOURCE
> Task :game-modes:mafia:prepareComposeResourcesTaskForAndroidMain NO-SOURCE
> Task :game-modes:mafia:convertXmlValueResourcesForAndroidRelease NO-SOURCE
> Task :game-modes:mafia:copyNonXmlValueResourcesForAndroidRelease NO-SOURCE
> Task :game-modes:mafia:prepareComposeResourcesTaskForAndroidRelease NO-SOURCE
> Task :game-modes:mafia:convertXmlValueResourcesForCommonMain
> Task :game-modes:mafia:copyNonXmlValueResourcesForCommonMain NO-SOURCE
> Task :game-modes:mafia:prepareComposeResourcesTaskForCommonMain UP-TO-DATE
> Task :game-modes:mafia:copyReleaseComposeResourcesToAndroidAssets
> Task :game-modes:mafia:generateReleaseAssets UP-TO-DATE
> Task :game-modes:mafia:releaseAssetsCopyForAGP NO-SOURCE
> Task :build-logic:convention:detekt FROM-CACHE
> Task :game-modes:mafia:mergeReleaseAssets
> Task :game-modes:whodunit:preBuild UP-TO-DATE
> Task :game-modes:whodunit:preReleaseBuild UP-TO-DATE
> Task :game-modes:whodunit:mergeReleaseShaders
> Task :game-modes:whodunit:compileReleaseShaders NO-SOURCE
> Task :game-modes:whodunit:convertXmlValueResourcesForAndroidMain NO-SOURCE
> Task :game-modes:whodunit:copyNonXmlValueResourcesForAndroidMain NO-SOURCE
> Task :game-modes:whodunit:prepareComposeResourcesTaskForAndroidMain NO-SOURCE
> Task :game-modes:whodunit:convertXmlValueResourcesForAndroidRelease NO-SOURCE
> Task :game-modes:whodunit:copyNonXmlValueResourcesForAndroidRelease NO-SOURCE
> Task :game-modes:whodunit:prepareComposeResourcesTaskForAndroidRelease NO-SOURCE
> Task :game-modes:whodunit:convertXmlValueResourcesForCommonMain
> Task :game-modes:whodunit:copyNonXmlValueResourcesForCommonMain
> Task :game-modes:whodunit:prepareComposeResourcesTaskForCommonMain UP-TO-DATE
> Task :game-modes:whodunit:copyReleaseComposeResourcesToAndroidAssets
> Task :game-modes:whodunit:generateReleaseAssets UP-TO-DATE
> Task :game-modes:whodunit:releaseAssetsCopyForAGP NO-SOURCE
> Task :game-modes:whodunit:mergeReleaseAssets
> Task :shared:content:preBuild UP-TO-DATE
> Task :shared:content:preReleaseBuild UP-TO-DATE
> Task :shared:content:mergeReleaseShaders
> Task :shared:content:compileReleaseShaders NO-SOURCE
> Task :shared:content:generateReleaseAssets UP-TO-DATE
> Task :shared:content:releaseAssetsCopyForAGP NO-SOURCE
> Task :shared:content:mergeReleaseAssets
> Task :shared:core:preBuild UP-TO-DATE
> Task :shared:core:preReleaseBuild UP-TO-DATE
> Task :shared:core:mergeReleaseShaders
> Task :shared:core:compileReleaseShaders NO-SOURCE
> Task :shared:core:generateReleaseAssets UP-TO-DATE
> Task :shared:core:releaseAssetsCopyForAGP NO-SOURCE
> Task :shared:core:mergeReleaseAssets
> Task :shared:design-system:preBuild UP-TO-DATE
> Task :shared:design-system:preReleaseBuild UP-TO-DATE
> Task :shared:design-system:mergeReleaseShaders
> Task :shared:design-system:compileReleaseShaders NO-SOURCE
> Task :shared:design-system:convertXmlValueResourcesForAndroidMain NO-SOURCE
> Task :shared:design-system:copyNonXmlValueResourcesForAndroidMain NO-SOURCE
> Task :shared:design-system:prepareComposeResourcesTaskForAndroidMain NO-SOURCE
> Task :shared:design-system:convertXmlValueResourcesForAndroidRelease NO-SOURCE
> Task :shared:design-system:copyNonXmlValueResourcesForAndroidRelease NO-SOURCE
> Task :shared:design-system:prepareComposeResourcesTaskForAndroidRelease NO-SOURCE
> Task :shared:design-system:convertXmlValueResourcesForCommonMain
> Task :shared:design-system:copyNonXmlValueResourcesForCommonMain
> Task :shared:design-system:prepareComposeResourcesTaskForCommonMain UP-TO-DATE
> Task :shared:design-system:copyReleaseComposeResourcesToAndroidAssets
> Task :shared:design-system:generateReleaseAssets UP-TO-DATE
> Task :shared:design-system:releaseAssetsCopyForAGP NO-SOURCE
> Task :shared:design-system:mergeReleaseAssets
> Task :shared:engine:preBuild UP-TO-DATE
> Task :shared:engine:preReleaseBuild UP-TO-DATE
> Task :shared:engine:mergeReleaseShaders
> Task :shared:engine:compileReleaseShaders NO-SOURCE
> Task :shared:engine:generateReleaseAssets UP-TO-DATE
> Task :shared:engine:releaseAssetsCopyForAGP NO-SOURCE
> Task :shared:engine:mergeReleaseAssets
> Task :shared:networking:preBuild UP-TO-DATE
> Task :shared:networking:preReleaseBuild UP-TO-DATE
> Task :shared:networking:mergeReleaseShaders
> Task :shared:networking:compileReleaseShaders NO-SOURCE
> Task :shared:networking:generateReleaseAssets UP-TO-DATE
> Task :shared:networking:releaseAssetsCopyForAGP NO-SOURCE
> Task :shared:networking:mergeReleaseAssets
> Task :shared:session:preBuild UP-TO-DATE
> Task :shared:session:preReleaseBuild UP-TO-DATE
> Task :shared:session:mergeReleaseShaders
> Task :shared:session:compileReleaseShaders NO-SOURCE
> Task :shared:session:generateReleaseAssets UP-TO-DATE
> Task :shared:session:releaseAssetsCopyForAGP NO-SOURCE
> Task :shared:session:mergeReleaseAssets
> Task :shared:storage:preBuild UP-TO-DATE
> Task :shared:storage:preReleaseBuild UP-TO-DATE
> Task :shared:storage:mergeReleaseShaders
> Task :shared:storage:compileReleaseShaders NO-SOURCE
> Task :shared:storage:generateReleaseAssets UP-TO-DATE
> Task :shared:storage:releaseAssetsCopyForAGP NO-SOURCE
> Task :shared:storage:mergeReleaseAssets
> Task :shared:transport-p2p:preBuild UP-TO-DATE
> Task :shared:transport-p2p:preReleaseBuild UP-TO-DATE
> Task :shared:transport-p2p:mergeReleaseShaders
> Task :shared:transport-p2p:compileReleaseShaders NO-SOURCE
> Task :shared:transport-p2p:generateReleaseAssets UP-TO-DATE
> Task :shared:transport-p2p:releaseAssetsCopyForAGP NO-SOURCE
> Task :shared:transport-p2p:mergeReleaseAssets
> Task :composeApp:mergeReleaseAssets
> Task :game-modes:whodunit:kmpPartiallyResolvedDependenciesChecker
> Task :game-modes:whodunit:checkKotlinGradlePluginConfigurationErrors SKIPPED
> Task :game-modes:whodunit:generateResourceAccessorsForAndroidMain NO-SOURCE
> Task :game-modes:whodunit:generateResourceAccessorsForCommonMain
> Task :game-modes:whodunit:generateActualResourceCollectorsForAndroidMain
> Task :game-modes:whodunit:generateComposeResClass
> Task :game-modes:whodunit:generateExpectResourceCollectorsForCommonMain
> Task :game-modes:whodunit:generateReleaseResValues FROM-CACHE
> Task :game-modes:whodunit:generateReleaseResources FROM-CACHE
> Task :game-modes:whodunit:packageReleaseResources FROM-CACHE
> Task :game-modes:whodunit:processReleaseNavigationResources FROM-CACHE
> Task :game-modes:whodunit:parseReleaseLocalResources FROM-CACHE
> Task :game-modes:whodunit:generateReleaseRFile FROM-CACHE
> Task :game-modes:whodunit:generateResourceAccessorsForAndroidRelease NO-SOURCE
> Task :shared:content:kmpPartiallyResolvedDependenciesChecker
> Task :shared:content:checkKotlinGradlePluginConfigurationErrors SKIPPED
> Task :shared:content:generateReleaseResValues FROM-CACHE
> Task :shared:content:generateReleaseResources FROM-CACHE
> Task :shared:content:packageReleaseResources FROM-CACHE
> Task :shared:content:processReleaseNavigationResources FROM-CACHE
> Task :shared:content:parseReleaseLocalResources FROM-CACHE
> Task :shared:content:generateReleaseRFile FROM-CACHE
> Task :shared:core:kmpPartiallyResolvedDependenciesChecker
> Task :shared:core:checkKotlinGradlePluginConfigurationErrors SKIPPED
> Task :shared:core:generateReleaseResValues FROM-CACHE
> Task :shared:core:generateReleaseResources FROM-CACHE
> Task :shared:core:packageReleaseResources FROM-CACHE
> Task :shared:core:processReleaseNavigationResources FROM-CACHE
> Task :shared:core:parseReleaseLocalResources FROM-CACHE
> Task :shared:core:generateReleaseRFile FROM-CACHE
> Task :shared:core:compileReleaseKotlinAndroid FROM-CACHE
> Task :shared:core:javaPreCompileRelease FROM-CACHE
> Task :shared:core:compileReleaseJavaWithJavac NO-SOURCE
> Task :shared:core:bundleLibCompileToJarRelease
> Task :shared:engine:kmpPartiallyResolvedDependenciesChecker
> Task :shared:engine:checkKotlinGradlePluginConfigurationErrors SKIPPED
> Task :shared:engine:generateReleaseResValues FROM-CACHE
> Task :shared:engine:generateReleaseResources FROM-CACHE
> Task :shared:engine:packageReleaseResources FROM-CACHE
> Task :shared:engine:processReleaseNavigationResources FROM-CACHE
> Task :shared:engine:parseReleaseLocalResources FROM-CACHE
> Task :shared:engine:generateReleaseRFile FROM-CACHE
> Task :shared:engine:compileReleaseKotlinAndroid FROM-CACHE
> Task :shared:engine:javaPreCompileRelease FROM-CACHE
> Task :shared:engine:compileReleaseJavaWithJavac NO-SOURCE
> Task :shared:engine:bundleLibCompileToJarRelease
> Task :shared:content:compileReleaseKotlinAndroid FROM-CACHE
> Task :shared:content:javaPreCompileRelease FROM-CACHE
> Task :shared:content:compileReleaseJavaWithJavac NO-SOURCE
> Task :shared:content:bundleLibCompileToJarRelease
> Task :shared:design-system:kmpPartiallyResolvedDependenciesChecker
> Task :shared:design-system:checkKotlinGradlePluginConfigurationErrors SKIPPED
> Task :shared:design-system:generateResourceAccessorsForAndroidMain NO-SOURCE
> Task :shared:design-system:generateResourceAccessorsForCommonMain
> Task :shared:design-system:generateActualResourceCollectorsForAndroidMain
> Task :shared:design-system:generateComposeResClass
> Task :shared:design-system:generateExpectResourceCollectorsForCommonMain
> Task :shared:design-system:generateReleaseResValues FROM-CACHE
> Task :shared:design-system:generateReleaseResources FROM-CACHE
> Task :shared:design-system:packageReleaseResources FROM-CACHE
> Task :shared:design-system:processReleaseNavigationResources FROM-CACHE
> Task :shared:design-system:parseReleaseLocalResources FROM-CACHE
> Task :shared:design-system:generateReleaseRFile FROM-CACHE
> Task :shared:design-system:generateResourceAccessorsForAndroidRelease NO-SOURCE
> Task :shared:design-system:compileReleaseKotlinAndroid FROM-CACHE
> Task :shared:design-system:javaPreCompileRelease FROM-CACHE
> Task :shared:design-system:compileReleaseJavaWithJavac NO-SOURCE
> Task :shared:design-system:bundleLibCompileToJarRelease
> Task :shared:networking:kmpPartiallyResolvedDependenciesChecker
> Task :shared:networking:checkKotlinGradlePluginConfigurationErrors SKIPPED
> Task :shared:networking:generateReleaseResValues FROM-CACHE
> Task :shared:networking:generateReleaseResources FROM-CACHE
> Task :shared:networking:packageReleaseResources FROM-CACHE
> Task :shared:networking:processReleaseNavigationResources FROM-CACHE
> Task :shared:networking:parseReleaseLocalResources FROM-CACHE
> Task :shared:networking:generateReleaseRFile FROM-CACHE
> Task :shared:networking:compileReleaseKotlinAndroid FROM-CACHE
> Task :shared:networking:javaPreCompileRelease FROM-CACHE
> Task :shared:networking:compileReleaseJavaWithJavac NO-SOURCE
> Task :shared:networking:bundleLibCompileToJarRelease
> Task :shared:session:kmpPartiallyResolvedDependenciesChecker
> Task :shared:session:checkKotlinGradlePluginConfigurationErrors SKIPPED
> Task :shared:session:generateReleaseResValues FROM-CACHE
> Task :shared:session:generateReleaseResources FROM-CACHE
> Task :shared:session:packageReleaseResources FROM-CACHE
> Task :shared:session:processReleaseNavigationResources FROM-CACHE
> Task :shared:session:parseReleaseLocalResources FROM-CACHE
> Task :shared:session:generateReleaseRFile FROM-CACHE
> Task :shared:session:compileReleaseKotlinAndroid FROM-CACHE
> Task :shared:session:javaPreCompileRelease FROM-CACHE
> Task :shared:session:compileReleaseJavaWithJavac NO-SOURCE
> Task :shared:session:bundleLibCompileToJarRelease
> Task :shared:storage:kmpPartiallyResolvedDependenciesChecker
> Task :shared:storage:checkKotlinGradlePluginConfigurationErrors SKIPPED
> Task :shared:storage:generateReleaseResValues FROM-CACHE
> Task :shared:storage:generateReleaseResources FROM-CACHE
> Task :shared:storage:packageReleaseResources FROM-CACHE
> Task :shared:storage:processReleaseNavigationResources FROM-CACHE
> Task :shared:storage:parseReleaseLocalResources FROM-CACHE
> Task :shared:storage:generateReleaseRFile FROM-CACHE
> Task :shared:storage:compileReleaseKotlinAndroid FROM-CACHE
> Task :shared:storage:javaPreCompileRelease FROM-CACHE
> Task :shared:storage:compileReleaseJavaWithJavac NO-SOURCE
> Task :shared:storage:bundleLibCompileToJarRelease
> Task :game-modes:whodunit:compileReleaseKotlinAndroid FROM-CACHE
> Task :game-modes:whodunit:javaPreCompileRelease FROM-CACHE
> Task :game-modes:whodunit:compileReleaseJavaWithJavac NO-SOURCE
> Task :game-modes:whodunit:mergeReleaseGeneratedProguardFiles UP-TO-DATE
> Task :game-modes:whodunit:exportReleaseConsumerProguardFiles UP-TO-DATE
> Task :game-modes:mafia:kmpPartiallyResolvedDependenciesChecker
> Task :game-modes:mafia:checkKotlinGradlePluginConfigurationErrors SKIPPED
> Task :game-modes:mafia:generateResourceAccessorsForAndroidMain NO-SOURCE
> Task :game-modes:mafia:generateResourceAccessorsForCommonMain
> Task :game-modes:mafia:generateActualResourceCollectorsForAndroidMain
> Task :game-modes:mafia:generateComposeResClass
> Task :game-modes:mafia:generateExpectResourceCollectorsForCommonMain
> Task :game-modes:mafia:generateReleaseResValues FROM-CACHE
> Task :game-modes:mafia:generateReleaseResources FROM-CACHE
> Task :game-modes:mafia:packageReleaseResources FROM-CACHE
> Task :game-modes:mafia:processReleaseNavigationResources FROM-CACHE
> Task :game-modes:mafia:parseReleaseLocalResources FROM-CACHE
> Task :game-modes:mafia:generateReleaseRFile FROM-CACHE
> Task :game-modes:mafia:generateResourceAccessorsForAndroidRelease NO-SOURCE
> Task :game-modes:mafia:compileReleaseKotlinAndroid FROM-CACHE
> Task :game-modes:mafia:javaPreCompileRelease FROM-CACHE
> Task :game-modes:mafia:compileReleaseJavaWithJavac NO-SOURCE
> Task :game-modes:mafia:mergeReleaseGeneratedProguardFiles UP-TO-DATE
> Task :game-modes:mafia:exportReleaseConsumerProguardFiles UP-TO-DATE
> Task :shared:session:mergeReleaseGeneratedProguardFiles UP-TO-DATE
> Task :shared:session:exportReleaseConsumerProguardFiles UP-TO-DATE
> Task :shared:content:mergeReleaseGeneratedProguardFiles UP-TO-DATE
> Task :shared:content:exportReleaseConsumerProguardFiles UP-TO-DATE
> Task :shared:transport-p2p:kmpPartiallyResolvedDependenciesChecker
> Task :shared:transport-p2p:checkKotlinGradlePluginConfigurationErrors SKIPPED
> Task :shared:transport-p2p:generateReleaseResValues FROM-CACHE
> Task :shared:transport-p2p:generateReleaseResources FROM-CACHE
> Task :shared:transport-p2p:packageReleaseResources FROM-CACHE
> Task :shared:transport-p2p:processReleaseNavigationResources FROM-CACHE
> Task :shared:transport-p2p:parseReleaseLocalResources FROM-CACHE
> Task :shared:transport-p2p:generateReleaseRFile FROM-CACHE
> Task :shared:transport-p2p:compileReleaseKotlinAndroid FROM-CACHE
> Task :shared:transport-p2p:javaPreCompileRelease FROM-CACHE
> Task :shared:transport-p2p:compileReleaseJavaWithJavac NO-SOURCE
> Task :shared:transport-p2p:mergeReleaseGeneratedProguardFiles UP-TO-DATE
> Task :shared:transport-p2p:exportReleaseConsumerProguardFiles UP-TO-DATE
> Task :shared:networking:mergeReleaseGeneratedProguardFiles UP-TO-DATE
> Task :shared:networking:exportReleaseConsumerProguardFiles UP-TO-DATE
> Task :shared:storage:mergeReleaseGeneratedProguardFiles UP-TO-DATE
> Task :shared:storage:exportReleaseConsumerProguardFiles UP-TO-DATE
> Task :shared:engine:mergeReleaseGeneratedProguardFiles UP-TO-DATE
> Task :shared:engine:exportReleaseConsumerProguardFiles UP-TO-DATE
> Task :shared:design-system:mergeReleaseGeneratedProguardFiles UP-TO-DATE
> Task :shared:design-system:exportReleaseConsumerProguardFiles UP-TO-DATE
> Task :shared:core:mergeReleaseGeneratedProguardFiles UP-TO-DATE
> Task :shared:core:exportReleaseConsumerProguardFiles UP-TO-DATE
> Task :composeApp:buildKotlinToolingMetadata
> Task :composeApp:checkReleaseDuplicateClasses
> Task :composeApp:kmpPartiallyResolvedDependenciesChecker
> Task :composeApp:checkKotlinGradlePluginConfigurationErrors SKIPPED
> Task :composeApp:generateResourceAccessorsForAndroidMain NO-SOURCE
> Task :composeApp:generateResourceAccessorsForCommonMain
> Task :composeApp:generateActualResourceCollectorsForAndroidMain
> Task :composeApp:generateComposeResClass
> Task :composeApp:generateExpectResourceCollectorsForCommonMain
> Task :composeApp:generateParlorVersion
> Task :composeApp:generateResourceAccessorsForAndroidRelease NO-SOURCE
> Task :game-modes:mafia:writeReleaseAarMetadata
> Task :game-modes:whodunit:writeReleaseAarMetadata
> Task :shared:content:writeReleaseAarMetadata
> Task :shared:core:writeReleaseAarMetadata
> Task :shared:design-system:writeReleaseAarMetadata
> Task :shared:engine:writeReleaseAarMetadata
> Task :shared:networking:writeReleaseAarMetadata
> Task :shared:session:writeReleaseAarMetadata
> Task :shared:storage:writeReleaseAarMetadata
> Task :shared:transport-p2p:writeReleaseAarMetadata
> Task :composeApp:checkReleaseAarMetadata
> Task :composeApp:processReleaseNavigationResources FROM-CACHE
> Task :composeApp:compileReleaseNavigationResources FROM-CACHE
> Task :composeApp:generateReleaseResValues FROM-CACHE
> Task :composeApp:mapReleaseSourceSetPaths
> Task :composeApp:generateReleaseResources FROM-CACHE
> Task :composeApp:mergeReleaseResources FROM-CACHE
> Task :composeApp:packageReleaseResources FROM-CACHE
> Task :composeApp:parseReleaseLocalResources FROM-CACHE
> Task :composeApp:createReleaseCompatibleScreenManifests
> Task :composeApp:extractDeepLinksRelease FROM-CACHE
> Task :game-modes:mafia:extractDeepLinksRelease FROM-CACHE
> Task :game-modes:mafia:processReleaseManifest FROM-CACHE
> Task :game-modes:whodunit:extractDeepLinksRelease FROM-CACHE
> Task :game-modes:whodunit:processReleaseManifest FROM-CACHE
> Task :shared:content:extractDeepLinksRelease FROM-CACHE
> Task :shared:content:processReleaseManifest FROM-CACHE
> Task :shared:core:extractDeepLinksRelease FROM-CACHE
> Task :shared:core:processReleaseManifest FROM-CACHE
> Task :shared:design-system:extractDeepLinksRelease FROM-CACHE
> Task :shared:design-system:processReleaseManifest FROM-CACHE
> Task :shared:engine:extractDeepLinksRelease FROM-CACHE
> Task :shared:engine:processReleaseManifest FROM-CACHE
> Task :shared:networking:extractDeepLinksRelease FROM-CACHE
> Task :shared:networking:processReleaseManifest FROM-CACHE
> Task :shared:session:extractDeepLinksRelease FROM-CACHE
> Task :shared:session:processReleaseManifest FROM-CACHE
> Task :shared:storage:extractDeepLinksRelease FROM-CACHE
> Task :shared:storage:processReleaseManifest FROM-CACHE
> Task :shared:transport-p2p:extractDeepLinksRelease FROM-CACHE
> Task :shared:transport-p2p:processReleaseManifest FROM-CACHE
> Task :composeApp:processReleaseMainManifest FROM-CACHE
> Task :composeApp:processReleaseManifest FROM-CACHE
> Task :composeApp:processReleaseManifestForPackage FROM-CACHE
> Task :composeApp:processReleaseResources FROM-CACHE
> Task :game-modes:mafia:bundleLibCompileToJarRelease
> Task :game-modes:whodunit:bundleLibCompileToJarRelease
> Task :shared:transport-p2p:bundleLibCompileToJarRelease
> Task :composeApp:compileReleaseKotlinAndroid FROM-CACHE
> Task :composeApp:javaPreCompileRelease FROM-CACHE
> Task :composeApp:compileReleaseJavaWithJavac NO-SOURCE
> Task :game-modes:mafia:prepareReleaseArtProfile UP-TO-DATE
> Task :game-modes:whodunit:prepareReleaseArtProfile UP-TO-DATE
> Task :shared:content:prepareReleaseArtProfile UP-TO-DATE
> Task :shared:core:prepareReleaseArtProfile UP-TO-DATE
> Task :shared:design-system:prepareReleaseArtProfile UP-TO-DATE
> Task :shared:engine:prepareReleaseArtProfile UP-TO-DATE
> Task :shared:networking:prepareReleaseArtProfile UP-TO-DATE
> Task :shared:session:prepareReleaseArtProfile UP-TO-DATE
> Task :shared:storage:prepareReleaseArtProfile UP-TO-DATE
> Task :shared:transport-p2p:prepareReleaseArtProfile UP-TO-DATE
> Task :composeApp:mergeReleaseArtProfile
> Task :game-modes:mafia:bundleLibRuntimeToJarRelease
> Task :game-modes:whodunit:bundleLibRuntimeToJarRelease
> Task :shared:content:bundleLibRuntimeToJarRelease
> Task :shared:core:bundleLibRuntimeToJarRelease
> Task :shared:design-system:bundleLibRuntimeToJarRelease
> Task :shared:engine:bundleLibRuntimeToJarRelease
> Task :shared:networking:bundleLibRuntimeToJarRelease
> Task :shared:session:bundleLibRuntimeToJarRelease
> Task :shared:storage:bundleLibRuntimeToJarRelease
> Task :shared:transport-p2p:bundleLibRuntimeToJarRelease
> Task :composeApp:expandReleaseArtProfileWildcards FROM-CACHE
> Task :composeApp:extractProguardFiles
> Task :composeApp:mergeReleaseGeneratedProguardFiles UP-TO-DATE
> Task :composeApp:processReleaseJavaRes
> Task :game-modes:mafia:processReleaseJavaRes
> Task :game-modes:whodunit:processReleaseJavaRes
> Task :shared:content:processReleaseJavaRes
> Task :shared:core:processReleaseJavaRes
> Task :shared:design-system:processReleaseJavaRes
> Task :shared:engine:processReleaseJavaRes
> Task :shared:networking:processReleaseJavaRes
> Task :shared:session:processReleaseJavaRes
> Task :shared:storage:processReleaseJavaRes
> Task :shared:transport-p2p:processReleaseJavaRes
> Task :composeApp:mergeReleaseJavaResource
> Task :composeApp:mergeReleaseStartupProfile UP-TO-DATE
> Task :composeApp:minifyReleaseWithR8 FROM-CACHE
> Task :composeApp:mergeReleaseJniLibFolders
> Task :game-modes:mafia:mergeReleaseJniLibFolders
> Task :game-modes:mafia:mergeReleaseNativeLibs NO-SOURCE
> Task :game-modes:mafia:copyReleaseJniLibsProjectOnly
> Task :game-modes:whodunit:mergeReleaseJniLibFolders
> Task :game-modes:whodunit:mergeReleaseNativeLibs NO-SOURCE
> Task :game-modes:whodunit:copyReleaseJniLibsProjectOnly
> Task :shared:content:mergeReleaseJniLibFolders
> Task :shared:content:mergeReleaseNativeLibs NO-SOURCE
> Task :shared:content:copyReleaseJniLibsProjectOnly
> Task :shared:core:mergeReleaseJniLibFolders
> Task :shared:core:mergeReleaseNativeLibs NO-SOURCE
> Task :shared:core:copyReleaseJniLibsProjectOnly
> Task :shared:design-system:mergeReleaseJniLibFolders
> Task :shared:design-system:mergeReleaseNativeLibs NO-SOURCE
> Task :shared:design-system:copyReleaseJniLibsProjectOnly
> Task :shared:engine:mergeReleaseJniLibFolders
> Task :shared:engine:mergeReleaseNativeLibs NO-SOURCE
> Task :shared:engine:copyReleaseJniLibsProjectOnly
> Task :shared:networking:mergeReleaseJniLibFolders
> Task :shared:networking:mergeReleaseNativeLibs NO-SOURCE
> Task :shared:networking:copyReleaseJniLibsProjectOnly
> Task :shared:session:mergeReleaseJniLibFolders
> Task :shared:session:mergeReleaseNativeLibs NO-SOURCE
> Task :shared:session:copyReleaseJniLibsProjectOnly
> Task :shared:storage:mergeReleaseJniLibFolders
> Task :shared:storage:mergeReleaseNativeLibs NO-SOURCE
> Task :shared:storage:copyReleaseJniLibsProjectOnly
> Task :shared:transport-p2p:mergeReleaseJniLibFolders
> Task :shared:transport-p2p:mergeReleaseNativeLibs NO-SOURCE
> Task :shared:transport-p2p:copyReleaseJniLibsProjectOnly
> Task :composeApp:mergeReleaseNativeLibs

> Task :composeApp:stripReleaseDebugSymbols
Unable to strip the following libraries, packaging them as they are: libandroidx.graphics.path.so. Run with --info option to learn more.

> Task :composeApp:writeReleaseAppMetadata
> Task :composeApp:buildReleasePreBundle
> Task :composeApp:produceReleaseComposeMapping FROM-CACHE
> Task :composeApp:reportReleaseComposeMappingErrors
> Task :composeApp:mergeReleaseComposeMapping FROM-CACHE
> Task :composeApp:compileReleaseArtProfile FROM-CACHE
> Task :composeApp:collectReleaseDependencies
> Task :composeApp:configureReleaseDependencies
> Task :composeApp:extractReleaseNativeDebugMetadata FROM-CACHE
> Task :composeApp:convertXmlValueResourcesForAndroidDebug NO-SOURCE
> Task :composeApp:copyNonXmlValueResourcesForAndroidDebug NO-SOURCE
> Task :composeApp:prepareComposeResourcesTaskForAndroidDebug NO-SOURCE
> Task :composeApp:copyDebugComposeResourcesToAndroidAssets
> Task :composeApp:generateResourceAccessorsForAndroidDebug NO-SOURCE
> Task :composeApp:convertXmlValueResourcesForAndroidUnitTest NO-SOURCE
> Task :composeApp:copyNonXmlValueResourcesForAndroidUnitTest NO-SOURCE
> Task :composeApp:prepareComposeResourcesTaskForAndroidUnitTest NO-SOURCE
> Task :composeApp:generateResourceAccessorsForAndroidUnitTest NO-SOURCE
> Task :composeApp:convertXmlValueResourcesForAndroidUnitTestDebug NO-SOURCE
> Task :composeApp:copyNonXmlValueResourcesForAndroidUnitTestDebug NO-SOURCE
> Task :composeApp:prepareComposeResourcesTaskForAndroidUnitTestDebug NO-SOURCE
> Task :composeApp:generateResourceAccessorsForAndroidUnitTestDebug NO-SOURCE
> Task :composeApp:convertXmlValueResourcesForAndroidUnitTestRelease NO-SOURCE
> Task :composeApp:copyNonXmlValueResourcesForAndroidUnitTestRelease NO-SOURCE
> Task :composeApp:prepareComposeResourcesTaskForAndroidUnitTestRelease NO-SOURCE
> Task :composeApp:generateResourceAccessorsForAndroidUnitTestRelease NO-SOURCE
> Task :composeApp:convertXmlValueResourcesForCommonTest NO-SOURCE
> Task :composeApp:copyNonXmlValueResourcesForCommonTest NO-SOURCE
> Task :composeApp:prepareComposeResourcesTaskForCommonTest NO-SOURCE
> Task :composeApp:generateResourceAccessorsForCommonTest NO-SOURCE
> Task :composeApp:convertXmlValueResourcesForDesktopMain NO-SOURCE
> Task :composeApp:copyNonXmlValueResourcesForDesktopMain NO-SOURCE
> Task :composeApp:prepareComposeResourcesTaskForDesktopMain NO-SOURCE
> Task :composeApp:generateResourceAccessorsForDesktopMain NO-SOURCE
> Task :composeApp:convertXmlValueResourcesForDesktopTest NO-SOURCE
> Task :composeApp:copyNonXmlValueResourcesForDesktopTest NO-SOURCE
> Task :composeApp:prepareComposeResourcesTaskForDesktopTest NO-SOURCE
> Task :composeApp:generateResourceAccessorsForDesktopTest NO-SOURCE
> Task :game-modes:mafia:createFullJarRelease
> Task :game-modes:mafia:convertXmlValueResourcesForAndroidDebug NO-SOURCE
> Task :game-modes:mafia:copyNonXmlValueResourcesForAndroidDebug NO-SOURCE
> Task :game-modes:mafia:prepareComposeResourcesTaskForAndroidDebug NO-SOURCE
> Task :game-modes:mafia:copyDebugComposeResourcesToAndroidAssets
> Task :game-modes:mafia:generateResourceAccessorsForAndroidDebug NO-SOURCE
> Task :game-modes:mafia:convertXmlValueResourcesForAndroidUnitTest NO-SOURCE
> Task :game-modes:mafia:copyNonXmlValueResourcesForAndroidUnitTest NO-SOURCE
> Task :game-modes:mafia:prepareComposeResourcesTaskForAndroidUnitTest NO-SOURCE
> Task :game-modes:mafia:generateResourceAccessorsForAndroidUnitTest NO-SOURCE
> Task :game-modes:mafia:convertXmlValueResourcesForAndroidUnitTestRelease NO-SOURCE
> Task :game-modes:mafia:copyNonXmlValueResourcesForAndroidUnitTestRelease NO-SOURCE
> Task :game-modes:mafia:prepareComposeResourcesTaskForAndroidUnitTestRelease NO-SOURCE
> Task :game-modes:mafia:generateResourceAccessorsForAndroidUnitTestRelease NO-SOURCE
> Task :game-modes:mafia:convertXmlValueResourcesForCommonTest NO-SOURCE
> Task :game-modes:mafia:copyNonXmlValueResourcesForCommonTest NO-SOURCE
> Task :game-modes:mafia:prepareComposeResourcesTaskForCommonTest NO-SOURCE
> Task :game-modes:mafia:generateResourceAccessorsForCommonTest NO-SOURCE
> Task :game-modes:mafia:convertXmlValueResourcesForDesktopMain NO-SOURCE
> Task :game-modes:mafia:copyNonXmlValueResourcesForDesktopMain NO-SOURCE
> Task :game-modes:mafia:prepareComposeResourcesTaskForDesktopMain NO-SOURCE
> Task :game-modes:mafia:generateResourceAccessorsForDesktopMain NO-SOURCE
> Task :game-modes:mafia:convertXmlValueResourcesForDesktopTest NO-SOURCE
> Task :game-modes:mafia:copyNonXmlValueResourcesForDesktopTest NO-SOURCE
> Task :game-modes:mafia:prepareComposeResourcesTaskForDesktopTest NO-SOURCE
> Task :game-modes:mafia:generateResourceAccessorsForDesktopTest NO-SOURCE
> Task :game-modes:mafia:extractProguardFiles
> Task :shared:content:createFullJarRelease
> Task :shared:content:extractProguardFiles
> Task :shared:core:createFullJarRelease
> Task :shared:core:extractProguardFiles
> Task :shared:core:generateReleaseLintModel
> Task :shared:core:prepareLintJarForPublish UP-TO-DATE
> Task :shared:engine:createFullJarRelease
> Task :shared:engine:extractProguardFiles
> Task :shared:engine:generateReleaseLintModel
> Task :shared:engine:prepareLintJarForPublish UP-TO-DATE
> Task :shared:content:generateReleaseLintModel
> Task :shared:content:prepareLintJarForPublish UP-TO-DATE
> Task :shared:design-system:createFullJarRelease
> Task :shared:design-system:convertXmlValueResourcesForAndroidDebug NO-SOURCE
> Task :shared:design-system:copyNonXmlValueResourcesForAndroidDebug NO-SOURCE
> Task :shared:design-system:prepareComposeResourcesTaskForAndroidDebug NO-SOURCE
> Task :shared:design-system:copyDebugComposeResourcesToAndroidAssets
> Task :shared:design-system:generateResourceAccessorsForAndroidDebug NO-SOURCE
> Task :shared:design-system:convertXmlValueResourcesForAndroidUnitTest NO-SOURCE
> Task :shared:design-system:copyNonXmlValueResourcesForAndroidUnitTest NO-SOURCE
> Task :shared:design-system:prepareComposeResourcesTaskForAndroidUnitTest NO-SOURCE
> Task :shared:design-system:generateResourceAccessorsForAndroidUnitTest NO-SOURCE
> Task :shared:design-system:convertXmlValueResourcesForAndroidUnitTestRelease NO-SOURCE
> Task :shared:design-system:copyNonXmlValueResourcesForAndroidUnitTestRelease NO-SOURCE
> Task :shared:design-system:prepareComposeResourcesTaskForAndroidUnitTestRelease NO-SOURCE
> Task :shared:design-system:generateResourceAccessorsForAndroidUnitTestRelease NO-SOURCE
> Task :shared:design-system:convertXmlValueResourcesForCommonTest NO-SOURCE
> Task :shared:design-system:copyNonXmlValueResourcesForCommonTest NO-SOURCE
> Task :shared:design-system:prepareComposeResourcesTaskForCommonTest NO-SOURCE
> Task :shared:design-system:generateResourceAccessorsForCommonTest NO-SOURCE
> Task :shared:design-system:convertXmlValueResourcesForDesktopMain NO-SOURCE
> Task :shared:design-system:copyNonXmlValueResourcesForDesktopMain NO-SOURCE
> Task :shared:design-system:prepareComposeResourcesTaskForDesktopMain NO-SOURCE
> Task :shared:design-system:generateResourceAccessorsForDesktopMain NO-SOURCE
> Task :shared:design-system:convertXmlValueResourcesForDesktopTest NO-SOURCE
> Task :shared:design-system:copyNonXmlValueResourcesForDesktopTest NO-SOURCE
> Task :shared:design-system:prepareComposeResourcesTaskForDesktopTest NO-SOURCE
> Task :shared:design-system:generateResourceAccessorsForDesktopTest NO-SOURCE
> Task :shared:design-system:extractProguardFiles
> Task :shared:design-system:generateReleaseLintModel
> Task :shared:design-system:prepareLintJarForPublish UP-TO-DATE
> Task :shared:networking:createFullJarRelease
> Task :shared:networking:extractProguardFiles
> Task :shared:networking:generateReleaseLintModel
> Task :shared:networking:prepareLintJarForPublish UP-TO-DATE
> Task :shared:session:createFullJarRelease
> Task :shared:session:extractProguardFiles
> Task :shared:session:generateReleaseLintModel
> Task :shared:session:prepareLintJarForPublish UP-TO-DATE
> Task :shared:storage:createFullJarRelease
> Task :shared:storage:extractProguardFiles
> Task :shared:storage:generateReleaseLintModel
> Task :shared:storage:prepareLintJarForPublish UP-TO-DATE
> Task :game-modes:mafia:generateReleaseLintModel
> Task :game-modes:mafia:prepareLintJarForPublish UP-TO-DATE
> Task :game-modes:whodunit:createFullJarRelease
> Task :game-modes:whodunit:convertXmlValueResourcesForAndroidDebug NO-SOURCE
> Task :game-modes:whodunit:copyNonXmlValueResourcesForAndroidDebug NO-SOURCE
> Task :game-modes:whodunit:prepareComposeResourcesTaskForAndroidDebug NO-SOURCE
> Task :game-modes:whodunit:copyDebugComposeResourcesToAndroidAssets
> Task :game-modes:whodunit:generateResourceAccessorsForAndroidDebug NO-SOURCE
> Task :game-modes:whodunit:convertXmlValueResourcesForAndroidUnitTest NO-SOURCE
> Task :game-modes:whodunit:copyNonXmlValueResourcesForAndroidUnitTest NO-SOURCE
> Task :game-modes:whodunit:prepareComposeResourcesTaskForAndroidUnitTest NO-SOURCE
> Task :game-modes:whodunit:generateResourceAccessorsForAndroidUnitTest NO-SOURCE
> Task :game-modes:whodunit:convertXmlValueResourcesForAndroidUnitTestRelease NO-SOURCE
> Task :game-modes:whodunit:copyNonXmlValueResourcesForAndroidUnitTestRelease NO-SOURCE
> Task :game-modes:whodunit:prepareComposeResourcesTaskForAndroidUnitTestRelease NO-SOURCE
> Task :game-modes:whodunit:generateResourceAccessorsForAndroidUnitTestRelease NO-SOURCE
> Task :game-modes:whodunit:convertXmlValueResourcesForCommonTest NO-SOURCE
> Task :game-modes:whodunit:copyNonXmlValueResourcesForCommonTest NO-SOURCE
> Task :game-modes:whodunit:prepareComposeResourcesTaskForCommonTest NO-SOURCE
> Task :game-modes:whodunit:generateResourceAccessorsForCommonTest NO-SOURCE
> Task :game-modes:whodunit:convertXmlValueResourcesForDesktopMain NO-SOURCE
> Task :game-modes:whodunit:copyNonXmlValueResourcesForDesktopMain NO-SOURCE
> Task :game-modes:whodunit:prepareComposeResourcesTaskForDesktopMain NO-SOURCE
> Task :game-modes:whodunit:generateResourceAccessorsForDesktopMain NO-SOURCE
> Task :game-modes:whodunit:convertXmlValueResourcesForDesktopTest NO-SOURCE
> Task :game-modes:whodunit:copyNonXmlValueResourcesForDesktopTest NO-SOURCE
> Task :game-modes:whodunit:prepareComposeResourcesTaskForDesktopTest NO-SOURCE
> Task :game-modes:whodunit:generateResourceAccessorsForDesktopTest NO-SOURCE
> Task :game-modes:whodunit:extractProguardFiles
> Task :game-modes:whodunit:generateReleaseLintModel
> Task :game-modes:whodunit:prepareLintJarForPublish UP-TO-DATE
> Task :shared:transport-p2p:createFullJarRelease
> Task :shared:transport-p2p:extractProguardFiles
> Task :shared:transport-p2p:generateReleaseLintModel
> Task :shared:transport-p2p:prepareLintJarForPublish UP-TO-DATE
> Task :composeApp:generateReleaseLintVitalReportModel
> Task :game-modes:whodunit:checkReleaseAarMetadata
> Task :game-modes:whodunit:stripReleaseDebugSymbols NO-SOURCE
> Task :game-modes:whodunit:copyReleaseJniLibsProjectAndLocalJars
> Task :game-modes:whodunit:extractDeepLinksForAarRelease UP-TO-DATE
> Task :game-modes:whodunit:extractReleaseAnnotations FROM-CACHE
> Task :game-modes:whodunit:mergeReleaseConsumerProguardFiles UP-TO-DATE
> Task :game-modes:whodunit:mergeReleaseJavaResource
> Task :game-modes:whodunit:syncReleaseLibJars FROM-CACHE
> Task :game-modes:whodunit:bundleReleaseLocalLintAar
> Task :game-modes:mafia:checkReleaseAarMetadata
> Task :game-modes:mafia:stripReleaseDebugSymbols NO-SOURCE
> Task :game-modes:mafia:copyReleaseJniLibsProjectAndLocalJars
> Task :game-modes:mafia:extractDeepLinksForAarRelease UP-TO-DATE
> Task :game-modes:mafia:extractReleaseAnnotations FROM-CACHE
> Task :game-modes:mafia:mergeReleaseConsumerProguardFiles UP-TO-DATE
> Task :game-modes:mafia:mergeReleaseJavaResource
> Task :game-modes:mafia:syncReleaseLibJars FROM-CACHE
> Task :game-modes:mafia:bundleReleaseLocalLintAar
> Task :shared:session:checkReleaseAarMetadata
> Task :shared:session:stripReleaseDebugSymbols NO-SOURCE
> Task :shared:session:copyReleaseJniLibsProjectAndLocalJars
> Task :shared:session:extractDeepLinksForAarRelease UP-TO-DATE
> Task :shared:session:extractReleaseAnnotations FROM-CACHE
> Task :shared:session:mergeReleaseConsumerProguardFiles UP-TO-DATE
> Task :shared:session:mergeReleaseJavaResource
> Task :shared:session:syncReleaseLibJars FROM-CACHE
> Task :shared:session:bundleReleaseLocalLintAar
> Task :shared:content:checkReleaseAarMetadata
> Task :shared:content:stripReleaseDebugSymbols NO-SOURCE
> Task :shared:content:copyReleaseJniLibsProjectAndLocalJars
> Task :shared:content:extractDeepLinksForAarRelease UP-TO-DATE
> Task :shared:content:extractReleaseAnnotations FROM-CACHE
> Task :shared:content:mergeReleaseConsumerProguardFiles UP-TO-DATE
> Task :shared:content:mergeReleaseJavaResource
> Task :shared:content:syncReleaseLibJars FROM-CACHE
> Task :shared:content:bundleReleaseLocalLintAar
> Task :shared:transport-p2p:checkReleaseAarMetadata
> Task :shared:transport-p2p:stripReleaseDebugSymbols NO-SOURCE
> Task :shared:transport-p2p:copyReleaseJniLibsProjectAndLocalJars
> Task :shared:transport-p2p:extractDeepLinksForAarRelease UP-TO-DATE
> Task :shared:transport-p2p:extractReleaseAnnotations FROM-CACHE
> Task :shared:transport-p2p:mergeReleaseConsumerProguardFiles UP-TO-DATE
> Task :shared:transport-p2p:mergeReleaseJavaResource
> Task :shared:transport-p2p:syncReleaseLibJars FROM-CACHE
> Task :shared:transport-p2p:bundleReleaseLocalLintAar
> Task :shared:networking:checkReleaseAarMetadata
> Task :shared:networking:stripReleaseDebugSymbols NO-SOURCE
> Task :shared:networking:copyReleaseJniLibsProjectAndLocalJars
> Task :shared:networking:extractDeepLinksForAarRelease UP-TO-DATE
> Task :shared:networking:extractReleaseAnnotations FROM-CACHE
> Task :shared:networking:mergeReleaseConsumerProguardFiles UP-TO-DATE
> Task :shared:networking:mergeReleaseJavaResource
> Task :shared:networking:syncReleaseLibJars FROM-CACHE
> Task :shared:networking:bundleReleaseLocalLintAar
> Task :shared:storage:checkReleaseAarMetadata
> Task :shared:storage:stripReleaseDebugSymbols NO-SOURCE
> Task :shared:storage:copyReleaseJniLibsProjectAndLocalJars
> Task :shared:storage:extractDeepLinksForAarRelease UP-TO-DATE
> Task :shared:storage:extractReleaseAnnotations FROM-CACHE
> Task :shared:storage:mergeReleaseConsumerProguardFiles UP-TO-DATE
> Task :shared:storage:mergeReleaseJavaResource
> Task :shared:storage:syncReleaseLibJars FROM-CACHE
> Task :shared:storage:bundleReleaseLocalLintAar
> Task :shared:engine:checkReleaseAarMetadata
> Task :shared:engine:stripReleaseDebugSymbols NO-SOURCE
> Task :shared:engine:copyReleaseJniLibsProjectAndLocalJars
> Task :shared:engine:extractDeepLinksForAarRelease UP-TO-DATE
> Task :shared:engine:extractReleaseAnnotations FROM-CACHE
> Task :shared:engine:mergeReleaseConsumerProguardFiles UP-TO-DATE
> Task :shared:engine:mergeReleaseJavaResource
> Task :shared:engine:syncReleaseLibJars FROM-CACHE
> Task :shared:engine:bundleReleaseLocalLintAar
> Task :shared:design-system:checkReleaseAarMetadata
> Task :shared:design-system:stripReleaseDebugSymbols NO-SOURCE
> Task :shared:design-system:copyReleaseJniLibsProjectAndLocalJars
> Task :shared:design-system:extractDeepLinksForAarRelease UP-TO-DATE
> Task :shared:design-system:extractReleaseAnnotations FROM-CACHE
> Task :shared:design-system:mergeReleaseConsumerProguardFiles UP-TO-DATE
> Task :shared:design-system:mergeReleaseJavaResource
> Task :shared:design-system:syncReleaseLibJars FROM-CACHE
> Task :shared:design-system:bundleReleaseLocalLintAar
> Task :shared:core:checkReleaseAarMetadata
> Task :shared:core:stripReleaseDebugSymbols NO-SOURCE
> Task :shared:core:copyReleaseJniLibsProjectAndLocalJars
> Task :shared:core:extractDeepLinksForAarRelease UP-TO-DATE
> Task :shared:core:extractReleaseAnnotations FROM-CACHE
> Task :shared:core:mergeReleaseConsumerProguardFiles UP-TO-DATE
> Task :shared:core:mergeReleaseJavaResource
> Task :shared:core:syncReleaseLibJars FROM-CACHE
> Task :shared:core:bundleReleaseLocalLintAar
> Task :shared:content:writeReleaseLintModelMetadata
> Task :shared:core:writeReleaseLintModelMetadata
> Task :shared:design-system:writeReleaseLintModelMetadata
> Task :shared:engine:writeReleaseLintModelMetadata
> Task :shared:networking:writeReleaseLintModelMetadata
> Task :shared:session:writeReleaseLintModelMetadata
> Task :shared:storage:writeReleaseLintModelMetadata
> Task :game-modes:mafia:lintVitalAnalyzeRelease FROM-CACHE
> Task :game-modes:mafia:writeReleaseLintModelMetadata
> Task :game-modes:whodunit:lintVitalAnalyzeRelease FROM-CACHE
> Task :game-modes:whodunit:writeReleaseLintModelMetadata
> Task :shared:content:lintVitalAnalyzeRelease FROM-CACHE
> Task :shared:core:lintVitalAnalyzeRelease FROM-CACHE
> Task :shared:design-system:lintVitalAnalyzeRelease FROM-CACHE
> Task :shared:engine:lintVitalAnalyzeRelease FROM-CACHE
> Task :shared:networking:lintVitalAnalyzeRelease FROM-CACHE
> Task :shared:session:lintVitalAnalyzeRelease FROM-CACHE
> Task :shared:storage:lintVitalAnalyzeRelease FROM-CACHE
> Task :shared:transport-p2p:lintVitalAnalyzeRelease FROM-CACHE
> Task :shared:transport-p2p:writeReleaseLintModelMetadata
> Task :composeApp:lintVitalAnalyzeRelease
> Task :game-modes:mafia:generateReleaseLintVitalModel
> Task :game-modes:whodunit:generateReleaseLintVitalModel
> Task :shared:content:generateReleaseLintVitalModel
> Task :shared:core:generateReleaseLintVitalModel
> Task :shared:design-system:generateReleaseLintVitalModel
> Task :shared:engine:generateReleaseLintVitalModel
> Task :shared:networking:generateReleaseLintVitalModel
> Task :shared:session:generateReleaseLintVitalModel
> Task :shared:storage:generateReleaseLintVitalModel
> Task :shared:transport-p2p:generateReleaseLintVitalModel
> Task :composeApp:lintVitalReportRelease SKIPPED
> Task :composeApp:lintVitalRelease SKIPPED
> Task :composeApp:parseReleaseIntegrityConfig UP-TO-DATE
> Task :composeApp:packageReleaseBundle
> Task :composeApp:signReleaseBundle
> Task :composeApp:produceReleaseBundleIdeListingFile
> Task :composeApp:createReleaseBundleListingFileRedirect
> Task :composeApp:bundleRelease
> Task :composeApp:bundleReleaseClassesToCompileJar
> Task :composeApp:preReleaseAndroidTestBuild SKIPPED
> Task :composeApp:generateReleaseAndroidTestResValues FROM-CACHE
> Task :composeApp:generateReleaseAndroidTestLintModel
> Task :composeApp:generateReleaseLintReportModel
> Task :shared:engine-testing:preBuild UP-TO-DATE
> Task :shared:engine-testing:preReleaseBuild UP-TO-DATE
> Task :shared:engine-testing:checkReleaseAarMetadata
> Task :shared:engine-testing:mergeReleaseJniLibFolders
> Task :shared:engine-testing:mergeReleaseNativeLibs NO-SOURCE
> Task :shared:engine-testing:stripReleaseDebugSymbols NO-SOURCE
> Task :shared:engine-testing:copyReleaseJniLibsProjectAndLocalJars
> Task :shared:engine-testing:generateReleaseResValues FROM-CACHE
> Task :shared:engine-testing:extractDeepLinksForAarRelease UP-TO-DATE
> Task :shared:engine-testing:kmpPartiallyResolvedDependenciesChecker
> Task :shared:engine-testing:checkKotlinGradlePluginConfigurationErrors SKIPPED
> Task :shared:engine-testing:generateReleaseResources FROM-CACHE
> Task :shared:engine-testing:packageReleaseResources FROM-CACHE
> Task :shared:engine-testing:processReleaseNavigationResources FROM-CACHE
> Task :shared:engine-testing:parseReleaseLocalResources FROM-CACHE
> Task :shared:engine-testing:generateReleaseRFile FROM-CACHE
> Task :shared:engine-testing:compileReleaseKotlinAndroid FROM-CACHE
> Task :shared:engine-testing:extractReleaseAnnotations FROM-CACHE
> Task :shared:engine-testing:mergeReleaseShaders
> Task :shared:engine-testing:compileReleaseShaders NO-SOURCE
> Task :shared:engine-testing:generateReleaseAssets UP-TO-DATE
> Task :shared:engine-testing:releaseAssetsCopyForAGP NO-SOURCE
> Task :shared:engine-testing:mergeReleaseAssets
> Task :shared:engine-testing:javaPreCompileRelease FROM-CACHE
> Task :shared:engine-testing:compileReleaseJavaWithJavac NO-SOURCE
> Task :shared:engine-testing:mergeReleaseGeneratedProguardFiles UP-TO-DATE
> Task :shared:engine-testing:mergeReleaseConsumerProguardFiles UP-TO-DATE
> Task :shared:engine-testing:prepareLintJarForPublish UP-TO-DATE
> Task :shared:engine-testing:prepareReleaseArtProfile UP-TO-DATE
> Task :shared:engine-testing:processReleaseManifest FROM-CACHE
> Task :shared:engine-testing:processReleaseJavaRes
> Task :shared:engine-testing:mergeReleaseJavaResource
> Task :shared:engine-testing:syncReleaseLibJars FROM-CACHE
> Task :shared:engine-testing:writeReleaseAarMetadata
> Task :shared:engine-testing:bundleReleaseLocalLintAar
> Task :composeApp:preReleaseUnitTestBuild UP-TO-DATE
> Task :shared:engine-testing:bundleLibRuntimeToJarRelease
> Task :shared:engine-testing:createFullJarRelease
> Task :shared:engine-testing:writeReleaseLintModelMetadata
> Task :composeApp:generateReleaseUnitTestLintModel
> Task :shared:core:lintAnalyzeRelease FROM-CACHE
> Task :shared:engine:lintAnalyzeRelease FROM-CACHE
> Task :shared:content:lintAnalyzeRelease FROM-CACHE
> Task :shared:design-system:lintAnalyzeRelease FROM-CACHE
> Task :shared:networking:lintAnalyzeRelease FROM-CACHE
> Task :shared:session:lintAnalyzeRelease FROM-CACHE
> Task :shared:storage:lintAnalyzeRelease FROM-CACHE
> Task :game-modes:mafia:lintAnalyzeRelease FROM-CACHE
> Task :game-modes:whodunit:lintAnalyzeRelease FROM-CACHE
> Task :shared:transport-p2p:lintAnalyzeRelease FROM-CACHE
> Task :composeApp:lintAnalyzeRelease
> Task :composeApp:lintAnalyzeReleaseAndroidTest
> Task :composeApp:lintAnalyzeReleaseUnitTest
> Task :shared:networking-testing:preBuild UP-TO-DATE
> Task :shared:networking-testing:preReleaseBuild UP-TO-DATE
> Task :shared:networking-testing:checkReleaseAarMetadata
> Task :shared:networking-testing:mergeReleaseJniLibFolders
> Task :shared:networking-testing:mergeReleaseNativeLibs NO-SOURCE
> Task :shared:networking-testing:stripReleaseDebugSymbols NO-SOURCE
> Task :shared:networking-testing:copyReleaseJniLibsProjectAndLocalJars
> Task :shared:networking-testing:generateReleaseResValues FROM-CACHE
> Task :shared:networking-testing:extractDeepLinksForAarRelease UP-TO-DATE
> Task :shared:networking-testing:kmpPartiallyResolvedDependenciesChecker
> Task :shared:networking-testing:checkKotlinGradlePluginConfigurationErrors SKIPPED
> Task :shared:networking-testing:generateReleaseResources FROM-CACHE
> Task :shared:networking-testing:packageReleaseResources FROM-CACHE
> Task :shared:networking-testing:processReleaseNavigationResources FROM-CACHE
> Task :shared:networking-testing:parseReleaseLocalResources FROM-CACHE
> Task :shared:networking-testing:generateReleaseRFile FROM-CACHE
> Task :shared:networking-testing:compileReleaseKotlinAndroid FROM-CACHE
> Task :shared:networking-testing:extractReleaseAnnotations FROM-CACHE
> Task :shared:networking-testing:mergeReleaseShaders
> Task :shared:networking-testing:compileReleaseShaders NO-SOURCE
> Task :shared:networking-testing:generateReleaseAssets UP-TO-DATE
> Task :shared:networking-testing:releaseAssetsCopyForAGP NO-SOURCE
> Task :shared:networking-testing:mergeReleaseAssets
> Task :shared:networking-testing:javaPreCompileRelease FROM-CACHE
> Task :shared:networking-testing:compileReleaseJavaWithJavac NO-SOURCE
> Task :shared:networking-testing:mergeReleaseGeneratedProguardFiles UP-TO-DATE
> Task :shared:networking-testing:mergeReleaseConsumerProguardFiles UP-TO-DATE
> Task :shared:networking-testing:prepareLintJarForPublish UP-TO-DATE
> Task :shared:networking-testing:prepareReleaseArtProfile UP-TO-DATE
> Task :shared:networking-testing:processReleaseManifest FROM-CACHE
> Task :shared:networking-testing:processReleaseJavaRes
> Task :shared:networking-testing:mergeReleaseJavaResource
> Task :shared:networking-testing:syncReleaseLibJars FROM-CACHE
> Task :shared:networking-testing:writeReleaseAarMetadata
> Task :shared:networking-testing:bundleReleaseLocalLintAar
> Task :game-modes:mafia:preReleaseUnitTestBuild UP-TO-DATE
> Task :shared:networking-testing:bundleLibRuntimeToJarRelease
> Task :shared:networking-testing:createFullJarRelease
> Task :shared:networking-testing:writeReleaseLintModelMetadata
> Task :game-modes:mafia:generateReleaseUnitTestLintModel
> Task :game-modes:mafia:lintAnalyzeReleaseUnitTest FROM-CACHE
> Task :game-modes:whodunit:preReleaseUnitTestBuild UP-TO-DATE
> Task :game-modes:whodunit:generateReleaseUnitTestLintModel
> Task :game-modes:whodunit:lintAnalyzeReleaseUnitTest FROM-CACHE
> Task :shared:content:preReleaseUnitTestBuild UP-TO-DATE
> Task :shared:content:generateReleaseUnitTestLintModel
> Task :shared:content:lintAnalyzeReleaseUnitTest FROM-CACHE
> Task :shared:core:preReleaseUnitTestBuild UP-TO-DATE
> Task :shared:core:generateReleaseUnitTestLintModel
> Task :shared:core:lintAnalyzeReleaseUnitTest FROM-CACHE
> Task :shared:design-system:preReleaseUnitTestBuild UP-TO-DATE
> Task :shared:design-system:generateReleaseUnitTestLintModel
> Task :shared:design-system:lintAnalyzeReleaseUnitTest FROM-CACHE
> Task :shared:engine:preReleaseUnitTestBuild UP-TO-DATE
> Task :shared:engine:generateReleaseUnitTestLintModel
> Task :shared:engine:lintAnalyzeReleaseUnitTest FROM-CACHE
> Task :shared:networking:preReleaseUnitTestBuild UP-TO-DATE
> Task :shared:networking:generateReleaseUnitTestLintModel
> Task :shared:networking:lintAnalyzeReleaseUnitTest FROM-CACHE
> Task :shared:session:preReleaseUnitTestBuild UP-TO-DATE
> Task :shared:session:generateReleaseUnitTestLintModel
> Task :shared:session:lintAnalyzeReleaseUnitTest FROM-CACHE
> Task :shared:storage:preReleaseUnitTestBuild UP-TO-DATE
> Task :shared:storage:generateReleaseUnitTestLintModel
> Task :shared:storage:lintAnalyzeReleaseUnitTest FROM-CACHE
> Task :shared:transport-p2p:preReleaseUnitTestBuild UP-TO-DATE
> Task :shared:transport-p2p:generateReleaseUnitTestLintModel
> Task :shared:transport-p2p:lintAnalyzeReleaseUnitTest FROM-CACHE

> Task :composeApp:lintReportRelease
Wrote HTML report to file:///Users/abdelrahman/Projects/parlor/composeApp/build/reports/lint-results-release.html

> Task :composeApp:lintRelease
> Task :composeApp:preDebugBuild UP-TO-DATE
> Task :game-modes:mafia:preDebugBuild UP-TO-DATE
> Task :game-modes:mafia:writeDebugAarMetadata
> Task :game-modes:whodunit:preDebugBuild UP-TO-DATE
> Task :game-modes:whodunit:writeDebugAarMetadata
> Task :shared:content:preDebugBuild UP-TO-DATE
> Task :shared:content:writeDebugAarMetadata
> Task :shared:core:preDebugBuild UP-TO-DATE
> Task :shared:core:writeDebugAarMetadata
> Task :shared:design-system:preDebugBuild UP-TO-DATE
> Task :shared:design-system:writeDebugAarMetadata
> Task :shared:engine:preDebugBuild UP-TO-DATE
> Task :shared:engine:writeDebugAarMetadata
> Task :shared:networking:preDebugBuild UP-TO-DATE
> Task :shared:networking:writeDebugAarMetadata
> Task :shared:session:preDebugBuild UP-TO-DATE
> Task :shared:session:writeDebugAarMetadata
> Task :shared:storage:preDebugBuild UP-TO-DATE
> Task :shared:storage:writeDebugAarMetadata
> Task :shared:transport-p2p:preDebugBuild UP-TO-DATE
> Task :shared:transport-p2p:writeDebugAarMetadata
> Task :composeApp:checkDebugAarMetadata
> Task :game-modes:mafia:processDebugNavigationResources FROM-CACHE
> Task :game-modes:whodunit:processDebugNavigationResources FROM-CACHE
> Task :shared:content:processDebugNavigationResources FROM-CACHE
> Task :shared:core:processDebugNavigationResources FROM-CACHE
> Task :shared:design-system:processDebugNavigationResources FROM-CACHE
> Task :shared:engine:processDebugNavigationResources FROM-CACHE
> Task :shared:networking:processDebugNavigationResources FROM-CACHE
> Task :shared:session:processDebugNavigationResources FROM-CACHE
> Task :shared:storage:processDebugNavigationResources FROM-CACHE
> Task :shared:transport-p2p:processDebugNavigationResources FROM-CACHE
> Task :composeApp:processDebugNavigationResources FROM-CACHE
> Task :composeApp:compileDebugNavigationResources FROM-CACHE
> Task :composeApp:generateDebugResValues FROM-CACHE
> Task :game-modes:mafia:generateDebugResValues FROM-CACHE
> Task :game-modes:mafia:generateDebugResources FROM-CACHE
> Task :game-modes:mafia:packageDebugResources FROM-CACHE
> Task :game-modes:whodunit:generateDebugResValues FROM-CACHE
> Task :game-modes:whodunit:generateDebugResources FROM-CACHE
> Task :game-modes:whodunit:packageDebugResources FROM-CACHE
> Task :shared:content:generateDebugResValues FROM-CACHE
> Task :shared:content:generateDebugResources FROM-CACHE
> Task :shared:content:packageDebugResources FROM-CACHE
> Task :shared:core:generateDebugResValues FROM-CACHE
> Task :shared:core:generateDebugResources FROM-CACHE
> Task :shared:core:packageDebugResources FROM-CACHE
> Task :shared:design-system:generateDebugResValues FROM-CACHE
> Task :shared:design-system:generateDebugResources FROM-CACHE
> Task :shared:design-system:packageDebugResources FROM-CACHE
> Task :shared:engine:generateDebugResValues FROM-CACHE
> Task :shared:engine:generateDebugResources FROM-CACHE
> Task :shared:engine:packageDebugResources FROM-CACHE
> Task :shared:networking:generateDebugResValues FROM-CACHE
> Task :shared:networking:generateDebugResources FROM-CACHE
> Task :shared:networking:packageDebugResources FROM-CACHE
> Task :shared:session:generateDebugResValues FROM-CACHE
> Task :shared:session:generateDebugResources FROM-CACHE
> Task :shared:session:packageDebugResources FROM-CACHE
> Task :shared:storage:generateDebugResValues FROM-CACHE
> Task :shared:storage:generateDebugResources FROM-CACHE
> Task :shared:storage:packageDebugResources FROM-CACHE
> Task :shared:transport-p2p:generateDebugResValues FROM-CACHE
> Task :shared:transport-p2p:generateDebugResources FROM-CACHE
> Task :shared:transport-p2p:packageDebugResources FROM-CACHE
> Task :composeApp:mapDebugSourceSetPaths
> Task :composeApp:generateDebugResources FROM-CACHE
> Task :composeApp:mergeDebugResources FROM-CACHE
> Task :composeApp:packageDebugResources FROM-CACHE
> Task :composeApp:parseDebugLocalResources FROM-CACHE
> Task :composeApp:createDebugCompatibleScreenManifests
> Task :composeApp:extractDeepLinksDebug FROM-CACHE
> Task :game-modes:mafia:extractDeepLinksDebug FROM-CACHE
> Task :game-modes:mafia:processDebugManifest FROM-CACHE
> Task :game-modes:whodunit:extractDeepLinksDebug FROM-CACHE
> Task :game-modes:whodunit:processDebugManifest FROM-CACHE
> Task :shared:content:extractDeepLinksDebug FROM-CACHE
> Task :shared:content:processDebugManifest FROM-CACHE
> Task :shared:core:extractDeepLinksDebug FROM-CACHE
> Task :shared:core:processDebugManifest FROM-CACHE
> Task :shared:design-system:extractDeepLinksDebug FROM-CACHE
> Task :shared:design-system:processDebugManifest FROM-CACHE
> Task :shared:engine:extractDeepLinksDebug FROM-CACHE
> Task :shared:engine:processDebugManifest FROM-CACHE
> Task :shared:networking:extractDeepLinksDebug FROM-CACHE
> Task :shared:networking:processDebugManifest FROM-CACHE
> Task :shared:session:extractDeepLinksDebug FROM-CACHE
> Task :shared:session:processDebugManifest FROM-CACHE
> Task :shared:storage:extractDeepLinksDebug FROM-CACHE
> Task :shared:storage:processDebugManifest FROM-CACHE
> Task :shared:transport-p2p:extractDeepLinksDebug FROM-CACHE
> Task :shared:transport-p2p:processDebugManifest FROM-CACHE
> Task :composeApp:processDebugMainManifest FROM-CACHE
> Task :composeApp:processDebugManifest FROM-CACHE
> Task :composeApp:processDebugManifestForPackage FROM-CACHE
> Task :game-modes:mafia:compileDebugLibraryResources FROM-CACHE
> Task :game-modes:mafia:parseDebugLocalResources FROM-CACHE
> Task :game-modes:mafia:generateDebugRFile FROM-CACHE
> Task :game-modes:whodunit:compileDebugLibraryResources FROM-CACHE
> Task :game-modes:whodunit:parseDebugLocalResources FROM-CACHE
> Task :game-modes:whodunit:generateDebugRFile FROM-CACHE
> Task :shared:content:compileDebugLibraryResources FROM-CACHE
> Task :shared:content:parseDebugLocalResources FROM-CACHE
> Task :shared:content:generateDebugRFile FROM-CACHE
> Task :shared:core:compileDebugLibraryResources FROM-CACHE
> Task :shared:core:parseDebugLocalResources FROM-CACHE
> Task :shared:core:generateDebugRFile FROM-CACHE
> Task :shared:design-system:compileDebugLibraryResources FROM-CACHE
> Task :shared:design-system:parseDebugLocalResources FROM-CACHE
> Task :shared:design-system:generateDebugRFile FROM-CACHE
> Task :shared:engine:compileDebugLibraryResources FROM-CACHE
> Task :shared:engine:parseDebugLocalResources FROM-CACHE
> Task :shared:engine:generateDebugRFile FROM-CACHE
> Task :shared:networking:compileDebugLibraryResources FROM-CACHE
> Task :shared:networking:parseDebugLocalResources FROM-CACHE
> Task :shared:networking:generateDebugRFile FROM-CACHE
> Task :shared:session:compileDebugLibraryResources FROM-CACHE
> Task :shared:session:parseDebugLocalResources FROM-CACHE
> Task :shared:session:generateDebugRFile FROM-CACHE
> Task :shared:storage:compileDebugLibraryResources FROM-CACHE
> Task :shared:storage:parseDebugLocalResources FROM-CACHE
> Task :shared:storage:generateDebugRFile FROM-CACHE
> Task :shared:transport-p2p:compileDebugLibraryResources FROM-CACHE
> Task :shared:transport-p2p:parseDebugLocalResources FROM-CACHE
> Task :shared:transport-p2p:generateDebugRFile FROM-CACHE
> Task :composeApp:processDebugResources FROM-CACHE
> Task :shared:core:compileDebugKotlinAndroid FROM-CACHE
> Task :shared:core:javaPreCompileDebug FROM-CACHE
> Task :shared:core:compileDebugJavaWithJavac NO-SOURCE
> Task :shared:core:bundleLibCompileToJarDebug
> Task :shared:engine:compileDebugKotlinAndroid FROM-CACHE
> Task :shared:engine:javaPreCompileDebug FROM-CACHE
> Task :shared:engine:compileDebugJavaWithJavac NO-SOURCE
> Task :shared:engine:bundleLibCompileToJarDebug
> Task :shared:content:compileDebugKotlinAndroid FROM-CACHE
> Task :shared:content:javaPreCompileDebug FROM-CACHE
> Task :shared:content:compileDebugJavaWithJavac NO-SOURCE
> Task :shared:content:bundleLibCompileToJarDebug
> Task :shared:design-system:compileDebugKotlinAndroid FROM-CACHE
> Task :shared:design-system:javaPreCompileDebug FROM-CACHE
> Task :shared:design-system:compileDebugJavaWithJavac NO-SOURCE
> Task :shared:design-system:bundleLibCompileToJarDebug
> Task :shared:networking:compileDebugKotlinAndroid FROM-CACHE
> Task :shared:networking:javaPreCompileDebug FROM-CACHE
> Task :shared:networking:compileDebugJavaWithJavac NO-SOURCE
> Task :shared:networking:bundleLibCompileToJarDebug
> Task :shared:session:compileDebugKotlinAndroid FROM-CACHE
> Task :shared:session:javaPreCompileDebug FROM-CACHE
> Task :shared:session:compileDebugJavaWithJavac NO-SOURCE
> Task :shared:session:bundleLibCompileToJarDebug
> Task :shared:storage:compileDebugKotlinAndroid FROM-CACHE
> Task :shared:storage:javaPreCompileDebug FROM-CACHE
> Task :shared:storage:compileDebugJavaWithJavac NO-SOURCE
> Task :shared:storage:bundleLibCompileToJarDebug
> Task :game-modes:mafia:compileDebugKotlinAndroid FROM-CACHE
> Task :game-modes:mafia:javaPreCompileDebug FROM-CACHE
> Task :game-modes:mafia:compileDebugJavaWithJavac NO-SOURCE
> Task :game-modes:mafia:bundleLibCompileToJarDebug
> Task :game-modes:whodunit:compileDebugKotlinAndroid FROM-CACHE
> Task :game-modes:whodunit:javaPreCompileDebug FROM-CACHE
> Task :game-modes:whodunit:compileDebugJavaWithJavac NO-SOURCE
> Task :game-modes:whodunit:bundleLibCompileToJarDebug
> Task :shared:transport-p2p:compileDebugKotlinAndroid FROM-CACHE
> Task :shared:transport-p2p:javaPreCompileDebug FROM-CACHE
> Task :shared:transport-p2p:compileDebugJavaWithJavac NO-SOURCE
> Task :shared:transport-p2p:bundleLibCompileToJarDebug
> Task :composeApp:compileDebugKotlinAndroid FROM-CACHE
> Task :composeApp:javaPreCompileDebug FROM-CACHE
> Task :composeApp:compileDebugJavaWithJavac NO-SOURCE
> Task :composeApp:bundleDebugClassesToRuntimeJar
> Task :composeApp:bundleDebugClassesToCompileJar
> Task :shared:engine-testing:preDebugBuild UP-TO-DATE
> Task :shared:engine-testing:generateDebugResValues FROM-CACHE
> Task :shared:engine-testing:generateDebugResources FROM-CACHE
> Task :shared:engine-testing:packageDebugResources FROM-CACHE
> Task :shared:engine-testing:processDebugNavigationResources FROM-CACHE
> Task :shared:engine-testing:parseDebugLocalResources FROM-CACHE
> Task :shared:engine-testing:generateDebugRFile FROM-CACHE
> Task :shared:engine-testing:compileDebugKotlinAndroid FROM-CACHE
> Task :shared:engine-testing:javaPreCompileDebug FROM-CACHE
> Task :shared:engine-testing:compileDebugJavaWithJavac NO-SOURCE
> Task :shared:engine-testing:bundleLibCompileToJarDebug
> Task :composeApp:compileDebugUnitTestKotlinAndroid FROM-CACHE
> Task :composeApp:preDebugUnitTestBuild UP-TO-DATE
> Task :composeApp:javaPreCompileDebugUnitTest FROM-CACHE
> Task :composeApp:compileDebugUnitTestJavaWithJavac NO-SOURCE
> Task :composeApp:processDebugJavaRes
> Task :composeApp:processDebugUnitTestJavaRes
> Task :game-modes:mafia:bundleLibRuntimeToJarDebug
> Task :game-modes:mafia:processDebugJavaRes
> Task :game-modes:whodunit:bundleLibRuntimeToJarDebug
> Task :game-modes:whodunit:processDebugJavaRes
> Task :shared:content:bundleLibRuntimeToJarDebug
> Task :shared:content:processDebugJavaRes
> Task :shared:core:bundleLibRuntimeToJarDebug
> Task :shared:core:processDebugJavaRes
> Task :shared:design-system:bundleLibRuntimeToJarDebug
> Task :shared:design-system:processDebugJavaRes
> Task :shared:engine:bundleLibRuntimeToJarDebug
> Task :shared:engine:processDebugJavaRes
> Task :shared:engine-testing:bundleLibRuntimeToJarDebug
> Task :shared:engine-testing:processDebugJavaRes
> Task :shared:networking:bundleLibRuntimeToJarDebug
> Task :shared:networking:processDebugJavaRes
> Task :shared:session:bundleLibRuntimeToJarDebug
> Task :shared:session:processDebugJavaRes
> Task :shared:storage:bundleLibRuntimeToJarDebug
> Task :shared:storage:processDebugJavaRes
> Task :shared:transport-p2p:bundleLibRuntimeToJarDebug
> Task :shared:transport-p2p:processDebugJavaRes
> Task :composeApp:testDebugUnitTest FROM-CACHE
> Task :composeApp:bundleReleaseClassesToRuntimeJar
> Task :shared:engine-testing:bundleLibCompileToJarRelease
> Task :composeApp:compileReleaseUnitTestKotlinAndroid FROM-CACHE
> Task :composeApp:javaPreCompileReleaseUnitTest FROM-CACHE
> Task :composeApp:compileReleaseUnitTestJavaWithJavac NO-SOURCE
> Task :composeApp:processReleaseUnitTestJavaRes
> Task :composeApp:testReleaseUnitTest FROM-CACHE
> Task :composeApp:verifyApplicationIdentities
> Task :composeApp:verifyMergedReleaseManifest
> Task :composeApp:verifyReleaseLintWarnings
> Task :productionAndroidCheck
> Task :composeApp:generateActualResourceCollectorsForDesktopMain
> Task :game-modes:mafia:generateActualResourceCollectorsForDesktopMain
> Task :shared:core:compileKotlinDesktop FROM-CACHE
> Task :shared:core:compileDesktopMainJava NO-SOURCE
> Task :shared:core:desktopProcessResources NO-SOURCE
> Task :shared:core:processDesktopMainResources SKIPPED
> Task :shared:core:desktopMainClasses UP-TO-DATE
> Task :shared:core:desktopJar
> Task :shared:engine:compileKotlinDesktop FROM-CACHE
> Task :shared:engine:compileDesktopMainJava NO-SOURCE
> Task :shared:engine:desktopProcessResources NO-SOURCE
> Task :shared:engine:processDesktopMainResources SKIPPED
> Task :shared:engine:desktopMainClasses UP-TO-DATE
> Task :shared:engine:desktopJar
> Task :shared:content:compileKotlinDesktop FROM-CACHE
> Task :shared:content:compileDesktopMainJava NO-SOURCE
> Task :shared:content:desktopProcessResources NO-SOURCE
> Task :shared:content:processDesktopMainResources SKIPPED
> Task :shared:content:desktopMainClasses UP-TO-DATE
> Task :shared:content:desktopJar
> Task :shared:design-system:generateActualResourceCollectorsForDesktopMain
> Task :shared:design-system:compileKotlinDesktop FROM-CACHE
> Task :shared:design-system:compileDesktopMainJava NO-SOURCE
> Task :shared:design-system:assembleDesktopMainResources
> Task :shared:design-system:desktopProcessResources
> Task :shared:design-system:processDesktopMainResources SKIPPED
> Task :shared:design-system:desktopMainClasses
> Task :shared:design-system:desktopJar
> Task :shared:networking:compileKotlinDesktop FROM-CACHE
> Task :shared:networking:compileDesktopMainJava NO-SOURCE
> Task :shared:networking:desktopProcessResources NO-SOURCE
> Task :shared:networking:processDesktopMainResources SKIPPED
> Task :shared:networking:desktopMainClasses UP-TO-DATE
> Task :shared:networking:desktopJar
> Task :shared:session:compileKotlinDesktop FROM-CACHE
> Task :shared:session:compileDesktopMainJava NO-SOURCE
> Task :shared:session:desktopProcessResources NO-SOURCE
> Task :shared:session:processDesktopMainResources SKIPPED
> Task :shared:session:desktopMainClasses UP-TO-DATE
> Task :shared:session:desktopJar
> Task :shared:storage:compileKotlinDesktop FROM-CACHE
> Task :shared:storage:compileDesktopMainJava NO-SOURCE
> Task :shared:storage:desktopProcessResources NO-SOURCE
> Task :shared:storage:processDesktopMainResources SKIPPED
> Task :shared:storage:desktopMainClasses UP-TO-DATE
> Task :shared:storage:desktopJar
> Task :game-modes:mafia:compileKotlinDesktop FROM-CACHE
> Task :game-modes:mafia:compileDesktopMainJava NO-SOURCE
> Task :game-modes:mafia:assembleDesktopMainResources
> Task :game-modes:mafia:desktopProcessResources
> Task :game-modes:mafia:processDesktopMainResources SKIPPED
> Task :game-modes:mafia:desktopMainClasses
> Task :game-modes:mafia:desktopJar
> Task :game-modes:whodunit:generateActualResourceCollectorsForDesktopMain
> Task :game-modes:whodunit:compileKotlinDesktop FROM-CACHE
> Task :game-modes:whodunit:compileDesktopMainJava NO-SOURCE
> Task :game-modes:whodunit:assembleDesktopMainResources
> Task :game-modes:whodunit:desktopProcessResources
> Task :game-modes:whodunit:processDesktopMainResources SKIPPED
> Task :game-modes:whodunit:desktopMainClasses
> Task :game-modes:whodunit:desktopJar
> Task :shared:transport-p2p:compileKotlinDesktop FROM-CACHE
> Task :shared:transport-p2p:compileDesktopMainJava NO-SOURCE
> Task :shared:transport-p2p:desktopProcessResources NO-SOURCE
> Task :shared:transport-p2p:processDesktopMainResources SKIPPED
> Task :shared:transport-p2p:desktopMainClasses UP-TO-DATE
> Task :shared:transport-p2p:desktopJar
> Task :composeApp:compileKotlinDesktop FROM-CACHE
> Task :composeApp:compileDesktopMainJava NO-SOURCE
> Task :composeApp:assembleDesktopMainResources
> Task :composeApp:desktopProcessResources
> Task :composeApp:processDesktopMainResources SKIPPED
> Task :composeApp:desktopMainClasses
> Task :composeApp:desktopJar
> Task :shared:engine-testing:compileKotlinDesktop FROM-CACHE
> Task :shared:engine-testing:compileDesktopMainJava NO-SOURCE
> Task :shared:engine-testing:desktopProcessResources NO-SOURCE
> Task :shared:engine-testing:processDesktopMainResources SKIPPED
> Task :shared:engine-testing:desktopMainClasses UP-TO-DATE
> Task :shared:engine-testing:desktopJar
> Task :composeApp:compileTestKotlinDesktop FROM-CACHE
> Task :composeApp:compileDesktopTestJava NO-SOURCE
> Task :composeApp:assembleDesktopTestResources
> Task :composeApp:desktopTestProcessResources
> Task :composeApp:processDesktopTestResources SKIPPED
> Task :composeApp:desktopTestClasses
> Task :composeApp:desktopTest
> Task :shared:networking-testing:compileKotlinDesktop FROM-CACHE
> Task :shared:networking-testing:compileDesktopMainJava NO-SOURCE
> Task :shared:networking-testing:desktopProcessResources NO-SOURCE
> Task :shared:networking-testing:processDesktopMainResources SKIPPED
> Task :shared:networking-testing:desktopMainClasses UP-TO-DATE
> Task :shared:networking-testing:desktopJar
> Task :game-modes:mafia:compileTestKotlinDesktop FROM-CACHE
> Task :game-modes:mafia:compileDesktopTestJava NO-SOURCE
> Task :game-modes:mafia:assembleDesktopTestResources
> Task :game-modes:mafia:desktopTestProcessResources
> Task :game-modes:mafia:processDesktopTestResources SKIPPED
> Task :game-modes:mafia:desktopTestClasses
> Task :game-modes:mafia:desktopTest FROM-CACHE
> Task :game-modes:whodunit:compileTestKotlinDesktop FROM-CACHE
> Task :game-modes:whodunit:compileDesktopTestJava NO-SOURCE
> Task :game-modes:whodunit:assembleDesktopTestResources
> Task :game-modes:whodunit:desktopTestProcessResources
> Task :game-modes:whodunit:processDesktopTestResources SKIPPED
> Task :game-modes:whodunit:desktopTestClasses
> Task :game-modes:whodunit:desktopTest FROM-CACHE
> Task :shared:content:compileTestKotlinDesktop FROM-CACHE
> Task :shared:content:compileDesktopTestJava NO-SOURCE
> Task :shared:content:desktopTestProcessResources NO-SOURCE
> Task :shared:content:processDesktopTestResources SKIPPED
> Task :shared:content:desktopTestClasses UP-TO-DATE
> Task :shared:content:desktopTest FROM-CACHE
> Task :shared:core:compileTestKotlinDesktop FROM-CACHE
> Task :shared:core:compileDesktopTestJava NO-SOURCE
> Task :shared:core:desktopTestProcessResources NO-SOURCE
> Task :shared:core:processDesktopTestResources SKIPPED
> Task :shared:core:desktopTestClasses UP-TO-DATE
> Task :shared:core:desktopTest FROM-CACHE
> Task :shared:design-system:compileTestKotlinDesktop FROM-CACHE
> Task :shared:design-system:compileDesktopTestJava NO-SOURCE
> Task :shared:design-system:assembleDesktopTestResources
> Task :shared:design-system:desktopTestProcessResources
> Task :shared:design-system:processDesktopTestResources SKIPPED
> Task :shared:design-system:desktopTestClasses
> Task :shared:design-system:desktopTest FROM-CACHE
> Task :shared:engine:compileTestKotlinDesktop FROM-CACHE
> Task :shared:engine:compileDesktopTestJava NO-SOURCE
> Task :shared:engine:desktopTestProcessResources NO-SOURCE
> Task :shared:engine:processDesktopTestResources SKIPPED
> Task :shared:engine:desktopTestClasses UP-TO-DATE
> Task :shared:engine:desktopTest FROM-CACHE
> Task :shared:engine-testing:compileTestKotlinDesktop FROM-CACHE
> Task :shared:engine-testing:compileDesktopTestJava NO-SOURCE
> Task :shared:engine-testing:desktopTestProcessResources NO-SOURCE
> Task :shared:engine-testing:processDesktopTestResources SKIPPED
> Task :shared:engine-testing:desktopTestClasses UP-TO-DATE
> Task :shared:engine-testing:desktopTest FROM-CACHE
> Task :shared:networking:compileTestKotlinDesktop FROM-CACHE
> Task :shared:networking:compileDesktopTestJava NO-SOURCE
> Task :shared:networking:desktopTestProcessResources NO-SOURCE
> Task :shared:networking:processDesktopTestResources SKIPPED
> Task :shared:networking:desktopTestClasses UP-TO-DATE
> Task :shared:networking:desktopTest FROM-CACHE
> Task :shared:networking-testing:compileTestKotlinDesktop FROM-CACHE
> Task :shared:networking-testing:compileDesktopTestJava NO-SOURCE
> Task :shared:networking-testing:desktopTestProcessResources NO-SOURCE
> Task :shared:networking-testing:processDesktopTestResources SKIPPED
> Task :shared:networking-testing:desktopTestClasses UP-TO-DATE
> Task :shared:networking-testing:desktopTest FROM-CACHE
> Task :shared:session:compileTestKotlinDesktop FROM-CACHE
> Task :shared:session:compileDesktopTestJava NO-SOURCE
> Task :shared:session:desktopTestProcessResources NO-SOURCE
> Task :shared:session:processDesktopTestResources SKIPPED
> Task :shared:session:desktopTestClasses UP-TO-DATE
> Task :shared:session:desktopTest FROM-CACHE
> Task :shared:storage:compileTestKotlinDesktop FROM-CACHE
> Task :shared:storage:compileDesktopTestJava NO-SOURCE
> Task :shared:storage:desktopTestProcessResources NO-SOURCE
> Task :shared:storage:processDesktopTestResources SKIPPED
> Task :shared:storage:desktopTestClasses UP-TO-DATE
> Task :shared:storage:desktopTest FROM-CACHE
> Task :shared:transport-p2p:compileTestKotlinDesktop FROM-CACHE
> Task :shared:transport-p2p:compileDesktopTestJava NO-SOURCE
> Task :shared:transport-p2p:desktopTestProcessResources NO-SOURCE
> Task :shared:transport-p2p:processDesktopTestResources SKIPPED
> Task :shared:transport-p2p:desktopTestClasses UP-TO-DATE
> Task :shared:transport-p2p:desktopTest
> Task :productionDesktopCheck

> Task :productionReleaseAutomationCheck
test_both_small_files_with_spaces_pass_gnu_shaped_stat_preflight (test_android_artifact_size.AndroidArtifactSizeTest) ... ok
test_empty_dependency_report_is_rejected (test_android_artifact_size.AndroidArtifactSizeTest) ... ok
test_exact_artifact_bound_is_accepted_without_allocating_512_mib (test_android_artifact_size.AndroidArtifactSizeTest) ... ok
test_exact_dependency_report_bound_is_accepted (test_android_artifact_size.AndroidArtifactSizeTest) ... ok
test_missing_directory_and_symlink_inputs_are_rejected (test_android_artifact_size.AndroidArtifactSizeTest) ... ok
test_oversized_artifact_is_rejected (test_android_artifact_size.AndroidArtifactSizeTest) ... ok
test_oversized_dependency_report_is_rejected (test_android_artifact_size.AndroidArtifactSizeTest) ... ok
test_additional_unapproved_signer_is_rejected (test_android_upload_signature.AndroidUploadSignatureTest) ... ok
test_certificate_usage_must_allow_code_signing (test_android_upload_signature.AndroidUploadSignatureTest) ... ok
test_corrupt_signature_block_is_rejected (test_android_upload_signature.AndroidUploadSignatureTest) ... ok
test_disabled_certificate_algorithm_is_rejected_with_modern_jar_signature (test_android_upload_signature.AndroidUploadSignatureTest) ... ok
test_disabled_jar_algorithm_is_rejected_with_modern_certificate (test_android_upload_signature.AndroidUploadSignatureTest) ... ok
test_disabled_rsa_key_size_is_rejected (test_android_upload_signature.AndroidUploadSignatureTest) ... ok
test_entirely_unsigned_bundle_is_rejected (test_android_upload_signature.AndroidUploadSignatureTest) ... ok
test_expired_self_signed_certificate_is_rejected (test_android_upload_signature.AndroidUploadSignatureTest) ... ok
test_extended_usage_must_allow_code_signing (test_android_upload_signature.AndroidUploadSignatureTest) ... ok
test_failed_java_preparation_cannot_be_masked_by_later_verification (test_android_upload_signature.AndroidUploadSignatureTest) ... ok
test_not_yet_valid_self_signed_certificate_is_rejected (test_android_upload_signature.AndroidUploadSignatureTest) ... ok
test_registered_self_signed_upload_certificate_passes_strict_verification (test_android_upload_signature.AndroidUploadSignatureTest) ... ok
test_signedjar_specific_certificate_policy_cannot_be_bypassed_by_trusting_leaf (test_android_upload_signature.AndroidUploadSignatureTest) ... ok
test_stale_trust_store_is_not_overwritten_or_used_after_preparation_failure (test_android_upload_signature.AndroidUploadSignatureTest) ... ok
test_tampered_signed_payload_is_rejected (test_android_upload_signature.AndroidUploadSignatureTest) ... ok
test_unknown_critical_certificate_extension_is_rejected (test_android_upload_signature.AndroidUploadSignatureTest) ... ok
test_unsigned_extra_payload_including_meta_inf_is_rejected (test_android_upload_signature.AndroidUploadSignatureTest) ... ok
test_untrusted_ca_path_does_not_become_a_new_trust_anchor (test_android_upload_signature.AndroidUploadSignatureTest) ... ok
test_upload_trust_cannot_be_reused_as_timestamp_authority_trust (test_android_upload_signature.AndroidUploadSignatureTest) ... ok
test_wrong_approved_fingerprint_is_rejected (test_android_upload_signature.AndroidUploadSignatureTest) ... ok
test_timeout_stops_term_resistant_redirected_descendant (test_android_upload_signature.OwnedSignatureProcessTest) ... ok
test_already_present_candidate_is_validated_and_edit_is_deleted (test_google_promotion_edit.GooglePromotionEditTest) ... ok
test_commit_failure_is_not_blindly_retried (test_google_promotion_edit.GooglePromotionEditTest) ... ok
test_external_change_after_reads_invalidates_mutation_without_retry (test_google_promotion_edit.GooglePromotionEditTest) ... ok
test_missing_configured_destination_is_rejected (test_google_promotion_edit.GooglePromotionEditTest) ... ok
test_read_validation_and_commit_use_the_same_edit_snapshot (test_google_promotion_edit.GooglePromotionEditTest) ... ok
test_staged_destination_in_mutation_snapshot_is_not_completed (test_google_promotion_edit.GooglePromotionEditTest) ... ok
test_unavailable_or_unfinished_source_in_mutation_snapshot_is_rejected (test_google_promotion_edit.GooglePromotionEditTest) ... ok
test_validation_failure_deletes_uncommitted_edit_without_retry (test_google_promotion_edit.GooglePromotionEditTest) ... ok
test_wrong_bundle_digest_in_mutation_snapshot_is_rejected (test_google_promotion_edit.GooglePromotionEditTest) ... ok
test_canonical_framework_is_an_idempotent_success (test_normalize_embedded_apple_framework.EmbeddedAppleFrameworkNormalizationTest) ... ok
test_case_only_framework_rename_matches_macho_identity (test_normalize_embedded_apple_framework.EmbeddedAppleFrameworkNormalizationTest) ... ok
test_framework_without_canonical_executable_fails_closed (test_normalize_embedded_apple_framework.EmbeddedAppleFrameworkNormalizationTest) ... ok
test_artifact_digest_tampering_is_rejected (test_release_tool.CandidateManifestTest) ... ok
test_artifact_size_bound_is_enforced (test_release_tool.CandidateManifestTest) ... ok
test_binary_checkpoint_recovers_exact_bytes (test_release_tool.CandidateManifestTest) ... ok
test_candidate_claim_binds_build_source_and_workflow (test_release_tool.CandidateManifestTest) ... ok
test_control_artifact_path_traversal_is_rejected (test_release_tool.CandidateManifestTest) ... ok
test_debug_identity_is_rejected (test_release_tool.CandidateManifestTest) ... ok
test_expired_orphan_binary_still_refuses_rebuild (test_release_tool.CandidateManifestTest) ... ok
test_failed_atomic_evidence_write_removes_temporary_file (test_release_tool.CandidateManifestTest) ... ok
test_foreign_protected_candidate_claim_reserves_build_number (test_release_tool.CandidateManifestTest) ... ok
test_github_artifact_inventory_is_bounded_and_paginated (test_release_tool.CandidateManifestTest) ... ok
test_github_prefixed_sha256_digest_is_normalized (test_release_tool.CandidateManifestTest) ... ok
test_orphan_binary_checkpoint_refuses_rebuild (test_release_tool.CandidateManifestTest) ... ok
test_platform_state_rejects_another_candidate (test_release_tool.CandidateManifestTest) ... ok
test_same_run_claim_allows_a_safe_rerun (test_release_tool.CandidateManifestTest) ... ok
test_store_mutation_intent_is_bound_to_exact_candidate_bytes (test_release_tool.CandidateManifestTest) ... ok
test_store_mutation_intent_rejects_another_candidate (test_release_tool.CandidateManifestTest) ... ok
test_store_receipt_cannot_smuggle_private_fields_into_manifest (test_release_tool.CandidateManifestTest) ... ok
test_untrusted_artifact_cannot_reserve_candidate_build_number (test_release_tool.CandidateManifestTest) ... ok
test_valid_manifest_round_trip (test_release_tool.CandidateManifestTest) ... ok
test_version_mismatch_is_rejected (test_release_tool.CandidateManifestTest) ... ok
test_wrong_signature_fingerprint_is_rejected (test_release_tool.CandidateManifestTest) ... ok
test_https_cross_host_redirect_strips_github_authorization (test_release_tool.GitHubRedirectPolicyTest) ... ok
test_insecure_or_credentialed_redirect_is_rejected (test_release_tool.GitHubRedirectPolicyTest) ... ok
test_divergent_tree_is_rejected (test_release_tool.GitTreeVerificationTest) ... ok
test_exact_candidate_commit_is_accepted (test_release_tool.GitTreeVerificationTest) ... ok
test_shared_history_equal_tree_rebase_or_merge_is_accepted (test_release_tool.GitTreeVerificationTest) ... ok
test_unrelated_same_tree_is_rejected (test_release_tool.GitTreeVerificationTest) ... Switched to a new branch 'unrelated'
ok
test_api_verified_identity_approval_is_accepted (test_release_tool.StoreIdentityApprovalTest) ... ok
test_known_collision_cannot_be_approved_by_changing_only_the_flag (test_release_tool.StoreIdentityApprovalTest) ... ok
test_public_store_collision_blocks_every_candidate_platform (test_release_tool.StoreIdentityApprovalTest) ... ok
test_verified_identity_still_requires_platform_valid_format (test_release_tool.StoreIdentityApprovalTest) ... ok
test_verified_status_without_evidence_fails_closed (test_release_tool.StoreIdentityApprovalTest) ... ok
test_candidate_claim_accepts_only_the_protected_candidate_workflow (test_release_tool.WorkflowRunRecordTest) ... ok
test_successful_protected_external_run_is_bound_to_its_own_source_sha (test_release_tool.WorkflowRunRecordTest) ... ok
test_untrusted_repository_or_branch_is_rejected (test_release_tool.WorkflowRunRecordTest) ... ok
test_wrong_workflow_attempt_is_rejected (test_release_tool.WorkflowRunRecordTest) ... ok
test_finding_overrides_require_full_commit_shas (test_review_inventory.ReviewInventoryTest) ... ok
test_rendering_ignores_a_synthetic_pull_request_merge (test_review_inventory.ReviewInventoryTest) ... ok
test_rendering_is_repeatable_and_independent_of_untracked_files (test_review_inventory.ReviewInventoryTest) ... ok
test_apple_pagination_is_bounded_to_official_host (test_store_api.AppleStoreReadbackTest) ... ok
test_apple_pagination_rejects_foreign_redirect_target (test_store_api.AppleStoreReadbackTest) ... ok
test_beta_group_app_binding_uses_the_relationship_endpoint (test_store_api.AppleStoreReadbackTest) ... ok
test_beta_group_for_another_app_is_rejected_before_association (test_store_api.AppleStoreReadbackTest) ... ok
test_beta_review_state_is_not_accepted_as_a_production_review_state (test_store_api.AppleStoreReadbackTest) ... ok
test_build_group_readback_uses_supported_beta_group_filter (test_store_api.AppleStoreReadbackTest) ... ok
test_candidate_rejects_a_different_app_store_connect_app_id (test_store_api.AppleStoreReadbackTest) ... ok
test_existing_submitted_production_review_is_resumed_without_mutation (test_store_api.AppleStoreReadbackTest) ... ok
test_external_receipt_uses_beta_review_readback (test_store_api.AppleStoreReadbackTest) ... ok
test_production_rejects_lost_external_group_membership (test_store_api.AppleStoreReadbackTest) ... ok
test_review_submission_requires_api_readback (test_store_api.AppleStoreReadbackTest) ... ok
test_review_submission_rerun_reuses_one_empty_draft (test_store_api.AppleStoreReadbackTest) ... ok
test_store_candidate_requires_current_app_store_eligible_build_metadata (test_store_api.AppleStoreReadbackTest) ... ok
test_unrelated_active_review_submission_fails_closed (test_store_api.AppleStoreReadbackTest) ... ok
test_transport_receipt_for_other_ipa_is_rejected (test_store_api.AppleUploadTransportTest) ... ok
test_transport_receipt_is_bound_to_exact_ipa (test_store_api.AppleUploadTransportTest) ... ok
test_der_signature_converts_to_fixed_width_jwt_signature (test_store_api.EcdsaSignatureTest) ... ok
test_malformed_der_signature_is_rejected (test_store_api.EcdsaSignatureTest) ... ok
test_external_evidence_rejects_manifest_or_attempt_tampering (test_store_api.ExternalEvidenceTest) ... ok
test_receipt_with_unexpected_sensitive_field_is_rejected (test_store_api.ExternalEvidenceTest) ... ok
test_successful_run_can_aggregate_valid_receipts_from_prior_attempts (test_store_api.ExternalEvidenceTest) ... ok
test_existing_exact_bundle_on_wrong_track_is_rejected (test_store_api.GoogleInternalRecoveryTest) ... ok
test_existing_version_with_different_store_bytes_is_rejected (test_store_api.GoogleInternalRecoveryTest) ... ok
test_new_candidate_cannot_adopt_an_existing_byte_identical_store_bundle (test_store_api.GoogleInternalRecoveryTest) ... ok
test_new_upload_rejects_google_digest_mismatch_before_commit (test_store_api.GoogleInternalRecoveryTest) ... ok
test_recovered_upload_intent_can_resume_by_exact_store_digest (test_store_api.GoogleInternalRecoveryTest) ... ok
test_recovered_upload_intent_never_sends_a_second_bundle (test_store_api.GoogleInternalRecoveryTest) ... ok
test_active_or_ambiguous_destination_cannot_be_replaced (test_store_api.GoogleTrackTest) ... ok
test_ambiguous_duplicate_track_release_is_rejected (test_store_api.GoogleTrackTest) ... ok
test_duplicate_named_tracks_are_rejected (test_store_api.GoogleTrackTest) ... ok
test_duplicate_version_in_bundle_inventory_is_rejected (test_store_api.GoogleTrackTest) ... ok
test_duplicate_version_is_detected_across_tracks (test_store_api.GoogleTrackTest) ... ok
test_empty_or_single_completed_destination_can_be_replaced (test_store_api.GoogleTrackTest) ... ok
test_existing_google_promotion_with_exact_store_bytes_is_idempotent (test_store_api.GoogleTrackTest) ... ok
test_google_promotion_checks_store_bytes_before_mutation (test_store_api.GoogleTrackTest) ... ok
test_only_completed_play_release_is_promotable (test_store_api.GoogleTrackTest) ... ok
test_other_version_is_allowed (test_store_api.GoogleTrackTest) ... ok
test_prebuild_uniqueness_allows_unused_store_version (test_store_api.GoogleTrackTest) ... ok
test_prebuild_uniqueness_rejects_existing_store_version (test_store_api.GoogleTrackTest) ... ok
test_promotion_requires_exact_candidate_bundle_digest (test_store_api.GoogleTrackTest) ... ok
test_mutation_is_never_blindly_retried (test_store_api.HttpRetryContractTest) ... ok
test_safe_read_uses_bounded_retry (test_store_api.HttpRetryContractTest) ... ok
test_apple_unapproved_external_build_is_rejected (test_store_api.PromotionReceiptTest) ... ok
test_google_external_track_commit_is_accepted (test_store_api.PromotionReceiptTest) ... ok
test_receipt_for_other_artifact_is_rejected (test_store_api.PromotionReceiptTest) ... ok
test_apple_internal_validation_mode_avoids_store_client (test_store_api.ValidationOnlyTest) ... ok
test_apple_unique_validation_mode_avoids_store_client (test_store_api.ValidationOnlyTest) ... ok
test_every_promotion_validation_mode_avoids_store_clients (test_store_api.ValidationOnlyTest) ... ok
test_execute_mode_cannot_bypass_blocked_store_identity_ownership (test_store_api.ValidationOnlyTest) ... ok
test_google_internal_validation_only_never_constructs_store_client (test_store_api.ValidationOnlyTest) ... ok
test_google_unique_validation_mode_avoids_store_client (test_store_api.ValidationOnlyTest) ... ok
test_all_release_temporary_directories_use_signal_safe_cleanup (test_workflow_contract.WorkflowContractTest) ... ok
test_apple_signing_and_upload_scripts_require_identity_approval (test_workflow_contract.WorkflowContractTest) ... ok
test_candidate_build_number_claim_cannot_be_removed (test_workflow_contract.WorkflowContractTest) ... ok
test_candidate_bundletool_download_must_be_bounded (test_workflow_contract.WorkflowContractTest) ... ok
test_candidate_claim_requires_a_secretless_protected_environment (test_workflow_contract.WorkflowContractTest) ... ok
test_candidate_claim_transaction_cannot_be_scoped_per_sha (test_workflow_contract.WorkflowContractTest) ... ok
test_candidate_dependency_and_validation_evidence_must_be_retained (test_workflow_contract.WorkflowContractTest) ... ok
test_candidate_dependency_report_must_use_release_runtime (test_workflow_contract.WorkflowContractTest) ... ok
test_candidate_preflight_requires_reviewed_managed_device_image (test_workflow_contract.WorkflowContractTest) ... ok
test_every_store_workflow_job_is_repository_disabled (test_workflow_contract.WorkflowContractTest) ... ok
test_external_partial_rerun_evidence_cannot_be_removed (test_workflow_contract.WorkflowContractTest) ... ok
test_ios_app_launch_ui_test_cannot_be_replaced_with_a_build (test_workflow_contract.WorkflowContractTest) ... ok
test_ios_artifact_validator_enforces_pinned_store_toolchain (test_workflow_contract.WorkflowContractTest) ... ok
test_ios_build_phases_do_not_inherit_source_signing_secrets (test_workflow_contract.WorkflowContractTest) ... ok
test_ios_profile_refusal_cannot_delete_a_preexisting_profile (test_workflow_contract.WorkflowContractTest) ... ok
test_ios_signing_cleanup_is_fail_closed (test_workflow_contract.WorkflowContractTest) ... ok
test_ios_upload_uses_scoped_key_directory_and_removes_raw_response (test_workflow_contract.WorkflowContractTest) ... ok
test_managed_device_runner_cannot_use_production_signing_material (test_workflow_contract.WorkflowContractTest) ... ok
test_missing_shared_store_lock_is_rejected (test_workflow_contract.WorkflowContractTest) ... ok
test_mobile_release_kit_android_signing_fallbacks_remain_bounded (test_workflow_contract.WorkflowContractTest) ... ok
test_mobile_release_kit_ios_signing_mapping_is_release_target_only (test_workflow_contract.WorkflowContractTest) ... ok
test_mutable_action_reference_is_rejected (test_workflow_contract.WorkflowContractTest) ... ok
test_new_store_workflow_job_cannot_omit_the_release_stop (test_workflow_contract.WorkflowContractTest) ... ok
test_production_build_command_is_rejected (test_workflow_contract.WorkflowContractTest) ... ok
test_production_push_trigger_is_rejected (test_workflow_contract.WorkflowContractTest) ... ok
test_production_without_external_receipt_attestation_is_rejected (test_workflow_contract.WorkflowContractTest) ... ok
test_production_without_its_own_receipt_attestations_is_rejected (test_workflow_contract.WorkflowContractTest) ... ok
test_promotion_without_candidate_attestation_is_rejected (test_workflow_contract.WorkflowContractTest) ... ok
test_release_policy_includes_the_candidate_control_environment (test_workflow_contract.WorkflowContractTest) ... ok
test_release_system_enforces_review_inventory_freshness (test_workflow_contract.WorkflowContractTest) ... ok
test_release_tool_download_failure_cannot_false_pass (test_workflow_contract.WorkflowContractTest) ... ok
test_repository_workflows_satisfy_release_contract (test_workflow_contract.WorkflowContractTest) ... ok
test_review_inventory_gate_has_full_git_history (test_workflow_contract.WorkflowContractTest) ... ok
test_store_workflow_without_identity_ownership_gate_is_rejected (test_workflow_contract.WorkflowContractTest) ... ok
test_unreviewed_workflow_file_is_rejected (test_workflow_contract.WorkflowContractTest) ... ok
test_validation_requires_release_managed_device_runtime_gate (test_workflow_contract.WorkflowContractTest) ... ok
test_xcode_identity_guard_matches_the_exact_build_setting (test_workflow_contract.WorkflowContractTest) ... ok
test_failed_directory_change_cannot_build_from_previous_directory (test_xcode_framework_phase.XcodeFrameworkPhaseTest) ... ok
test_failed_gradle_with_stale_framework_fails_without_normalizing (test_xcode_framework_phase.XcodeFrameworkPhaseTest) ... ok
test_intentional_ide_override_still_skips_gradle_and_normalization (test_xcode_framework_phase.XcodeFrameworkPhaseTest) ... ok
test_successful_embed_normalizes_case_only_framework_name (test_xcode_framework_phase.XcodeFrameworkPhaseTest) ... ok
test_successful_gradle_still_rejects_missing_framework (test_xcode_framework_phase.XcodeFrameworkPhaseTest) ... ok

----------------------------------------------------------------------
Ran 172 tests in 26.337s

OK
validation-only: no App Store Connect request was made
validation-only: no Google Play request was made
release workflow contract: PASS
release workflow contract: PASS
Verified 628 reviewed rows in docs/review/INDEPENDENT_REVIEW_INVENTORY.csv
/Users/abdelrahman/Projects/parlor/remediation-runs/2026-09-05-confirmed-fixes/evidence/combined-production-02/scratch/tmp/parlor-release-tools.JXYRUA/shellcheck.tar.gz: OK
/Users/abdelrahman/Projects/parlor/remediation-runs/2026-09-05-confirmed-fixes/evidence/combined-production-02/scratch/tmp/parlor-release-tools.JXYRUA/actionlint.tar.gz: OK

> Task :composeApp:detekt
> Task :game-modes:detekt NO-SOURCE
> Task :shared:detekt NO-SOURCE
> Task :game-modes:mafia:detekt FROM-CACHE
> Task :game-modes:whodunit:detekt FROM-CACHE
> Task :shared:content:detekt FROM-CACHE
> Task :shared:core:detekt FROM-CACHE
> Task :shared:design-system:detekt FROM-CACHE
> Task :shared:engine:detekt FROM-CACHE
> Task :shared:engine-testing:detekt FROM-CACHE
> Task :shared:networking:detekt FROM-CACHE
> Task :shared:networking-testing:detekt FROM-CACHE
> Task :shared:session:detekt FROM-CACHE
> Task :shared:storage:detekt FROM-CACHE
> Task :shared:transport-p2p:detekt FROM-CACHE
> Task :staticAnalysis
> Task :composeApp:detektAndroidRelease
> Task :composeApp:detektAndroidReleaseUnitTest
> Task :composeApp:detektDesktopMain
> Task :composeApp:detektDesktopTest
> Task :composeApp:detektMetadataCommonMain
> Task :game-modes:mafia:detektAndroidRelease NO-SOURCE
> Task :game-modes:mafia:generateReleaseUnitTestStubRFile FROM-CACHE
> Task :shared:networking-testing:bundleLibCompileToJarRelease
> Task :game-modes:mafia:compileReleaseUnitTestKotlinAndroid NO-SOURCE
> Task :game-modes:mafia:javaPreCompileReleaseUnitTest FROM-CACHE
> Task :game-modes:mafia:compileReleaseUnitTestJavaWithJavac NO-SOURCE
> Task :game-modes:mafia:detektAndroidReleaseUnitTest NO-SOURCE
> Task :game-modes:mafia:detektDesktopMain NO-SOURCE

> Task :game-modes:mafia:detektDesktopTest
/Users/abdelrahman/Projects/parlor/game-modes/mafia/src/desktopTest/kotlin/com/parlor/games/mafia/multidevice/MafiaDoctorLanTest.kt:133:13: Function has redundant `suspend` modifier. [RedundantSuspendModifier]
/Users/abdelrahman/Projects/parlor/game-modes/mafia/src/desktopTest/kotlin/com/parlor/games/mafia/multidevice/MafiaDoctorLanTest.kt:148:13: Function has redundant `suspend` modifier. [RedundantSuspendModifier]


> Task :game-modes:mafia:detektDesktopTest FAILED

[Incubating] Problems report is available at: file:///Users/abdelrahman/Projects/parlor/build/reports/problems/problems-report.html

FAILURE: Build failed with an exception.

* What went wrong:
Execution failed for task ':game-modes:mafia:detektDesktopTest'.
> Analysis failed with 2 weighted issues.

* Try:
> Run with --stacktrace option to get the stack trace.
> Run with --info or --debug option to get more log output.
> Run with --scan to get full insights.
> Get more help at https://help.gradle.org.

BUILD FAILED in 3m 3s
847 actionable tasks: 386 executed, 384 from cache, 77 up-to-date
