remediation-runs/2026-09-08-continuation/reviews/full-d-compact-collector-02.py: OK
remediation-runs/2026-09-08-continuation/reviews/test_full_d_compact_collector_02.py: OK
test_crc_in_unselected_history_still_fails (__main__.CollectorFixtures.test_crc_in_unselected_history_still_fails) ... ok
test_current_cleanup_name_only (__main__.CollectorFixtures.test_current_cleanup_name_only) ... ok
test_directory_is_present_in_complete_table (__main__.CollectorFixtures.test_directory_is_present_in_complete_table) ... ok
test_duplicate_and_ancestor_collisions (__main__.CollectorFixtures.test_duplicate_and_ancestor_collisions) ... ok
test_encryption_flags_rejected (__main__.CollectorFixtures.test_encryption_flags_rejected) ... ok
test_exact_unique_job_steps_required (__main__.CollectorFixtures.test_exact_unique_job_steps_required) ... ok
test_extraction_refuses_existing_or_redirected_root (__main__.CollectorFixtures.test_extraction_refuses_existing_or_redirected_root) ... ok
test_failed_windows_checkout_never_admits_reports (__main__.CollectorFixtures.test_failed_windows_checkout_never_admits_reports) ... ok
test_full_table_but_selective_extraction (__main__.CollectorFixtures.test_full_table_but_selective_extraction) ... ok
test_member_total_and_file_bounds (__main__.CollectorFixtures.test_member_total_and_file_bounds) ... ok
test_nul_original_name_is_rejected (__main__.CollectorFixtures.test_nul_original_name_is_rejected) ... ok
test_special_and_mismatched_types (__main__.CollectorFixtures.test_special_and_mismatched_types) ... ok
test_tracked_build_lookalike_is_not_current (__main__.CollectorFixtures.test_tracked_build_lookalike_is_not_current) ... ok
test_unsafe_paths (__main__.CollectorFixtures.test_unsafe_paths) ... ok

----------------------------------------------------------------------
Ran 14 tests in 0.023s

OK
remediation-runs/2026-09-08-continuation/reviews/full-d-compact-collector-02.py: OK
remediation-runs/2026-09-08-continuation/reviews/test_full_d_compact_collector_02.py: OK
