test_changed_nonce_is_not_adopted (test_native09_secondary_fifo_recovery_01.ExactRecoveryTests) ... ok
test_exact_positive_removes_four_objects_and_preserves_sibling (test_native09_secondary_fifo_recovery_01.ExactRecoveryTests) ... ok
test_extra_hard_link_is_rejected (test_native09_secondary_fifo_recovery_01.ExactRecoveryTests) ... ok
test_holder_or_query_failure_blocks_all_mutation (test_native09_secondary_fifo_recovery_01.ExactRecoveryTests) ... ok
test_live_or_reused_pid_blocks_all_mutation (test_native09_secondary_fifo_recovery_01.ExactRecoveryTests) ... ok
test_new_unknown_content_during_query_blocks_before_first_unlink (test_native09_secondary_fifo_recovery_01.ExactRecoveryTests) ... ok
test_non_fifo_is_preserved (test_native09_secondary_fifo_recovery_01.ExactRecoveryTests) ... ok
test_partial_failure_keeps_remaining_objects_and_progress_receipt (test_native09_secondary_fifo_recovery_01.ExactRecoveryTests) ... ok
test_replaced_leaf_inode_is_preserved (test_native09_secondary_fifo_recovery_01.ExactRecoveryTests) ... ok
test_replaced_parent_inode_is_preserved (test_native09_secondary_fifo_recovery_01.ExactRecoveryTests) ... ok
test_symlink_leaf_is_not_followed (test_native09_secondary_fifo_recovery_01.ExactRecoveryTests) ... ok
test_symlink_parent_is_not_followed (test_native09_secondary_fifo_recovery_01.ExactRecoveryTests) ... ok
test_uid_and_birth_mismatch_are_rejected (test_native09_secondary_fifo_recovery_01.ExactRecoveryTests) ... ok
test_unknown_contents_preserve_all (test_native09_secondary_fifo_recovery_01.ExactRecoveryTests) ... ok
test_verification_does_not_delete (test_native09_secondary_fifo_recovery_01.ExactRecoveryTests) ... ok
test_holder_exemption_is_only_this_helpers_directory_fds (test_native09_secondary_fifo_recovery_01.QueryControlTests) ... ok
test_pid_check_never_accepts_reused_id (test_native09_secondary_fifo_recovery_01.QueryControlTests) ... ok
test_plan_hash_failure_never_reads_or_mutates_recovery_paths (test_native09_secondary_fifo_recovery_01.QueryControlTests) ... ok
test_query_requires_exact_empty_exit_and_bounded_integer_output (test_native09_secondary_fifo_recovery_01.QueryControlTests) ... ok

----------------------------------------------------------------------
Ran 19 tests in 0.026s

OK
