Monitoring boot status for Parlor-Audit-parlor-audit-dsc01-apphost-02-mxgx7n3y (C6EB83F8-9744-4515-A026-370C0F6B6000).
[2026-09-06 09:25:37 +0000] Status=2, isTerminal=NO, Elapsed=00:02.
	Waiting on Data Migration
		Reason:(null)
		Migration Elapsed:00:00 seconds

[2026-09-06 09:25:37 +0000] Status=2, isTerminal=NO, Elapsed=00:02.
	Waiting on Data Migration
		Reason:Gathering plugins
		Migration Elapsed:00:00 seconds

[2026-09-06 09:25:38 +0000] Status=2, isTerminal=NO, Elapsed=00:02.
	Waiting on Data Migration
		Reason:Running plugin com.apple.MobileContainerManager.ContainerMigrator (ContainerMigrator.migrator, user-agnostic)
		Migration Elapsed:00:00 seconds

[2026-09-06 09:25:39 +0000] Status=2, isTerminal=NO, Elapsed=00:03.
	Waiting on Data Migration
		Reason:Running plugin com.apple.-0LaunchServicesMigrator (00LaunchServicesMigrator.migrator, user-agnostic)
		Migration Elapsed:00:01 seconds

[2026-09-06 09:25:40 +0000] Status=2, isTerminal=NO, Elapsed=00:04.
	Waiting on Data Migration
		Reason:Running plugin com.apple.-0LaunchServicesMigrator (00LaunchServicesMigrator.migrator, user-agnostic)
		Migration Elapsed:00:02 seconds

[2026-09-06 09:25:41 +0000] Status=2, isTerminal=NO, Elapsed=00:05.
	Waiting on Data Migration
		Reason:Running plugin com.apple.-0LaunchServicesMigrator (00LaunchServicesMigrator.migrator, user-agnostic)
		Migration Elapsed:00:03 seconds

[2026-09-06 09:25:42 +0000] Status=2, isTerminal=NO, Elapsed=00:06.
	Waiting on Data Migration
		Reason:Running plugin com.apple.-0LaunchServicesMigrator (00LaunchServicesMigrator.migrator, user-agnostic)
		Migration Elapsed:00:04 seconds

[2026-09-06 09:25:43 +0000] Status=2, isTerminal=NO, Elapsed=00:07.
	Waiting on Data Migration
		Reason:Running plugin com.apple.-0LaunchServicesMigrator (00LaunchServicesMigrator.migrator, user-agnostic)
		Migration Elapsed:00:05 seconds

[2026-09-06 09:25:44 +0000] Status=2, isTerminal=NO, Elapsed=00:08.
	Waiting on Data Migration
		Reason:Running plugin com.apple.-0LaunchServicesMigrator (00LaunchServicesMigrator.migrator, user-agnostic)
		Migration Elapsed:00:06 seconds

[2026-09-06 09:25:45 +0000] Status=2, isTerminal=NO, Elapsed=00:09.
	Waiting on Data Migration
		Reason:Running plugin com.apple.-0LaunchServicesMigrator (00LaunchServicesMigrator.migrator, user-agnostic)
		Migration Elapsed:00:07 seconds

[2026-09-06 09:25:46 +0000] Status=2, isTerminal=NO, Elapsed=00:10.
	Waiting on Data Migration
		Reason:Running plugin com.apple.-0LaunchServicesMigrator (00LaunchServicesMigrator.migrator, user-agnostic)
		Migration Elapsed:00:08 seconds

[2026-09-06 09:25:47 +0000] Status=2, isTerminal=NO, Elapsed=00:11.
	Waiting on Data Migration
		Reason:Running plugin com.apple.-0LaunchServicesMigrator (00LaunchServicesMigrator.migrator, user-agnostic)
		Migration Elapsed:00:09 seconds

[2026-09-06 09:25:48 +0000] Status=2, isTerminal=NO, Elapsed=00:12.
	Waiting on Data Migration
		Reason:Running plugin com.apple.-0LaunchServicesMigrator (00LaunchServicesMigrator.migrator, user-agnostic)
		Migration Elapsed:00:10 seconds

[2026-09-06 09:25:49 +0000] Status=2, isTerminal=NO, Elapsed=00:13.
	Waiting on Data Migration
		Reason:Running plugin com.apple.-0LaunchServicesMigrator (00LaunchServicesMigrator.migrator, user-agnostic)
		Migration Elapsed:00:11 seconds

[2026-09-06 09:25:50 +0000] Status=2, isTerminal=NO, Elapsed=00:14.
	Waiting on Data Migration
		Reason:Running plugin com.apple.-0LaunchServicesMigrator (00LaunchServicesMigrator.migrator, user-agnostic)
		Migration Elapsed:00:12 seconds

[2026-09-06 09:25:51 +0000] Status=2, isTerminal=NO, Elapsed=00:15.
	Waiting on Data Migration
		Reason:Running plugin com.apple.-0LaunchServicesMigrator (00LaunchServicesMigrator.migrator, user-agnostic)
		Migration Elapsed:00:13 seconds

[2026-09-06 09:25:52 +0000] Status=2, isTerminal=NO, Elapsed=00:16.
	Waiting on Data Migration
		Reason:Running plugin com.apple.-0LaunchServicesMigrator (00LaunchServicesMigrator.migrator, user-agnostic)
		Migration Elapsed:00:14 seconds

[2026-09-06 09:25:53 +0000] Status=2, isTerminal=NO, Elapsed=00:17.
	Waiting on Data Migration
		Reason:Running plugin com.apple.-0LaunchServicesMigrator (00LaunchServicesMigrator.migrator, user-agnostic)
		Migration Elapsed:00:15 seconds

[2026-09-06 09:25:54 +0000] Status=2, isTerminal=NO, Elapsed=00:18.
	Waiting on Data Migration
		Reason:Running plugin com.apple.-0LaunchServicesMigrator (00LaunchServicesMigrator.migrator, user-agnostic)
		Migration Elapsed:00:16 seconds

[2026-09-06 09:25:55 +0000] Status=2, isTerminal=NO, Elapsed=00:19.
	Waiting on Data Migration
		Reason:Running plugin com.apple.-0LaunchServicesMigrator (00LaunchServicesMigrator.migrator, user-agnostic)
		Migration Elapsed:00:17 seconds

[2026-09-06 09:25:56 +0000] Status=2, isTerminal=NO, Elapsed=00:21.
	Waiting on Data Migration
		Reason:Running plugin com.apple.managedconfiguration.migrator (MCProfile.migrator, user-agnostic)
		Migration Elapsed:00:18 seconds

[2026-09-06 09:25:57 +0000] Status=2, isTerminal=NO, Elapsed=00:21.
	Waiting on Data Migration
		Reason:Running plugin com.apple.locationd.migrator (CoreLocationMigrator.migrator) (Concurrent: Running plugin com.apple.MobileSlideShow (MobileSlideShow.migrator, concurrent after com.apple.accounts.migrator))
		Migration Elapsed:00:19 seconds

[2026-09-06 09:25:58 +0000] Status=4, isTerminal=NO, Elapsed=00:22.
	Waiting on System App

[2026-09-06 09:25:59 +0000] Status=4, isTerminal=NO, Elapsed=00:23.
	Waiting on System App

[2026-09-06 09:26:00 +0000] Status=4, isTerminal=NO, Elapsed=00:24.
	Waiting on System App

[2026-09-06 09:26:01 +0000] Status=4294967295, isTerminal=YES, Elapsed=00:25.
	Finished

