Executable=/private/var/folders/bl/vzjcvbz95c3dk19cb0fw46180000gn/T/parlor-audit-ios-readiness-29-nn754kh4/DerivedData/Build/Products/Debug-iphonesimulator/Parlor.app/Parlor.debug.dylib
Identifier=Parlor.debug
Format=Mach-O thin (arm64)
CodeDirectory v=20400 size=8197 flags=0x2(adhoc) hashes=251+2 location=embedded
VersionPlatform=7
VersionMin=1048576
VersionSDK=1704448
Hash type=sha256 size=32
CandidateCDHash sha256=00c6c4f6727286f064cd662a793559fa5b8e5a17
CandidateCDHashFull sha256=00c6c4f6727286f064cd662a793559fa5b8e5a170e0e97d5641e2296f6741d03
Hash choices=sha256
CMSDigest=00c6c4f6727286f064cd662a793559fa5b8e5a170e0e97d5641e2296f6741d03
CMSDigestType=2
Executable Segment base=0
Executable Segment limit=458752
Executable Segment flags=0x0
Page size=4096
CDHash=00c6c4f6727286f064cd662a793559fa5b8e5a17
Signature=adhoc
Info.plist=not bound
TeamIdentifier=not set
Sealed Resources=none
Internal requirements count=0 size=12
