Executable=/private/var/folders/bl/vzjcvbz95c3dk19cb0fw46180000gn/T/parlor-audit-ios-readiness-29-nn754kh4/DerivedData/Build/Products/Debug-iphonesimulator/Parlor.app/Frameworks/ComposeApp.framework/ComposeApp
Identifier=com.parlor.ComposeApp
Format=bundle with Mach-O thin (arm64)
CodeDirectory v=20400 size=651630 flags=0x2(adhoc) hashes=20357+3 location=embedded
VersionPlatform=7
VersionMin=983040
VersionSDK=1704960
Hash type=sha256 size=32
CandidateCDHash sha256=fa0d922ab43ccc56e20d35f63959abd3c38e8024
CandidateCDHashFull sha256=fa0d922ab43ccc56e20d35f63959abd3c38e8024cafbf5fcc05cde92b6e09d4c
Hash choices=sha256
CMSDigest=fa0d922ab43ccc56e20d35f63959abd3c38e8024cafbf5fcc05cde92b6e09d4c
CMSDigestType=2
Executable Segment base=0
Executable Segment limit=43483136
Executable Segment flags=0x0
Page size=4096
CDHash=fa0d922ab43ccc56e20d35f63959abd3c38e8024
Signature=adhoc
Info.plist entries=10
TeamIdentifier=not set
Sealed Resources version=2 rules=10 files=2
Internal requirements count=0 size=12
