Executable=/private/var/folders/bl/vzjcvbz95c3dk19cb0fw46180000gn/T/parlor-audit-ios-readiness-29-nn754kh4/DerivedData/Build/Products/Debug-iphonesimulator/Parlor.app/Parlor
Identifier=com.parlor.app.debug
Format=app bundle with Mach-O thin (arm64)
CodeDirectory v=20400 size=525 flags=0x2(adhoc) hashes=10+3 location=embedded
VersionPlatform=7
VersionMin=1048576
VersionSDK=1704448
Hash type=sha256 size=32
CandidateCDHash sha256=bb827c18ab83dcc99b19d7c4a110570da63f917f
CandidateCDHashFull sha256=bb827c18ab83dcc99b19d7c4a110570da63f917f2f1c8a04764344fc7945c2e6
Hash choices=sha256
CMSDigest=bb827c18ab83dcc99b19d7c4a110570da63f917f2f1c8a04764344fc7945c2e6
CMSDigestType=2
Executable Segment base=0
Executable Segment limit=16384
Executable Segment flags=0x1
Page size=4096
CDHash=bb827c18ab83dcc99b19d7c4a110570da63f917f
Signature=adhoc
Info.plist entries=33
TeamIdentifier=not set
Sealed Resources version=2 rules=10 files=56
Internal requirements count=0 size=12
