{
  "devices" : {
    "com.apple.CoreSimulator.SimRuntime.iOS-26-5" : [
      {
        "lastBootedAt" : "2026-09-08T02:04:37Z",
        "dataPath" : "\/private\/tmp\/parlor-foundation-control-f8zfyj2k\/devices\/DA41AAF7-F521-4608-BF61-8C625C2ED36A\/data",
        "dataPathSize" : 323981312,
        "logPath" : "\/Users\/abdelrahman\/Library\/Logs\/CoreSimulator\/DA41AAF7-F521-4608-BF61-8C625C2ED36A",
        "udid" : "DA41AAF7-F521-4608-BF61-8C625C2ED36A",
        "isAvailable" : true,
        "logPathSize" : 69632,
        "deviceTypeIdentifier" : "com.apple.CoreSimulator.SimDeviceType.iPhone-17-Pro",
        "state" : "Booted",
        "name" : "ParlorFoundationControl-d5797b7d09aa4f78ab622e67a1d330a8"
      }
    ],
    "com.apple.CoreSimulator.SimRuntime.iOS-26-2" : [

    ]
  }
}
