test_binding_hash_unknown_fields_and_executing_consumer_are_required (test_candidate_consumer.CandidateConsumerTests) ... ok
test_bound_renderer_and_notice_edits_fail_before_execution (test_candidate_consumer.CandidateConsumerTests) ... ok
test_candidate_identity_and_wrong_cycle_commands_do_not_pass (test_candidate_consumer.CandidateConsumerTests) ... ok
test_complete_synthetic_candidate_uses_real_bound_apis_and_offline_schema (test_candidate_consumer.CandidateConsumerTests) ... ok
test_final_recheck_catches_late_file_and_directory_changes (test_candidate_consumer.CandidateConsumerTests) ... ok
test_import_has_no_evidence_reads_writes_network_or_commands (test_candidate_consumer.CandidateConsumerTests) ... ok
test_main_failure_is_nonzero_sanitized_and_never_overwrites_evidence (test_candidate_consumer.CandidateConsumerTests) ... ok
test_metadata_tamper_timestamp_and_extra_files_are_not_declared_success (test_candidate_consumer.CandidateConsumerTests) ... ok
test_missing_extra_graph_and_completion_bytes_fail_closed (test_candidate_consumer.CandidateConsumerTests) ... ok
test_missing_optional_format_checker_is_not_silent_schema_success (test_candidate_consumer.CandidateConsumerTests) ... ok
test_receipt_rehash_does_not_waive_failures_cleanup_or_source_drift (test_candidate_consumer.CandidateConsumerTests) ... ok
test_recording_checker_preserves_registered_library_rejection (test_candidate_consumer.CandidateConsumerTests) ... ok
test_schema_integrity_and_actual_official_validation_remain_required (test_candidate_consumer.CandidateConsumerTests) ... ok
test_strict_pins_and_variants_survive_consistent_evidence_rehash (test_candidate_consumer.CandidateConsumerTests) ... ok
test_symlink_traversal_duplicate_json_and_size_controls (test_candidate_consumer.CandidateConsumerTests) ... ok
test_wrong_sbom_edges_and_notice_bytes_cannot_pass (test_candidate_consumer.CandidateConsumerTests) ... ok

----------------------------------------------------------------------
Ran 16 tests in 0.944s

OK
{"status": "PASS_SYNTHETIC_CONTROLS", "tests_run": 16, "ephemeral_parser_cleanup": true}
