test_both_small_files_with_spaces_pass_gnu_shaped_stat_preflight (test_android_artifact_size.AndroidArtifactSizeTest) ... ok
test_empty_dependency_report_is_rejected (test_android_artifact_size.AndroidArtifactSizeTest) ... ok
test_exact_artifact_bound_is_accepted_without_allocating_512_mib (test_android_artifact_size.AndroidArtifactSizeTest) ... ok
test_exact_dependency_report_bound_is_accepted (test_android_artifact_size.AndroidArtifactSizeTest) ... ok
test_missing_directory_and_symlink_inputs_are_rejected (test_android_artifact_size.AndroidArtifactSizeTest) ... ok
test_oversized_artifact_is_rejected (test_android_artifact_size.AndroidArtifactSizeTest) ... ok
test_oversized_dependency_report_is_rejected (test_android_artifact_size.AndroidArtifactSizeTest) ... ok
test_additional_unapproved_signer_is_rejected (test_android_upload_signature.AndroidUploadSignatureTest) ... ok
test_certificate_usage_must_allow_code_signing (test_android_upload_signature.AndroidUploadSignatureTest) ... ok
test_corrupt_signature_block_is_rejected (test_android_upload_signature.AndroidUploadSignatureTest) ... ok
test_disabled_certificate_algorithm_is_rejected_with_modern_jar_signature (test_android_upload_signature.AndroidUploadSignatureTest) ... ok
test_disabled_jar_algorithm_is_rejected_with_modern_certificate (test_android_upload_signature.AndroidUploadSignatureTest) ... ok
test_disabled_rsa_key_size_is_rejected (test_android_upload_signature.AndroidUploadSignatureTest) ... ok
test_entirely_unsigned_bundle_is_rejected (test_android_upload_signature.AndroidUploadSignatureTest) ... ok
test_expired_self_signed_certificate_is_rejected (test_android_upload_signature.AndroidUploadSignatureTest) ... ok
test_extended_usage_must_allow_code_signing (test_android_upload_signature.AndroidUploadSignatureTest) ... ok
test_failed_java_preparation_cannot_be_masked_by_later_verification (test_android_upload_signature.AndroidUploadSignatureTest) ... ok
test_not_yet_valid_self_signed_certificate_is_rejected (test_android_upload_signature.AndroidUploadSignatureTest) ... ok
test_registered_self_signed_upload_certificate_passes_strict_verification (test_android_upload_signature.AndroidUploadSignatureTest) ... ok
test_signedjar_specific_certificate_policy_cannot_be_bypassed_by_trusting_leaf (test_android_upload_signature.AndroidUploadSignatureTest) ... ok
test_stale_trust_store_is_not_overwritten_or_used_after_preparation_failure (test_android_upload_signature.AndroidUploadSignatureTest) ... ok
test_tampered_signed_payload_is_rejected (test_android_upload_signature.AndroidUploadSignatureTest) ... ok
test_unknown_critical_certificate_extension_is_rejected (test_android_upload_signature.AndroidUploadSignatureTest) ... ok
test_unsigned_extra_payload_including_meta_inf_is_rejected (test_android_upload_signature.AndroidUploadSignatureTest) ... ok
test_untrusted_ca_path_does_not_become_a_new_trust_anchor (test_android_upload_signature.AndroidUploadSignatureTest) ... ok
test_upload_trust_cannot_be_reused_as_timestamp_authority_trust (test_android_upload_signature.AndroidUploadSignatureTest) ... ok
test_wrong_approved_fingerprint_is_rejected (test_android_upload_signature.AndroidUploadSignatureTest) ... ok
test_timeout_stops_term_resistant_redirected_descendant (test_android_upload_signature.OwnedSignatureProcessTest) ... ok
test_absent_failed_stale_or_unexecuted_native_cleanup_retains_output_evidence (test_apple_ci_hygiene.AppleCycleAndOutputGateTest) ... ok
test_cancelled_build_finalizes_gradle_workers_device_workers_in_order (test_apple_ci_hygiene.AppleCycleAndOutputGateTest) ... ok
test_complete_source_bound_native_receipts_allow_output_cleanup_after_upload (test_apple_ci_hygiene.AppleCycleAndOutputGateTest) ... ok
test_failed_prepare_cannot_adopt_old_same_task_claim_and_skipped_is_not_pass (test_apple_ci_hygiene.AppleCycleAndOutputGateTest) ... ok
test_unquiesced_workers_prevent_device_deletion (test_apple_ci_hygiene.AppleCycleAndOutputGateTest) ... ok
test_each_apple_cycle_has_preparation_always_finalizer_and_output_gate (test_apple_ci_hygiene.AppleWorkflowOwnershipTest) ... ok
test_argument_capacity_rejects_invalid_or_excessive_payload_limits (test_apple_ci_hygiene.NativeParsingAndSignalTest) ... ok
test_argument_capacity_reserves_argc_beyond_the_payload_limit (test_apple_ci_hygiene.NativeParsingAndSignalTest) ... ok
test_duplicate_truncated_invalid_and_oversized_records_are_rejected (test_apple_ci_hygiene.NativeParsingAndSignalTest) ... ok
test_empty_argument_does_not_shift_environment (test_apple_ci_hygiene.NativeParsingAndSignalTest) ... ok
test_full_argmax_record_is_accepted_but_an_extra_payload_byte_is_not (test_apple_ci_hygiene.NativeParsingAndSignalTest) ... ok
test_native_signal_rechecks_identity_before_kernel_call (test_apple_ci_hygiene.NativeParsingAndSignalTest) ... ok
test_null_task_port_retries_boundedly_but_denial_does_not (test_apple_ci_hygiene.NativeParsingAndSignalTest) ... ok
test_only_exact_environment_entry_not_argv_or_suffix_is_a_marker (test_apple_ci_hygiene.NativeParsingAndSignalTest) ... ok
test_successful_native_signal_passes_exact_audit_token_not_pid (test_apple_ci_hygiene.NativeParsingAndSignalTest) ... ok
test_tracking_read_uses_the_bounded_argc_prefixed_capacity (test_apple_ci_hygiene.NativeParsingAndSignalTest) ... ok
test_delete_survivor_fails_and_unexpected_clone_is_not_name_claimed (test_apple_ci_hygiene.SimulatorOwnershipTest) ... ok
test_duplicate_name_or_changed_device_identity_is_never_deleted (test_apple_ci_hygiene.SimulatorOwnershipTest) ... ok
test_existing_name_prevents_creation_and_existing_uuid_is_never_claimed (test_apple_ci_hygiene.SimulatorOwnershipTest) ... ok
test_failed_create_without_device_is_not_fabricated_cleanup_success (test_apple_ci_hygiene.SimulatorOwnershipTest) ... ok
test_fresh_device_reuses_only_type_runtime_not_profile_and_cleans_exact_uuid (test_apple_ci_hygiene.SimulatorOwnershipTest) ... ok
test_historical_journal_cannot_be_reused_for_creation_or_other_task (test_apple_ci_hygiene.SimulatorOwnershipTest) ... ok
test_interrupted_create_after_commit_is_recovered_from_unique_intent (test_apple_ci_hygiene.SimulatorOwnershipTest) ... ok
test_no_intent_is_not_created_but_orphan_receipt_fails (test_apple_ci_hygiene.SimulatorOwnershipTest) ... ok
test_shutdown_failure_retains_device_and_does_not_delete_active_profile (test_apple_ci_hygiene.SimulatorOwnershipTest) ... ok
test_baseline_scan_race_does_not_claim_process_predating_cycle (test_apple_ci_hygiene.WorkerOwnershipTest) ... ok
test_changed_runner_marker_cannot_authorize_cleanup (test_apple_ci_hygiene.WorkerOwnershipTest) ... ok
test_denied_identity_api_fails_without_numeric_pid_fallback (test_apple_ci_hygiene.WorkerOwnershipTest) ... ok
test_different_marker_is_excluded_without_substring_matching (test_apple_ci_hygiene.WorkerOwnershipTest) ... ok
test_exact_owned_worker_receives_token_bound_term_and_is_observed_absent (test_apple_ci_hygiene.WorkerOwnershipTest) ... ok
test_flood_ceiling_fails_before_signaling (test_apple_ci_hygiene.WorkerOwnershipTest) ... ok
test_generation_or_executable_change_revokes_admitted_grant (test_apple_ci_hygiene.WorkerOwnershipTest) ... ok
test_matching_worker_can_require_kill_and_survivor_is_failure (test_apple_ci_hygiene.WorkerOwnershipTest) ... ok
test_missing_marker_is_explicit_failure_not_ownership (test_apple_ci_hygiene.WorkerOwnershipTest) ... ok
test_pid_reuse_before_first_signal_does_not_inherit_tracking_proof (test_apple_ci_hygiene.WorkerOwnershipTest) ... ok
test_preexisting_lifetime_never_receives_signal_even_with_matching_marker (test_apple_ci_hygiene.WorkerOwnershipTest) ... ok
test_unknown_matching_xcode_executable_fails_without_signal (test_apple_ci_hygiene.WorkerOwnershipTest) ... ok
test_real_clean_checkout_removes_exact_outputs_after_wrapper_stop (test_ci_verification_hygiene.VerificationHygieneGitIntegrationTest) ... ok
test_real_modified_build_input_preserves_all_generated_evidence (test_ci_verification_hygiene.VerificationHygieneGitIntegrationTest) ... ok
test_both_hosts_use_the_repository_wrapper_for_stop (test_ci_verification_hygiene.VerificationHygieneTest) ... ok
test_changed_source_or_task_cannot_authorize_cleanup (test_ci_verification_hygiene.VerificationHygieneTest) ... ok
test_cleanup_removes_only_claimed_outputs_and_keeps_evidence_and_source (test_ci_verification_hygiene.VerificationHygieneTest) ... ok
test_cli_rejects_local_worktrees_before_cleaning (test_ci_verification_hygiene.VerificationHygieneTest) ... ok
test_dirty_worktree_with_unchanged_head_tree_and_paths_cannot_authorize_cleanup (test_ci_verification_hygiene.VerificationHygieneTest) ... ok
test_failed_prepare_cannot_reuse_a_historical_same_task_claim (test_ci_verification_hygiene.VerificationHygieneTest) ... ok
test_failed_stop_preserves_generated_output_and_reports_failure (test_ci_verification_hygiene.VerificationHygieneTest) ... ok
test_historical_other_task_claim_does_not_authorize_current_cleanup (test_ci_verification_hygiene.VerificationHygieneTest) ... ok
test_missing_claim_fails_without_deleting_outputs (test_ci_verification_hygiene.VerificationHygieneTest) ... ok
test_nested_output_symlink_does_not_delete_external_target (test_ci_verification_hygiene.VerificationHygieneTest) ... ok
test_new_claim_never_overwrites_a_historical_receipt (test_ci_verification_hygiene.VerificationHygieneTest) ... ok
test_non_object_ownership_record_fails_with_a_cleanup_receipt (test_ci_verification_hygiene.VerificationHygieneTest) ... ok
test_preexisting_outputs_are_never_claimed (test_ci_verification_hygiene.VerificationHygieneTest) ... ok
test_roots_include_build_logic_and_only_known_generated_directories (test_ci_verification_hygiene.VerificationHygieneTest) ... ok
test_success_without_actual_artifact_outputs_cannot_authorize_deletion (test_ci_verification_hygiene.VerificationHygieneTest) ... ok
test_symlink_sibling_rejects_cleanup_before_any_deletion (test_ci_verification_hygiene.VerificationHygieneTest) ... ok
test_tampered_source_path_claim_is_rejected (test_ci_verification_hygiene.VerificationHygieneTest) ... ok
test_unsuccessful_upload_preserves_evidence_and_still_stops_gradle (test_ci_verification_hygiene.VerificationHygieneTest) ... ok
test_every_job_retains_xml_before_always_run_cleanup (test_ci_verification_hygiene.VerificationWorkflowHygieneTest) ... ok
test_kotlin_compiler_work_is_owned_by_the_gradle_lane (test_ci_verification_hygiene.VerificationWorkflowHygieneTest) ... ok
test_constraints_are_not_misrepresented_as_runtime_dependency_edges (test_dependency_inventory.DependencyInventoryTest) ... ok
test_coordinates_cannot_escape_metadata_repository (test_dependency_inventory.DependencyInventoryTest) ... ok
test_cycle_and_excessive_inheritance_fail_closed (test_dependency_inventory.DependencyInventoryTest) ... ok
test_direct_pom_license_identity_and_parent_are_explicit (test_dependency_inventory.DependencyInventoryTest) ... ok
test_evidence_write_errors_are_not_misclassified_as_missing_network_metadata (test_dependency_inventory.DependencyInventoryTest) ... ok
test_gradle_exporter_never_adds_repositories_or_weakens_verification (test_dependency_inventory.DependencyInventoryTest) ... ok
test_graph_receipt_binds_success_source_and_exact_consumed_bytes (test_dependency_inventory.DependencyInventoryTest) ... ok
test_graph_rejects_unverified_duplicate_dangling_and_forged_inputs (test_dependency_inventory.DependencyInventoryTest) ... ok
test_missing_license_is_reported_as_unresolved_never_a_default (test_dependency_inventory.DependencyInventoryTest) ... ok
test_network_read_failures_remain_unresolved_without_losing_the_inventory (test_dependency_inventory.DependencyInventoryTest) ... ok
test_parent_license_is_fetched_bound_and_attributed (test_dependency_inventory.DependencyInventoryTest) ... ok
test_pom_inherited_group_and_version_do_not_erase_identity (test_dependency_inventory.DependencyInventoryTest) ... ok
test_redirect_handler_refuses_before_following_another_origin (test_dependency_inventory.DependencyInventoryTest) ... ok
test_resolved_graph_and_cyclonedx_keep_edges_bytes_and_declared_status (test_dependency_inventory.DependencyInventoryTest) ... ok
test_unsafe_or_unresolved_pom_metadata_is_not_accepted (test_dependency_inventory.DependencyInventoryTest) ... ok
test_already_present_candidate_is_validated_and_edit_is_deleted (test_google_promotion_edit.GooglePromotionEditTest) ... ok
test_commit_failure_is_not_blindly_retried (test_google_promotion_edit.GooglePromotionEditTest) ... ok
test_external_change_after_reads_invalidates_mutation_without_retry (test_google_promotion_edit.GooglePromotionEditTest) ... ok
test_missing_configured_destination_is_rejected (test_google_promotion_edit.GooglePromotionEditTest) ... ok
test_read_validation_and_commit_use_the_same_edit_snapshot (test_google_promotion_edit.GooglePromotionEditTest) ... ok
test_staged_destination_in_mutation_snapshot_is_not_completed (test_google_promotion_edit.GooglePromotionEditTest) ... ok
test_unavailable_or_unfinished_source_in_mutation_snapshot_is_rejected (test_google_promotion_edit.GooglePromotionEditTest) ... ok
test_validation_failure_deletes_uncommitted_edit_without_retry (test_google_promotion_edit.GooglePromotionEditTest) ... ok
test_wrong_bundle_digest_in_mutation_snapshot_is_rejected (test_google_promotion_edit.GooglePromotionEditTest) ... ok
test_canonical_framework_is_an_idempotent_success (test_normalize_embedded_apple_framework.EmbeddedAppleFrameworkNormalizationTest) ... ok
test_case_only_framework_rename_matches_macho_identity (test_normalize_embedded_apple_framework.EmbeddedAppleFrameworkNormalizationTest) ... ok
test_framework_without_canonical_executable_fails_closed (test_normalize_embedded_apple_framework.EmbeddedAppleFrameworkNormalizationTest) ... ok
test_protected_branches_require_every_current_verification_job (test_release_documentation.ReleaseDocumentationTest) ... ok
test_artifact_digest_tampering_is_rejected (test_release_tool.CandidateManifestTest) ... ok
test_artifact_size_bound_is_enforced (test_release_tool.CandidateManifestTest) ... ok
test_binary_checkpoint_recovers_exact_bytes (test_release_tool.CandidateManifestTest) ... ok
test_candidate_claim_binds_build_source_and_workflow (test_release_tool.CandidateManifestTest) ... ok
test_control_artifact_path_traversal_is_rejected (test_release_tool.CandidateManifestTest) ... ok
test_debug_identity_is_rejected (test_release_tool.CandidateManifestTest) ... ok
test_expired_orphan_binary_still_refuses_rebuild (test_release_tool.CandidateManifestTest) ... ok
test_failed_atomic_evidence_write_removes_temporary_file (test_release_tool.CandidateManifestTest) ... ok
test_foreign_protected_candidate_claim_reserves_build_number (test_release_tool.CandidateManifestTest) ... ok
test_github_artifact_inventory_is_bounded_and_paginated (test_release_tool.CandidateManifestTest) ... ok
test_github_prefixed_sha256_digest_is_normalized (test_release_tool.CandidateManifestTest) ... ok
test_orphan_binary_checkpoint_refuses_rebuild (test_release_tool.CandidateManifestTest) ... ok
test_platform_state_rejects_another_candidate (test_release_tool.CandidateManifestTest) ... ok
test_same_run_claim_allows_a_safe_rerun (test_release_tool.CandidateManifestTest) ... ok
test_store_mutation_intent_is_bound_to_exact_candidate_bytes (test_release_tool.CandidateManifestTest) ... ok
test_store_mutation_intent_rejects_another_candidate (test_release_tool.CandidateManifestTest) ... ok
test_store_receipt_cannot_smuggle_private_fields_into_manifest (test_release_tool.CandidateManifestTest) ... ok
test_untrusted_artifact_cannot_reserve_candidate_build_number (test_release_tool.CandidateManifestTest) ... ok
test_valid_manifest_round_trip (test_release_tool.CandidateManifestTest) ... ok
test_version_mismatch_is_rejected (test_release_tool.CandidateManifestTest) ... ok
test_wrong_signature_fingerprint_is_rejected (test_release_tool.CandidateManifestTest) ... ok
test_https_cross_host_redirect_strips_github_authorization (test_release_tool.GitHubRedirectPolicyTest) ... ok
test_insecure_or_credentialed_redirect_is_rejected (test_release_tool.GitHubRedirectPolicyTest) ... ok
test_divergent_tree_is_rejected (test_release_tool.GitTreeVerificationTest) ... ok
test_exact_candidate_commit_is_accepted (test_release_tool.GitTreeVerificationTest) ... ok
test_shared_history_equal_tree_rebase_or_merge_is_accepted (test_release_tool.GitTreeVerificationTest) ... ok
test_unrelated_same_tree_is_rejected (test_release_tool.GitTreeVerificationTest) ... Switched to a new branch 'unrelated'
ok
test_api_verified_identity_approval_is_accepted (test_release_tool.StoreIdentityApprovalTest) ... ok
test_known_collision_cannot_be_approved_by_changing_only_the_flag (test_release_tool.StoreIdentityApprovalTest) ... ok
test_public_store_collision_blocks_every_candidate_platform (test_release_tool.StoreIdentityApprovalTest) ... ok
test_verified_identity_still_requires_platform_valid_format (test_release_tool.StoreIdentityApprovalTest) ... ok
test_verified_status_without_evidence_fails_closed (test_release_tool.StoreIdentityApprovalTest) ... ok
test_candidate_claim_accepts_only_the_protected_candidate_workflow (test_release_tool.WorkflowRunRecordTest) ... ok
test_successful_protected_external_run_is_bound_to_its_own_source_sha (test_release_tool.WorkflowRunRecordTest) ... ok
test_untrusted_repository_or_branch_is_rejected (test_release_tool.WorkflowRunRecordTest) ... ok
test_wrong_workflow_attempt_is_rejected (test_release_tool.WorkflowRunRecordTest) ... ok
test_finding_overrides_require_full_commit_shas (test_review_inventory.ReviewInventoryTest) ... ok
test_mechanical_rows_never_attest_independent_review (test_review_inventory.ReviewInventoryTest) ... ok
test_rendering_ignores_a_synthetic_pull_request_merge (test_review_inventory.ReviewInventoryTest) ... ok
test_rendering_is_repeatable_and_independent_of_untracked_files (test_review_inventory.ReviewInventoryTest) ... ok
test_apple_pagination_is_bounded_to_official_host (test_store_api.AppleStoreReadbackTest) ... ok
test_apple_pagination_rejects_foreign_redirect_target (test_store_api.AppleStoreReadbackTest) ... ok
test_beta_group_app_binding_uses_the_relationship_endpoint (test_store_api.AppleStoreReadbackTest) ... ok
test_beta_group_for_another_app_is_rejected_before_association (test_store_api.AppleStoreReadbackTest) ... ok
test_beta_review_state_is_not_accepted_as_a_production_review_state (test_store_api.AppleStoreReadbackTest) ... ok
test_build_group_readback_uses_supported_beta_group_filter (test_store_api.AppleStoreReadbackTest) ... ok
test_candidate_rejects_a_different_app_store_connect_app_id (test_store_api.AppleStoreReadbackTest) ... ok
test_existing_submitted_production_review_is_resumed_without_mutation (test_store_api.AppleStoreReadbackTest) ... ok
test_external_receipt_uses_beta_review_readback (test_store_api.AppleStoreReadbackTest) ... ok
test_production_rejects_lost_external_group_membership (test_store_api.AppleStoreReadbackTest) ... ok
test_review_submission_requires_api_readback (test_store_api.AppleStoreReadbackTest) ... ok
test_review_submission_rerun_reuses_one_empty_draft (test_store_api.AppleStoreReadbackTest) ... ok
test_store_candidate_requires_current_app_store_eligible_build_metadata (test_store_api.AppleStoreReadbackTest) ... ok
test_unrelated_active_review_submission_fails_closed (test_store_api.AppleStoreReadbackTest) ... ok
test_transport_receipt_for_other_ipa_is_rejected (test_store_api.AppleUploadTransportTest) ... ok
test_transport_receipt_is_bound_to_exact_ipa (test_store_api.AppleUploadTransportTest) ... ok
test_der_signature_converts_to_fixed_width_jwt_signature (test_store_api.EcdsaSignatureTest) ... ok
test_malformed_der_signature_is_rejected (test_store_api.EcdsaSignatureTest) ... ok
test_external_evidence_rejects_manifest_or_attempt_tampering (test_store_api.ExternalEvidenceTest) ... ok
test_receipt_with_unexpected_sensitive_field_is_rejected (test_store_api.ExternalEvidenceTest) ... ok
test_successful_run_can_aggregate_valid_receipts_from_prior_attempts (test_store_api.ExternalEvidenceTest) ... ok
test_existing_exact_bundle_on_wrong_track_is_rejected (test_store_api.GoogleInternalRecoveryTest) ... ok
test_existing_version_with_different_store_bytes_is_rejected (test_store_api.GoogleInternalRecoveryTest) ... ok
test_new_candidate_cannot_adopt_an_existing_byte_identical_store_bundle (test_store_api.GoogleInternalRecoveryTest) ... ok
test_new_upload_rejects_google_digest_mismatch_before_commit (test_store_api.GoogleInternalRecoveryTest) ... ok
test_recovered_upload_intent_can_resume_by_exact_store_digest (test_store_api.GoogleInternalRecoveryTest) ... ok
test_recovered_upload_intent_never_sends_a_second_bundle (test_store_api.GoogleInternalRecoveryTest) ... ok
test_active_or_ambiguous_destination_cannot_be_replaced (test_store_api.GoogleTrackTest) ... ok
test_ambiguous_duplicate_track_release_is_rejected (test_store_api.GoogleTrackTest) ... ok
test_duplicate_named_tracks_are_rejected (test_store_api.GoogleTrackTest) ... ok
test_duplicate_version_in_bundle_inventory_is_rejected (test_store_api.GoogleTrackTest) ... ok
test_duplicate_version_is_detected_across_tracks (test_store_api.GoogleTrackTest) ... ok
test_empty_or_single_completed_destination_can_be_replaced (test_store_api.GoogleTrackTest) ... ok
test_existing_google_promotion_with_exact_store_bytes_is_idempotent (test_store_api.GoogleTrackTest) ... ok
test_google_promotion_checks_store_bytes_before_mutation (test_store_api.GoogleTrackTest) ... ok
test_only_completed_play_release_is_promotable (test_store_api.GoogleTrackTest) ... ok
test_other_version_is_allowed (test_store_api.GoogleTrackTest) ... ok
test_prebuild_uniqueness_allows_unused_store_version (test_store_api.GoogleTrackTest) ... ok
test_prebuild_uniqueness_rejects_existing_store_version (test_store_api.GoogleTrackTest) ... ok
test_promotion_requires_exact_candidate_bundle_digest (test_store_api.GoogleTrackTest) ... ok
test_mutation_is_never_blindly_retried (test_store_api.HttpRetryContractTest) ... ok
test_safe_read_uses_bounded_retry (test_store_api.HttpRetryContractTest) ... ok
test_apple_unapproved_external_build_is_rejected (test_store_api.PromotionReceiptTest) ... ok
test_google_external_track_commit_is_accepted (test_store_api.PromotionReceiptTest) ... ok
test_receipt_for_other_artifact_is_rejected (test_store_api.PromotionReceiptTest) ... ok
test_apple_internal_validation_mode_avoids_store_client (test_store_api.ValidationOnlyTest) ... ok
test_apple_unique_validation_mode_avoids_store_client (test_store_api.ValidationOnlyTest) ... ok
test_every_promotion_validation_mode_avoids_store_clients (test_store_api.ValidationOnlyTest) ... ok
test_execute_mode_cannot_bypass_blocked_store_identity_ownership (test_store_api.ValidationOnlyTest) ... ok
test_google_internal_validation_only_never_constructs_store_client (test_store_api.ValidationOnlyTest) ... ok
test_google_unique_validation_mode_avoids_store_client (test_store_api.ValidationOnlyTest) ... ok
test_all_release_temporary_directories_use_signal_safe_cleanup (test_workflow_contract.WorkflowContractTest) ... ok
test_apple_signing_and_upload_scripts_require_identity_approval (test_workflow_contract.WorkflowContractTest) ... ok
test_candidate_build_number_claim_cannot_be_removed (test_workflow_contract.WorkflowContractTest) ... ok
test_candidate_bundletool_download_must_be_bounded (test_workflow_contract.WorkflowContractTest) ... ok
test_candidate_claim_requires_a_secretless_protected_environment (test_workflow_contract.WorkflowContractTest) ... ok
test_candidate_claim_transaction_cannot_be_scoped_per_sha (test_workflow_contract.WorkflowContractTest) ... ok
test_candidate_dependency_and_validation_evidence_must_be_retained (test_workflow_contract.WorkflowContractTest) ... ok
test_candidate_dependency_report_must_use_release_runtime (test_workflow_contract.WorkflowContractTest) ... ok
test_candidate_preflight_requires_reviewed_managed_device_image (test_workflow_contract.WorkflowContractTest) ... ok
test_every_store_workflow_job_is_repository_disabled (test_workflow_contract.WorkflowContractTest) ... ok
test_external_partial_rerun_evidence_cannot_be_removed (test_workflow_contract.WorkflowContractTest) ... ok
test_ios_app_launch_cannot_delay_finalization_or_claim_ownership_after_launch (test_workflow_contract.WorkflowContractTest) ... ok
test_ios_app_launch_requires_its_own_preparation_and_finalization (test_workflow_contract.WorkflowContractTest) ... ok
test_ios_app_launch_requires_owned_simulator_and_nonparallel_execution (test_workflow_contract.WorkflowContractTest) ... ok
test_ios_app_launch_ui_test_cannot_be_replaced_with_a_build (test_workflow_contract.WorkflowContractTest) ... ok
test_ios_artifact_validator_enforces_pinned_store_toolchain (test_workflow_contract.WorkflowContractTest) ... ok
test_ios_build_phases_do_not_inherit_source_signing_secrets (test_workflow_contract.WorkflowContractTest) ... ok
test_ios_profile_refusal_cannot_delete_a_preexisting_profile (test_workflow_contract.WorkflowContractTest) ... ok
test_ios_signing_cleanup_is_fail_closed (test_workflow_contract.WorkflowContractTest) ... ok
test_ios_upload_uses_scoped_key_directory_and_removes_raw_response (test_workflow_contract.WorkflowContractTest) ... ok
test_managed_device_runner_cannot_use_production_signing_material (test_workflow_contract.WorkflowContractTest) ... ok
test_missing_shared_store_lock_is_rejected (test_workflow_contract.WorkflowContractTest) ... ok
test_mobile_release_kit_android_signing_fallbacks_remain_bounded (test_workflow_contract.WorkflowContractTest) ... ok
test_mobile_release_kit_ios_signing_mapping_is_release_target_only (test_workflow_contract.WorkflowContractTest) ... ok
test_mutable_action_reference_is_rejected (test_workflow_contract.WorkflowContractTest) ... ok
test_new_store_workflow_job_cannot_omit_the_release_stop (test_workflow_contract.WorkflowContractTest) ... ok
test_production_build_command_is_rejected (test_workflow_contract.WorkflowContractTest) ... ok
test_production_push_trigger_is_rejected (test_workflow_contract.WorkflowContractTest) ... ok
test_production_without_external_receipt_attestation_is_rejected (test_workflow_contract.WorkflowContractTest) ... ok
test_production_without_its_own_receipt_attestations_is_rejected (test_workflow_contract.WorkflowContractTest) ... ok
test_promotion_without_candidate_attestation_is_rejected (test_workflow_contract.WorkflowContractTest) ... ok
test_release_policy_includes_the_candidate_control_environment (test_workflow_contract.WorkflowContractTest) ... ok
test_release_system_enforces_review_inventory_freshness (test_workflow_contract.WorkflowContractTest) ... ok
test_release_tool_download_failure_cannot_false_pass (test_workflow_contract.WorkflowContractTest) ... ok
test_repository_workflows_satisfy_release_contract (test_workflow_contract.WorkflowContractTest) ... ok
test_review_inventory_gate_has_full_git_history (test_workflow_contract.WorkflowContractTest) ... ok
test_store_workflow_without_identity_ownership_gate_is_rejected (test_workflow_contract.WorkflowContractTest) ... ok
test_unreviewed_workflow_file_is_rejected (test_workflow_contract.WorkflowContractTest) ... ok
test_validation_requires_release_managed_device_runtime_gate (test_workflow_contract.WorkflowContractTest) ... ok
test_xcode_identity_guard_matches_the_exact_build_setting (test_workflow_contract.WorkflowContractTest) ... ok
test_failed_directory_change_cannot_build_from_previous_directory (test_xcode_framework_phase.XcodeFrameworkPhaseTest) ... ok
test_failed_gradle_with_stale_framework_fails_without_normalizing (test_xcode_framework_phase.XcodeFrameworkPhaseTest) ... ok
test_intentional_ide_override_still_skips_gradle_and_normalization (test_xcode_framework_phase.XcodeFrameworkPhaseTest) ... ok
test_successful_embed_normalizes_case_only_framework_name (test_xcode_framework_phase.XcodeFrameworkPhaseTest) ... ok
test_successful_gradle_still_rejects_missing_framework (test_xcode_framework_phase.XcodeFrameworkPhaseTest) ... ok

----------------------------------------------------------------------
Ran 251 tests in 31.192s

OK
validation-only: no App Store Connect request was made
validation-only: no Google Play request was made
release workflow contract: PASS
release workflow contract: PASS
Verified freshness of 752 inventory rows in docs/review/INDEPENDENT_REVIEW_INVENTORY.csv; source review not attested
/Users/abdelrahman/Projects/parlor/remediation-runs/2026-09-07-local-readiness/evidence/release-controls-combined-02/scratch/tmp/parlor-release-tools.eLqmMa/shellcheck.tar.gz: OK
/Users/abdelrahman/Projects/parlor/remediation-runs/2026-09-07-local-readiness/evidence/release-controls-combined-02/scratch/tmp/parlor-release-tools.eLqmMa/actionlint.tar.gz: OK
