Refreshing run status every 90 seconds. Press Ctrl+C to quit.

* fix/local-readiness-2026-09-07 Production verification · 34275491965
Triggered via workflow_dispatch about 1 minute ago

JOBS
* iOS tests, release frameworks, and Swift wrapper (ID 102227367061)
  ✓ Set up job
  ✓ Check out source
  ✓ Validate verification scope
  ✓ Set up JDK 21
  * Run focused native continuation
  * Upload focused native evidence
  * Verify focused native cleanup and uploaded custody
  * Upload native continuation cleanup receipt
  * Observe hosted native processes without an app build
  * Upload bounded process-probe evidence
  * Verify process-probe cleanup and uploaded custody
  * Upload process-probe cleanup receipt
  * Claim fresh verification output ownership
  * Claim apple-aggregate native resource ownership
  * Record Xcode toolchain and exact source
  * Run iOS simulator tests, Apple static analysis, and release linkage gates
  * Stop Gradle after apple-aggregate and retire owned Apple resources
  * Validate iOS plist and privacy manifest
  * Claim apple-ui native resource ownership
  * Verify effective Debug and Release application identities
  * Launch Swift host and Compose root on iOS Simulator
  * Stop Gradle after apple-ui and retire owned Apple resources
  * Claim apple-wrapper native resource ownership
  * Build unsigned Swift Release wrapper
  * Stop Gradle after apple-wrapper and retire owned Apple resources
  * Inspect complete unsigned iOS Release package
  * Upload Apple verification evidence
  * Clean only attested verification outputs
  * Upload verification cleanup receipt
  * Post Set up JDK 21
  * Post Check out source
- Desktop, Kotlin Native, and Android resources strict verification (Windows x64) (ID 102227368313)
- Common, desktop, and Android release (ID 102227368359)
- Desktop strict verification (Linux arm64) (ID 102227368476)
- Desktop and Kotlin Native strict verification (macOS x64) (ID 102227368894)
Refreshing run status every 90 seconds. Press Ctrl+C to quit.

* fix/local-readiness-2026-09-07 Production verification · 34275491965
Triggered via workflow_dispatch about 2 minutes ago

JOBS
* iOS tests, release frameworks, and Swift wrapper (ID 102227367061)
  ✓ Set up job
  ✓ Check out source
  ✓ Validate verification scope
  ✓ Set up JDK 21
  * Run focused native continuation
  * Upload focused native evidence
  * Verify focused native cleanup and uploaded custody
  * Upload native continuation cleanup receipt
  * Observe hosted native processes without an app build
  * Upload bounded process-probe evidence
  * Verify process-probe cleanup and uploaded custody
  * Upload process-probe cleanup receipt
  * Claim fresh verification output ownership
  * Claim apple-aggregate native resource ownership
  * Record Xcode toolchain and exact source
  * Run iOS simulator tests, Apple static analysis, and release linkage gates
  * Stop Gradle after apple-aggregate and retire owned Apple resources
  * Validate iOS plist and privacy manifest
  * Claim apple-ui native resource ownership
  * Verify effective Debug and Release application identities
  * Launch Swift host and Compose root on iOS Simulator
  * Stop Gradle after apple-ui and retire owned Apple resources
  * Claim apple-wrapper native resource ownership
  * Build unsigned Swift Release wrapper
  * Stop Gradle after apple-wrapper and retire owned Apple resources
  * Inspect complete unsigned iOS Release package
  * Upload Apple verification evidence
  * Clean only attested verification outputs
  * Upload verification cleanup receipt
  * Post Set up JDK 21
  * Post Check out source
- Desktop, Kotlin Native, and Android resources strict verification (Windows x64) (ID 102227368313)
- Common, desktop, and Android release (ID 102227368359)
- Desktop strict verification (Linux arm64) (ID 102227368476)
- Desktop and Kotlin Native strict verification (macOS x64) (ID 102227368894)
Refreshing run status every 90 seconds. Press Ctrl+C to quit.

* fix/local-readiness-2026-09-07 Production verification · 34275491965
Triggered via workflow_dispatch about 4 minutes ago

JOBS
* iOS tests, release frameworks, and Swift wrapper (ID 102227367061)
  ✓ Set up job
  ✓ Check out source
  ✓ Validate verification scope
  ✓ Set up JDK 21
  * Run focused native continuation
  * Upload focused native evidence
  * Verify focused native cleanup and uploaded custody
  * Upload native continuation cleanup receipt
  * Observe hosted native processes without an app build
  * Upload bounded process-probe evidence
  * Verify process-probe cleanup and uploaded custody
  * Upload process-probe cleanup receipt
  * Claim fresh verification output ownership
  * Claim apple-aggregate native resource ownership
  * Record Xcode toolchain and exact source
  * Run iOS simulator tests, Apple static analysis, and release linkage gates
  * Stop Gradle after apple-aggregate and retire owned Apple resources
  * Validate iOS plist and privacy manifest
  * Claim apple-ui native resource ownership
  * Verify effective Debug and Release application identities
  * Launch Swift host and Compose root on iOS Simulator
  * Stop Gradle after apple-ui and retire owned Apple resources
  * Claim apple-wrapper native resource ownership
  * Build unsigned Swift Release wrapper
  * Stop Gradle after apple-wrapper and retire owned Apple resources
  * Inspect complete unsigned iOS Release package
  * Upload Apple verification evidence
  * Clean only attested verification outputs
  * Upload verification cleanup receipt
  * Post Set up JDK 21
  * Post Check out source
- Desktop, Kotlin Native, and Android resources strict verification (Windows x64) (ID 102227368313)
- Common, desktop, and Android release (ID 102227368359)
- Desktop strict verification (Linux arm64) (ID 102227368476)
- Desktop and Kotlin Native strict verification (macOS x64) (ID 102227368894)
Refreshing run status every 90 seconds. Press Ctrl+C to quit.

* fix/local-readiness-2026-09-07 Production verification · 34275491965
Triggered via workflow_dispatch about 5 minutes ago

JOBS
* iOS tests, release frameworks, and Swift wrapper (ID 102227367061)
  ✓ Set up job
  ✓ Check out source
  ✓ Validate verification scope
  ✓ Set up JDK 21
  * Run focused native continuation
  * Upload focused native evidence
  * Verify focused native cleanup and uploaded custody
  * Upload native continuation cleanup receipt
  * Observe hosted native processes without an app build
  * Upload bounded process-probe evidence
  * Verify process-probe cleanup and uploaded custody
  * Upload process-probe cleanup receipt
  * Claim fresh verification output ownership
  * Claim apple-aggregate native resource ownership
  * Record Xcode toolchain and exact source
  * Run iOS simulator tests, Apple static analysis, and release linkage gates
  * Stop Gradle after apple-aggregate and retire owned Apple resources
  * Validate iOS plist and privacy manifest
  * Claim apple-ui native resource ownership
  * Verify effective Debug and Release application identities
  * Launch Swift host and Compose root on iOS Simulator
  * Stop Gradle after apple-ui and retire owned Apple resources
  * Claim apple-wrapper native resource ownership
  * Build unsigned Swift Release wrapper
  * Stop Gradle after apple-wrapper and retire owned Apple resources
  * Inspect complete unsigned iOS Release package
  * Upload Apple verification evidence
  * Clean only attested verification outputs
  * Upload verification cleanup receipt
  * Post Set up JDK 21
  * Post Check out source
- Desktop, Kotlin Native, and Android resources strict verification (Windows x64) (ID 102227368313)
- Common, desktop, and Android release (ID 102227368359)
- Desktop strict verification (Linux arm64) (ID 102227368476)
- Desktop and Kotlin Native strict verification (macOS x64) (ID 102227368894)
Refreshing run status every 90 seconds. Press Ctrl+C to quit.

* fix/local-readiness-2026-09-07 Production verification · 34275491965
Triggered via workflow_dispatch about 7 minutes ago

JOBS
* iOS tests, release frameworks, and Swift wrapper (ID 102227367061)
  ✓ Set up job
  ✓ Check out source
  ✓ Validate verification scope
  ✓ Set up JDK 21
  * Run focused native continuation
  * Upload focused native evidence
  * Verify focused native cleanup and uploaded custody
  * Upload native continuation cleanup receipt
  * Observe hosted native processes without an app build
  * Upload bounded process-probe evidence
  * Verify process-probe cleanup and uploaded custody
  * Upload process-probe cleanup receipt
  * Claim fresh verification output ownership
  * Claim apple-aggregate native resource ownership
  * Record Xcode toolchain and exact source
  * Run iOS simulator tests, Apple static analysis, and release linkage gates
  * Stop Gradle after apple-aggregate and retire owned Apple resources
  * Validate iOS plist and privacy manifest
  * Claim apple-ui native resource ownership
  * Verify effective Debug and Release application identities
  * Launch Swift host and Compose root on iOS Simulator
  * Stop Gradle after apple-ui and retire owned Apple resources
  * Claim apple-wrapper native resource ownership
  * Build unsigned Swift Release wrapper
  * Stop Gradle after apple-wrapper and retire owned Apple resources
  * Inspect complete unsigned iOS Release package
  * Upload Apple verification evidence
  * Clean only attested verification outputs
  * Upload verification cleanup receipt
  * Post Set up JDK 21
  * Post Check out source
- Desktop, Kotlin Native, and Android resources strict verification (Windows x64) (ID 102227368313)
- Common, desktop, and Android release (ID 102227368359)
- Desktop strict verification (Linux arm64) (ID 102227368476)
- Desktop and Kotlin Native strict verification (macOS x64) (ID 102227368894)
Refreshing run status every 90 seconds. Press Ctrl+C to quit.

* fix/local-readiness-2026-09-07 Production verification · 34275491965
Triggered via workflow_dispatch about 8 minutes ago

JOBS
* iOS tests, release frameworks, and Swift wrapper (ID 102227367061)
  ✓ Set up job
  ✓ Check out source
  ✓ Validate verification scope
  ✓ Set up JDK 21
  * Run focused native continuation
  * Upload focused native evidence
  * Verify focused native cleanup and uploaded custody
  * Upload native continuation cleanup receipt
  * Observe hosted native processes without an app build
  * Upload bounded process-probe evidence
  * Verify process-probe cleanup and uploaded custody
  * Upload process-probe cleanup receipt
  * Claim fresh verification output ownership
  * Claim apple-aggregate native resource ownership
  * Record Xcode toolchain and exact source
  * Run iOS simulator tests, Apple static analysis, and release linkage gates
  * Stop Gradle after apple-aggregate and retire owned Apple resources
  * Validate iOS plist and privacy manifest
  * Claim apple-ui native resource ownership
  * Verify effective Debug and Release application identities
  * Launch Swift host and Compose root on iOS Simulator
  * Stop Gradle after apple-ui and retire owned Apple resources
  * Claim apple-wrapper native resource ownership
  * Build unsigned Swift Release wrapper
  * Stop Gradle after apple-wrapper and retire owned Apple resources
  * Inspect complete unsigned iOS Release package
  * Upload Apple verification evidence
  * Clean only attested verification outputs
  * Upload verification cleanup receipt
  * Post Set up JDK 21
  * Post Check out source
- Desktop, Kotlin Native, and Android resources strict verification (Windows x64) (ID 102227368313)
- Common, desktop, and Android release (ID 102227368359)
- Desktop strict verification (Linux arm64) (ID 102227368476)
- Desktop and Kotlin Native strict verification (macOS x64) (ID 102227368894)
Refreshing run status every 90 seconds. Press Ctrl+C to quit.

* fix/local-readiness-2026-09-07 Production verification · 34275491965
Triggered via workflow_dispatch about 10 minutes ago

JOBS
* iOS tests, release frameworks, and Swift wrapper (ID 102227367061)
  ✓ Set up job
  ✓ Check out source
  ✓ Validate verification scope
  ✓ Set up JDK 21
  * Run focused native continuation
  * Upload focused native evidence
  * Verify focused native cleanup and uploaded custody
  * Upload native continuation cleanup receipt
  * Observe hosted native processes without an app build
  * Upload bounded process-probe evidence
  * Verify process-probe cleanup and uploaded custody
  * Upload process-probe cleanup receipt
  * Claim fresh verification output ownership
  * Claim apple-aggregate native resource ownership
  * Record Xcode toolchain and exact source
  * Run iOS simulator tests, Apple static analysis, and release linkage gates
  * Stop Gradle after apple-aggregate and retire owned Apple resources
  * Validate iOS plist and privacy manifest
  * Claim apple-ui native resource ownership
  * Verify effective Debug and Release application identities
  * Launch Swift host and Compose root on iOS Simulator
  * Stop Gradle after apple-ui and retire owned Apple resources
  * Claim apple-wrapper native resource ownership
  * Build unsigned Swift Release wrapper
  * Stop Gradle after apple-wrapper and retire owned Apple resources
  * Inspect complete unsigned iOS Release package
  * Upload Apple verification evidence
  * Clean only attested verification outputs
  * Upload verification cleanup receipt
  * Post Set up JDK 21
  * Post Check out source
- Desktop, Kotlin Native, and Android resources strict verification (Windows x64) (ID 102227368313)
- Common, desktop, and Android release (ID 102227368359)
- Desktop strict verification (Linux arm64) (ID 102227368476)
- Desktop and Kotlin Native strict verification (macOS x64) (ID 102227368894)
Refreshing run status every 90 seconds. Press Ctrl+C to quit.

* fix/local-readiness-2026-09-07 Production verification · 34275491965
Triggered via workflow_dispatch about 11 minutes ago

JOBS
* iOS tests, release frameworks, and Swift wrapper (ID 102227367061)
  ✓ Set up job
  ✓ Check out source
  ✓ Validate verification scope
  ✓ Set up JDK 21
  * Run focused native continuation
  * Upload focused native evidence
  * Verify focused native cleanup and uploaded custody
  * Upload native continuation cleanup receipt
  * Observe hosted native processes without an app build
  * Upload bounded process-probe evidence
  * Verify process-probe cleanup and uploaded custody
  * Upload process-probe cleanup receipt
  * Claim fresh verification output ownership
  * Claim apple-aggregate native resource ownership
  * Record Xcode toolchain and exact source
  * Run iOS simulator tests, Apple static analysis, and release linkage gates
  * Stop Gradle after apple-aggregate and retire owned Apple resources
  * Validate iOS plist and privacy manifest
  * Claim apple-ui native resource ownership
  * Verify effective Debug and Release application identities
  * Launch Swift host and Compose root on iOS Simulator
  * Stop Gradle after apple-ui and retire owned Apple resources
  * Claim apple-wrapper native resource ownership
  * Build unsigned Swift Release wrapper
  * Stop Gradle after apple-wrapper and retire owned Apple resources
  * Inspect complete unsigned iOS Release package
  * Upload Apple verification evidence
  * Clean only attested verification outputs
  * Upload verification cleanup receipt
  * Post Set up JDK 21
  * Post Check out source
- Desktop, Kotlin Native, and Android resources strict verification (Windows x64) (ID 102227368313)
- Common, desktop, and Android release (ID 102227368359)
- Desktop strict verification (Linux arm64) (ID 102227368476)
- Desktop and Kotlin Native strict verification (macOS x64) (ID 102227368894)
Refreshing run status every 90 seconds. Press Ctrl+C to quit.

* fix/local-readiness-2026-09-07 Production verification · 34275491965
Triggered via workflow_dispatch about 13 minutes ago

JOBS
* iOS tests, release frameworks, and Swift wrapper (ID 102227367061)
  ✓ Set up job
  ✓ Check out source
  ✓ Validate verification scope
  ✓ Set up JDK 21
  * Run focused native continuation
  * Upload focused native evidence
  * Verify focused native cleanup and uploaded custody
  * Upload native continuation cleanup receipt
  * Observe hosted native processes without an app build
  * Upload bounded process-probe evidence
  * Verify process-probe cleanup and uploaded custody
  * Upload process-probe cleanup receipt
  * Claim fresh verification output ownership
  * Claim apple-aggregate native resource ownership
  * Record Xcode toolchain and exact source
  * Run iOS simulator tests, Apple static analysis, and release linkage gates
  * Stop Gradle after apple-aggregate and retire owned Apple resources
  * Validate iOS plist and privacy manifest
  * Claim apple-ui native resource ownership
  * Verify effective Debug and Release application identities
  * Launch Swift host and Compose root on iOS Simulator
  * Stop Gradle after apple-ui and retire owned Apple resources
  * Claim apple-wrapper native resource ownership
  * Build unsigned Swift Release wrapper
  * Stop Gradle after apple-wrapper and retire owned Apple resources
  * Inspect complete unsigned iOS Release package
  * Upload Apple verification evidence
  * Clean only attested verification outputs
  * Upload verification cleanup receipt
  * Post Set up JDK 21
  * Post Check out source
- Desktop, Kotlin Native, and Android resources strict verification (Windows x64) (ID 102227368313)
- Common, desktop, and Android release (ID 102227368359)
- Desktop strict verification (Linux arm64) (ID 102227368476)
- Desktop and Kotlin Native strict verification (macOS x64) (ID 102227368894)
Refreshing run status every 90 seconds. Press Ctrl+C to quit.

* fix/local-readiness-2026-09-07 Production verification · 34275491965
Triggered via workflow_dispatch about 14 minutes ago

JOBS
* iOS tests, release frameworks, and Swift wrapper (ID 102227367061)
  ✓ Set up job
  ✓ Check out source
  ✓ Validate verification scope
  ✓ Set up JDK 21
  * Run focused native continuation
  * Upload focused native evidence
  * Verify focused native cleanup and uploaded custody
  * Upload native continuation cleanup receipt
  * Observe hosted native processes without an app build
  * Upload bounded process-probe evidence
  * Verify process-probe cleanup and uploaded custody
  * Upload process-probe cleanup receipt
  * Claim fresh verification output ownership
  * Claim apple-aggregate native resource ownership
  * Record Xcode toolchain and exact source
  * Run iOS simulator tests, Apple static analysis, and release linkage gates
  * Stop Gradle after apple-aggregate and retire owned Apple resources
  * Validate iOS plist and privacy manifest
  * Claim apple-ui native resource ownership
  * Verify effective Debug and Release application identities
  * Launch Swift host and Compose root on iOS Simulator
  * Stop Gradle after apple-ui and retire owned Apple resources
  * Claim apple-wrapper native resource ownership
  * Build unsigned Swift Release wrapper
  * Stop Gradle after apple-wrapper and retire owned Apple resources
  * Inspect complete unsigned iOS Release package
  * Upload Apple verification evidence
  * Clean only attested verification outputs
  * Upload verification cleanup receipt
  * Post Set up JDK 21
  * Post Check out source
- Desktop, Kotlin Native, and Android resources strict verification (Windows x64) (ID 102227368313)
- Common, desktop, and Android release (ID 102227368359)
- Desktop strict verification (Linux arm64) (ID 102227368476)
- Desktop and Kotlin Native strict verification (macOS x64) (ID 102227368894)
Refreshing run status every 90 seconds. Press Ctrl+C to quit.

* fix/local-readiness-2026-09-07 Production verification · 34275491965
Triggered via workflow_dispatch about 16 minutes ago

JOBS
* iOS tests, release frameworks, and Swift wrapper (ID 102227367061)
  ✓ Set up job
  ✓ Check out source
  ✓ Validate verification scope
  ✓ Set up JDK 21
  * Run focused native continuation
  * Upload focused native evidence
  * Verify focused native cleanup and uploaded custody
  * Upload native continuation cleanup receipt
  * Observe hosted native processes without an app build
  * Upload bounded process-probe evidence
  * Verify process-probe cleanup and uploaded custody
  * Upload process-probe cleanup receipt
  * Claim fresh verification output ownership
  * Claim apple-aggregate native resource ownership
  * Record Xcode toolchain and exact source
  * Run iOS simulator tests, Apple static analysis, and release linkage gates
  * Stop Gradle after apple-aggregate and retire owned Apple resources
  * Validate iOS plist and privacy manifest
  * Claim apple-ui native resource ownership
  * Verify effective Debug and Release application identities
  * Launch Swift host and Compose root on iOS Simulator
  * Stop Gradle after apple-ui and retire owned Apple resources
  * Claim apple-wrapper native resource ownership
  * Build unsigned Swift Release wrapper
  * Stop Gradle after apple-wrapper and retire owned Apple resources
  * Inspect complete unsigned iOS Release package
  * Upload Apple verification evidence
  * Clean only attested verification outputs
  * Upload verification cleanup receipt
  * Post Set up JDK 21
  * Post Check out source
- Desktop, Kotlin Native, and Android resources strict verification (Windows x64) (ID 102227368313)
- Common, desktop, and Android release (ID 102227368359)
- Desktop strict verification (Linux arm64) (ID 102227368476)
- Desktop and Kotlin Native strict verification (macOS x64) (ID 102227368894)
Refreshing run status every 90 seconds. Press Ctrl+C to quit.

* fix/local-readiness-2026-09-07 Production verification · 34275491965
Triggered via workflow_dispatch about 17 minutes ago

JOBS
* iOS tests, release frameworks, and Swift wrapper (ID 102227367061)
  ✓ Set up job
  ✓ Check out source
  ✓ Validate verification scope
  ✓ Set up JDK 21
  * Run focused native continuation
  * Upload focused native evidence
  * Verify focused native cleanup and uploaded custody
  * Upload native continuation cleanup receipt
  * Observe hosted native processes without an app build
  * Upload bounded process-probe evidence
  * Verify process-probe cleanup and uploaded custody
  * Upload process-probe cleanup receipt
  * Claim fresh verification output ownership
  * Claim apple-aggregate native resource ownership
  * Record Xcode toolchain and exact source
  * Run iOS simulator tests, Apple static analysis, and release linkage gates
  * Stop Gradle after apple-aggregate and retire owned Apple resources
  * Validate iOS plist and privacy manifest
  * Claim apple-ui native resource ownership
  * Verify effective Debug and Release application identities
  * Launch Swift host and Compose root on iOS Simulator
  * Stop Gradle after apple-ui and retire owned Apple resources
  * Claim apple-wrapper native resource ownership
  * Build unsigned Swift Release wrapper
  * Stop Gradle after apple-wrapper and retire owned Apple resources
  * Inspect complete unsigned iOS Release package
  * Upload Apple verification evidence
  * Clean only attested verification outputs
  * Upload verification cleanup receipt
  * Post Set up JDK 21
  * Post Check out source
- Desktop, Kotlin Native, and Android resources strict verification (Windows x64) (ID 102227368313)
- Common, desktop, and Android release (ID 102227368359)
- Desktop strict verification (Linux arm64) (ID 102227368476)
- Desktop and Kotlin Native strict verification (macOS x64) (ID 102227368894)
Refreshing run status every 90 seconds. Press Ctrl+C to quit.

* fix/local-readiness-2026-09-07 Production verification · 34275491965
Triggered via workflow_dispatch about 19 minutes ago

JOBS
* iOS tests, release frameworks, and Swift wrapper (ID 102227367061)
  ✓ Set up job
  ✓ Check out source
  ✓ Validate verification scope
  ✓ Set up JDK 21
  * Run focused native continuation
  * Upload focused native evidence
  * Verify focused native cleanup and uploaded custody
  * Upload native continuation cleanup receipt
  * Observe hosted native processes without an app build
  * Upload bounded process-probe evidence
  * Verify process-probe cleanup and uploaded custody
  * Upload process-probe cleanup receipt
  * Claim fresh verification output ownership
  * Claim apple-aggregate native resource ownership
  * Record Xcode toolchain and exact source
  * Run iOS simulator tests, Apple static analysis, and release linkage gates
  * Stop Gradle after apple-aggregate and retire owned Apple resources
  * Validate iOS plist and privacy manifest
  * Claim apple-ui native resource ownership
  * Verify effective Debug and Release application identities
  * Launch Swift host and Compose root on iOS Simulator
  * Stop Gradle after apple-ui and retire owned Apple resources
  * Claim apple-wrapper native resource ownership
  * Build unsigned Swift Release wrapper
  * Stop Gradle after apple-wrapper and retire owned Apple resources
  * Inspect complete unsigned iOS Release package
  * Upload Apple verification evidence
  * Clean only attested verification outputs
  * Upload verification cleanup receipt
  * Post Set up JDK 21
  * Post Check out source
- Desktop, Kotlin Native, and Android resources strict verification (Windows x64) (ID 102227368313)
- Common, desktop, and Android release (ID 102227368359)
- Desktop strict verification (Linux arm64) (ID 102227368476)
- Desktop and Kotlin Native strict verification (macOS x64) (ID 102227368894)
Refreshing run status every 90 seconds. Press Ctrl+C to quit.

* fix/local-readiness-2026-09-07 Production verification · 34275491965
Triggered via workflow_dispatch about 21 minutes ago

JOBS
* iOS tests, release frameworks, and Swift wrapper (ID 102227367061)
  ✓ Set up job
  ✓ Check out source
  ✓ Validate verification scope
  ✓ Set up JDK 21
  * Run focused native continuation
  * Upload focused native evidence
  * Verify focused native cleanup and uploaded custody
  * Upload native continuation cleanup receipt
  * Observe hosted native processes without an app build
  * Upload bounded process-probe evidence
  * Verify process-probe cleanup and uploaded custody
  * Upload process-probe cleanup receipt
  * Claim fresh verification output ownership
  * Claim apple-aggregate native resource ownership
  * Record Xcode toolchain and exact source
  * Run iOS simulator tests, Apple static analysis, and release linkage gates
  * Stop Gradle after apple-aggregate and retire owned Apple resources
  * Validate iOS plist and privacy manifest
  * Claim apple-ui native resource ownership
  * Verify effective Debug and Release application identities
  * Launch Swift host and Compose root on iOS Simulator
  * Stop Gradle after apple-ui and retire owned Apple resources
  * Claim apple-wrapper native resource ownership
  * Build unsigned Swift Release wrapper
  * Stop Gradle after apple-wrapper and retire owned Apple resources
  * Inspect complete unsigned iOS Release package
  * Upload Apple verification evidence
  * Clean only attested verification outputs
  * Upload verification cleanup receipt
  * Post Set up JDK 21
  * Post Check out source
- Desktop, Kotlin Native, and Android resources strict verification (Windows x64) (ID 102227368313)
- Common, desktop, and Android release (ID 102227368359)
- Desktop strict verification (Linux arm64) (ID 102227368476)
- Desktop and Kotlin Native strict verification (macOS x64) (ID 102227368894)
Refreshing run status every 90 seconds. Press Ctrl+C to quit.

* fix/local-readiness-2026-09-07 Production verification · 34275491965
Triggered via workflow_dispatch about 22 minutes ago

JOBS
* iOS tests, release frameworks, and Swift wrapper (ID 102227367061)
  ✓ Set up job
  ✓ Check out source
  ✓ Validate verification scope
  ✓ Set up JDK 21
  * Run focused native continuation
  * Upload focused native evidence
  * Verify focused native cleanup and uploaded custody
  * Upload native continuation cleanup receipt
  * Observe hosted native processes without an app build
  * Upload bounded process-probe evidence
  * Verify process-probe cleanup and uploaded custody
  * Upload process-probe cleanup receipt
  * Claim fresh verification output ownership
  * Claim apple-aggregate native resource ownership
  * Record Xcode toolchain and exact source
  * Run iOS simulator tests, Apple static analysis, and release linkage gates
  * Stop Gradle after apple-aggregate and retire owned Apple resources
  * Validate iOS plist and privacy manifest
  * Claim apple-ui native resource ownership
  * Verify effective Debug and Release application identities
  * Launch Swift host and Compose root on iOS Simulator
  * Stop Gradle after apple-ui and retire owned Apple resources
  * Claim apple-wrapper native resource ownership
  * Build unsigned Swift Release wrapper
  * Stop Gradle after apple-wrapper and retire owned Apple resources
  * Inspect complete unsigned iOS Release package
  * Upload Apple verification evidence
  * Clean only attested verification outputs
  * Upload verification cleanup receipt
  * Post Set up JDK 21
  * Post Check out source
- Desktop, Kotlin Native, and Android resources strict verification (Windows x64) (ID 102227368313)
- Common, desktop, and Android release (ID 102227368359)
- Desktop strict verification (Linux arm64) (ID 102227368476)
- Desktop and Kotlin Native strict verification (macOS x64) (ID 102227368894)
Refreshing run status every 90 seconds. Press Ctrl+C to quit.

* fix/local-readiness-2026-09-07 Production verification · 34275491965
Triggered via workflow_dispatch about 24 minutes ago

JOBS
* iOS tests, release frameworks, and Swift wrapper (ID 102227367061)
  ✓ Set up job
  ✓ Check out source
  ✓ Validate verification scope
  ✓ Set up JDK 21
  * Run focused native continuation
  * Upload focused native evidence
  * Verify focused native cleanup and uploaded custody
  * Upload native continuation cleanup receipt
  * Observe hosted native processes without an app build
  * Upload bounded process-probe evidence
  * Verify process-probe cleanup and uploaded custody
  * Upload process-probe cleanup receipt
  * Claim fresh verification output ownership
  * Claim apple-aggregate native resource ownership
  * Record Xcode toolchain and exact source
  * Run iOS simulator tests, Apple static analysis, and release linkage gates
  * Stop Gradle after apple-aggregate and retire owned Apple resources
  * Validate iOS plist and privacy manifest
  * Claim apple-ui native resource ownership
  * Verify effective Debug and Release application identities
  * Launch Swift host and Compose root on iOS Simulator
  * Stop Gradle after apple-ui and retire owned Apple resources
  * Claim apple-wrapper native resource ownership
  * Build unsigned Swift Release wrapper
  * Stop Gradle after apple-wrapper and retire owned Apple resources
  * Inspect complete unsigned iOS Release package
  * Upload Apple verification evidence
  * Clean only attested verification outputs
  * Upload verification cleanup receipt
  * Post Set up JDK 21
  * Post Check out source
- Desktop, Kotlin Native, and Android resources strict verification (Windows x64) (ID 102227368313)
- Common, desktop, and Android release (ID 102227368359)
- Desktop strict verification (Linux arm64) (ID 102227368476)
- Desktop and Kotlin Native strict verification (macOS x64) (ID 102227368894)
Refreshing run status every 90 seconds. Press Ctrl+C to quit.

* fix/local-readiness-2026-09-07 Production verification · 34275491965
Triggered via workflow_dispatch about 25 minutes ago

JOBS
* iOS tests, release frameworks, and Swift wrapper (ID 102227367061)
  ✓ Set up job
  ✓ Check out source
  ✓ Validate verification scope
  ✓ Set up JDK 21
  * Run focused native continuation
  * Upload focused native evidence
  * Verify focused native cleanup and uploaded custody
  * Upload native continuation cleanup receipt
  * Observe hosted native processes without an app build
  * Upload bounded process-probe evidence
  * Verify process-probe cleanup and uploaded custody
  * Upload process-probe cleanup receipt
  * Claim fresh verification output ownership
  * Claim apple-aggregate native resource ownership
  * Record Xcode toolchain and exact source
  * Run iOS simulator tests, Apple static analysis, and release linkage gates
  * Stop Gradle after apple-aggregate and retire owned Apple resources
  * Validate iOS plist and privacy manifest
  * Claim apple-ui native resource ownership
  * Verify effective Debug and Release application identities
  * Launch Swift host and Compose root on iOS Simulator
  * Stop Gradle after apple-ui and retire owned Apple resources
  * Claim apple-wrapper native resource ownership
  * Build unsigned Swift Release wrapper
  * Stop Gradle after apple-wrapper and retire owned Apple resources
  * Inspect complete unsigned iOS Release package
  * Upload Apple verification evidence
  * Clean only attested verification outputs
  * Upload verification cleanup receipt
  * Post Set up JDK 21
  * Post Check out source
- Desktop, Kotlin Native, and Android resources strict verification (Windows x64) (ID 102227368313)
- Common, desktop, and Android release (ID 102227368359)
- Desktop strict verification (Linux arm64) (ID 102227368476)
- Desktop and Kotlin Native strict verification (macOS x64) (ID 102227368894)
Refreshing run status every 90 seconds. Press Ctrl+C to quit.

* fix/local-readiness-2026-09-07 Production verification · 34275491965
Triggered via workflow_dispatch about 27 minutes ago

JOBS
* iOS tests, release frameworks, and Swift wrapper (ID 102227367061)
  ✓ Set up job
  ✓ Check out source
  ✓ Validate verification scope
  ✓ Set up JDK 21
  * Run focused native continuation
  * Upload focused native evidence
  * Verify focused native cleanup and uploaded custody
  * Upload native continuation cleanup receipt
  * Observe hosted native processes without an app build
  * Upload bounded process-probe evidence
  * Verify process-probe cleanup and uploaded custody
  * Upload process-probe cleanup receipt
  * Claim fresh verification output ownership
  * Claim apple-aggregate native resource ownership
  * Record Xcode toolchain and exact source
  * Run iOS simulator tests, Apple static analysis, and release linkage gates
  * Stop Gradle after apple-aggregate and retire owned Apple resources
  * Validate iOS plist and privacy manifest
  * Claim apple-ui native resource ownership
  * Verify effective Debug and Release application identities
  * Launch Swift host and Compose root on iOS Simulator
  * Stop Gradle after apple-ui and retire owned Apple resources
  * Claim apple-wrapper native resource ownership
  * Build unsigned Swift Release wrapper
  * Stop Gradle after apple-wrapper and retire owned Apple resources
  * Inspect complete unsigned iOS Release package
  * Upload Apple verification evidence
  * Clean only attested verification outputs
  * Upload verification cleanup receipt
  * Post Set up JDK 21
  * Post Check out source
- Desktop, Kotlin Native, and Android resources strict verification (Windows x64) (ID 102227368313)
- Common, desktop, and Android release (ID 102227368359)
- Desktop strict verification (Linux arm64) (ID 102227368476)
- Desktop and Kotlin Native strict verification (macOS x64) (ID 102227368894)
Refreshing run status every 90 seconds. Press Ctrl+C to quit.

* fix/local-readiness-2026-09-07 Production verification · 34275491965
Triggered via workflow_dispatch about 28 minutes ago

JOBS
* iOS tests, release frameworks, and Swift wrapper (ID 102227367061)
  ✓ Set up job
  ✓ Check out source
  ✓ Validate verification scope
  ✓ Set up JDK 21
  * Run focused native continuation
  * Upload focused native evidence
  * Verify focused native cleanup and uploaded custody
  * Upload native continuation cleanup receipt
  * Observe hosted native processes without an app build
  * Upload bounded process-probe evidence
  * Verify process-probe cleanup and uploaded custody
  * Upload process-probe cleanup receipt
  * Claim fresh verification output ownership
  * Claim apple-aggregate native resource ownership
  * Record Xcode toolchain and exact source
  * Run iOS simulator tests, Apple static analysis, and release linkage gates
  * Stop Gradle after apple-aggregate and retire owned Apple resources
  * Validate iOS plist and privacy manifest
  * Claim apple-ui native resource ownership
  * Verify effective Debug and Release application identities
  * Launch Swift host and Compose root on iOS Simulator
  * Stop Gradle after apple-ui and retire owned Apple resources
  * Claim apple-wrapper native resource ownership
  * Build unsigned Swift Release wrapper
  * Stop Gradle after apple-wrapper and retire owned Apple resources
  * Inspect complete unsigned iOS Release package
  * Upload Apple verification evidence
  * Clean only attested verification outputs
  * Upload verification cleanup receipt
  * Post Set up JDK 21
  * Post Check out source
- Desktop, Kotlin Native, and Android resources strict verification (Windows x64) (ID 102227368313)
- Common, desktop, and Android release (ID 102227368359)
- Desktop strict verification (Linux arm64) (ID 102227368476)
- Desktop and Kotlin Native strict verification (macOS x64) (ID 102227368894)
Refreshing run status every 90 seconds. Press Ctrl+C to quit.

* fix/local-readiness-2026-09-07 Production verification · 34275491965
Triggered via workflow_dispatch about 30 minutes ago

JOBS
* iOS tests, release frameworks, and Swift wrapper (ID 102227367061)
  ✓ Set up job
  ✓ Check out source
  ✓ Validate verification scope
  ✓ Set up JDK 21
  * Run focused native continuation
  * Upload focused native evidence
  * Verify focused native cleanup and uploaded custody
  * Upload native continuation cleanup receipt
  * Observe hosted native processes without an app build
  * Upload bounded process-probe evidence
  * Verify process-probe cleanup and uploaded custody
  * Upload process-probe cleanup receipt
  * Claim fresh verification output ownership
  * Claim apple-aggregate native resource ownership
  * Record Xcode toolchain and exact source
  * Run iOS simulator tests, Apple static analysis, and release linkage gates
  * Stop Gradle after apple-aggregate and retire owned Apple resources
  * Validate iOS plist and privacy manifest
  * Claim apple-ui native resource ownership
  * Verify effective Debug and Release application identities
  * Launch Swift host and Compose root on iOS Simulator
  * Stop Gradle after apple-ui and retire owned Apple resources
  * Claim apple-wrapper native resource ownership
  * Build unsigned Swift Release wrapper
  * Stop Gradle after apple-wrapper and retire owned Apple resources
  * Inspect complete unsigned iOS Release package
  * Upload Apple verification evidence
  * Clean only attested verification outputs
  * Upload verification cleanup receipt
  * Post Set up JDK 21
  * Post Check out source
- Desktop, Kotlin Native, and Android resources strict verification (Windows x64) (ID 102227368313)
- Common, desktop, and Android release (ID 102227368359)
- Desktop strict verification (Linux arm64) (ID 102227368476)
- Desktop and Kotlin Native strict verification (macOS x64) (ID 102227368894)
Refreshing run status every 90 seconds. Press Ctrl+C to quit.

* fix/local-readiness-2026-09-07 Production verification · 34275491965
Triggered via workflow_dispatch about 31 minutes ago

JOBS
* iOS tests, release frameworks, and Swift wrapper (ID 102227367061)
  ✓ Set up job
  ✓ Check out source
  ✓ Validate verification scope
  ✓ Set up JDK 21
  * Run focused native continuation
  * Upload focused native evidence
  * Verify focused native cleanup and uploaded custody
  * Upload native continuation cleanup receipt
  * Observe hosted native processes without an app build
  * Upload bounded process-probe evidence
  * Verify process-probe cleanup and uploaded custody
  * Upload process-probe cleanup receipt
  * Claim fresh verification output ownership
  * Claim apple-aggregate native resource ownership
  * Record Xcode toolchain and exact source
  * Run iOS simulator tests, Apple static analysis, and release linkage gates
  * Stop Gradle after apple-aggregate and retire owned Apple resources
  * Validate iOS plist and privacy manifest
  * Claim apple-ui native resource ownership
  * Verify effective Debug and Release application identities
  * Launch Swift host and Compose root on iOS Simulator
  * Stop Gradle after apple-ui and retire owned Apple resources
  * Claim apple-wrapper native resource ownership
  * Build unsigned Swift Release wrapper
  * Stop Gradle after apple-wrapper and retire owned Apple resources
  * Inspect complete unsigned iOS Release package
  * Upload Apple verification evidence
  * Clean only attested verification outputs
  * Upload verification cleanup receipt
  * Post Set up JDK 21
  * Post Check out source
- Desktop, Kotlin Native, and Android resources strict verification (Windows x64) (ID 102227368313)
- Common, desktop, and Android release (ID 102227368359)
- Desktop strict verification (Linux arm64) (ID 102227368476)
- Desktop and Kotlin Native strict verification (macOS x64) (ID 102227368894)
Refreshing run status every 90 seconds. Press Ctrl+C to quit.

* fix/local-readiness-2026-09-07 Production verification · 34275491965
Triggered via workflow_dispatch about 33 minutes ago

JOBS
* iOS tests, release frameworks, and Swift wrapper (ID 102227367061)
  ✓ Set up job
  ✓ Check out source
  ✓ Validate verification scope
  ✓ Set up JDK 21
  * Run focused native continuation
  * Upload focused native evidence
  * Verify focused native cleanup and uploaded custody
  * Upload native continuation cleanup receipt
  * Observe hosted native processes without an app build
  * Upload bounded process-probe evidence
  * Verify process-probe cleanup and uploaded custody
  * Upload process-probe cleanup receipt
  * Claim fresh verification output ownership
  * Claim apple-aggregate native resource ownership
  * Record Xcode toolchain and exact source
  * Run iOS simulator tests, Apple static analysis, and release linkage gates
  * Stop Gradle after apple-aggregate and retire owned Apple resources
  * Validate iOS plist and privacy manifest
  * Claim apple-ui native resource ownership
  * Verify effective Debug and Release application identities
  * Launch Swift host and Compose root on iOS Simulator
  * Stop Gradle after apple-ui and retire owned Apple resources
  * Claim apple-wrapper native resource ownership
  * Build unsigned Swift Release wrapper
  * Stop Gradle after apple-wrapper and retire owned Apple resources
  * Inspect complete unsigned iOS Release package
  * Upload Apple verification evidence
  * Clean only attested verification outputs
  * Upload verification cleanup receipt
  * Post Set up JDK 21
  * Post Check out source
- Desktop, Kotlin Native, and Android resources strict verification (Windows x64) (ID 102227368313)
- Common, desktop, and Android release (ID 102227368359)
- Desktop strict verification (Linux arm64) (ID 102227368476)
- Desktop and Kotlin Native strict verification (macOS x64) (ID 102227368894)
Refreshing run status every 90 seconds. Press Ctrl+C to quit.

* fix/local-readiness-2026-09-07 Production verification · 34275491965
Triggered via workflow_dispatch about 34 minutes ago

JOBS
* iOS tests, release frameworks, and Swift wrapper (ID 102227367061)
  ✓ Set up job
  ✓ Check out source
  ✓ Validate verification scope
  ✓ Set up JDK 21
  * Run focused native continuation
  * Upload focused native evidence
  * Verify focused native cleanup and uploaded custody
  * Upload native continuation cleanup receipt
  * Observe hosted native processes without an app build
  * Upload bounded process-probe evidence
  * Verify process-probe cleanup and uploaded custody
  * Upload process-probe cleanup receipt
  * Claim fresh verification output ownership
  * Claim apple-aggregate native resource ownership
  * Record Xcode toolchain and exact source
  * Run iOS simulator tests, Apple static analysis, and release linkage gates
  * Stop Gradle after apple-aggregate and retire owned Apple resources
  * Validate iOS plist and privacy manifest
  * Claim apple-ui native resource ownership
  * Verify effective Debug and Release application identities
  * Launch Swift host and Compose root on iOS Simulator
  * Stop Gradle after apple-ui and retire owned Apple resources
  * Claim apple-wrapper native resource ownership
  * Build unsigned Swift Release wrapper
  * Stop Gradle after apple-wrapper and retire owned Apple resources
  * Inspect complete unsigned iOS Release package
  * Upload Apple verification evidence
  * Clean only attested verification outputs
  * Upload verification cleanup receipt
  * Post Set up JDK 21
  * Post Check out source
- Desktop, Kotlin Native, and Android resources strict verification (Windows x64) (ID 102227368313)
- Common, desktop, and Android release (ID 102227368359)
- Desktop strict verification (Linux arm64) (ID 102227368476)
- Desktop and Kotlin Native strict verification (macOS x64) (ID 102227368894)
Refreshing run status every 90 seconds. Press Ctrl+C to quit.

* fix/local-readiness-2026-09-07 Production verification · 34275491965
Triggered via workflow_dispatch about 36 minutes ago

JOBS
* iOS tests, release frameworks, and Swift wrapper (ID 102227367061)
  ✓ Set up job
  ✓ Check out source
  ✓ Validate verification scope
  ✓ Set up JDK 21
  * Run focused native continuation
  * Upload focused native evidence
  * Verify focused native cleanup and uploaded custody
  * Upload native continuation cleanup receipt
  * Observe hosted native processes without an app build
  * Upload bounded process-probe evidence
  * Verify process-probe cleanup and uploaded custody
  * Upload process-probe cleanup receipt
  * Claim fresh verification output ownership
  * Claim apple-aggregate native resource ownership
  * Record Xcode toolchain and exact source
  * Run iOS simulator tests, Apple static analysis, and release linkage gates
  * Stop Gradle after apple-aggregate and retire owned Apple resources
  * Validate iOS plist and privacy manifest
  * Claim apple-ui native resource ownership
  * Verify effective Debug and Release application identities
  * Launch Swift host and Compose root on iOS Simulator
  * Stop Gradle after apple-ui and retire owned Apple resources
  * Claim apple-wrapper native resource ownership
  * Build unsigned Swift Release wrapper
  * Stop Gradle after apple-wrapper and retire owned Apple resources
  * Inspect complete unsigned iOS Release package
  * Upload Apple verification evidence
  * Clean only attested verification outputs
  * Upload verification cleanup receipt
  * Post Set up JDK 21
  * Post Check out source
- Desktop, Kotlin Native, and Android resources strict verification (Windows x64) (ID 102227368313)
- Common, desktop, and Android release (ID 102227368359)
- Desktop strict verification (Linux arm64) (ID 102227368476)
- Desktop and Kotlin Native strict verification (macOS x64) (ID 102227368894)
Refreshing run status every 90 seconds. Press Ctrl+C to quit.

* fix/local-readiness-2026-09-07 Production verification · 34275491965
Triggered via workflow_dispatch about 37 minutes ago

JOBS
* iOS tests, release frameworks, and Swift wrapper (ID 102227367061)
  ✓ Set up job
  ✓ Check out source
  ✓ Validate verification scope
  ✓ Set up JDK 21
  * Run focused native continuation
  * Upload focused native evidence
  * Verify focused native cleanup and uploaded custody
  * Upload native continuation cleanup receipt
  * Observe hosted native processes without an app build
  * Upload bounded process-probe evidence
  * Verify process-probe cleanup and uploaded custody
  * Upload process-probe cleanup receipt
  * Claim fresh verification output ownership
  * Claim apple-aggregate native resource ownership
  * Record Xcode toolchain and exact source
  * Run iOS simulator tests, Apple static analysis, and release linkage gates
  * Stop Gradle after apple-aggregate and retire owned Apple resources
  * Validate iOS plist and privacy manifest
  * Claim apple-ui native resource ownership
  * Verify effective Debug and Release application identities
  * Launch Swift host and Compose root on iOS Simulator
  * Stop Gradle after apple-ui and retire owned Apple resources
  * Claim apple-wrapper native resource ownership
  * Build unsigned Swift Release wrapper
  * Stop Gradle after apple-wrapper and retire owned Apple resources
  * Inspect complete unsigned iOS Release package
  * Upload Apple verification evidence
  * Clean only attested verification outputs
  * Upload verification cleanup receipt
  * Post Set up JDK 21
  * Post Check out source
- Desktop, Kotlin Native, and Android resources strict verification (Windows x64) (ID 102227368313)
- Common, desktop, and Android release (ID 102227368359)
- Desktop strict verification (Linux arm64) (ID 102227368476)
- Desktop and Kotlin Native strict verification (macOS x64) (ID 102227368894)
Refreshing run status every 90 seconds. Press Ctrl+C to quit.

* fix/local-readiness-2026-09-07 Production verification · 34275491965
Triggered via workflow_dispatch about 39 minutes ago

JOBS
* iOS tests, release frameworks, and Swift wrapper (ID 102227367061)
  ✓ Set up job
  ✓ Check out source
  ✓ Validate verification scope
  ✓ Set up JDK 21
  * Run focused native continuation
  * Upload focused native evidence
  * Verify focused native cleanup and uploaded custody
  * Upload native continuation cleanup receipt
  * Observe hosted native processes without an app build
  * Upload bounded process-probe evidence
  * Verify process-probe cleanup and uploaded custody
  * Upload process-probe cleanup receipt
  * Claim fresh verification output ownership
  * Claim apple-aggregate native resource ownership
  * Record Xcode toolchain and exact source
  * Run iOS simulator tests, Apple static analysis, and release linkage gates
  * Stop Gradle after apple-aggregate and retire owned Apple resources
  * Validate iOS plist and privacy manifest
  * Claim apple-ui native resource ownership
  * Verify effective Debug and Release application identities
  * Launch Swift host and Compose root on iOS Simulator
  * Stop Gradle after apple-ui and retire owned Apple resources
  * Claim apple-wrapper native resource ownership
  * Build unsigned Swift Release wrapper
  * Stop Gradle after apple-wrapper and retire owned Apple resources
  * Inspect complete unsigned iOS Release package
  * Upload Apple verification evidence
  * Clean only attested verification outputs
  * Upload verification cleanup receipt
  * Post Set up JDK 21
  * Post Check out source
- Desktop, Kotlin Native, and Android resources strict verification (Windows x64) (ID 102227368313)
- Common, desktop, and Android release (ID 102227368359)
- Desktop strict verification (Linux arm64) (ID 102227368476)
- Desktop and Kotlin Native strict verification (macOS x64) (ID 102227368894)
Refreshing run status every 90 seconds. Press Ctrl+C to quit.

* fix/local-readiness-2026-09-07 Production verification · 34275491965
Triggered via workflow_dispatch about 40 minutes ago

JOBS
* iOS tests, release frameworks, and Swift wrapper (ID 102227367061)
  ✓ Set up job
  ✓ Check out source
  ✓ Validate verification scope
  ✓ Set up JDK 21
  * Run focused native continuation
  * Upload focused native evidence
  * Verify focused native cleanup and uploaded custody
  * Upload native continuation cleanup receipt
  * Observe hosted native processes without an app build
  * Upload bounded process-probe evidence
  * Verify process-probe cleanup and uploaded custody
  * Upload process-probe cleanup receipt
  * Claim fresh verification output ownership
  * Claim apple-aggregate native resource ownership
  * Record Xcode toolchain and exact source
  * Run iOS simulator tests, Apple static analysis, and release linkage gates
  * Stop Gradle after apple-aggregate and retire owned Apple resources
  * Validate iOS plist and privacy manifest
  * Claim apple-ui native resource ownership
  * Verify effective Debug and Release application identities
  * Launch Swift host and Compose root on iOS Simulator
  * Stop Gradle after apple-ui and retire owned Apple resources
  * Claim apple-wrapper native resource ownership
  * Build unsigned Swift Release wrapper
  * Stop Gradle after apple-wrapper and retire owned Apple resources
  * Inspect complete unsigned iOS Release package
  * Upload Apple verification evidence
  * Clean only attested verification outputs
  * Upload verification cleanup receipt
  * Post Set up JDK 21
  * Post Check out source
- Desktop, Kotlin Native, and Android resources strict verification (Windows x64) (ID 102227368313)
- Common, desktop, and Android release (ID 102227368359)
- Desktop strict verification (Linux arm64) (ID 102227368476)
- Desktop and Kotlin Native strict verification (macOS x64) (ID 102227368894)
Refreshing run status every 90 seconds. Press Ctrl+C to quit.

* fix/local-readiness-2026-09-07 Production verification · 34275491965
Triggered via workflow_dispatch about 42 minutes ago

JOBS
* iOS tests, release frameworks, and Swift wrapper (ID 102227367061)
  ✓ Set up job
  ✓ Check out source
  ✓ Validate verification scope
  ✓ Set up JDK 21
  * Run focused native continuation
  * Upload focused native evidence
  * Verify focused native cleanup and uploaded custody
  * Upload native continuation cleanup receipt
  * Observe hosted native processes without an app build
  * Upload bounded process-probe evidence
  * Verify process-probe cleanup and uploaded custody
  * Upload process-probe cleanup receipt
  * Claim fresh verification output ownership
  * Claim apple-aggregate native resource ownership
  * Record Xcode toolchain and exact source
  * Run iOS simulator tests, Apple static analysis, and release linkage gates
  * Stop Gradle after apple-aggregate and retire owned Apple resources
  * Validate iOS plist and privacy manifest
  * Claim apple-ui native resource ownership
  * Verify effective Debug and Release application identities
  * Launch Swift host and Compose root on iOS Simulator
  * Stop Gradle after apple-ui and retire owned Apple resources
  * Claim apple-wrapper native resource ownership
  * Build unsigned Swift Release wrapper
  * Stop Gradle after apple-wrapper and retire owned Apple resources
  * Inspect complete unsigned iOS Release package
  * Upload Apple verification evidence
  * Clean only attested verification outputs
  * Upload verification cleanup receipt
  * Post Set up JDK 21
  * Post Check out source
- Desktop, Kotlin Native, and Android resources strict verification (Windows x64) (ID 102227368313)
- Common, desktop, and Android release (ID 102227368359)
- Desktop strict verification (Linux arm64) (ID 102227368476)
- Desktop and Kotlin Native strict verification (macOS x64) (ID 102227368894)
Refreshing run status every 90 seconds. Press Ctrl+C to quit.

* fix/local-readiness-2026-09-07 Production verification · 34275491965
Triggered via workflow_dispatch about 43 minutes ago

JOBS
* iOS tests, release frameworks, and Swift wrapper (ID 102227367061)
  ✓ Set up job
  ✓ Check out source
  ✓ Validate verification scope
  ✓ Set up JDK 21
  * Run focused native continuation
  * Upload focused native evidence
  * Verify focused native cleanup and uploaded custody
  * Upload native continuation cleanup receipt
  * Observe hosted native processes without an app build
  * Upload bounded process-probe evidence
  * Verify process-probe cleanup and uploaded custody
  * Upload process-probe cleanup receipt
  * Claim fresh verification output ownership
  * Claim apple-aggregate native resource ownership
  * Record Xcode toolchain and exact source
  * Run iOS simulator tests, Apple static analysis, and release linkage gates
  * Stop Gradle after apple-aggregate and retire owned Apple resources
  * Validate iOS plist and privacy manifest
  * Claim apple-ui native resource ownership
  * Verify effective Debug and Release application identities
  * Launch Swift host and Compose root on iOS Simulator
  * Stop Gradle after apple-ui and retire owned Apple resources
  * Claim apple-wrapper native resource ownership
  * Build unsigned Swift Release wrapper
  * Stop Gradle after apple-wrapper and retire owned Apple resources
  * Inspect complete unsigned iOS Release package
  * Upload Apple verification evidence
  * Clean only attested verification outputs
  * Upload verification cleanup receipt
  * Post Set up JDK 21
  * Post Check out source
- Desktop, Kotlin Native, and Android resources strict verification (Windows x64) (ID 102227368313)
- Common, desktop, and Android release (ID 102227368359)
- Desktop strict verification (Linux arm64) (ID 102227368476)
- Desktop and Kotlin Native strict verification (macOS x64) (ID 102227368894)
Refreshing run status every 90 seconds. Press Ctrl+C to quit.

* fix/local-readiness-2026-09-07 Production verification · 34275491965
Triggered via workflow_dispatch about 45 minutes ago

JOBS
* iOS tests, release frameworks, and Swift wrapper (ID 102227367061)
  ✓ Set up job
  ✓ Check out source
  ✓ Validate verification scope
  ✓ Set up JDK 21
  * Run focused native continuation
  * Upload focused native evidence
  * Verify focused native cleanup and uploaded custody
  * Upload native continuation cleanup receipt
  * Observe hosted native processes without an app build
  * Upload bounded process-probe evidence
  * Verify process-probe cleanup and uploaded custody
  * Upload process-probe cleanup receipt
  * Claim fresh verification output ownership
  * Claim apple-aggregate native resource ownership
  * Record Xcode toolchain and exact source
  * Run iOS simulator tests, Apple static analysis, and release linkage gates
  * Stop Gradle after apple-aggregate and retire owned Apple resources
  * Validate iOS plist and privacy manifest
  * Claim apple-ui native resource ownership
  * Verify effective Debug and Release application identities
  * Launch Swift host and Compose root on iOS Simulator
  * Stop Gradle after apple-ui and retire owned Apple resources
  * Claim apple-wrapper native resource ownership
  * Build unsigned Swift Release wrapper
  * Stop Gradle after apple-wrapper and retire owned Apple resources
  * Inspect complete unsigned iOS Release package
  * Upload Apple verification evidence
  * Clean only attested verification outputs
  * Upload verification cleanup receipt
  * Post Set up JDK 21
  * Post Check out source
- Desktop, Kotlin Native, and Android resources strict verification (Windows x64) (ID 102227368313)
- Common, desktop, and Android release (ID 102227368359)
- Desktop strict verification (Linux arm64) (ID 102227368476)
- Desktop and Kotlin Native strict verification (macOS x64) (ID 102227368894)
Refreshing run status every 90 seconds. Press Ctrl+C to quit.

* fix/local-readiness-2026-09-07 Production verification · 34275491965
Triggered via workflow_dispatch about 46 minutes ago

JOBS
* iOS tests, release frameworks, and Swift wrapper (ID 102227367061)
  ✓ Set up job
  ✓ Check out source
  ✓ Validate verification scope
  ✓ Set up JDK 21
  * Run focused native continuation
  * Upload focused native evidence
  * Verify focused native cleanup and uploaded custody
  * Upload native continuation cleanup receipt
  * Observe hosted native processes without an app build
  * Upload bounded process-probe evidence
  * Verify process-probe cleanup and uploaded custody
  * Upload process-probe cleanup receipt
  * Claim fresh verification output ownership
  * Claim apple-aggregate native resource ownership
  * Record Xcode toolchain and exact source
  * Run iOS simulator tests, Apple static analysis, and release linkage gates
  * Stop Gradle after apple-aggregate and retire owned Apple resources
  * Validate iOS plist and privacy manifest
  * Claim apple-ui native resource ownership
  * Verify effective Debug and Release application identities
  * Launch Swift host and Compose root on iOS Simulator
  * Stop Gradle after apple-ui and retire owned Apple resources
  * Claim apple-wrapper native resource ownership
  * Build unsigned Swift Release wrapper
  * Stop Gradle after apple-wrapper and retire owned Apple resources
  * Inspect complete unsigned iOS Release package
  * Upload Apple verification evidence
  * Clean only attested verification outputs
  * Upload verification cleanup receipt
  * Post Set up JDK 21
  * Post Check out source
- Desktop, Kotlin Native, and Android resources strict verification (Windows x64) (ID 102227368313)
- Common, desktop, and Android release (ID 102227368359)
- Desktop strict verification (Linux arm64) (ID 102227368476)
- Desktop and Kotlin Native strict verification (macOS x64) (ID 102227368894)
Refreshing run status every 90 seconds. Press Ctrl+C to quit.

* fix/local-readiness-2026-09-07 Production verification · 34275491965
Triggered via workflow_dispatch about 48 minutes ago

JOBS
* iOS tests, release frameworks, and Swift wrapper (ID 102227367061)
  ✓ Set up job
  ✓ Check out source
  ✓ Validate verification scope
  ✓ Set up JDK 21
  * Run focused native continuation
  * Upload focused native evidence
  * Verify focused native cleanup and uploaded custody
  * Upload native continuation cleanup receipt
  * Observe hosted native processes without an app build
  * Upload bounded process-probe evidence
  * Verify process-probe cleanup and uploaded custody
  * Upload process-probe cleanup receipt
  * Claim fresh verification output ownership
  * Claim apple-aggregate native resource ownership
  * Record Xcode toolchain and exact source
  * Run iOS simulator tests, Apple static analysis, and release linkage gates
  * Stop Gradle after apple-aggregate and retire owned Apple resources
  * Validate iOS plist and privacy manifest
  * Claim apple-ui native resource ownership
  * Verify effective Debug and Release application identities
  * Launch Swift host and Compose root on iOS Simulator
  * Stop Gradle after apple-ui and retire owned Apple resources
  * Claim apple-wrapper native resource ownership
  * Build unsigned Swift Release wrapper
  * Stop Gradle after apple-wrapper and retire owned Apple resources
  * Inspect complete unsigned iOS Release package
  * Upload Apple verification evidence
  * Clean only attested verification outputs
  * Upload verification cleanup receipt
  * Post Set up JDK 21
  * Post Check out source
- Desktop, Kotlin Native, and Android resources strict verification (Windows x64) (ID 102227368313)
- Common, desktop, and Android release (ID 102227368359)
- Desktop strict verification (Linux arm64) (ID 102227368476)
- Desktop and Kotlin Native strict verification (macOS x64) (ID 102227368894)
Refreshing run status every 90 seconds. Press Ctrl+C to quit.

* fix/local-readiness-2026-09-07 Production verification · 34275491965
Triggered via workflow_dispatch about 49 minutes ago

JOBS
* iOS tests, release frameworks, and Swift wrapper (ID 102227367061)
  ✓ Set up job
  ✓ Check out source
  ✓ Validate verification scope
  ✓ Set up JDK 21
  * Run focused native continuation
  * Upload focused native evidence
  * Verify focused native cleanup and uploaded custody
  * Upload native continuation cleanup receipt
  * Observe hosted native processes without an app build
  * Upload bounded process-probe evidence
  * Verify process-probe cleanup and uploaded custody
  * Upload process-probe cleanup receipt
  * Claim fresh verification output ownership
  * Claim apple-aggregate native resource ownership
  * Record Xcode toolchain and exact source
  * Run iOS simulator tests, Apple static analysis, and release linkage gates
  * Stop Gradle after apple-aggregate and retire owned Apple resources
  * Validate iOS plist and privacy manifest
  * Claim apple-ui native resource ownership
  * Verify effective Debug and Release application identities
  * Launch Swift host and Compose root on iOS Simulator
  * Stop Gradle after apple-ui and retire owned Apple resources
  * Claim apple-wrapper native resource ownership
  * Build unsigned Swift Release wrapper
  * Stop Gradle after apple-wrapper and retire owned Apple resources
  * Inspect complete unsigned iOS Release package
  * Upload Apple verification evidence
  * Clean only attested verification outputs
  * Upload verification cleanup receipt
  * Post Set up JDK 21
  * Post Check out source
- Desktop, Kotlin Native, and Android resources strict verification (Windows x64) (ID 102227368313)
- Common, desktop, and Android release (ID 102227368359)
- Desktop strict verification (Linux arm64) (ID 102227368476)
- Desktop and Kotlin Native strict verification (macOS x64) (ID 102227368894)
X fix/local-readiness-2026-09-07 Production verification · 34275491965
Triggered via workflow_dispatch about 51 minutes ago

JOBS
X iOS tests, release frameworks, and Swift wrapper in 50m32s (ID 102227367061)
  ✓ Set up job
  ✓ Check out source
  ✓ Validate verification scope
  ✓ Set up JDK 21
  X Run focused native continuation
  ✓ Upload focused native evidence
  X Verify focused native cleanup and uploaded custody
  ✓ Upload native continuation cleanup receipt
  - Observe hosted native processes without an app build
  - Upload bounded process-probe evidence
  - Verify process-probe cleanup and uploaded custody
  - Upload process-probe cleanup receipt
  - Claim fresh verification output ownership
  - Claim apple-aggregate native resource ownership
  - Record Xcode toolchain and exact source
  - Run iOS simulator tests, Apple static analysis, and release linkage gates
  - Stop Gradle after apple-aggregate and retire owned Apple resources
  - Validate iOS plist and privacy manifest
  - Claim apple-ui native resource ownership
  - Verify effective Debug and Release application identities
  - Launch Swift host and Compose root on iOS Simulator
  - Stop Gradle after apple-ui and retire owned Apple resources
  - Claim apple-wrapper native resource ownership
  - Build unsigned Swift Release wrapper
  - Stop Gradle after apple-wrapper and retire owned Apple resources
  - Inspect complete unsigned iOS Release package
  - Upload Apple verification evidence
  - Clean only attested verification outputs
  - Upload verification cleanup receipt
  ✓ Post Set up JDK 21
  ✓ Post Check out source
  ✓ Complete job
- Desktop, Kotlin Native, and Android resources strict verification (Windows x64) (ID 102227368313)
- Common, desktop, and Android release (ID 102227368359)
- Desktop strict verification (Linux arm64) (ID 102227368476)
- Desktop and Kotlin Native strict verification (macOS x64) (ID 102227368894)
