test_attested_pair_removed_only_after_workers_stop (test_secondary_fifo.SecondaryFifoSafetyTest) ... ok
test_file_holder_prevents_any_unlink (test_secondary_fifo.SecondaryFifoSafetyTest) ... ok
test_holder_query_error_never_becomes_empty_holder_success (test_secondary_fifo.SecondaryFifoSafetyTest) ... ok
test_inode_uid_mismatch_is_not_owned (test_secondary_fifo.SecondaryFifoSafetyTest) ... ok
test_missing_or_duplicate_flags_rejected (test_secondary_fifo.SecondaryFifoSafetyTest) ... ok
test_missing_unattested_then_late_created_fifo_blocks_cleanup (test_secondary_fifo.SecondaryFifoSafetyTest) ... ok
test_pid_reuse_during_cleanup_preserves_files (test_secondary_fifo.SecondaryFifoSafetyTest) ... ok
test_pid_reuse_during_observation_rejected (test_secondary_fifo.SecondaryFifoSafetyTest) ... ok
test_preexisting_parent_birthtime_rejects_new_fifo (test_secondary_fifo.SecondaryFifoSafetyTest) ... ok
test_process_uid_mismatch_is_not_owned (test_secondary_fifo.SecondaryFifoSafetyTest) ... ok
test_replaced_inode_rejected (test_secondary_fifo.SecondaryFifoSafetyTest) ... ok
test_stale_preexisting_fifo_is_not_owned (test_secondary_fifo.SecondaryFifoSafetyTest) ... ok
test_symlink_fifo_not_followed_or_deleted (test_secondary_fifo.SecondaryFifoSafetyTest) ... ok
test_symlink_parent_not_followed (test_secondary_fifo.SecondaryFifoSafetyTest) ... ok
test_timeout_or_cancellation_cleanup_uses_same_attestation (test_secondary_fifo.SecondaryFifoSafetyTest) ... ok
test_unknown_directory_contents_preserve_all (test_secondary_fifo.SecondaryFifoSafetyTest) ... ok
test_unknown_external_argument_is_rejected (test_secondary_fifo.SecondaryFifoSafetyTest) ... ok
test_unknown_root_contents_preserve_all (test_secondary_fifo.SecondaryFifoSafetyTest) ... ok
test_unowned_child_cannot_attest_from_name_alone (test_secondary_fifo.SecondaryFifoSafetyTest) ... ok
test_failed_build_with_stale_output_stops_and_never_normalizes (test_harness_contract.CopiedPhaseContractTest) ... ok
test_failed_directory_change_never_builds_or_normalizes (test_harness_contract.CopiedPhaseContractTest) ... ok
test_failed_stop_cannot_normalize_or_look_green (test_harness_contract.CopiedPhaseContractTest) ... ok
test_normalization_failure_propagates_after_immediate_stop (test_harness_contract.CopiedPhaseContractTest) ... ok
test_successful_phase_stops_before_normalizing (test_harness_contract.CopiedPhaseContractTest) ... ok
test_changed_boot_identity_cannot_impersonate_restart (test_harness_contract.ReceiptContractTest) ... ok
test_complete_synthetic_schema_is_accepted_not_runtime_evidence (test_harness_contract.ReceiptContractTest) ... ok
test_missing_no_disposal_precondition_is_rejected (test_harness_contract.ReceiptContractTest) ... ok
test_missing_system_restoration_or_wrong_native_direction_fails (test_harness_contract.ReceiptContractTest) ... ok
test_test_summary_with_skip_cannot_pass (test_harness_contract.ReceiptContractTest) ... ok
test_unknown_data_is_not_exported_as_trusted_observation (test_harness_contract.ReceiptContractTest) ... ok
test_executed_failed_xctest_summary_cannot_remain_not_run (test_harness_contract.RuntimeStatusContractTest) ... ok
test_later_evidence_failure_cannot_leave_pass (test_harness_contract.RuntimeStatusContractTest) ... ok
test_preflight_failure_is_still_not_run (test_harness_contract.RuntimeStatusContractTest) ... ok
test_running_is_persisted_before_the_guarded_xcode_call (test_harness_contract.RuntimeStatusContractTest) ... ok
test_diagnostics_are_exact_whitelisted_bounded_and_never_a_fallback_tap (test_harness_contract.SelectorSourceContractTest) ... ok
test_exact_tab_selector_matches_reviewed_pinned_merge_and_actual_resources (test_harness_contract.SelectorSourceContractTest) ... ok
test_actual_os_api_used_not_private_settings_urls_or_global_defaults (test_copy_observation_contract.CopyBoundaryContractTest) ... ok
test_after_build_identity_precedes_owned_copy_deletion_and_gates_pass (test_copy_observation_contract.CopyBoundaryContractTest) ... ok
test_all_actual_source_anchors_apply_only_to_owned_copies (test_copy_observation_contract.CopyBoundaryContractTest) ... ok
test_copy_refuses_unbound_manifest_and_nonempty_destination (test_copy_observation_contract.CopyBoundaryContractTest) ... ok
test_final_copy_attestation_rejects_input_drift_but_not_owned_outputs (test_copy_observation_contract.CopyBoundaryContractTest) ... ok
test_final_copy_attestation_rejects_new_inputs_and_source_symlinks (test_copy_observation_contract.CopyBoundaryContractTest) ... ok
test_missing_or_duplicate_anchor_is_not_a_dynamic_fallback (test_copy_observation_contract.CopyBoundaryContractTest) ... FAIL
test_original_build_outputs_never_enter_copy_only_cleanup_set (test_copy_observation_contract.CopyBoundaryContractTest) ... ok
test_protected_traversal_hidden_generated_and_nonbuild_inputs_are_excluded (test_copy_observation_contract.CopyBoundaryContractTest) ... ok
test_public_setup_selectors_are_source_whitelisted_and_bounded (test_copy_observation_contract.CopyBoundaryContractTest) ... ok
test_a_disposed_session_cannot_be_rebased_to_a_passing_checkpoint (test_copy_observation_contract.DirectObservationReceiptTest) ... ok
test_a_language_command_must_have_its_own_lifecycle_witness (test_copy_observation_contract.DirectObservationReceiptTest) ... ok
test_both_actual_game_phase_schemas_are_exercised_without_runtime_claim (test_copy_observation_contract.DirectObservationReceiptTest) ... ok
test_correct_native_direction_does_not_replace_direct_compose_observation (test_copy_observation_contract.DirectObservationReceiptTest) ... ok
test_equal_value_cannot_hide_a_replaced_controller_or_flow_or_state_reference (test_copy_observation_contract.DirectObservationReceiptTest) ... ok
test_explicit_language_cannot_pass_when_locale_and_direction_both_stay_stale (test_copy_observation_contract.DirectObservationReceiptTest) ... ok
test_failed_and_cancelled_synthetic_commands_are_not_success (test_copy_observation_contract.DirectObservationReceiptTest) ... ok
test_kotlin_observation_cannot_run_before_original_app_initialization (test_copy_observation_contract.DirectObservationReceiptTest) ... ok
test_missing_os_language_ui_is_blocked_never_pass_or_not_applicable (test_copy_observation_contract.DirectObservationReceiptTest) ... ok
test_os_gate_requires_an_accepted_public_settings_url_invocation (test_copy_observation_contract.DirectObservationReceiptTest) ... ok
test_os_owned_preference_requires_restoration_and_restart (test_copy_observation_contract.DirectObservationReceiptTest) ... ok
test_private_or_unknown_data_is_rejected (test_copy_observation_contract.DirectObservationReceiptTest) ... ok
test_process_recreation_is_not_same_process_continuity (test_copy_observation_contract.DirectObservationReceiptTest) ... ok
test_root_controller_count_and_locale_do_not_prove_session_retention (test_copy_observation_contract.DirectObservationReceiptTest) ... ok
test_system_cannot_accept_a_plausible_but_replaced_os_preference (test_copy_observation_contract.DirectObservationReceiptTest) ... ok
test_valid_synthetic_settings_direction_receipt_is_only_a_schema_check (test_copy_observation_contract.DirectObservationReceiptTest) ... ok

======================================================================
FAIL: test_missing_or_duplicate_anchor_is_not_a_dynamic_fallback (test_copy_observation_contract.CopyBoundaryContractTest)
----------------------------------------------------------------------
Traceback (most recent call last):
  File "/Users/abdelrahman/Projects/parlor/remediation-runs/2026-09-06-approved-policy-completion/native/dsc01_apphost_v3/test_copy_observation_contract.py", line 243, in test_missing_or_duplicate_anchor_is_not_a_dynamic_fallback
    with self.assertRaises(RuntimeError): copies.replace_once(text, 'anchor', 'changed')
AssertionError: RuntimeError not raised

----------------------------------------------------------------------
Ran 62 tests in 4.812s

FAILED (failures=1)
