Monitoring boot status for Parlor-Audit-parlor-audit-ios-readiness-19-93fjrjgh (2BE2D866-E8C8-42E6-B5EC-22D6789EECDA).
[2026-09-08 15:30:47 +0000] Status=2, isTerminal=NO, Elapsed=01:13.
	Waiting on Data Migration
		Reason:Running plugin com.apple.-0LaunchServicesMigrator (00LaunchServicesMigrator.migrator, user-agnostic)
		Migration Elapsed:01:05 seconds

[2026-09-08 15:30:48 +0000] Status=2, isTerminal=NO, Elapsed=01:14.
	Waiting on Data Migration
		Reason:Running plugin com.apple.-0LaunchServicesMigrator (00LaunchServicesMigrator.migrator, user-agnostic)
		Migration Elapsed:01:06 seconds

[2026-09-08 15:30:53 +0000] Status=2, isTerminal=NO, Elapsed=01:19.
	Waiting on Data Migration
		Reason:Running plugin com.apple.securityd.KeychainMigrator (KeychainMigrator.migrator, user-agnostic)
		Migration Elapsed:01:07 seconds

[2026-09-08 15:30:57 +0000] Status=2, isTerminal=NO, Elapsed=01:23.
	Waiting on Data Migration
		Reason:Running plugin com.apple.MobileSafari.migrator (MobileSafari.migrator)
		Migration Elapsed:01:11 seconds

[2026-09-08 15:30:58 +0000] Status=4, isTerminal=NO, Elapsed=01:24.
	Waiting on System App

[2026-09-08 15:31:01 +0000] Status=4, isTerminal=NO, Elapsed=01:27.
	Waiting on System App

[2026-09-08 15:31:04 +0000] Status=4, isTerminal=NO, Elapsed=01:30.
	Waiting on System App

[2026-09-08 15:31:05 +0000] Status=4, isTerminal=NO, Elapsed=01:31.
	Waiting on System App

[2026-09-08 15:31:06 +0000] Status=4, isTerminal=NO, Elapsed=01:33.
	Waiting on System App

[2026-09-08 15:31:08 +0000] Status=4, isTerminal=NO, Elapsed=01:34.
	Waiting on System App

[2026-09-08 15:31:15 +0000] Status=4294967295, isTerminal=YES, Elapsed=01:41.
	Finished

