{"controls_before": {"assemble_continuation_evidence.py": "deef1d5962695790d987d03321a1fbd7d15a86df4eb4825d7b38eac56a745bf8", "record_final_observation_v2.py": "f5dabf6f162f4b4e359e928a5b371a6f42e1e1420c1c357b738707fc1753533d"}}
{
  "status": "PASS",
  "source_manifest_sha256": "e59da533dbec2f02f6f2b460ce72e2a7337af1e44abfb0bc6d533304d4127ec7",
  "completion": {
    "numerator": 14,
    "denominator": 16,
    "percentage": 87.5,
    "counts": {
      "FIXED AND VERIFIED": 14,
      "PARTIALLY VERIFIED": 1,
      "BLOCKED": 1
    },
    "not_a_readiness_or_github_closure_percentage": true
  },
  "created": [
    {
      "path": "remediation-runs/2026-09-05-confirmed-fixes/final/REPORT-CONTINUATION.md",
      "sha256": "a3359c488364141d326964a13427e558f5d7fc6e00f190d54effa9e805a34b8f"
    },
    {
      "path": "remediation-runs/2026-09-05-confirmed-fixes/final/issues-continued.json",
      "sha256": "fcdf977fcdf9d1be7693142aab2152ae713ba9cfecc1ee02b1d1cfc832324c10"
    },
    {
      "path": "remediation-runs/2026-09-05-confirmed-fixes/final/gates-continued.json",
      "sha256": "92f64cb19df9e802e996eb22ef4e1a3f6e3f02591f751f92c431fa0b90ea10a9"
    },
    {
      "path": "remediation-runs/2026-09-05-confirmed-fixes/final/continuation-evidence.json",
      "sha256": "c8b8f844b7666e7a159c9c99dc93984310f336f9168dd91b231bc556bc343d2b"
    }
  ]
}
{"controls_after": {"assemble_continuation_evidence.py": "deef1d5962695790d987d03321a1fbd7d15a86df4eb4825d7b38eac56a745bf8", "record_final_observation_v2.py": "f5dabf6f162f4b4e359e928a5b371a6f42e1e1420c1c357b738707fc1753533d"}, "unchanged": true}
