Monitoring boot status for Parlor-Audit-parlor-audit-dsc01-apphost-01-zbq7j_1u (6EDE37DE-E0B6-44B6-87B5-3CE2DE096C10).
[2026-09-06 08:22:06 +0000] Status=1, isTerminal=NO, Elapsed=00:02.
	Waiting on BackBoard

[2026-09-06 08:22:07 +0000] Status=2, isTerminal=NO, Elapsed=00:02.
	Waiting on Data Migration
		Reason:Gathering plugins
		Migration Elapsed:00:00 seconds

[2026-09-06 08:22:07 +0000] Status=2, isTerminal=NO, Elapsed=00:02.
	Waiting on Data Migration
		Reason:Gathering plugins
		Migration Elapsed:00:00 seconds

[2026-09-06 08:22:08 +0000] Status=2, isTerminal=NO, Elapsed=00:03.
	Waiting on Data Migration
		Reason:Running plugin com.apple.-0LaunchServicesMigrator (00LaunchServicesMigrator.migrator, user-agnostic)
		Migration Elapsed:00:01 seconds

[2026-09-06 08:22:09 +0000] Status=2, isTerminal=NO, Elapsed=00:04.
	Waiting on Data Migration
		Reason:Running plugin com.apple.-0LaunchServicesMigrator (00LaunchServicesMigrator.migrator, user-agnostic)
		Migration Elapsed:00:02 seconds

[2026-09-06 08:22:10 +0000] Status=2, isTerminal=NO, Elapsed=00:05.
	Waiting on Data Migration
		Reason:Running plugin com.apple.-0LaunchServicesMigrator (00LaunchServicesMigrator.migrator, user-agnostic)
		Migration Elapsed:00:03 seconds

[2026-09-06 08:22:11 +0000] Status=2, isTerminal=NO, Elapsed=00:06.
	Waiting on Data Migration
		Reason:Running plugin com.apple.-0LaunchServicesMigrator (00LaunchServicesMigrator.migrator, user-agnostic)
		Migration Elapsed:00:04 seconds

[2026-09-06 08:22:12 +0000] Status=2, isTerminal=NO, Elapsed=00:07.
	Waiting on Data Migration
		Reason:Running plugin com.apple.-0LaunchServicesMigrator (00LaunchServicesMigrator.migrator, user-agnostic)
		Migration Elapsed:00:05 seconds

[2026-09-06 08:22:13 +0000] Status=2, isTerminal=NO, Elapsed=00:08.
	Waiting on Data Migration
		Reason:Running plugin com.apple.-0LaunchServicesMigrator (00LaunchServicesMigrator.migrator, user-agnostic)
		Migration Elapsed:00:06 seconds

[2026-09-06 08:22:14 +0000] Status=2, isTerminal=NO, Elapsed=00:09.
	Waiting on Data Migration
		Reason:Running plugin com.apple.-0LaunchServicesMigrator (00LaunchServicesMigrator.migrator, user-agnostic)
		Migration Elapsed:00:07 seconds

[2026-09-06 08:22:15 +0000] Status=2, isTerminal=NO, Elapsed=00:10.
	Waiting on Data Migration
		Reason:Running plugin com.apple.-0LaunchServicesMigrator (00LaunchServicesMigrator.migrator, user-agnostic)
		Migration Elapsed:00:08 seconds

[2026-09-06 08:22:16 +0000] Status=2, isTerminal=NO, Elapsed=00:11.
	Waiting on Data Migration
		Reason:Running plugin com.apple.-0LaunchServicesMigrator (00LaunchServicesMigrator.migrator, user-agnostic)
		Migration Elapsed:00:09 seconds

[2026-09-06 08:22:17 +0000] Status=2, isTerminal=NO, Elapsed=00:12.
	Waiting on Data Migration
		Reason:Running plugin com.apple.-0LaunchServicesMigrator (00LaunchServicesMigrator.migrator, user-agnostic)
		Migration Elapsed:00:10 seconds

[2026-09-06 08:22:18 +0000] Status=2, isTerminal=NO, Elapsed=00:13.
	Waiting on Data Migration
		Reason:Running plugin com.apple.-0LaunchServicesMigrator (00LaunchServicesMigrator.migrator, user-agnostic)
		Migration Elapsed:00:11 seconds

[2026-09-06 08:22:19 +0000] Status=2, isTerminal=NO, Elapsed=00:14.
	Waiting on Data Migration
		Reason:Running plugin com.apple.-0LaunchServicesMigrator (00LaunchServicesMigrator.migrator, user-agnostic)
		Migration Elapsed:00:12 seconds

[2026-09-06 08:22:20 +0000] Status=2, isTerminal=NO, Elapsed=00:15.
	Waiting on Data Migration
		Reason:Running plugin com.apple.-0LaunchServicesMigrator (00LaunchServicesMigrator.migrator, user-agnostic)
		Migration Elapsed:00:13 seconds

[2026-09-06 08:22:21 +0000] Status=2, isTerminal=NO, Elapsed=00:16.
	Waiting on Data Migration
		Reason:Running plugin com.apple.-0LaunchServicesMigrator (00LaunchServicesMigrator.migrator, user-agnostic)
		Migration Elapsed:00:14 seconds

[2026-09-06 08:22:22 +0000] Status=2, isTerminal=NO, Elapsed=00:17.
	Waiting on Data Migration
		Reason:Running plugin com.apple.-0LaunchServicesMigrator (00LaunchServicesMigrator.migrator, user-agnostic)
		Migration Elapsed:00:15 seconds

[2026-09-06 08:22:23 +0000] Status=2, isTerminal=NO, Elapsed=00:19.
	Waiting on Data Migration
		Reason:Running plugin com.apple.MobileSafari.migrator (MobileSafari.migrator)
		Migration Elapsed:00:16 seconds

[2026-09-06 08:22:24 +0000] Status=4, isTerminal=NO, Elapsed=00:19.
	Waiting on System App

[2026-09-06 08:22:25 +0000] Status=4, isTerminal=NO, Elapsed=00:20.
	Waiting on System App

[2026-09-06 08:22:26 +0000] Status=4, isTerminal=NO, Elapsed=00:21.
	Waiting on System App

[2026-09-06 08:22:27 +0000] Status=4, isTerminal=NO, Elapsed=00:23.
	Waiting on System App

[2026-09-06 08:22:28 +0000] Status=4294967295, isTerminal=YES, Elapsed=00:24.
	Finished

