test_apphost_unsuccessful_stop_stage_and_secondary_cleanup_fail (test_final_observation_v2.CleanupVerdictTest) ... ok
test_every_apphost_cleanup_proof_required (test_final_observation_v2.CleanupVerdictTest) ... ok
test_exact_legacy_identity_preserves_gap_without_inventing_workers (test_final_observation_v2.CleanupVerdictTest) ... ok
test_failed_apphost_runtime_can_have_complete_cleanup (test_final_observation_v2.CleanupVerdictTest) ... ok
test_failed_test_does_not_mean_failed_cleanup (test_final_observation_v2.CleanupVerdictTest) ... ok
test_native_cycle_requires_associated_receipt (test_final_observation_v2.CleanupVerdictTest) ... ok
test_native_errors_device_or_workers_fail (test_final_observation_v2.CleanupVerdictTest) ... ok
test_nonzero_or_missing_stop_rejected (test_final_observation_v2.CleanupVerdictTest) ... ok
test_running_cycle_is_not_complete (test_final_observation_v2.CleanupVerdictTest) ... ok
test_successful_test_with_failed_cleanup_never_passes (test_final_observation_v2.CleanupVerdictTest) ... ok
test_survivors_retained_outputs_and_missing_fields_rejected (test_final_observation_v2.CleanupVerdictTest) ... ok
test_current_unclassified_workers_block_cleanup_without_signals (test_final_observation_v2.EvidencePathTest) ... ok
test_dotdot_and_outside_boundary_rejected (test_final_observation_v2.EvidencePathTest) ... ok
test_parent_alias_rejected_before_lane_identity_reads_source (test_final_observation_v2.EvidencePathTest) ... ok
test_regular_file_allowed_and_symlink_leaf_rejected (test_final_observation_v2.EvidencePathTest) ... ok
test_safe_inventory_precedes_source_identity (test_final_observation_v2.EvidencePathTest) ... ok
test_symlink_parent_rejected_before_reading (test_final_observation_v2.EvidencePathTest) ... ok

----------------------------------------------------------------------
Ran 17 tests in 0.003s

OK
