$ git rev-parse HEAD
d3c0df9ccba51463708728c3c618d3652e76aafa
$ git rev-parse HEAD^{tree}
3169657a10279eb2bfad6c59a60a5054c6092b61
$ git rev-parse HEAD^
2c914e2340fcbee9e715bd258ff6a3ec7410196b
$ git branch --show-current
fix/local-readiness-2026-09-07
$ git diff-tree --no-commit-id --name-only -r HEAD
docs/review/INDEPENDENT_REVIEW_INVENTORY.csv
$ git status --porcelain=v1 --untracked-files=no
$ python3 -B scripts/generate_review_inventory.py --check
Verified freshness of 32670 inventory rows in docs/review/INDEPENDENT_REVIEW_INVENTORY.csv; source review not attested
$ git ls-remote origin refs/heads/fix/local-readiness-2026-09-07
d3c0df9ccba51463708728c3c618d3652e76aafa	refs/heads/fix/local-readiness-2026-09-07
$ python3 -B /root/projects/Parlor/parlor/remediation-runs/2026-09-08-continuation/protection-diagnostic-01/run_probe.py controls
{
  "files": [
    {
      "path": ".github/workflows/production-verification.yml",
      "sha256": "d8868fdd407c0513fe4205b67b205af510c74b267e8ee83a1efac0b0f8fede94"
    },
    {
      "path": "composeApp/src/iosMain/kotlin/com/parlor/app/storage/IosSnapshotFileSystem.kt",
      "sha256": "c2852fafb293a693be830171f4674947289fafb07f8ecdbafa5c0aaae6d1bf8b"
    },
    {
      "path": "gradle/wrapper/gradle-wrapper.jar",
      "sha256": "81a82aaea5abcc8ff68b3dfcb58b3c3c429378efd98e7433460610fecd7ae45f"
    },
    {
      "path": "gradle/wrapper/gradle-wrapper.properties",
      "sha256": "c040b6ef2fb893ff5beea5a281614f2848f1c3996a7886f650b713f8240656a2"
    },
    {
      "path": "gradlew",
      "sha256": "734b3879d3501dce471cf0522d3bcbafe76873d9fc5129345b67fb43bd15e933"
    },
    {
      "path": "remediation-runs/2026-09-08-continuation/protection-application-01/application_receipts.py",
      "sha256": "1f58e81f8b3775a59fd762fe0797e0045da4a6e6214e7451273e8513a83668b8"
    },
    {
      "path": "remediation-runs/2026-09-08-continuation/protection-diagnostic-01/HostRead.m.in",
      "sha256": "620c45af984abe640f288d6f41707e2e26d845620fb3ebc44f90e44de02fc9d7"
    },
    {
      "path": "remediation-runs/2026-09-08-continuation/protection-diagnostic-01/HostSet.m.in",
      "sha256": "c67763f432bd2d7869bf661f78507ff93681735692c570b84c51dd885c6d5177"
    },
    {
      "path": "remediation-runs/2026-09-08-continuation/protection-diagnostic-01/ProbeMain.m",
      "sha256": "b34d909120fcb5eb9d039b67694fe18537ad2de0f6d4bc758a72da525c467bfd"
    },
    {
      "path": "remediation-runs/2026-09-08-continuation/protection-diagnostic-01/ProtectionSampler.h",
      "sha256": "f606f61c7e8c2271cd23abb3876d1b6e0daff40ccdcd9d0f43b949d4d502bb13"
    },
    {
      "path": "remediation-runs/2026-09-08-continuation/protection-diagnostic-01/ProtectionSampler.m",
      "sha256": "3f4f49af81d396a07beabeed45be649314495fd286327baa931aa5eb2dcca137"
    },
    {
      "path": "remediation-runs/2026-09-08-continuation/protection-diagnostic-01/README.md",
      "sha256": "334289ec3441fddf90697279608e40dfacbe433371ae68d7f008b230231868ac"
    },
    {
      "path": "remediation-runs/2026-09-08-continuation/protection-diagnostic-01/host_sampler.py",
      "sha256": "d648e924fffdd10fed867a9cb8203d1399b87ae609b5578e9d4531306b5b7a01"
    },
    {
      "path": "remediation-runs/2026-09-08-continuation/protection-diagnostic-01/run_probe.py",
      "sha256": "8a6d8526a119c95ee22b85047e6029cfec3dd9db74af5cc4ef674a5c087de35f"
    },
    {
      "path": "remediation-runs/2026-09-08-continuation/protection-diagnostic-01/test_host_sampler.py",
      "sha256": "2944170b68cc8f81cb1da306bd0e01a19107e7e512710301fdbd61d5a585d018"
    },
    {
      "path": "remediation-runs/2026-09-08-continuation/protection-diagnostic-01/test_probe.py",
      "sha256": "f092d43011ea237cedc88a676d6571f6381399f8e6f11c7bc9d643aeaa3b05fa"
    },
    {
      "path": "scripts/ci/native_continuation.py",
      "sha256": "0b2c0fec310afd88810b84fcc4836ec72c0a07f0ff55f495f876dd92e2f231b3"
    },
    {
      "path": "scripts/ci/native_process_probe.py",
      "sha256": "f6e31687332680e5e41af99d7bb05ce34898993186386f720a885de379fd7681"
    },
    {
      "path": "scripts/ci/owned_ci_simulator.py",
      "sha256": "717c8c02dc06e4eac175c5dde5c7f9bdd6ebbd5e7028cc94c6ba4f84b44388af"
    },
    {
      "path": "scripts/ci/verification_hygiene.py",
      "sha256": "db1ceebf56ab3c10f9bb52dba12b8b7e77b9aedd97c6113b53c59a7267022fbc"
    }
  ],
  "control_sha256": "7eb9d79918db8fc499be2af150989aaeb795fa3d744008b5de6299219e13c461"
}
$ ./gradlew --stop
No Gradle daemons are running.
