test_changed_nonce_is_not_adopted (test_native09_secondary_fifo_recovery_03.ExactRecoveryTests) ... ok
test_exact_positive_removes_four_objects_and_preserves_sibling (test_native09_secondary_fifo_recovery_03.ExactRecoveryTests) ... ok
test_extra_hard_link_is_rejected (test_native09_secondary_fifo_recovery_03.ExactRecoveryTests) ... ok
test_holder_or_query_failure_blocks_all_mutation (test_native09_secondary_fifo_recovery_03.ExactRecoveryTests) ... ok
test_live_or_reused_pid_blocks_all_mutation (test_native09_secondary_fifo_recovery_03.ExactRecoveryTests) ... ok
test_new_unknown_content_during_query_blocks_before_first_unlink (test_native09_secondary_fifo_recovery_03.ExactRecoveryTests) ... ok
test_non_fifo_is_preserved (test_native09_secondary_fifo_recovery_03.ExactRecoveryTests) ... ok
test_partial_failure_keeps_remaining_objects_and_progress_receipt (test_native09_secondary_fifo_recovery_03.ExactRecoveryTests) ... ok
test_replaced_leaf_inode_is_preserved (test_native09_secondary_fifo_recovery_03.ExactRecoveryTests) ... ok
test_replaced_parent_inode_is_preserved (test_native09_secondary_fifo_recovery_03.ExactRecoveryTests) ... ok
test_symlink_leaf_is_not_followed (test_native09_secondary_fifo_recovery_03.ExactRecoveryTests) ... ok
test_symlink_parent_is_not_followed (test_native09_secondary_fifo_recovery_03.ExactRecoveryTests) ... ok
test_uid_and_birth_mismatch_are_rejected (test_native09_secondary_fifo_recovery_03.ExactRecoveryTests) ... ok
test_unknown_contents_preserve_all (test_native09_secondary_fifo_recovery_03.ExactRecoveryTests) ... ok
test_verification_does_not_delete (test_native09_secondary_fifo_recovery_03.ExactRecoveryTests) ... ok
test_exact_lsof_partial_selection_keeps_all_reported_pids (test_native09_secondary_fifo_recovery_03.QueryControlTests) ... ok
test_exact_lsof_still_rejects_errors_stderr_malformed_or_oversized_output (test_native09_secondary_fifo_recovery_03.QueryControlTests) ... ok
test_holder_exemption_is_only_this_helpers_directory_fds (test_native09_secondary_fifo_recovery_03.QueryControlTests) ... ok
test_holder_query_constructs_exact_warning_enabled_command (test_native09_secondary_fifo_recovery_03.QueryControlTests) ... ok
test_lsof_partial_selection_cannot_hide_another_holder (test_native09_secondary_fifo_recovery_03.QueryControlTests) ... ok
test_lsof_partial_selection_with_only_helpers_dirfds_is_accepted (test_native09_secondary_fifo_recovery_03.QueryControlTests) ... ok
test_pid_check_never_accepts_reused_id (test_native09_secondary_fifo_recovery_03.QueryControlTests) ... ok
test_plan_hash_failure_never_reads_or_mutates_recovery_paths (test_native09_secondary_fifo_recovery_03.QueryControlTests) ... ok
test_ps_and_other_lsof_targets_keep_strict_exit_output_contract (test_native09_secondary_fifo_recovery_03.QueryControlTests) ... ok
test_query_requires_exact_empty_exit_and_bounded_integer_output (test_native09_secondary_fifo_recovery_03.QueryControlTests) ... ok
test_relaxed_lsof_contract_rejects_suppressed_missing_or_misordered_warning_flags (test_native09_secondary_fifo_recovery_03.QueryControlTests) ... ok
test_warning_stderr_is_fatal_regardless_of_exit_or_reported_pids (test_native09_secondary_fifo_recovery_03.QueryControlTests) ... ok

----------------------------------------------------------------------
Ran 27 tests in 0.033s

OK
