Command line invocation:
    /Applications/Xcode_26.3.app/Contents/Developer/usr/bin/xcodebuild -project /private/var/folders/bl/vzjcvbz95c3dk19cb0fw46180000gn/T/parlor-audit-ios-readiness-39-39q12mj2/copy/iosApp/iosApp.xcodeproj -scheme iosApp -configuration Debug -sdk iphonesimulator26.2 -destination id=4FCD3233-375A-4F0C-B150-472D06369290 -derivedDataPath /private/var/folders/bl/vzjcvbz95c3dk19cb0fw46180000gn/T/parlor-audit-ios-readiness-39-39q12mj2/DerivedData -resultBundlePath /private/var/folders/bl/vzjcvbz95c3dk19cb0fw46180000gn/T/parlor-audit-ios-readiness-39-39q12mj2/bootstrap.xcresult "-only-testing:iosAppUITests/IOSAppLaunchUITests/testDSC01OSPublicBootstrap" -parallel-testing-enabled NO -maximum-concurrent-test-simulator-destinations 1 -disable-concurrent-destination-testing -jobs 1 -test-timeouts-enabled YES -default-test-execution-time-allowance 300 -maximum-test-execution-time-allowance 420 CODE_SIGNING_ALLOWED=YES CODE_SIGNING_REQUIRED=YES CODE_SIGN_IDENTITY=- CODE_SIGN_STYLE=Manual DEVELOPMENT_TEAM= PROVISIONING_PROFILE= PROVISIONING_PROFILE_SPECIFIER= CODE_SIGN_ENTITLEMENTS= OTHER_CODE_SIGN_FLAGS= ONLY_ACTIVE_ARCH=YES COMPILER_INDEX_STORE_ENABLE=NO test-without-building

Build settings from command line:
    CODE_SIGN_ENTITLEMENTS = 
    CODE_SIGN_IDENTITY = -
    CODE_SIGN_STYLE = Manual
    CODE_SIGNING_ALLOWED = YES
    CODE_SIGNING_REQUIRED = YES
    COMPILER_INDEX_STORE_ENABLE = NO
    DEVELOPMENT_TEAM = 
    ONLY_ACTIVE_ARCH = YES
    OTHER_CODE_SIGN_FLAGS = 
    PROVISIONING_PROFILE = 
    PROVISIONING_PROFILE_SPECIFIER = 
    SDKROOT = iphonesimulator26.2

Writing result bundle at path:
	/private/var/folders/bl/vzjcvbz95c3dk19cb0fw46180000gn/T/parlor-audit-ios-readiness-39-39q12mj2/bootstrap.xcresult

--- xcodebuild: WARNING: Using the first of multiple matching destinations:
{ platform:iOS Simulator, arch:arm64, id:4FCD3233-375A-4F0C-B150-472D06369290, OS:26.2, name:Parlor-Audit-parlor-audit-ios-readiness-39-39q12mj2 }
{ platform:iOS Simulator, arch:x86_64, id:4FCD3233-375A-4F0C-B150-472D06369290, OS:26.2, name:Parlor-Audit-parlor-audit-ios-readiness-39-39q12mj2 }
2026-09-10 09:25:38.864346+0000 iosAppUITests-Runner[66517:196762] [Default] Running tests...
    t =      nans Interface orientation changed to Portrait
Test Suite 'Selected tests' started at 2026-09-10 09:25:42.470.
Test Suite 'iosAppUITests.xctest' started at 2026-09-10 09:25:42.471.
Test Suite 'IOSAppLaunchUITests' started at 2026-09-10 09:25:42.471.
Test Case '-[iosAppUITests.IOSAppLaunchUITests testDSC01OSPublicBootstrap]' started.
    t =     0.00s Start Test at 2026-09-10 09:25:42.472
    t =     0.36s Set Up
    t =     0.37s Setting device orientation to Portrait
    t =     0.39s     Device orientation changed to Portrait
    t =     0.41s     Wait for com.apple.springboard to idle
PARLOR_OS_RECOVERY_STAGE {"runToken":"3BBDF0C4-53B8-4935-A4AC-0C8A30CC5159","schemaVersion":1,"simulator":"4FCD3233-375A-4F0C-B150-472D06369290","stage":"bootstrap"}
DSC01_OS_PREREQUISITE_DECISION_CONTRACT {"schemaVersion":1,"cases":24,"passed":true}
DSC01_OS_PREREQUISITE {"fields":{"debugSimulatorBuild":true,"ownedSyntheticDeviceName":true,"sameExpectedSimulator":true},"ordinal":1,"schemaVersion":1,"stage":"ownership","status":"PASS"}
    t =     0.48s Terminate com.parlor.app.debug:0
    t =     0.48s Wait for com.parlor.app.debug to become Not Running
    t =     0.49s Open com.apple.Preferences
    t =     0.49s     Launch com.apple.Preferences
    t =     0.91s         Setting up automation session
    t =     2.27s         Wait for com.apple.Preferences to idle
    t =     5.34s Find the Application 'com.apple.Preferences'
    t =     5.54s Get number of matches for: Descendants matching type Alert
    t =     5.59s Get number of matches for: Descendants matching type Sheet
    t =     5.62s Checking existence of `Keyboard (First Match)`
    t =     5.69s Get number of matches for: Elements matching predicate '"Settings" IN identifiers'
    t =     5.77s Get number of matches for: Elements matching predicate '"General" IN identifiers'
    t =     5.81s Get number of matches for: Elements matching predicate '"Language & Region" IN identifiers'
    t =     5.86s Get number of matches for: Elements matching predicate '"Add Language" IN identifiers'
    t =     5.90s Get number of matches for: Elements matching predicate '"iPhone Language" IN identifiers'
DSC01_OS_PREREQUISITE {"fields":{"alertCountCapped16":0,"foreground":true,"keyboardPresent":false,"knownNavigationTitles":[{"countCapped16":1,"knownTitle":"Settings"},{"countCapped16":0,"knownTitle":"General"},{"countCapped16":0,"knownTitle":"Language & Region"},{"countCapped16":0,"knownTitle":"Add Language"},{"countCapped16":0,"knownTitle":"iPhone Language"}],"sheetCountCapped16":0,"viewport":{"present":true,"rectangle":[0,0,402,874],"validFiniteRectangle":true}},"ordinal":2,"schemaVersion":1,"stage":"settingsRoot","status":"observe"}
    t =     5.94s Waiting 15.0s for "Settings" NavigationBar to exist
    t =     7.04s     Checking `Expect predicate `existsNoRetry == 1` for object "Settings" NavigationBar`
    t =     7.04s         Checking existence of `"Settings" NavigationBar`
    t =     7.06s Find the Application 'com.apple.Preferences'
    t =     7.09s Get number of matches for: Descendants matching type Alert
    t =     7.13s Get number of matches for: Descendants matching type Sheet
    t =     7.16s Checking existence of `Keyboard (First Match)`
    t =     7.27s Get number of matches for: Elements matching predicate '"Settings" IN identifiers'
    t =     7.32s Get number of matches for: Elements matching predicate '"General" IN identifiers'
    t =     7.35s Get number of matches for: Elements matching predicate '"Language & Region" IN identifiers'
    t =     7.39s Get number of matches for: Elements matching predicate '"Add Language" IN identifiers'
    t =     7.43s Get number of matches for: Elements matching predicate '"iPhone Language" IN identifiers'
    t =     7.47s Get number of matches for: Elements matching predicate '"Settings" IN identifiers'
    t =     7.51s Get number of matches for: Descendants matching type Alert
DSC01_OS_PREREQUISITE {"fields":{"alertCountCapped16":0,"foreground":true,"keyboardPresent":false,"knownNavigationTitles":[{"countCapped16":1,"knownTitle":"Settings"},{"countCapped16":0,"knownTitle":"General"},{"countCapped16":0,"knownTitle":"Language & Region"},{"countCapped16":0,"knownTitle":"Add Language"},{"countCapped16":0,"knownTitle":"iPhone Language"}],"sheetCountCapped16":0,"viewport":{"present":true,"rectangle":[0,0,402,874],"validFiniteRectangle":true}},"ordinal":3,"schemaVersion":1,"stage":"settingsRoot","status":"PASS"}
    t =     7.58s Find the Application 'com.apple.Preferences'
    t =     7.61s Get number of matches for: Descendants matching type Alert
    t =     7.65s Get number of matches for: Descendants matching type Sheet
    t =     7.68s Checking existence of `Keyboard (First Match)`
    t =     7.74s Get number of matches for: Elements matching predicate '"Settings" IN identifiers'
    t =     7.79s Get number of matches for: Elements matching predicate '"General" IN identifiers'
    t =     7.82s Get number of matches for: Elements matching predicate '"Language & Region" IN identifiers'
    t =     7.86s Get number of matches for: Elements matching predicate '"Add Language" IN identifiers'
    t =     7.90s Get number of matches for: Elements matching predicate '"iPhone Language" IN identifiers'
    t =     7.93s Get number of matches for: Elements containing elements matching predicate 'label IN {"General"}'
    t =     7.97s Get all elements bound by index for: Elements containing elements matching predicate 'label IN {"General"}'
    t =     8.00s Find the Cell (Element at index 0)
    t =     8.05s Find the Cell at {{16.0, 293.3}, {370.0, 52.0}}
    t =     8.09s Find the Cell
    t =     8.13s Get number of matches for: Elements matching predicate 'label IN {"General"}'
    t =     8.16s Get all elements bound by index for: Elements matching predicate 'label IN {"General"}'
    t =     8.20s Find the Button (Element at index 0)
    t =     8.24s Find the "com.apple.settings.general" Button
    t =     8.27s Find the "com.apple.settings.general" Button
    t =     8.31s Get number of matches for: Elements matching predicate 'label IN {"General"}'
    t =     8.35s Get all elements bound by index for: Elements matching predicate 'label IN {"General"}'
    t =     8.38s Find the StaticText (Element at index 0)
    t =     8.42s Find the "General" StaticText
    t =     8.46s Find the "General" StaticText
DSC01_OS_PREREQUISITE {"fields":{"alertCountCapped16":0,"attempt":1,"foreground":true,"keyboardPresent":false,"knownControl":"general","knownNavigationTitles":[{"countCapped16":1,"knownTitle":"Settings"},{"countCapped16":0,"knownTitle":"General"},{"countCapped16":0,"knownTitle":"Language & Region"},{"countCapped16":0,"knownTitle":"Add Language"},{"countCapped16":0,"knownTitle":"iPhone Language"}],"selectorClasses":[{"atMostTwo":[{"enabled":true,"frame":{"present":true,"rectangle":[16,293.33333333333331,370,52],"validFiniteRectangle":true},"hittable":true}],"countCapped16":1,"kind":"cell-containing-known-text"},{"atMostTwo":[{"enabled":true,"frame":{"present":true,"rectangle":[16,293.33333333333331,370,52],"validFiniteRectangle":true},"hittable":true}],"countCapped16":1,"kind":"known-button"},{"atMostTwo":[{"enabled":true,"frame":{"present":true,"rectangle":[29.666666030883789,305,101.66666412353516,29],"validFiniteRectangle":true},"hittable":true}],"countCapped16":1,"kind":"known-text"}],"sheetCountCapped16":0,"viewport":{"present":true,"rectangle":[0,0,402,874],"validFiniteRectangle":true}},"ordinal":4,"schemaVersion":1,"stage":"general","status":"observe"}
    t =     8.51s Get number of matches for: Descendants matching type Alert
    t =     8.54s Get number of matches for: Elements containing elements matching predicate 'label IN {"General"}'
    t =     8.58s Find the Cell (First Match)
    t =     8.61s Find the Cell at {{16.0, 293.3}, {370.0, 52.0}}
    t =     8.63s Find the Cell
    t =     8.65s Find the Application 'com.apple.Preferences'
    t =     8.68s Get number of matches for: Descendants matching type Alert
    t =     8.71s Get number of matches for: Descendants matching type Sheet
    t =     8.74s Checking existence of `Keyboard (First Match)`
    t =     8.80s Get number of matches for: Elements matching predicate '"Settings" IN identifiers'
    t =     8.83s Get number of matches for: Elements matching predicate '"General" IN identifiers'
    t =     8.86s Get number of matches for: Elements matching predicate '"Language & Region" IN identifiers'
    t =     8.90s Get number of matches for: Elements matching predicate '"Add Language" IN identifiers'
    t =     8.93s Get number of matches for: Elements matching predicate '"iPhone Language" IN identifiers'
    t =     8.96s Get number of matches for: Elements containing elements matching predicate 'label IN {"General"}'
    t =     9.00s Get all elements bound by index for: Elements containing elements matching predicate 'label IN {"General"}'
    t =     9.03s Find the Cell (Element at index 0)
    t =     9.07s Find the Cell at {{16.0, 293.3}, {370.0, 52.0}}
    t =     9.11s Find the Cell
    t =     9.15s Get number of matches for: Elements matching predicate 'label IN {"General"}'
    t =     9.18s Get all elements bound by index for: Elements matching predicate 'label IN {"General"}'
    t =     9.21s Find the Button (Element at index 0)
    t =     9.25s Find the "com.apple.settings.general" Button
    t =     9.29s Find the "com.apple.settings.general" Button
    t =     9.32s Get number of matches for: Elements matching predicate 'label IN {"General"}'
    t =     9.36s Get all elements bound by index for: Elements matching predicate 'label IN {"General"}'
    t =     9.39s Find the StaticText (Element at index 0)
    t =     9.43s Find the "General" StaticText
    t =     9.47s Find the "General" StaticText
DSC01_OS_PREREQUISITE {"fields":{"alertCountCapped16":0,"foreground":true,"keyboardPresent":false,"knownControl":"general","knownNavigationTitles":[{"countCapped16":1,"knownTitle":"Settings"},{"countCapped16":0,"knownTitle":"General"},{"countCapped16":0,"knownTitle":"Language & Region"},{"countCapped16":0,"knownTitle":"Add Language"},{"countCapped16":0,"knownTitle":"iPhone Language"}],"selectorClasses":[{"atMostTwo":[{"enabled":true,"frame":{"present":true,"rectangle":[16,293.33333333333331,370,52],"validFiniteRectangle":true},"hittable":true}],"countCapped16":1,"kind":"cell-containing-known-text"},{"atMostTwo":[{"enabled":true,"frame":{"present":true,"rectangle":[16,293.33333333333331,370,52],"validFiniteRectangle":true},"hittable":true}],"countCapped16":1,"kind":"known-button"},{"atMostTwo":[{"enabled":true,"frame":{"present":true,"rectangle":[29.666666030883789,305,101.66666412353516,29],"validFiniteRectangle":true},"hittable":true}],"countCapped16":1,"kind":"known-text"}],"sheetCountCapped16":0,"viewport":{"present":true,"rectangle":[0,0,402,874],"validFiniteRectangle":true}},"ordinal":5,"schemaVersion":1,"stage":"general","status":"before-activation"}
    t =     9.52s Find the Cell at {{16.0, 293.3}, {370.0, 52.0}}
    t =     9.55s Find the Cell at {{16.0, 293.3}, {370.0, 52.0}}
    t =     9.57s Get number of matches for: Descendants matching type Alert
    t =     9.60s Tap Cell
    t =     9.60s     Wait for com.apple.Preferences to idle
    t =     9.60s     Find the Cell
    t =     9.63s     Check for interrupting elements affecting Cell
    t =     9.67s     Synthesize event
    t =    10.07s     Wait for com.apple.Preferences to idle
    t =    10.33s Find the Application 'com.apple.Preferences'
    t =    10.46s Get number of matches for: Descendants matching type Alert
    t =    10.52s Get number of matches for: Descendants matching type Sheet
    t =    10.60s Checking existence of `Keyboard (First Match)`
    t =    10.75s Get number of matches for: Elements matching predicate '"Settings" IN identifiers'
    t =    10.88s Get number of matches for: Elements matching predicate '"General" IN identifiers'
    t =    11.11s Get number of matches for: Elements matching predicate '"Language & Region" IN identifiers'
    t =    11.16s Get number of matches for: Elements matching predicate '"Add Language" IN identifiers'
    t =    11.22s Get number of matches for: Elements matching predicate '"iPhone Language" IN identifiers'
    t =    11.28s Get number of matches for: Elements containing elements matching predicate 'label IN {"General"}'
    t =    11.35s Get all elements bound by index for: Elements containing elements matching predicate 'label IN {"General"}'
    t =    11.40s Find the Cell (Element at index 0)
    t =    11.48s Find the "PLACARD" Cell
    t =    11.55s Find the "PLACARD" Cell
    t =    11.60s Get number of matches for: Elements matching predicate 'label IN {"General"}'
    t =    11.64s Get all elements bound by index for: Elements matching predicate 'label IN {"General"}'
    t =    11.68s Get number of matches for: Elements matching predicate 'label IN {"General"}'
    t =    11.73s Get all elements bound by index for: Elements matching predicate 'label IN {"General"}'
    t =    11.77s Find the StaticText (Element at index 0)
    t =    11.82s Find the "General" StaticText
    t =    11.85s Find the "General" StaticText
DSC01_OS_PREREQUISITE {"fields":{"alertCountCapped16":0,"foreground":true,"keyboardPresent":false,"knownControl":"general","knownNavigationTitles":[{"countCapped16":0,"knownTitle":"Settings"},{"countCapped16":1,"knownTitle":"General"},{"countCapped16":0,"knownTitle":"Language & Region"},{"countCapped16":0,"knownTitle":"Add Language"},{"countCapped16":0,"knownTitle":"iPhone Language"}],"selectorClasses":[{"atMostTwo":[{"enabled":true,"frame":{"present":true,"rectangle":[20,133.66666603088379,362,222.66667175292969],"validFiniteRectangle":true},"hittable":true}],"countCapped16":1,"kind":"cell-containing-known-text"},{"atMostTwo":[],"countCapped16":0,"kind":"known-button"},{"atMostTwo":[{"enabled":true,"frame":{"present":true,"rectangle":[36,224.16666857401529,80,26.333333333333343],"validFiniteRectangle":true},"hittable":true}],"countCapped16":1,"kind":"known-text"}],"sheetCountCapped16":0,"viewport":{"present":true,"rectangle":[0,0,402,874],"validFiniteRectangle":true}},"ordinal":6,"schemaVersion":1,"stage":"general","status":"after-activation"}
    t =    11.90s Find the Application 'com.apple.Preferences'
    t =    11.93s Get number of matches for: Descendants matching type Alert
    t =    11.96s Get number of matches for: Descendants matching type Sheet
    t =    11.99s Checking existence of `Keyboard (First Match)`
    t =    12.05s Get number of matches for: Elements matching predicate '"Settings" IN identifiers'
    t =    12.10s Get number of matches for: Elements matching predicate '"General" IN identifiers'
    t =    12.14s Get number of matches for: Elements matching predicate '"Language & Region" IN identifiers'
    t =    12.18s Get number of matches for: Elements matching predicate '"Add Language" IN identifiers'
    t =    12.22s Get number of matches for: Elements matching predicate '"iPhone Language" IN identifiers'
DSC01_OS_PREREQUISITE {"fields":{"alertCountCapped16":0,"foreground":true,"keyboardPresent":false,"knownNavigationTitles":[{"countCapped16":0,"knownTitle":"Settings"},{"countCapped16":1,"knownTitle":"General"},{"countCapped16":0,"knownTitle":"Language & Region"},{"countCapped16":0,"knownTitle":"Add Language"},{"countCapped16":0,"knownTitle":"iPhone Language"}],"sheetCountCapped16":0,"viewport":{"present":true,"rectangle":[0,0,402,874],"validFiniteRectangle":true}},"ordinal":7,"schemaVersion":1,"stage":"general","status":"observe"}
    t =    12.26s Waiting 15.0s for "General" NavigationBar to exist
    t =    13.31s     Checking `Expect predicate `existsNoRetry == 1` for object "General" NavigationBar`
    t =    13.31s         Checking existence of `"General" NavigationBar`
    t =    13.32s Find the Application 'com.apple.Preferences'
    t =    13.34s Get number of matches for: Descendants matching type Alert
    t =    13.37s Get number of matches for: Descendants matching type Sheet
    t =    13.39s Checking existence of `Keyboard (First Match)`
    t =    13.44s Get number of matches for: Elements matching predicate '"Settings" IN identifiers'
    t =    13.48s Get number of matches for: Elements matching predicate '"General" IN identifiers'
    t =    13.51s Get number of matches for: Elements matching predicate '"Language & Region" IN identifiers'
    t =    13.55s Get number of matches for: Elements matching predicate '"Add Language" IN identifiers'
    t =    13.58s Get number of matches for: Elements matching predicate '"iPhone Language" IN identifiers'
    t =    13.62s Get number of matches for: Elements matching predicate '"General" IN identifiers'
    t =    13.65s Get number of matches for: Descendants matching type Alert
DSC01_OS_PREREQUISITE {"fields":{"alertCountCapped16":0,"foreground":true,"keyboardPresent":false,"knownNavigationTitles":[{"countCapped16":0,"knownTitle":"Settings"},{"countCapped16":1,"knownTitle":"General"},{"countCapped16":0,"knownTitle":"Language & Region"},{"countCapped16":0,"knownTitle":"Add Language"},{"countCapped16":0,"knownTitle":"iPhone Language"}],"sheetCountCapped16":0,"viewport":{"present":true,"rectangle":[0,0,402,874],"validFiniteRectangle":true}},"ordinal":8,"schemaVersion":1,"stage":"general","status":"PASS"}
    t =    13.68s Find the Application 'com.apple.Preferences'
    t =    13.70s Get number of matches for: Descendants matching type Alert
    t =    13.73s Get number of matches for: Descendants matching type Sheet
    t =    13.75s Checking existence of `Keyboard (First Match)`
    t =    13.81s Get number of matches for: Elements matching predicate '"Settings" IN identifiers'
    t =    13.84s Get number of matches for: Elements matching predicate '"General" IN identifiers'
    t =    13.87s Get number of matches for: Elements matching predicate '"Language & Region" IN identifiers'
    t =    13.91s Get number of matches for: Elements matching predicate '"Add Language" IN identifiers'
    t =    13.94s Get number of matches for: Elements matching predicate '"iPhone Language" IN identifiers'
    t =    13.98s Get number of matches for: Elements containing elements matching predicate 'label IN {"Language & Region"}'
    t =    14.01s Get all elements bound by index for: Elements containing elements matching predicate 'label IN {"Language & Region"}'
    t =    14.05s Find the Cell (Element at index 0)
    t =    14.09s Find the "INTERNATIONAL" Cell
    t =    14.13s Find the "INTERNATIONAL" Cell
    t =    14.16s Get number of matches for: Elements matching predicate 'label IN {"Language & Region"}'
    t =    14.20s Get all elements bound by index for: Elements matching predicate 'label IN {"Language & Region"}'
    t =    14.23s Find the Button (Element at index 0)
    t =    14.28s Find the "INTERNATIONAL" Button
    t =    14.31s Find the "INTERNATIONAL" Button
    t =    14.35s Get number of matches for: Elements matching predicate 'label IN {"Language & Region"}'
    t =    14.39s Get all elements bound by index for: Elements matching predicate 'label IN {"Language & Region"}'
    t =    14.42s Find the StaticText (Element at index 0)
    t =    14.47s Find the "Language & Region" StaticText
    t =    14.50s Find the "Language & Region" StaticText
DSC01_OS_PREREQUISITE {"fields":{"alertCountCapped16":0,"attempt":1,"foreground":true,"keyboardPresent":false,"knownControl":"languageRegion","knownNavigationTitles":[{"countCapped16":0,"knownTitle":"Settings"},{"countCapped16":1,"knownTitle":"General"},{"countCapped16":0,"knownTitle":"Language & Region"},{"countCapped16":0,"knownTitle":"Add Language"},{"countCapped16":0,"knownTitle":"iPhone Language"}],"selectorClasses":[{"atMostTwo":[{"enabled":true,"frame":{"present":true,"rectangle":[20,744.33333778381348,362,53],"validFiniteRectangle":true},"hittable":true}],"countCapped16":1,"kind":"cell-containing-known-text"},{"atMostTwo":[{"enabled":true,"frame":{"present":true,"rectangle":[34,757,190.33332824707031,28],"validFiniteRectangle":true},"hittable":true}],"countCapped16":1,"kind":"known-button"},{"atMostTwo":[{"enabled":true,"frame":{"present":true,"rectangle":[34,757,190.33332824707031,28],"validFiniteRectangle":true},"hittable":true}],"countCapped16":1,"kind":"known-text"}],"sheetCountCapped16":0,"viewport":{"present":true,"rectangle":[0,0,402,874],"validFiniteRectangle":true}},"ordinal":9,"schemaVersion":1,"stage":"languageRegion","status":"observe"}
    t =    14.54s Get number of matches for: Descendants matching type Alert
    t =    14.57s Get number of matches for: Elements containing elements matching predicate 'label IN {"Language & Region"}'
    t =    14.61s Find the Cell (First Match)
    t =    14.67s Find the "INTERNATIONAL" Cell
    t =    14.72s Find the "INTERNATIONAL" Cell
    t =    14.77s Find the Application 'com.apple.Preferences'
    t =    14.79s Get number of matches for: Descendants matching type Alert
    t =    14.81s Get number of matches for: Descendants matching type Sheet
    t =    14.84s Checking existence of `Keyboard (First Match)`
    t =    14.89s Get number of matches for: Elements matching predicate '"Settings" IN identifiers'
    t =    14.92s Get number of matches for: Elements matching predicate '"General" IN identifiers'
    t =    14.96s Get number of matches for: Elements matching predicate '"Language & Region" IN identifiers'
    t =    14.99s Get number of matches for: Elements matching predicate '"Add Language" IN identifiers'
    t =    15.03s Get number of matches for: Elements matching predicate '"iPhone Language" IN identifiers'
    t =    15.06s Get number of matches for: Elements containing elements matching predicate 'label IN {"Language & Region"}'
    t =    15.09s Get all elements bound by index for: Elements containing elements matching predicate 'label IN {"Language & Region"}'
    t =    15.13s Find the Cell (Element at index 0)
    t =    15.17s Find the "INTERNATIONAL" Cell
    t =    15.20s Find the "INTERNATIONAL" Cell
    t =    15.24s Get number of matches for: Elements matching predicate 'label IN {"Language & Region"}'
    t =    15.28s Get all elements bound by index for: Elements matching predicate 'label IN {"Language & Region"}'
    t =    15.31s Find the Button (Element at index 0)
    t =    15.36s Find the "INTERNATIONAL" Button
    t =    15.39s Find the "INTERNATIONAL" Button
    t =    15.43s Get number of matches for: Elements matching predicate 'label IN {"Language & Region"}'
    t =    15.47s Get all elements bound by index for: Elements matching predicate 'label IN {"Language & Region"}'
    t =    15.50s Find the StaticText (Element at index 0)
    t =    15.55s Find the "Language & Region" StaticText
    t =    15.58s Find the "Language & Region" StaticText
DSC01_OS_PREREQUISITE {"fields":{"alertCountCapped16":0,"foreground":true,"keyboardPresent":false,"knownControl":"languageRegion","knownNavigationTitles":[{"countCapped16":0,"knownTitle":"Settings"},{"countCapped16":1,"knownTitle":"General"},{"countCapped16":0,"knownTitle":"Language & Region"},{"countCapped16":0,"knownTitle":"Add Language"},{"countCapped16":0,"knownTitle":"iPhone Language"}],"selectorClasses":[{"atMostTwo":[{"enabled":true,"frame":{"present":true,"rectangle":[20,744.33333778381348,362,53],"validFiniteRectangle":true},"hittable":true}],"countCapped16":1,"kind":"cell-containing-known-text"},{"atMostTwo":[{"enabled":true,"frame":{"present":true,"rectangle":[34,757,190.33332824707031,28],"validFiniteRectangle":true},"hittable":true}],"countCapped16":1,"kind":"known-button"},{"atMostTwo":[{"enabled":true,"frame":{"present":true,"rectangle":[34,757,190.33332824707031,28],"validFiniteRectangle":true},"hittable":true}],"countCapped16":1,"kind":"known-text"}],"sheetCountCapped16":0,"viewport":{"present":true,"rectangle":[0,0,402,874],"validFiniteRectangle":true}},"ordinal":10,"schemaVersion":1,"stage":"languageRegion","status":"before-activation"}
    t =    15.62s Find the "INTERNATIONAL" Cell
    t =    15.67s Find the "INTERNATIONAL" Cell
    t =    15.71s Get number of matches for: Descendants matching type Alert
    t =    15.74s Tap "INTERNATIONAL" Cell
    t =    15.74s     Wait for com.apple.Preferences to idle
    t =    15.74s     Find the "INTERNATIONAL" Cell
    t =    15.78s     Check for interrupting elements affecting "INTERNATIONAL" Cell
    t =    15.81s     Synthesize event
    t =    16.10s     Wait for com.apple.Preferences to idle
    t =    16.25s Find the Application 'com.apple.Preferences'
    t =    16.35s Get number of matches for: Descendants matching type Alert
    t =    16.42s Get number of matches for: Descendants matching type Sheet
    t =    16.49s Checking existence of `Keyboard (First Match)`
    t =    16.64s Get number of matches for: Elements matching predicate '"Settings" IN identifiers'
    t =    16.71s Get number of matches for: Elements matching predicate '"General" IN identifiers'
    t =    16.77s Get number of matches for: Elements matching predicate '"Language & Region" IN identifiers'
    t =    16.81s Get number of matches for: Elements matching predicate '"Add Language" IN identifiers'
    t =    16.86s Get number of matches for: Elements matching predicate '"iPhone Language" IN identifiers'
    t =    16.91s Get number of matches for: Elements containing elements matching predicate 'label IN {"Language & Region"}'
    t =    16.96s Get all elements bound by index for: Elements containing elements matching predicate 'label IN {"Language & Region"}'
    t =    17.00s Get number of matches for: Elements matching predicate 'label IN {"Language & Region"}'
    t =    17.05s Get all elements bound by index for: Elements matching predicate 'label IN {"Language & Region"}'
    t =    17.09s Get number of matches for: Elements matching predicate 'label IN {"Language & Region"}'
    t =    17.14s Get all elements bound by index for: Elements matching predicate 'label IN {"Language & Region"}'
    t =    17.18s Find the StaticText (Element at index 0)
    t =    17.25s Find the "Language & Region" StaticText
    t =    17.29s Find the "Language & Region" StaticText
DSC01_OS_PREREQUISITE {"fields":{"alertCountCapped16":0,"foreground":true,"keyboardPresent":false,"knownControl":"languageRegion","knownNavigationTitles":[{"countCapped16":0,"knownTitle":"Settings"},{"countCapped16":0,"knownTitle":"General"},{"countCapped16":1,"knownTitle":"Language & Region"},{"countCapped16":0,"knownTitle":"Add Language"},{"countCapped16":0,"knownTitle":"iPhone Language"}],"selectorClasses":[{"atMostTwo":[],"countCapped16":0,"kind":"cell-containing-known-text"},{"atMostTwo":[],"countCapped16":0,"kind":"known-button"},{"atMostTwo":[{"enabled":true,"frame":{"present":true,"rectangle":[124,73.666666666666657,153.66666666666663,20.666666666666671],"validFiniteRectangle":true},"hittable":true}],"countCapped16":1,"kind":"known-text"}],"sheetCountCapped16":0,"viewport":{"present":true,"rectangle":[0,0,402,874],"validFiniteRectangle":true}},"ordinal":11,"schemaVersion":1,"stage":"languageRegion","status":"after-activation"}
    t =    17.34s Find the Application 'com.apple.Preferences'
    t =    17.37s Get number of matches for: Descendants matching type Alert
    t =    17.41s Get number of matches for: Descendants matching type Sheet
    t =    17.44s Checking existence of `Keyboard (First Match)`
    t =    17.50s Get number of matches for: Elements matching predicate '"Settings" IN identifiers'
    t =    17.55s Get number of matches for: Elements matching predicate '"General" IN identifiers'
    t =    17.59s Get number of matches for: Elements matching predicate '"Language & Region" IN identifiers'
    t =    17.64s Get number of matches for: Elements matching predicate '"Add Language" IN identifiers'
    t =    17.68s Get number of matches for: Elements matching predicate '"iPhone Language" IN identifiers'
DSC01_OS_PREREQUISITE {"fields":{"alertCountCapped16":0,"foreground":true,"keyboardPresent":false,"knownNavigationTitles":[{"countCapped16":0,"knownTitle":"Settings"},{"countCapped16":0,"knownTitle":"General"},{"countCapped16":1,"knownTitle":"Language & Region"},{"countCapped16":0,"knownTitle":"Add Language"},{"countCapped16":0,"knownTitle":"iPhone Language"}],"sheetCountCapped16":0,"viewport":{"present":true,"rectangle":[0,0,402,874],"validFiniteRectangle":true}},"ordinal":12,"schemaVersion":1,"stage":"languageRegion","status":"observe"}
    t =    17.73s Waiting 15.0s for "Language & Region" NavigationBar to exist
    t =    18.76s     Checking `Expect predicate `existsNoRetry == 1` for object "Language & Region" NavigationBar`
    t =    18.76s         Checking existence of `"Language & Region" NavigationBar`
    t =    18.77s Find the Application 'com.apple.Preferences'
    t =    18.80s Get number of matches for: Descendants matching type Alert
    t =    18.84s Get number of matches for: Descendants matching type Sheet
    t =    18.87s Checking existence of `Keyboard (First Match)`
    t =    18.93s Get number of matches for: Elements matching predicate '"Settings" IN identifiers'
    t =    18.97s Get number of matches for: Elements matching predicate '"General" IN identifiers'
    t =    19.02s Get number of matches for: Elements matching predicate '"Language & Region" IN identifiers'
    t =    19.06s Get number of matches for: Elements matching predicate '"Add Language" IN identifiers'
    t =    19.11s Get number of matches for: Elements matching predicate '"iPhone Language" IN identifiers'
    t =    19.15s Get number of matches for: Elements matching predicate '"Language & Region" IN identifiers'
    t =    19.20s Get number of matches for: Descendants matching type Alert
DSC01_OS_PREREQUISITE {"fields":{"alertCountCapped16":0,"foreground":true,"keyboardPresent":false,"knownNavigationTitles":[{"countCapped16":0,"knownTitle":"Settings"},{"countCapped16":0,"knownTitle":"General"},{"countCapped16":1,"knownTitle":"Language & Region"},{"countCapped16":0,"knownTitle":"Add Language"},{"countCapped16":0,"knownTitle":"iPhone Language"}],"sheetCountCapped16":0,"viewport":{"present":true,"rectangle":[0,0,402,874],"validFiniteRectangle":true}},"ordinal":13,"schemaVersion":1,"stage":"languageRegion","status":"PASS"}
    t =    19.23s Get number of matches for: Elements containing elements matching predicate 'label == "iPhone Language"'
    t =    19.28s Get number of matches for: Elements containing elements matching predicate 'label IN {"Arabic", "العربية"}'
    t =    19.33s Get number of matches for: Elements containing elements matching predicate 'label IN {"Add Language…", "Add Language...", "Add Language"}'
    t =    19.37s Find the Cell (First Match)
    t =    19.39s Find the Cell (First Match)
    t =    19.41s Find the Application 'com.apple.Preferences'
    t =    19.44s Get number of matches for: Descendants matching type Alert
    t =    19.48s Get number of matches for: Descendants matching type Sheet
    t =    19.51s Checking existence of `Keyboard (First Match)`
    t =    19.57s Get number of matches for: Elements matching predicate '"Settings" IN identifiers'
    t =    19.62s Get number of matches for: Elements matching predicate '"General" IN identifiers'
    t =    19.66s Get number of matches for: Elements matching predicate '"Language & Region" IN identifiers'
    t =    19.71s Get number of matches for: Elements matching predicate '"Add Language" IN identifiers'
    t =    19.75s Get number of matches for: Elements matching predicate '"iPhone Language" IN identifiers'
    t =    19.80s Get number of matches for: Elements containing elements matching predicate 'label IN {"Add Language…", "Add Language...", "Add Language"}'
    t =    19.85s Get all elements bound by index for: Elements containing elements matching predicate 'label IN {"Add Language…", "Add Language...", "Add Language"}'
    t =    19.90s Find the Cell (Element at index 0)
    t =    19.96s Find the "ADD_PREFERRED_LANGUAGE" Cell
    t =    20.00s Find the "ADD_PREFERRED_LANGUAGE" Cell
    t =    20.05s Get number of matches for: Elements matching predicate 'label IN {"Add Language…", "Add Language...", "Add Language"}'
    t =    20.10s Get all elements bound by index for: Elements matching predicate 'label IN {"Add Language…", "Add Language...", "Add Language"}'
    t =    20.14s Find the Button (Element at index 0)
    t =    20.20s Find the "ADD_PREFERRED_LANGUAGE" Button
    t =    20.26s Find the "ADD_PREFERRED_LANGUAGE" Button
    t =    20.31s Get number of matches for: Elements matching predicate 'label IN {"Add Language…", "Add Language...", "Add Language"}'
    t =    20.37s Get all elements bound by index for: Elements matching predicate 'label IN {"Add Language…", "Add Language...", "Add Language"}'
    t =    20.41s Get number of matches for: Elements containing elements matching predicate 'label == "iPhone Language"'
    t =    20.46s Get number of matches for: Elements matching predicate 'label == "English, iPhone Language"'
    t =    20.50s Get number of matches for: Elements containing elements matching predicate 'label IN {"Arabic", "العربية"}'
    t =    20.54s Get number of matches for: Elements matching predicate 'label IN {"Arabic", "العربية"}'
    t =    20.59s Get number of matches for: Elements containing elements matching predicate 'label == "iPhone Language"'
    t =    20.63s Get number of matches for: Elements containing elements matching predicate 'label IN {"Arabic", "العربية"}'
    t =    20.68s Get number of matches for: Elements matching predicate 'label IN {"Arabic", "العربية"}'
    t =    20.72s Get number of matches for: Elements matching predicate '"Language & Region" IN identifiers'
    t =    20.77s Get number of matches for: Elements matching predicate '"Language & Region" IN identifiers'
    t =    20.81s Find the "Language & Region" NavigationBar
    t =    20.84s Get number of matches for: Descendants matching type SearchField
    t =    20.87s Find the "en-US" Cell
    t =    20.90s Find the "ADD_PREFERRED_LANGUAGE" Cell
    t =    20.92s Find the "ADD_PREFERRED_LANGUAGE" Cell
DSC01_OS_PREREQUISITE {"fields":{"addLanguageSuccessorFrame":{"present":true,"rectangle":[20,233.33333206176758,362,53],"validFiniteRectangle":true},"addLanguageSuccessorHittableEnabled":true,"alertCountCapped16":0,"arabicCellCountCapped16":0,"arabicObserved":false,"arabicPreferredRowFrame":{"present":false},"arabicPreferredRowObserved":false,"arabicTextCountCapped16":0,"englishPrimaryCellCountCapped16":1,"englishPrimaryFrame":{"present":true,"rectangle":[20,171.33333206176758,362,62],"validFiniteRectangle":true},"englishPrimaryHittable":true,"englishPrimaryObserved":true,"foreground":true,"keyboardPresent":false,"knownControl":"addLanguage","knownNavigationTitles":[{"countCapped16":0,"knownTitle":"Settings"},{"countCapped16":0,"knownTitle":"General"},{"countCapped16":1,"knownTitle":"Language & Region"},{"countCapped16":0,"knownTitle":"Add Language"},{"countCapped16":0,"knownTitle":"iPhone Language"}],"languageRegionTitleHittable":true,"languageRegionTitleObserved":true,"mergedEnglishPrimaryCountCapped16":0,"prerequisiteDisposition":"requires-arabic","searchFieldCountCapped16":0,"selectorClasses":[{"atMostTwo":[{"enabled":true,"frame":{"present":true,"rectangle":[20,233.33333206176758,362,53],"validFiniteRectangle":true},"hittable":true}],"countCapped16":1,"kind":"cell-containing-known-text"},{"atMostTwo":[{"enabled":true,"frame":{"present":true,"rectangle":[36,249.66666539510092,123.66666666666666,20.333333333333343],"validFiniteRectangle":true},"hittable":true}],"countCapped16":1,"kind":"known-button"},{"atMostTwo":[],"countCapped16":0,"kind":"known-text"}],"sheetCountCapped16":0,"viewport":{"present":true,"rectangle":[0,0,402,874],"validFiniteRectangle":true}},"ordinal":14,"schemaVersion":1,"stage":"initialEnglishPrimary","status":"observe"}
DSC01_OS_PREREQUISITE {"fields":{"addLanguageSuccessorFrame":{"present":true,"rectangle":[20,233.33333206176758,362,53],"validFiniteRectangle":true},"addLanguageSuccessorHittableEnabled":true,"alertCountCapped16":0,"arabicCellCountCapped16":0,"arabicObserved":false,"arabicPreferredRowFrame":{"present":false},"arabicPreferredRowObserved":false,"arabicTextCountCapped16":0,"englishPrimaryCellCountCapped16":1,"englishPrimaryFrame":{"present":true,"rectangle":[20,171.33333206176758,362,62],"validFiniteRectangle":true},"englishPrimaryHittable":true,"englishPrimaryObserved":true,"foreground":true,"keyboardPresent":false,"knownControl":"addLanguage","knownNavigationTitles":[{"countCapped16":0,"knownTitle":"Settings"},{"countCapped16":0,"knownTitle":"General"},{"countCapped16":1,"knownTitle":"Language & Region"},{"countCapped16":0,"knownTitle":"Add Language"},{"countCapped16":0,"knownTitle":"iPhone Language"}],"languageRegionTitleHittable":true,"languageRegionTitleObserved":true,"mergedEnglishPrimaryCountCapped16":0,"prerequisiteDisposition":"requires-arabic","searchFieldCountCapped16":0,"selectorClasses":[{"atMostTwo":[{"enabled":true,"frame":{"present":true,"rectangle":[20,233.33333206176758,362,53],"validFiniteRectangle":true},"hittable":true}],"countCapped16":1,"kind":"cell-containing-known-text"},{"atMostTwo":[{"enabled":true,"frame":{"present":true,"rectangle":[36,249.66666539510092,123.66666666666666,20.333333333333343],"validFiniteRectangle":true},"hittable":true}],"countCapped16":1,"kind":"known-button"},{"atMostTwo":[],"countCapped16":0,"kind":"known-text"}],"sheetCountCapped16":0,"viewport":{"present":true,"rectangle":[0,0,402,874],"validFiniteRectangle":true}},"ordinal":15,"schemaVersion":1,"stage":"initialEnglishPrimary","status":"PASS"}
    t =    20.95s Find the Application 'com.apple.Preferences'
    t =    20.98s Get number of matches for: Descendants matching type Alert
    t =    21.02s Get number of matches for: Descendants matching type Sheet
    t =    21.05s Checking existence of `Keyboard (First Match)`
    t =    21.10s Get number of matches for: Elements matching predicate '"Settings" IN identifiers'
    t =    21.14s Get number of matches for: Elements matching predicate '"General" IN identifiers'
    t =    21.18s Get number of matches for: Elements matching predicate '"Language & Region" IN identifiers'
    t =    21.23s Get number of matches for: Elements matching predicate '"Add Language" IN identifiers'
    t =    21.27s Get number of matches for: Elements matching predicate '"iPhone Language" IN identifiers'
    t =    21.32s Get number of matches for: Elements containing elements matching predicate 'label IN {"Add Language…", "Add Language...", "Add Language"}'
    t =    21.36s Get all elements bound by index for: Elements containing elements matching predicate 'label IN {"Add Language…", "Add Language...", "Add Language"}'
    t =    21.41s Find the Cell (Element at index 0)
    t =    21.46s Find the "ADD_PREFERRED_LANGUAGE" Cell
    t =    21.51s Find the "ADD_PREFERRED_LANGUAGE" Cell
    t =    21.55s Get number of matches for: Elements matching predicate 'label IN {"Add Language…", "Add Language...", "Add Language"}'
    t =    21.60s Get all elements bound by index for: Elements matching predicate 'label IN {"Add Language…", "Add Language...", "Add Language"}'
    t =    21.64s Find the Button (Element at index 0)
    t =    21.70s Find the "ADD_PREFERRED_LANGUAGE" Button
    t =    21.74s Find the "ADD_PREFERRED_LANGUAGE" Button
    t =    21.79s Get number of matches for: Elements matching predicate 'label IN {"Add Language…", "Add Language...", "Add Language"}'
    t =    21.84s Get all elements bound by index for: Elements matching predicate 'label IN {"Add Language…", "Add Language...", "Add Language"}'
DSC01_OS_PREREQUISITE {"fields":{"alertCountCapped16":0,"attempt":1,"foreground":true,"keyboardPresent":false,"knownControl":"addLanguage","knownNavigationTitles":[{"countCapped16":0,"knownTitle":"Settings"},{"countCapped16":0,"knownTitle":"General"},{"countCapped16":1,"knownTitle":"Language & Region"},{"countCapped16":0,"knownTitle":"Add Language"},{"countCapped16":0,"knownTitle":"iPhone Language"}],"selectorClasses":[{"atMostTwo":[{"enabled":true,"frame":{"present":true,"rectangle":[20,233.33333206176758,362,53],"validFiniteRectangle":true},"hittable":true}],"countCapped16":1,"kind":"cell-containing-known-text"},{"atMostTwo":[{"enabled":true,"frame":{"present":true,"rectangle":[36,249.66666539510092,123.66666666666666,20.333333333333343],"validFiniteRectangle":true},"hittable":true}],"countCapped16":1,"kind":"known-button"},{"atMostTwo":[],"countCapped16":0,"kind":"known-text"}],"sheetCountCapped16":0,"viewport":{"present":true,"rectangle":[0,0,402,874],"validFiniteRectangle":true}},"ordinal":16,"schemaVersion":1,"stage":"addLanguage","status":"observe"}
    t =    21.88s Get number of matches for: Descendants matching type Alert
    t =    21.91s Get number of matches for: Elements containing elements matching predicate 'label IN {"Add Language…", "Add Language...", "Add Language"}'
    t =    21.96s Find the Cell (First Match)
    t =    21.99s Find the "ADD_PREFERRED_LANGUAGE" Cell
    t =    22.01s Find the "ADD_PREFERRED_LANGUAGE" Cell
    t =    22.03s Find the Application 'com.apple.Preferences'
    t =    22.06s Get number of matches for: Descendants matching type Alert
    t =    22.10s Get number of matches for: Descendants matching type Sheet
    t =    22.13s Checking existence of `Keyboard (First Match)`
    t =    22.19s Get number of matches for: Elements matching predicate '"Settings" IN identifiers'
    t =    22.23s Get number of matches for: Elements matching predicate '"General" IN identifiers'
    t =    22.28s Get number of matches for: Elements matching predicate '"Language & Region" IN identifiers'
    t =    22.33s Get number of matches for: Elements matching predicate '"Add Language" IN identifiers'
    t =    22.38s Get number of matches for: Elements matching predicate '"iPhone Language" IN identifiers'
    t =    22.42s Get number of matches for: Elements containing elements matching predicate 'label IN {"Add Language…", "Add Language...", "Add Language"}'
    t =    22.47s Get all elements bound by index for: Elements containing elements matching predicate 'label IN {"Add Language…", "Add Language...", "Add Language"}'
    t =    22.51s Find the Cell (Element at index 0)
    t =    22.57s Find the "ADD_PREFERRED_LANGUAGE" Cell
    t =    22.62s Find the "ADD_PREFERRED_LANGUAGE" Cell
    t =    22.66s Get number of matches for: Elements matching predicate 'label IN {"Add Language…", "Add Language...", "Add Language"}'
    t =    22.71s Get all elements bound by index for: Elements matching predicate 'label IN {"Add Language…", "Add Language...", "Add Language"}'
    t =    22.75s Find the Button (Element at index 0)
    t =    22.80s Find the "ADD_PREFERRED_LANGUAGE" Button
    t =    22.85s Find the "ADD_PREFERRED_LANGUAGE" Button
    t =    22.90s Get number of matches for: Elements matching predicate 'label IN {"Add Language…", "Add Language...", "Add Language"}'
    t =    22.94s Get all elements bound by index for: Elements matching predicate 'label IN {"Add Language…", "Add Language...", "Add Language"}'
DSC01_OS_PREREQUISITE {"fields":{"alertCountCapped16":0,"foreground":true,"keyboardPresent":false,"knownControl":"addLanguage","knownNavigationTitles":[{"countCapped16":0,"knownTitle":"Settings"},{"countCapped16":0,"knownTitle":"General"},{"countCapped16":1,"knownTitle":"Language & Region"},{"countCapped16":0,"knownTitle":"Add Language"},{"countCapped16":0,"knownTitle":"iPhone Language"}],"selectorClasses":[{"atMostTwo":[{"enabled":true,"frame":{"present":true,"rectangle":[20,233.33333206176758,362,53],"validFiniteRectangle":true},"hittable":true}],"countCapped16":1,"kind":"cell-containing-known-text"},{"atMostTwo":[{"enabled":true,"frame":{"present":true,"rectangle":[36,249.66666539510092,123.66666666666666,20.333333333333343],"validFiniteRectangle":true},"hittable":true}],"countCapped16":1,"kind":"known-button"},{"atMostTwo":[],"countCapped16":0,"kind":"known-text"}],"sheetCountCapped16":0,"viewport":{"present":true,"rectangle":[0,0,402,874],"validFiniteRectangle":true}},"ordinal":17,"schemaVersion":1,"stage":"addLanguage","status":"before-activation"}
    t =    22.99s Find the "ADD_PREFERRED_LANGUAGE" Cell
    t =    23.01s Find the "ADD_PREFERRED_LANGUAGE" Cell
    t =    23.03s Get number of matches for: Descendants matching type Alert
    t =    23.07s Tap "ADD_PREFERRED_LANGUAGE" Cell
    t =    23.07s     Wait for com.apple.Preferences to idle
    t =    23.07s     Find the "ADD_PREFERRED_LANGUAGE" Cell
    t =    23.09s     Check for interrupting elements affecting "ADD_PREFERRED_LANGUAGE" Cell
    t =    23.13s     Synthesize event
    t =    23.41s     Wait for com.apple.Preferences to idle
    t =    23.63s Find the Application 'com.apple.Preferences'
    t =    25.25s Get number of matches for: Descendants matching type Alert
    t =    25.82s Get number of matches for: Descendants matching type Sheet
    t =    26.26s Checking existence of `Keyboard (First Match)`
    t =    27.72s Get number of matches for: Elements matching predicate '"Settings" IN identifiers'
    t =    28.25s Get number of matches for: Elements matching predicate '"General" IN identifiers'
    t =    28.77s Get number of matches for: Elements matching predicate '"Language & Region" IN identifiers'
    t =    29.29s Get number of matches for: Elements matching predicate '"Add Language" IN identifiers'
    t =    29.82s Get number of matches for: Elements matching predicate '"iPhone Language" IN identifiers'
    t =    30.36s Get number of matches for: Elements containing elements matching predicate 'label IN {"Add Language…", "Add Language...", "Add Language"}'
    t =    30.89s Get all elements bound by index for: Elements containing elements matching predicate 'label IN {"Add Language…", "Add Language...", "Add Language"}'
    t =    31.39s Find the Cell (Element at index 0)
    t =    31.93s Find the "ADD_PREFERRED_LANGUAGE" Cell
    t =    32.47s Find the "ADD_PREFERRED_LANGUAGE" Cell
    t =    32.99s Get number of matches for: Elements matching predicate 'label IN {"Add Language…", "Add Language...", "Add Language"}'
    t =    33.49s Get all elements bound by index for: Elements matching predicate 'label IN {"Add Language…", "Add Language...", "Add Language"}'
    t =    34.00s Find the Button (Element at index 0)
    t =    34.55s Find the "ADD_PREFERRED_LANGUAGE" Button
    t =    35.04s Find the "ADD_PREFERRED_LANGUAGE" Button
    t =    35.53s Get number of matches for: Elements matching predicate 'label IN {"Add Language…", "Add Language...", "Add Language"}'
    t =    36.02s Get all elements bound by index for: Elements matching predicate 'label IN {"Add Language…", "Add Language...", "Add Language"}'
DSC01_OS_PREREQUISITE {"fields":{"alertCountCapped16":0,"foreground":true,"keyboardPresent":false,"knownControl":"addLanguage","knownNavigationTitles":[{"countCapped16":0,"knownTitle":"Settings"},{"countCapped16":0,"knownTitle":"General"},{"countCapped16":1,"knownTitle":"Language & Region"},{"countCapped16":0,"knownTitle":"Add Language"},{"countCapped16":0,"knownTitle":"iPhone Language"}],"selectorClasses":[{"atMostTwo":[{"enabled":true,"frame":{"present":true,"rectangle":[20,233.33333206176758,362,53],"validFiniteRectangle":true},"hittable":false}],"countCapped16":1,"kind":"cell-containing-known-text"},{"atMostTwo":[{"enabled":true,"frame":{"present":true,"rectangle":[36,249.66666539510092,123.66666666666666,20.333333333333343],"validFiniteRectangle":true},"hittable":false}],"countCapped16":1,"kind":"known-button"},{"atMostTwo":[],"countCapped16":0,"kind":"known-text"}],"sheetCountCapped16":0,"viewport":{"present":true,"rectangle":[0,0,402,874],"validFiniteRectangle":true}},"ordinal":18,"schemaVersion":1,"stage":"addLanguage","status":"after-activation"}
    t =    36.52s Find the Application 'com.apple.Preferences'
    t =    36.86s Get number of matches for: Descendants matching type Alert
    t =    37.23s Get number of matches for: Descendants matching type Sheet
    t =    37.60s Checking existence of `Keyboard (First Match)`
    t =    38.73s Get number of matches for: Elements matching predicate '"Settings" IN identifiers'
    t =    39.27s Get number of matches for: Elements matching predicate '"General" IN identifiers'
    t =    39.79s Get number of matches for: Elements matching predicate '"Language & Region" IN identifiers'
    t =    40.33s Get number of matches for: Elements matching predicate '"Add Language" IN identifiers'
    t =    40.86s Get number of matches for: Elements matching predicate '"iPhone Language" IN identifiers'
    t =    41.39s Get number of matches for: Elements containing elements matching predicate 'label IN {"Arabic", "العربية", "Arabic, العربية", "العربية, Arabic"}'
    t =    41.89s Get all elements bound by index for: Elements containing elements matching predicate 'label IN {"Arabic", "العربية", "Arabic, العربية", "العربية, Arabic"}'
    t =    42.41s Find the Cell (Element at index 0)
    t =    42.92s Find the Cell at {{20.0, 1427.3}, {362.0, 62.0}}
    t =    43.43s Find the Cell
    t =    43.97s Get number of matches for: Elements matching predicate 'label IN {"Arabic", "العربية", "Arabic, العربية", "العربية, Arabic"}'
    t =    44.48s Get all elements bound by index for: Elements matching predicate 'label IN {"Arabic", "العربية", "Arabic, العربية", "العربية, Arabic"}'
    t =    44.98s Get number of matches for: Elements matching predicate 'label IN {"Arabic", "العربية", "Arabic, العربية", "العربية, Arabic"}'
    t =    45.50s Get all elements bound by index for: Elements matching predicate 'label IN {"Arabic", "العربية", "Arabic, العربية", "العربية, Arabic"}'
    t =    46.02s Find the StaticText (Element at index 0)
    t =    46.55s Find the "العربية" StaticText
    t =    47.06s Find the "العربية" StaticText
    t =    47.59s Find the StaticText (Element at index 1)
    t =    48.13s Find the "Arabic" StaticText
    t =    48.64s Find the "Arabic" StaticText
DSC01_OS_PREREQUISITE {"fields":{"alertCountCapped16":0,"foreground":true,"keyboardPresent":false,"knownControl":"arabic","knownNavigationTitles":[{"countCapped16":0,"knownTitle":"Settings"},{"countCapped16":0,"knownTitle":"General"},{"countCapped16":1,"knownTitle":"Language & Region"},{"countCapped16":0,"knownTitle":"Add Language"},{"countCapped16":0,"knownTitle":"iPhone Language"}],"selectorClasses":[{"atMostTwo":[{"enabled":true,"frame":{"present":true,"rectangle":[20,1427.3333320617676,362,62],"validFiniteRectangle":true},"hittable":false}],"countCapped16":1,"kind":"cell-containing-known-text"},{"atMostTwo":[],"countCapped16":0,"kind":"known-button"},{"atMostTwo":[{"enabled":true,"frame":{"present":true,"rectangle":[0,132,330,20.333333333333343],"validFiniteRectangle":true},"hittable":false},{"enabled":true,"frame":{"present":true,"rectangle":[0,132,44.333333333333336,18],"validFiniteRectangle":true},"hittable":false}],"countCapped16":2,"kind":"known-text"}],"sheetCountCapped16":0,"viewport":{"present":true,"rectangle":[0,0,402,874],"validFiniteRectangle":true}},"ordinal":19,"schemaVersion":1,"stage":"searchArabic","status":"observe"}
    t =    49.17s Waiting 15.0s for SearchField (First Match) to exist
    t =    50.21s     Checking `Expect predicate `existsNoRetry == 1` for object SearchField (First Match)`
    t =    50.21s         Checking existence of `SearchField (First Match)`
    t =    51.23s Get number of matches for: Descendants matching type SearchField
    t =    51.62s Find the SearchField (First Match)
    t =    52.67s Find the SearchField (First Match)
    t =    53.66s Get number of matches for: Descendants matching type Alert
    t =    54.04s Find the SearchField (First Match)
DSC01_OS_PREREQUISITE {"fields":{"frame":{"present":true,"rectangle":[32.999999999999943,803,336,38],"validFiniteRectangle":true},"uniqueSearchField":true},"ordinal":20,"schemaVersion":1,"stage":"searchArabic","status":"before-activation"}
    t =    55.05s Tap SearchField (First Match)
    t =    55.05s     Wait for com.apple.Preferences to idle
    t =    55.05s     Find the SearchField (First Match)
    t =    56.05s     Check for interrupting elements affecting "Search" SearchField
    t =    56.44s     Synthesize event
    t =    56.74s     Wait for com.apple.Preferences to idle
    t =    58.52s Type 'Arabic' into SearchField (First Match)
    t =    58.52s     Wait for com.apple.Preferences to idle
    t =    58.53s     Find the SearchField (First Match)
    t =    60.28s     Check for interrupting elements affecting "Search" SearchField
    t =    60.89s     Synthesize event
    t =    61.19s     Wait for com.apple.Preferences to idle
    t =    61.20s Find the Application 'com.apple.Preferences'
    t =    61.58s Get number of matches for: Descendants matching type Alert
    t =    61.68s Get number of matches for: Descendants matching type Sheet
    t =    61.75s Checking existence of `Keyboard (First Match)`
    t =    61.76s Get number of matches for: Elements matching predicate '"Settings" IN identifiers'
    t =    61.84s Get number of matches for: Elements matching predicate '"General" IN identifiers'
    t =    61.92s Get number of matches for: Elements matching predicate '"Language & Region" IN identifiers'
    t =    62.01s Get number of matches for: Elements matching predicate '"Add Language" IN identifiers'
    t =    62.09s Get number of matches for: Elements matching predicate '"iPhone Language" IN identifiers'
    t =    62.17s Get number of matches for: Elements containing elements matching predicate 'label IN {"Arabic", "العربية", "Arabic, العربية", "العربية, Arabic"}'
    t =    62.25s Get all elements bound by index for: Elements containing elements matching predicate 'label IN {"Arabic", "العربية", "Arabic, العربية", "العربية, Arabic"}'
    t =    62.32s Find the Cell (Element at index 0)
    t =    62.41s Find the Cell at {{20.0, 133.3}, {362.0, 62.0}}
    t =    62.49s Find the Cell
    t =    62.56s Get number of matches for: Elements matching predicate 'label IN {"Arabic", "العربية", "Arabic, العربية", "العربية, Arabic"}'
    t =    62.64s Get all elements bound by index for: Elements matching predicate 'label IN {"Arabic", "العربية", "Arabic, العربية", "العربية, Arabic"}'
    t =    62.71s Get number of matches for: Elements matching predicate 'label IN {"Arabic", "العربية", "Arabic, العربية", "العربية, Arabic"}'
    t =    62.79s Get all elements bound by index for: Elements matching predicate 'label IN {"Arabic", "العربية", "Arabic, العربية", "العربية, Arabic"}'
    t =    62.86s Find the StaticText (Element at index 0)
    t =    62.94s Find the "العربية" StaticText
    t =    63.02s Find the "العربية" StaticText
    t =    63.09s Find the StaticText (Element at index 1)
    t =    63.17s Find the "Arabic" StaticText
    t =    63.24s Find the "Arabic" StaticText
DSC01_OS_PREREQUISITE {"fields":{"alertCountCapped16":0,"foreground":true,"keyboardPresent":true,"knownControl":"arabic","knownNavigationTitles":[{"countCapped16":0,"knownTitle":"Settings"},{"countCapped16":0,"knownTitle":"General"},{"countCapped16":1,"knownTitle":"Language & Region"},{"countCapped16":0,"knownTitle":"Add Language"},{"countCapped16":0,"knownTitle":"iPhone Language"}],"selectorClasses":[{"atMostTwo":[{"enabled":true,"frame":{"present":true,"rectangle":[20,133.33333206176758,362,62],"validFiniteRectangle":true},"hittable":true}],"countCapped16":1,"kind":"cell-containing-known-text"},{"atMostTwo":[],"countCapped16":0,"kind":"known-button"},{"atMostTwo":[{"enabled":true,"frame":{"present":true,"rectangle":[36,142.33333206176758,330,20.333333333333343],"validFiniteRectangle":true},"hittable":true},{"enabled":true,"frame":{"present":true,"rectangle":[36,165.66666539510089,44.333333333333343,18.000000000000028],"validFiniteRectangle":true},"hittable":true}],"countCapped16":2,"kind":"known-text"}],"sheetCountCapped16":0,"viewport":{"present":true,"rectangle":[0,0,402,874],"validFiniteRectangle":true}},"ordinal":21,"schemaVersion":1,"stage":"searchArabic","status":"after-activation"}
    t =    63.31s Find the Application 'com.apple.Preferences'
    t =    63.37s Get number of matches for: Descendants matching type Alert
    t =    63.42s Get number of matches for: Descendants matching type Sheet
    t =    63.48s Checking existence of `Keyboard (First Match)`
    t =    63.49s Get number of matches for: Elements matching predicate '"Settings" IN identifiers'
    t =    63.56s Get number of matches for: Elements matching predicate '"General" IN identifiers'
    t =    63.64s Get number of matches for: Elements matching predicate '"Language & Region" IN identifiers'
    t =    63.71s Get number of matches for: Elements matching predicate '"Add Language" IN identifiers'
    t =    63.78s Get number of matches for: Elements matching predicate '"iPhone Language" IN identifiers'
    t =    63.85s Get number of matches for: Elements containing elements matching predicate 'label IN {"Arabic", "العربية", "Arabic, العربية", "العربية, Arabic"}'
    t =    63.93s Get all elements bound by index for: Elements containing elements matching predicate 'label IN {"Arabic", "العربية", "Arabic, العربية", "العربية, Arabic"}'
    t =    64.01s Find the Cell (Element at index 0)
    t =    64.09s Find the Cell at {{20.0, 133.3}, {362.0, 62.0}}
    t =    64.16s Find the Cell
    t =    64.24s Get number of matches for: Elements matching predicate 'label IN {"Arabic", "العربية", "Arabic, العربية", "العربية, Arabic"}'
    t =    64.32s Get all elements bound by index for: Elements matching predicate 'label IN {"Arabic", "العربية", "Arabic, العربية", "العربية, Arabic"}'
    t =    64.38s Get number of matches for: Elements matching predicate 'label IN {"Arabic", "العربية", "Arabic, العربية", "العربية, Arabic"}'
    t =    64.45s Get all elements bound by index for: Elements matching predicate 'label IN {"Arabic", "العربية", "Arabic, العربية", "العربية, Arabic"}'
    t =    64.53s Find the StaticText (Element at index 0)
    t =    64.61s Find the "العربية" StaticText
    t =    64.68s Find the "العربية" StaticText
    t =    64.75s Find the StaticText (Element at index 1)
    t =    64.83s Find the "Arabic" StaticText
    t =    64.90s Find the "Arabic" StaticText
DSC01_OS_PREREQUISITE {"fields":{"alertCountCapped16":0,"attempt":1,"foreground":true,"keyboardPresent":true,"knownControl":"arabic","knownNavigationTitles":[{"countCapped16":0,"knownTitle":"Settings"},{"countCapped16":0,"knownTitle":"General"},{"countCapped16":1,"knownTitle":"Language & Region"},{"countCapped16":0,"knownTitle":"Add Language"},{"countCapped16":0,"knownTitle":"iPhone Language"}],"selectorClasses":[{"atMostTwo":[{"enabled":true,"frame":{"present":true,"rectangle":[20,133.33333206176758,362,62],"validFiniteRectangle":true},"hittable":true}],"countCapped16":1,"kind":"cell-containing-known-text"},{"atMostTwo":[],"countCapped16":0,"kind":"known-button"},{"atMostTwo":[{"enabled":true,"frame":{"present":true,"rectangle":[36,142.33333206176758,330,20.333333333333343],"validFiniteRectangle":true},"hittable":true},{"enabled":true,"frame":{"present":true,"rectangle":[36,165.66666539510089,44.333333333333343,18.000000000000028],"validFiniteRectangle":true},"hittable":true}],"countCapped16":2,"kind":"known-text"}],"sheetCountCapped16":0,"viewport":{"present":true,"rectangle":[0,0,402,874],"validFiniteRectangle":true}},"ordinal":22,"schemaVersion":1,"stage":"selectArabic","status":"observe"}
    t =    64.97s Get number of matches for: Descendants matching type Alert
    t =    65.03s Get number of matches for: Elements containing elements matching predicate 'label IN {"Arabic", "العربية", "Arabic, العربية", "العربية, Arabic"}'
    t =    65.10s Find the Cell (First Match)
    t =    65.15s Find the Cell at {{20.0, 133.3}, {362.0, 62.0}}
    t =    65.21s Find the Cell
    t =    65.26s Find the Application 'com.apple.Preferences'
    t =    65.31s Get number of matches for: Descendants matching type Alert
    t =    65.36s Get number of matches for: Descendants matching type Sheet
    t =    65.41s Checking existence of `Keyboard (First Match)`
    t =    65.42s Get number of matches for: Elements matching predicate '"Settings" IN identifiers'
    t =    65.50s Get number of matches for: Elements matching predicate '"General" IN identifiers'
    t =    65.57s Get number of matches for: Elements matching predicate '"Language & Region" IN identifiers'
    t =    65.64s Get number of matches for: Elements matching predicate '"Add Language" IN identifiers'
    t =    65.72s Get number of matches for: Elements matching predicate '"iPhone Language" IN identifiers'
    t =    65.80s Get number of matches for: Elements containing elements matching predicate 'label IN {"Arabic", "العربية", "Arabic, العربية", "العربية, Arabic"}'
    t =    65.88s Get all elements bound by index for: Elements containing elements matching predicate 'label IN {"Arabic", "العربية", "Arabic, العربية", "العربية, Arabic"}'
    t =    65.96s Find the Cell (Element at index 0)
    t =    66.06s Find the Cell at {{20.0, 133.3}, {362.0, 62.0}}
    t =    66.14s Find the Cell
    t =    66.23s Get number of matches for: Elements matching predicate 'label IN {"Arabic", "العربية", "Arabic, العربية", "العربية, Arabic"}'
    t =    66.30s Get all elements bound by index for: Elements matching predicate 'label IN {"Arabic", "العربية", "Arabic, العربية", "العربية, Arabic"}'
    t =    66.38s Get number of matches for: Elements matching predicate 'label IN {"Arabic", "العربية", "Arabic, العربية", "العربية, Arabic"}'
    t =    66.45s Get all elements bound by index for: Elements matching predicate 'label IN {"Arabic", "العربية", "Arabic, العربية", "العربية, Arabic"}'
    t =    66.53s Find the StaticText (Element at index 0)
    t =    66.62s Find the "العربية" StaticText
    t =    66.70s Find the "العربية" StaticText
    t =    66.79s Find the StaticText (Element at index 1)
    t =    66.88s Find the "Arabic" StaticText
    t =    66.96s Find the "Arabic" StaticText
DSC01_OS_PREREQUISITE {"fields":{"alertCountCapped16":0,"foreground":true,"keyboardPresent":true,"knownControl":"arabic","knownNavigationTitles":[{"countCapped16":0,"knownTitle":"Settings"},{"countCapped16":0,"knownTitle":"General"},{"countCapped16":1,"knownTitle":"Language & Region"},{"countCapped16":0,"knownTitle":"Add Language"},{"countCapped16":0,"knownTitle":"iPhone Language"}],"selectorClasses":[{"atMostTwo":[{"enabled":true,"frame":{"present":true,"rectangle":[20,133.33333206176758,362,62],"validFiniteRectangle":true},"hittable":true}],"countCapped16":1,"kind":"cell-containing-known-text"},{"atMostTwo":[],"countCapped16":0,"kind":"known-button"},{"atMostTwo":[{"enabled":true,"frame":{"present":true,"rectangle":[36,142.33333206176758,330,20.333333333333343],"validFiniteRectangle":true},"hittable":true},{"enabled":true,"frame":{"present":true,"rectangle":[36,165.66666539510089,44.333333333333343,18.000000000000028],"validFiniteRectangle":true},"hittable":true}],"countCapped16":2,"kind":"known-text"}],"sheetCountCapped16":0,"viewport":{"present":true,"rectangle":[0,0,402,874],"validFiniteRectangle":true}},"ordinal":23,"schemaVersion":1,"stage":"selectArabic","status":"before-activation"}
    t =    67.09s Find the Cell at {{20.0, 133.3}, {362.0, 62.0}}
    t =    67.15s Find the Cell at {{20.0, 133.3}, {362.0, 62.0}}
    t =    67.19s Get number of matches for: Descendants matching type Alert
    t =    67.25s Tap Cell
    t =    67.25s     Wait for com.apple.Preferences to idle
    t =    67.25s     Find the Cell
    t =    67.29s     Check for interrupting elements affecting Cell
    t =    67.35s     Synthesize event
    t =    67.65s     Wait for com.apple.Preferences to idle
    t =    68.39s Find the Application 'com.apple.Preferences'
    t =    68.44s Get number of matches for: Descendants matching type Alert
    t =    68.48s Get number of matches for: Descendants matching type Sheet
    t =    68.53s Checking existence of `Keyboard (First Match)`
    t =    68.62s Get number of matches for: Elements matching predicate '"Settings" IN identifiers'
    t =    68.69s Get number of matches for: Elements matching predicate '"General" IN identifiers'
    t =    68.75s Get number of matches for: Elements matching predicate '"Language & Region" IN identifiers'
    t =    68.82s Get number of matches for: Elements matching predicate '"Add Language" IN identifiers'
    t =    68.88s Get number of matches for: Elements matching predicate '"iPhone Language" IN identifiers'
    t =    68.96s Get number of matches for: Elements containing elements matching predicate 'label IN {"Arabic", "العربية", "Arabic, العربية", "العربية, Arabic"}'
    t =    69.02s Get all elements bound by index for: Elements containing elements matching predicate 'label IN {"Arabic", "العربية", "Arabic, العربية", "العربية, Arabic"}'
    t =    69.08s Find the Cell (Element at index 0)
    t =    69.16s Find the Cell at {{20.0, 133.3}, {362.0, 62.0}}
    t =    69.22s Find the Cell
    t =    69.29s Get number of matches for: Elements matching predicate 'label IN {"Arabic", "العربية", "Arabic, العربية", "العربية, Arabic"}'
    t =    69.36s Get all elements bound by index for: Elements matching predicate 'label IN {"Arabic", "العربية", "Arabic, العربية", "العربية, Arabic"}'
    t =    69.42s Get number of matches for: Elements matching predicate 'label IN {"Arabic", "العربية", "Arabic, العربية", "العربية, Arabic"}'
    t =    69.48s Get all elements bound by index for: Elements matching predicate 'label IN {"Arabic", "العربية", "Arabic, العربية", "العربية, Arabic"}'
    t =    69.55s Find the StaticText (Element at index 0)
    t =    69.62s Find the "العربية" StaticText
    t =    69.69s Find the "العربية" StaticText
    t =    69.75s Find the StaticText (Element at index 1)
    t =    69.82s Find the "Arabic" StaticText
    t =    69.89s Find the "Arabic" StaticText
DSC01_OS_PREREQUISITE {"fields":{"alertCountCapped16":0,"foreground":true,"keyboardPresent":false,"knownControl":"arabic","knownNavigationTitles":[{"countCapped16":0,"knownTitle":"Settings"},{"countCapped16":0,"knownTitle":"General"},{"countCapped16":1,"knownTitle":"Language & Region"},{"countCapped16":0,"knownTitle":"Add Language"},{"countCapped16":0,"knownTitle":"iPhone Language"}],"selectorClasses":[{"atMostTwo":[{"enabled":true,"frame":{"present":true,"rectangle":[20,133.33333206176758,362,62],"validFiniteRectangle":true},"hittable":false}],"countCapped16":1,"kind":"cell-containing-known-text"},{"atMostTwo":[],"countCapped16":0,"kind":"known-button"},{"atMostTwo":[{"enabled":true,"frame":{"present":true,"rectangle":[36,142.33333206176758,330,20.333333333333343],"validFiniteRectangle":true},"hittable":false},{"enabled":true,"frame":{"present":true,"rectangle":[36,165.66666539510089,44.333333333333343,18.000000000000028],"validFiniteRectangle":true},"hittable":false}],"countCapped16":2,"kind":"known-text"}],"sheetCountCapped16":1,"viewport":{"present":true,"rectangle":[0,0,402,874],"validFiniteRectangle":true}},"ordinal":24,"schemaVersion":1,"stage":"selectArabic","status":"after-activation"}
    t =    69.95s Find the Application 'com.apple.Preferences'
    t =    70.00s Get number of matches for: Descendants matching type Alert
    t =    70.04s Get number of matches for: Descendants matching type Sheet
    t =    70.09s Checking existence of `Keyboard (First Match)`
    t =    70.18s Get number of matches for: Elements matching predicate '"Settings" IN identifiers'
    t =    70.25s Get number of matches for: Elements matching predicate '"General" IN identifiers'
    t =    70.31s Get number of matches for: Elements matching predicate '"Language & Region" IN identifiers'
    t =    70.38s Get number of matches for: Elements matching predicate '"Add Language" IN identifiers'
    t =    70.44s Get number of matches for: Elements matching predicate '"iPhone Language" IN identifiers'
    t =    70.50s Get number of matches for: Descendants matching type Alert
    t =    70.54s Get number of matches for: Descendants matching type Button
    t =    70.59s Get number of matches for: Elements matching predicate 'label IN {"Use English", "Keep English", "Use English (US)"}'
    t =    70.65s Get number of matches for: Descendants matching type Sheet
    t =    70.70s Get number of matches for: Descendants matching type Button
    t =    70.75s Get number of matches for: Elements matching predicate 'label IN {"Use English", "Keep English", "Use English (US)"}'
DSC01_OS_PREREQUISITE {"fields":{"alertCountCapped16":0,"foreground":true,"keyboardPresent":false,"knownNavigationTitles":[{"countCapped16":0,"knownTitle":"Settings"},{"countCapped16":0,"knownTitle":"General"},{"countCapped16":1,"knownTitle":"Language & Region"},{"countCapped16":0,"knownTitle":"Add Language"},{"countCapped16":0,"knownTitle":"iPhone Language"}],"primaryChoiceModalCounts":[{"buttonCountCapped16":0,"countCapped16":0,"englishPrimaryChoiceCountCapped16":0,"representation":"alert"},{"buttonCountCapped16":3,"countCapped16":1,"englishPrimaryChoiceCountCapped16":1,"representation":"sheet"}],"sheetCountCapped16":1,"viewport":{"present":true,"rectangle":[0,0,402,874],"validFiniteRectangle":true}},"ordinal":25,"schemaVersion":1,"stage":"retainEnglishPrimary","status":"observe"}
    t =    71.89s Get number of matches for: Descendants matching type Alert
    t =    71.94s Get number of matches for: Descendants matching type Sheet
    t =    71.99s Get number of matches for: Descendants matching type Alert
    t =    72.03s Get number of matches for: Descendants matching type Sheet
    t =    72.08s Find the Application 'com.apple.Preferences'
    t =    72.13s Get number of matches for: Descendants matching type Alert
    t =    72.17s Get number of matches for: Descendants matching type Sheet
    t =    72.22s Checking existence of `Keyboard (First Match)`
    t =    72.35s Get number of matches for: Elements matching predicate '"Settings" IN identifiers'
    t =    72.42s Get number of matches for: Elements matching predicate '"General" IN identifiers'
    t =    72.48s Get number of matches for: Elements matching predicate '"Language & Region" IN identifiers'
    t =    72.55s Get number of matches for: Elements matching predicate '"Add Language" IN identifiers'
    t =    72.62s Get number of matches for: Elements matching predicate '"iPhone Language" IN identifiers'
    t =    72.68s Get number of matches for: Descendants matching type Alert
    t =    72.73s Get number of matches for: Descendants matching type Button
    t =    72.78s Get number of matches for: Elements matching predicate 'label IN {"Use English", "Keep English", "Use English (US)"}'
    t =    72.84s Get number of matches for: Descendants matching type Sheet
    t =    72.89s Get number of matches for: Descendants matching type Button
    t =    72.94s Get number of matches for: Elements matching predicate 'label IN {"Use English", "Keep English", "Use English (US)"}'
    t =    73.00s Get number of matches for: Elements matching predicate 'label IN {"Use English", "Keep English", "Use English (US)"}'
    t =    73.01s Get number of matches for: Descendants matching type Button
DSC01_OS_PREREQUISITE {"fields":{"alertCountCapped16":0,"englishPrimaryChoiceCountCapped16":1,"foreground":true,"keyboardPresent":false,"knownNavigationTitles":[{"countCapped16":0,"knownTitle":"Settings"},{"countCapped16":0,"knownTitle":"General"},{"countCapped16":1,"knownTitle":"Language & Region"},{"countCapped16":0,"knownTitle":"Add Language"},{"countCapped16":0,"knownTitle":"iPhone Language"}],"primaryChoiceButtonCountCapped16":3,"primaryChoiceModalCounts":[{"buttonCountCapped16":0,"countCapped16":0,"englishPrimaryChoiceCountCapped16":0,"representation":"alert"},{"buttonCountCapped16":3,"countCapped16":1,"englishPrimaryChoiceCountCapped16":1,"representation":"sheet"}],"primaryChoiceRepresentation":"sheet","sheetCountCapped16":1,"viewport":{"present":true,"rectangle":[0,0,402,874],"validFiniteRectangle":true}},"ordinal":26,"schemaVersion":1,"stage":"retainEnglishPrimary","status":"before-activation"}
    t =    73.02s Get number of matches for: Descendants matching type Alert
    t =    73.07s Get number of matches for: Descendants matching type Sheet
    t =    73.12s Get number of matches for: Elements matching predicate 'label IN {"Use English", "Keep English", "Use English (US)"}'
    t =    73.13s Get number of matches for: Descendants matching type Button
    t =    73.14s Find the Button (First Match)
    t =    73.16s Find the Button (First Match)
    t =    73.18s Tap Button (First Match)
    t =    73.18s     Wait for com.apple.Preferences to idle
    t =    73.18s     Find the Button (First Match)
    t =    73.21s     Check for interrupting elements affecting "Use English (US)" Button
    t =    73.28s     Synthesize event
    t =    73.64s     Wait for com.apple.Preferences to idle
    t =    74.20s Tear Down
Test Case '-[iosAppUITests.IOSAppLaunchUITests testDSC01OSPublicBootstrap]' passed (74.537 seconds).
Test Suite 'IOSAppLaunchUITests' passed at 2026-09-10 09:26:57.009.
	 Executed 1 test, with 0 failures (0 unexpected) in 74.537 (74.539) seconds
Test Suite 'iosAppUITests.xctest' passed at 2026-09-10 09:26:57.010.
	 Executed 1 test, with 0 failures (0 unexpected) in 74.537 (74.540) seconds
Test Suite 'Selected tests' passed at 2026-09-10 09:26:57.011.
	 Executed 1 test, with 0 failures (0 unexpected) in 74.537 (74.541) seconds
2026-09-10 09:26:57.562212+0000 iosAppUITests-Runner[66517:197363] [XPCErrors] [C:1] Error received: Connection interrupted.
2026-09-10 09:27:04.919 xcodebuild[65677:194229] [MT] IDETestOperationsObserverDebug: 98.540 elapsed -- Testing started completed.
2026-09-10 09:27:04.920 xcodebuild[65677:194229] [MT] IDETestOperationsObserverDebug: 0.000 sec, +0.000 sec -- start
2026-09-10 09:27:04.920 xcodebuild[65677:194229] [MT] IDETestOperationsObserverDebug: 98.540 sec, +98.540 sec -- end

Test session results, code coverage, and logs:
	/var/folders/bl/vzjcvbz95c3dk19cb0fw46180000gn/T/parlor-audit-ios-readiness-39-39q12mj2/bootstrap.xcresult

** TEST EXECUTE SUCCEEDED **

Testing started
