test_actual_run_native_requests_mode_and_refuses_unsafe_evidence_before_a_second_lane (scripts.release.tests.test_native_continuation.DirectLifecycleAdapterTest.test_actual_run_native_requests_mode_and_refuses_unsafe_evidence_before_a_second_lane) ... ok
test_complete_synthetic_cleanup_is_not_runtime_pass_and_legacy_is_not_new_authority (scripts.release.tests.test_native_continuation.DirectLifecycleAdapterTest.test_complete_synthetic_cleanup_is_not_runtime_pass_and_legacy_is_not_new_authority) ... ok
test_l08_only_uses_actual_a_adapter_guards_without_b_claim_or_directory (scripts.release.tests.test_native_continuation.DirectLifecycleAdapterTest.test_l08_only_uses_actual_a_adapter_guards_without_b_claim_or_directory) ... ok
test_prebuild_cleanup_requires_explicit_matching_no_build_marker_not_missing_log_inference (scripts.release.tests.test_native_continuation.DirectLifecycleAdapterTest.test_prebuild_cleanup_requires_explicit_matching_no_build_marker_not_missing_log_inference) ... ok
test_rehashed_journal_cannot_change_custody_intent_order_source_or_absence (scripts.release.tests.test_native_continuation.DirectLifecycleAdapterTest.test_rehashed_journal_cannot_change_custody_intent_order_source_or_absence) ... ok
test_schema_malformed_missing_mode_reap_barrier_identity_and_preservation_fail_closed (scripts.release.tests.test_native_continuation.DirectLifecycleAdapterTest.test_schema_malformed_missing_mode_reap_barrier_identity_and_preservation_fail_closed) ... ok
test_artifact_cannot_come_from_another_repository_or_run (scripts.release.tests.test_native_continuation.NativeArtifactTest.test_artifact_cannot_come_from_another_repository_or_run) ... ok
test_authenticated_api_is_read_only_and_fixed_to_the_same_repository (scripts.release.tests.test_native_continuation.NativeArtifactTest.test_authenticated_api_is_read_only_and_fixed_to_the_same_repository) ... ok
test_download_rejects_untrusted_or_plaintext_redirects (scripts.release.tests.test_native_continuation.NativeArtifactTest.test_download_rejects_untrusted_or_plaintext_redirects) ... ok
test_exact_preflight_zip_and_package_are_accepted_without_execution (scripts.release.tests.test_native_continuation.NativeArtifactTest.test_exact_preflight_zip_and_package_are_accepted_without_execution) ... ok
test_package_cannot_claim_runtime_pass_or_accept_duplicate_json_keys (scripts.release.tests.test_native_continuation.NativeArtifactTest.test_package_cannot_claim_runtime_pass_or_accept_duplicate_json_keys) ... ok
test_package_rejects_root_source_attempt_binding_or_review_hash_drift (scripts.release.tests.test_native_continuation.NativeArtifactTest.test_package_rejects_root_source_attempt_binding_or_review_hash_drift) ... ok
test_producer_requires_exact_successful_attempt_source_workflow_and_artifact (scripts.release.tests.test_native_continuation.NativeArtifactTest.test_producer_requires_exact_successful_attempt_source_workflow_and_artifact) ... ok
test_retained_api_observation_supports_offline_validation_without_urls_or_actor_data (scripts.release.tests.test_native_continuation.NativeArtifactTest.test_retained_api_observation_supports_offline_validation_without_urls_or_actor_data) ... ok
test_signed_download_never_forwards_the_api_token (scripts.release.tests.test_native_continuation.NativeArtifactTest.test_signed_download_never_forwards_the_api_token) ... ok
test_zip_has_independent_archive_and_member_size_limits (scripts.release.tests.test_native_continuation.NativeArtifactTest.test_zip_has_independent_archive_and_member_size_limits) ... ok
test_zip_refuses_path_traversal_extras_duplicates_and_missing_entries (scripts.release.tests.test_native_continuation.NativeArtifactTest.test_zip_refuses_path_traversal_extras_duplicates_and_missing_entries) ... ok
test_zip_refuses_symlink_fifo_and_encrypted_members (scripts.release.tests.test_native_continuation.NativeArtifactTest.test_zip_refuses_symlink_fifo_and_encrypted_members) ... ok
test_archived_a16_and_b15_actual_cleanup_shapes_remain_compatible (scripts.release.tests.test_native_continuation.NativeCleanupTest.test_archived_a16_and_b15_actual_cleanup_shapes_remain_compatible) ... ok
test_changed_hash_inode_or_symlink_prevents_any_cleanup_deletion (scripts.release.tests.test_native_continuation.NativeCleanupTest.test_changed_hash_inode_or_symlink_prevents_any_cleanup_deletion) ... ok
test_cleanup_refuses_contradictory_worker_holder_source_or_stop_receipts (scripts.release.tests.test_native_continuation.NativeCleanupTest.test_cleanup_refuses_contradictory_worker_holder_source_or_stop_receipts) ... ok
test_cleanup_removes_only_owned_outputs_after_successful_upload (scripts.release.tests.test_native_continuation.NativeCleanupTest.test_cleanup_removes_only_owned_outputs_after_successful_upload) ... ok
test_directory_read_failure_cannot_be_silently_omitted_from_preservation (scripts.release.tests.test_native_continuation.NativeCleanupTest.test_directory_read_failure_cannot_be_silently_omitted_from_preservation) ... ok
test_failed_missing_upload_or_unsafe_cleanup_preserves_last_local_custody (scripts.release.tests.test_native_continuation.NativeCleanupTest.test_failed_missing_upload_or_unsafe_cleanup_preserves_last_local_custody) ... ok
test_failed_strict_receipt_can_be_cleanup_safe_without_becoming_pass (scripts.release.tests.test_native_continuation.NativeCleanupTest.test_failed_strict_receipt_can_be_cleanup_safe_without_becoming_pass) ... ok
test_l08_only_cleanup_binds_selection_and_removes_only_its_exact_a_directory (scripts.release.tests.test_native_continuation.NativeCleanupTest.test_l08_only_cleanup_binds_selection_and_removes_only_its_exact_a_directory) ... ok
test_l08_only_status_never_synthesizes_combined_pass_or_invokes_b (scripts.release.tests.test_native_continuation.NativeCleanupTest.test_l08_only_status_never_synthesizes_combined_pass_or_invokes_b) ... ok
test_malformed_native_receipt_is_preserved_before_parsing (scripts.release.tests.test_native_continuation.NativeCleanupTest.test_malformed_native_receipt_is_preserved_before_parsing) ... ok
test_missing_receipt_and_partial_preservation_retain_available_raw_logs (scripts.release.tests.test_native_continuation.NativeCleanupTest.test_missing_receipt_and_partial_preservation_retain_available_raw_logs) ... ok
test_native_a_partial_runs_b_but_unsafe_cleanup_does_not (scripts.release.tests.test_native_continuation.NativeCleanupTest.test_native_a_partial_runs_b_but_unsafe_cleanup_does_not) ... ok
test_native_timeout_sends_term_and_waits_for_finalizer_without_kill (scripts.release.tests.test_native_continuation.NativeCleanupTest.test_native_timeout_sends_term_and_waits_for_finalizer_without_kill) ... ok
test_native_unfinished_finalizer_keeps_cleanup_unsafe_and_does_not_kill (scripts.release.tests.test_native_continuation.NativeCleanupTest.test_native_unfinished_finalizer_keeps_cleanup_unsafe_and_does_not_kill) ... ok
test_post_descriptor_hardlink_or_mode_change_is_not_hidden_by_stable_path_inode (scripts.release.tests.test_native_continuation.NativeCleanupTest.test_post_descriptor_hardlink_or_mode_change_is_not_hidden_by_stable_path_inode) ... ok
test_postqualification_deletion_failure_is_not_reported_as_pass (scripts.release.tests.test_native_continuation.NativeCleanupTest.test_postqualification_deletion_failure_is_not_reported_as_pass) ... ok
test_prebuild_toolchain_failure_does_not_invent_a_gradle_attempt (scripts.release.tests.test_native_continuation.NativeCleanupTest.test_prebuild_toolchain_failure_does_not_invent_a_gradle_attempt) ... ok
test_signal_during_popen_assignment_is_forwarded_after_exact_child_is_known (scripts.release.tests.test_native_continuation.NativeCleanupTest.test_signal_during_popen_assignment_is_forwarded_after_exact_child_is_known) ... ok
test_unsafe_file_descriptor_or_symlink_is_rejected (scripts.release.tests.test_native_continuation.NativeCleanupTest.test_unsafe_file_descriptor_or_symlink_is_rejected) ... ok
test_unselected_b_claims_or_scope_selection_status_drift_refuse_all_cleanup_deletion (scripts.release.tests.test_native_continuation.NativeCleanupTest.test_unselected_b_claims_or_scope_selection_status_drift_refuse_all_cleanup_deletion) ... ok
test_a21_shaped_timeout_negative_exit_and_unreached_xcode_exit_assignment_still_block_b (scripts.release.tests.test_native_continuation.NativeInnerFailureAdmissionTest.test_a21_shaped_timeout_negative_exit_and_unreached_xcode_exit_assignment_still_block_b) ... ok
test_b_admission_oracle_detects_a_mutant_that_ignores_inner_execution_failure (scripts.release.tests.test_native_continuation.NativeInnerFailureAdmissionTest.test_b_admission_oracle_detects_a_mutant_that_ignores_inner_execution_failure) ... ok
test_b_budget_denial_after_actual_safe_a_keeps_a_cleanup_authority_and_has_no_b_child_or_receipt (scripts.release.tests.test_native_continuation.NativeInnerFailureAdmissionTest.test_b_budget_denial_after_actual_safe_a_keeps_a_cleanup_authority_and_has_no_b_child_or_receipt) ... ok
test_direct_runtimeerror_timeout_code_refuses_b_after_truthful_prebuild_cleanup (scripts.release.tests.test_native_continuation.NativeInnerFailureAdmissionTest.test_direct_runtimeerror_timeout_code_refuses_b_after_truthful_prebuild_cleanup) ... ok
test_independent_command_type_and_code_oracles_kill_only_their_actual_classifier_guard_mutant (scripts.release.tests.test_native_continuation.NativeInnerFailureAdmissionTest.test_independent_command_type_and_code_oracles_kill_only_their_actual_classifier_guard_mutant) ... ok
test_inner_command_timeout_or_cancellation_refuses_b_even_when_top_error_is_ordinary (scripts.release.tests.test_native_continuation.NativeInnerFailureAdmissionTest.test_inner_command_timeout_or_cancellation_refuses_b_even_when_top_error_is_ordinary) ... ok
test_inner_markers_and_deferred_signal_shapes_are_exact_not_truthy (scripts.release.tests.test_native_continuation.NativeInnerFailureAdmissionTest.test_inner_markers_and_deferred_signal_shapes_are_exact_not_truthy) ... ok
test_inner_receipt_timeout_or_cancellation_refuses_b_despite_complete_cleanup_and_no_outer_signal (scripts.release.tests.test_native_continuation.NativeInnerFailureAdmissionTest.test_inner_receipt_timeout_or_cancellation_refuses_b_despite_complete_cleanup_and_no_outer_signal) ... ok
test_malformed_command_collections_are_refused_before_b_and_preserved_raw (scripts.release.tests.test_native_continuation.NativeInnerFailureAdmissionTest.test_malformed_command_collections_are_refused_before_b_and_preserved_raw) ... ok
test_ordinary_strict_failure_still_admits_independent_b_without_reclassifying_a (scripts.release.tests.test_native_continuation.NativeInnerFailureAdmissionTest.test_ordinary_strict_failure_still_admits_independent_b_without_reclassifying_a) ... ok
test_outer_signaled_or_malformed_exit_denies_b_even_when_inner_execution_and_cleanup_are_valid (scripts.release.tests.test_native_continuation.NativeInnerFailureAdmissionTest.test_outer_signaled_or_malformed_exit_denies_b_even_when_inner_execution_and_cleanup_are_valid) ... ok
test_present_malformed_inner_error_shapes_never_become_absent_error_success (scripts.release.tests.test_native_continuation.NativeInnerFailureAdmissionTest.test_present_malformed_inner_error_shapes_never_become_absent_error_success) ... ok
test_secondary_and_raw_preservation_interruptions_or_bad_shapes_deny_b_separately (scripts.release.tests.test_native_continuation.NativeInnerFailureAdmissionTest.test_secondary_and_raw_preservation_interruptions_or_bad_shapes_deny_b_separately) ... ok
test_semantic_direct_timeout_codes_are_rejected_independently_of_negative_exit_guard (scripts.release.tests.test_native_continuation.NativeInnerFailureAdmissionTest.test_semantic_direct_timeout_codes_are_rejected_independently_of_negative_exit_guard) ... ok
test_signaled_or_malformed_command_exit_without_a_python_primary_cannot_admit_b (scripts.release.tests.test_native_continuation.NativeInnerFailureAdmissionTest.test_signaled_or_malformed_command_exit_without_a_python_primary_cannot_admit_b) ... ok
test_actual_consumer_uses_shared_raw_kernel_clock_not_python_process_or_wall_clock (scripts.release.tests.test_native_continuation.NativeJobBudgetAdmissionTest.test_actual_consumer_uses_shared_raw_kernel_clock_not_python_process_or_wall_clock) ... ok
test_clock_context_schema_and_start_are_exact_not_coercible (scripts.release.tests.test_native_continuation.NativeJobBudgetAdmissionTest.test_clock_context_schema_and_start_are_exact_not_coercible) ... ok
test_fresh_a_and_b_require_complete_unchanged_child_grace_and_cleanup_reserve (scripts.release.tests.test_native_continuation.NativeJobBudgetAdmissionTest.test_fresh_a_and_b_require_complete_unchanged_child_grace_and_cleanup_reserve) ... ok
test_full_budget_boundary_is_nanosecond_exact_without_shrinking_wait_or_grace (scripts.release.tests.test_native_continuation.NativeJobBudgetAdmissionTest.test_full_budget_boundary_is_nanosecond_exact_without_shrinking_wait_or_grace) ... ok
test_future_clock_and_non_evidence_scope_fail_closed (scripts.release.tests.test_native_continuation.NativeJobBudgetAdmissionTest.test_future_clock_and_non_evidence_scope_fail_closed) ... ok
test_l08_only_never_admits_unselected_b_or_bypasses_a_budget (scripts.release.tests.test_native_continuation.NativeJobBudgetAdmissionTest.test_l08_only_never_admits_unselected_b_or_bypasses_a_budget) ... ok
test_missing_malformed_duplicated_or_unbounded_clock_denies_before_any_ownership_reset (scripts.release.tests.test_native_continuation.NativeJobBudgetAdmissionTest.test_missing_malformed_duplicated_or_unbounded_clock_denies_before_any_ownership_reset) ... ok
test_preownership_denial_oracle_detects_mutant_that_skips_budget_admission (scripts.release.tests.test_native_continuation.NativeJobBudgetAdmissionTest.test_preownership_denial_oracle_detects_mutant_that_skips_budget_admission) ... ok
test_unavailable_kernel_clock_is_durably_denied_without_creating_a_run (scripts.release.tests.test_native_continuation.NativeJobBudgetAdmissionTest.test_unavailable_kernel_clock_is_durably_denied_without_creating_a_run) ... ok
test_fetch_rejects_zip_digest_before_install_and_live_control_drift_before_build (scripts.release.tests.test_native_continuation.NativePreflightTest.test_fetch_rejects_zip_digest_before_install_and_live_control_drift_before_build) ... ok
test_preflight_only_binds_and_observes_exact_four_file_package (scripts.release.tests.test_native_continuation.NativePreflightTest.test_preflight_only_binds_and_observes_exact_four_file_package) ... ok
test_frozen_context_requires_source_branch_workflow_and_full_history (scripts.release.tests.test_native_continuation.NativeScopeTest.test_frozen_context_requires_source_branch_workflow_and_full_history) ... ok
test_invalid_selection_is_rejected_by_cli_and_constructor_before_native_resources (scripts.release.tests.test_native_continuation.NativeScopeTest.test_invalid_selection_is_rejected_by_cli_and_constructor_before_native_resources) ... ok
test_l08_only_selection_and_b_not_run_are_bound_even_when_a_fails (scripts.release.tests.test_native_continuation.NativeScopeTest.test_l08_only_selection_and_b_not_run_are_bound_even_when_a_fails) ... ok
test_native_selection_defaults_to_paired_and_is_closed (scripts.release.tests.test_native_continuation.NativeScopeTest.test_native_selection_defaults_to_paired_and_is_closed) ... ok
test_only_explicit_supported_dispatch_scopes_are_accepted (scripts.release.tests.test_native_continuation.NativeScopeTest.test_only_explicit_supported_dispatch_scopes_are_accepted) ... ok
test_probe_executor_is_injected_without_replacing_default_commands (scripts.release.tests.test_native_continuation.NativeScopeTest.test_probe_executor_is_injected_without_replacing_default_commands) ... ok
test_push_and_pr_always_select_full_even_if_input_is_present (scripts.release.tests.test_native_continuation.NativeScopeTest.test_push_and_pr_always_select_full_even_if_input_is_present) ... ok

----------------------------------------------------------------------
Ran 71 tests in 2.564s

OK
