test_acceptance_sources_stay_byte_identical_and_diagnostics_cannot_supply_pass (test_image_text_layout_diagnostic.ImageTextLayoutDiagnosticTests.test_acceptance_sources_stay_byte_identical_and_diagnostics_cannot_supply_pass) ... ok
test_changed_artifact_helper_or_failure_record_after_tool_cannot_publish (test_image_text_layout_diagnostic.ImageTextLayoutDiagnosticTests.test_changed_artifact_helper_or_failure_record_after_tool_cannot_publish) ... ok
test_changed_artifact_or_helper_before_tool_fails_fast (test_image_text_layout_diagnostic.ImageTextLayoutDiagnosticTests.test_changed_artifact_or_helper_before_tool_fails_fast) ... ok
test_descriptor_file_hash_and_no_follow_bounds (test_image_text_layout_diagnostic.ImageTextLayoutDiagnosticTests.test_descriptor_file_hash_and_no_follow_bounds) ... ok
test_exact_closed_layout_uuid_host_page_size_and_no_interval_normalization (test_image_text_layout_diagnostic.ImageTextLayoutDiagnosticTests.test_exact_closed_layout_uuid_host_page_size_and_no_interval_normalization) ... ok
test_host_page_size_must_be_measured_valid_not_guessed (test_image_text_layout_diagnostic.ImageTextLayoutDiagnosticTests.test_host_page_size_must_be_measured_valid_not_guessed) ... ok
test_invalid_native_uuid_or_output_keeps_failure_not_diagnostic_pass (test_image_text_layout_diagnostic.ImageTextLayoutDiagnosticTests.test_invalid_native_uuid_or_output_keeps_failure_not_diagnostic_pass) ... ok
test_kernel_timeout_cancellation_and_abnormal_exit_never_run_layout_tool (test_image_text_layout_diagnostic.ImageTextLayoutDiagnosticTests.test_kernel_timeout_cancellation_and_abnormal_exit_never_run_layout_tool) ... ok
test_native_fields_retain_extremes_and_unknown_protection_without_acceptance (test_image_text_layout_diagnostic.ImageTextLayoutDiagnosticTests.test_native_fields_retain_extremes_and_unknown_protection_without_acceptance) ... ok
test_only_completed_sole_span_failure_is_eligible (test_image_text_layout_diagnostic.ImageTextLayoutDiagnosticTests.test_only_completed_sole_span_failure_is_eligible) ... ok
test_other_native_failure_and_incomplete_reply_do_not_trigger_layout_work (test_image_text_layout_diagnostic.ImageTextLayoutDiagnosticTests.test_other_native_failure_and_incomplete_reply_do_not_trigger_layout_work) ... ok
test_otool_framing_duplicates_missing_fields_and_numeric_overflow_rejected (test_image_text_layout_diagnostic.ImageTextLayoutDiagnosticTests.test_otool_framing_duplicates_missing_fields_and_numeric_overflow_rejected) ... ok
test_postlaunch_timeout_reaped_child_removes_exact_owned_raw (test_image_text_layout_diagnostic.ImageTextLayoutDiagnosticTests.test_postlaunch_timeout_reaped_child_removes_exact_owned_raw) ... ok
test_postlaunch_timeout_stop_failure_retains_raw_for_outer_finalizer (test_image_text_layout_diagnostic.ImageTextLayoutDiagnosticTests.test_postlaunch_timeout_stop_failure_retains_raw_for_outer_finalizer) ... ok
test_postlaunch_timeout_unresolved_exit_retains_raw_for_outer_finalizer (test_image_text_layout_diagnostic.ImageTextLayoutDiagnosticTests.test_postlaunch_timeout_unresolved_exit_retains_raw_for_outer_finalizer) ... ok
test_prelaunch_failures_retain_raw_but_completed_owned_failures_remove_it (test_image_text_layout_diagnostic.ImageTextLayoutDiagnosticTests.test_prelaunch_failures_retain_raw_but_completed_owned_failures_remove_it) ... ok
test_real_command_failure_collects_one_bound_diagnostic_and_rethrows_original (test_image_text_layout_diagnostic.ImageTextLayoutDiagnosticTests.test_real_command_failure_collects_one_bound_diagnostic_and_rethrows_original) ... ok
test_same_uid_regular_replacement_is_neither_decoded_nor_unlinked (test_image_text_layout_diagnostic.ImageTextLayoutDiagnosticTests.test_same_uid_regular_replacement_is_neither_decoded_nor_unlinked) ... ok
test_section_fields_and_unrelated_commands_cannot_substitute_for_segment (test_image_text_layout_diagnostic.ImageTextLayoutDiagnosticTests.test_section_fields_and_unrelated_commands_cannot_substitute_for_segment) ... ok
test_stale_output_or_redirection_is_not_overwritten_or_deleted (test_image_text_layout_diagnostic.ImageTextLayoutDiagnosticTests.test_stale_output_or_redirection_is_not_overwritten_or_deleted) ... ok
test_unsafe_target_after_tool_prevents_hashing_or_binding_further (test_image_text_layout_diagnostic.ImageTextLayoutDiagnosticTests.test_unsafe_target_after_tool_prevents_hashing_or_binding_further) ... ok
test_unsafe_target_before_diagnostic_does_no_extra_native_work (test_image_text_layout_diagnostic.ImageTextLayoutDiagnosticTests.test_unsafe_target_before_diagnostic_does_no_extra_native_work) ... ok

----------------------------------------------------------------------
Ran 22 tests in 0.163s

OK
