test_actual_xcode_watchdog_and_interrupt_keep_primary_through_immediate_stop_and_preservation (__main__.NativeCommandFailureControls.test_actual_xcode_watchdog_and_interrupt_keep_primary_through_immediate_stop_and_preservation) ... ok
test_base_exception_during_exit_read_does_not_mask_primary (__main__.NativeCommandFailureControls.test_base_exception_during_exit_read_does_not_mask_primary) ... ok
test_base_exception_primary_and_stop_interruption_are_not_swallowed_or_substituted (__main__.NativeCommandFailureControls.test_base_exception_primary_and_stop_interruption_are_not_swallowed_or_substituted) ... ok
test_companion_failed_receipt_save_cannot_replace_an_existing_command_primary (__main__.NativeCommandFailureControls.test_companion_failed_receipt_save_cannot_replace_an_existing_command_primary) ... ok
test_companion_receipt_save_failure_without_command_primary_is_not_swallowed (__main__.NativeCommandFailureControls.test_companion_receipt_save_failure_without_command_primary_is_not_swallowed) ... ok
test_initial_poll_failure_retains_primary (__main__.NativeCommandFailureControls.test_initial_poll_failure_retains_primary) ... ok
test_normal_success_and_nonzero_results_keep_existing_fields_and_do_not_stop (__main__.NativeCommandFailureControls.test_normal_success_and_nonzero_results_keep_existing_fields_and_do_not_stop) ... ok
test_popen_failure_has_no_child_and_never_stops (__main__.NativeCommandFailureControls.test_popen_failure_has_no_child_and_never_stops) ... ok
test_primary_and_secondary_messages_are_bounded (__main__.NativeCommandFailureControls.test_primary_and_secondary_messages_are_bounded) ... ok
test_refresh_primary_survives_post_stop_poll_failure (__main__.NativeCommandFailureControls.test_refresh_primary_survives_post_stop_poll_failure) ... ok
test_refresh_primary_survives_stop_failure_as_same_exception (__main__.NativeCommandFailureControls.test_refresh_primary_survives_stop_failure_as_same_exception) ... ok
test_registration_failure_retains_primary_and_owned_stop_selection (__main__.NativeCommandFailureControls.test_registration_failure_retains_primary_and_owned_stop_selection) ... ok
test_successful_cleanup_preserves_primary_and_actual_negative_exit (__main__.NativeCommandFailureControls.test_successful_cleanup_preserves_primary_and_actual_negative_exit) ... ok
test_timeout_diagnostics_do_not_capture_raw_output_stderr_or_environment (__main__.NativeCommandFailureControls.test_timeout_diagnostics_do_not_capture_raw_output_stderr_or_environment) ... ok
test_unknown_exit_after_stop_is_not_invented_as_success (__main__.NativeCommandFailureControls.test_unknown_exit_after_stop_is_not_invented_as_success) ... ok
test_base_exception_primaries_and_secondaries_are_not_swallowed_or_substituted (__main__.NativeSimulatorMetadataFailureControls.test_base_exception_primaries_and_secondaries_are_not_swallowed_or_substituted) ... ok
test_communicate_timeout_and_stop_error_do_not_retain_raw_output (__main__.NativeSimulatorMetadataFailureControls.test_communicate_timeout_and_stop_error_do_not_retain_raw_output) ... ok
test_exact_metadata_identity_guards_still_fail_closed_without_raw_retention (__main__.NativeSimulatorMetadataFailureControls.test_exact_metadata_identity_guards_still_fail_closed_without_raw_retention) ... ok
test_no_owned_match_is_still_absent_not_a_failure (__main__.NativeSimulatorMetadataFailureControls.test_no_owned_match_is_still_absent_not_a_failure) ... ok
test_observed_exit_is_not_repolled_or_overwritten_after_successful_stop (__main__.NativeSimulatorMetadataFailureControls.test_observed_exit_is_not_repolled_or_overwritten_after_successful_stop) ... ok
test_parser_primary_is_not_replaced_and_observed_zero_remains_command_only (__main__.NativeSimulatorMetadataFailureControls.test_parser_primary_is_not_replaced_and_observed_zero_remains_command_only) ... ok
test_popen_failure_never_stops_or_invents_an_exit (__main__.NativeSimulatorMetadataFailureControls.test_popen_failure_never_stops_or_invents_an_exit) ... ok
test_post_stop_poll_error_is_secondary_and_keeps_same_primary (__main__.NativeSimulatorMetadataFailureControls.test_post_stop_poll_error_is_secondary_and_keeps_same_primary) ... ok
test_primary_and_secondary_messages_remain_bounded (__main__.NativeSimulatorMetadataFailureControls.test_primary_and_secondary_messages_remain_bounded) ... ok
test_raw_command_rejections_keep_observed_exit_despite_stop_failure (__main__.NativeSimulatorMetadataFailureControls.test_raw_command_rejections_keep_observed_exit_despite_stop_failure) ... ok
test_registration_primary_is_recorded_before_fallible_stop (__main__.NativeSimulatorMetadataFailureControls.test_registration_primary_is_recorded_before_fallible_stop) ... ok
test_success_keeps_existing_closed_metadata_and_command_contract (__main__.NativeSimulatorMetadataFailureControls.test_success_keeps_existing_closed_metadata_and_command_contract) ... ok
test_successful_stop_records_actual_negative_exit_without_swallowing_primary (__main__.NativeSimulatorMetadataFailureControls.test_successful_stop_records_actual_negative_exit_without_swallowing_primary) ... ok
test_unobserved_exit_after_stop_is_not_invented_as_zero (__main__.NativeSimulatorMetadataFailureControls.test_unobserved_exit_after_stop_is_not_invented_as_zero) ... ok

----------------------------------------------------------------------
Ran 29 tests in 2.121s

OK
