Executable=/private/var/folders/6m/vxwlbjsn7vs6h80_98w6x7p40000gn/T/parlor-audit-ios-readiness-09-cdayj8e_/DerivedData/Build/Products/Debug-iphonesimulator/Parlor.app/Parlor.debug.dylib
Identifier=Parlor.debug
Format=Mach-O thin (arm64)
CodeDirectory v=20400 size=1957 flags=0x2(adhoc) hashes=56+2 location=embedded
VersionPlatform=7
VersionMin=1048576
VersionSDK=1705216
Hash type=sha256 size=32
CandidateCDHash sha256=0730b9a3d0655f99762a6a2f9ac18e65858dfc19
CandidateCDHashFull sha256=0730b9a3d0655f99762a6a2f9ac18e65858dfc199b863648c63bbf196f6cc378
Hash choices=sha256
CMSDigest=0730b9a3d0655f99762a6a2f9ac18e65858dfc199b863648c63bbf196f6cc378
CMSDigestType=2
Executable Segment base=0
Executable Segment limit=393216
Executable Segment flags=0x0
Page size=16384
CDHash=0730b9a3d0655f99762a6a2f9ac18e65858dfc19
Signature=adhoc
Info.plist=not bound
TeamIdentifier=not set
Sealed Resources=none
Internal requirements count=0 size=12
