test_binding_destination_never_overwrites_or_traverses_a_campaign_symlink (test_controls.BindingAndImportTests) ... ok
test_explicit_binding_refuses_drift_and_never_grants_execution_approval (test_controls.BindingAndImportTests) ... ok
test_runner_import_is_read_only_and_no_longer_depends_on_archived_modules (test_controls.BindingAndImportTests) ... ok
test_build_failure_stops_immediately_and_never_normalizes_stale_output (test_controls.CopiedPhaseTests) ... ok
test_explicit_adhoc_retains_failure_stale_output_and_stop_semantics (test_controls.CopiedPhaseTests) ... ok
test_preflight_refusal_stops_without_build_or_normalizing_stale_framework (test_controls.CopiedPhaseTests) ... ok
test_stop_failure_cd_failure_and_normalizer_failure_are_not_masked (test_controls.CopiedPhaseTests) ... ok
test_success_requires_ordered_build_stop_normalize (test_controls.CopiedPhaseTests) ... ok
test_all_copy_only_kotlin_transformations_use_current_source_and_preserve_the_root (test_controls.SourceCopyTests) ... ok
test_build_copy_inventory_rejects_implicit_binding_symlinks_and_partial_inputs (test_controls.SourceCopyTests) ... ok
test_credential_trace_retains_every_actual_native_call_and_guard (test_controls.SourceCopyTests) ... ok
test_exact_simulator_name_is_shared_by_constructor_renderer_and_native_guard (test_controls.SourceCopyTests) ... ok
test_name_renderer_refuses_stale_ambiguous_or_unsafe_bindings (test_controls.SourceCopyTests) ... ok
test_protected_or_unreviewed_build_paths_cannot_enter_copy (test_controls.SourceCopyTests) ... ok
test_actual_resume_navigation_and_original_lifecycle_calls_remain (test_l08_copy.L08CopyContractTests) ... ok
test_copy_transforms_refuse_symlinked_roots_and_inputs (test_l08_copy.L08CopyContractTests) ... ok
test_every_actual_source_anchor_transforms_without_changing_repository_bytes (test_l08_copy.L08CopyContractTests) ... ok
test_mafia_settings_observation_preserves_original_updates_and_start (test_l08_copy.L08CopyContractTests) ... ok
test_missing_ambiguous_unknown_and_repeated_anchors_fail_closed (test_l08_copy.L08CopyContractTests) ... ok
test_new_parser_sources_are_python_syntax_not_runtime_evidence (test_l08_copy.L08CopyContractTests) ... ok
test_old_and_l08_transforms_compose_in_only_an_owned_temporary_copy (test_l08_copy.L08CopyContractTests) ... ok
test_registry_is_closed_and_verbatim_fixtures_match_current_source (test_l08_copy.L08CopyContractTests) ... ok
test_swift_observers_are_additive_and_old_discovery_is_unchanged (test_l08_copy.L08CopyContractTests) ... ok
test_actual_native_compose_preferences_and_system_owner_must_all_agree (test_l08_host_receipts.HostReceiptTests) ... ok
test_actual_uikit_callbacks_cannot_be_replaced_by_synthetic_counts (test_l08_host_receipts.HostReceiptTests) ... ok
test_all_runtime_counters_and_worker_errors_are_verified (test_l08_host_receipts.HostReceiptTests) ... ok
test_artifact_mismatch_is_not_swallowed (test_l08_host_receipts.HostReceiptTests) ... ok
test_complete_parser_fixture_requires_three_independent_native_artifact_bindings (test_l08_host_receipts.HostReceiptTests) ... ok
test_each_process_gets_only_its_observed_framework_plus_exact_embedded_inventory (test_l08_host_receipts.HostReceiptTests) ... ok
test_every_source_invariant_false_missing_unknown_or_nonboolean_is_rejected (test_l08_host_receipts.HostReceiptTests) ... ok
test_missing_extra_failed_or_reordered_operations_cannot_pass (test_l08_host_receipts.HostReceiptTests) ... ok
test_native_observation_must_be_unique_correct_order_and_same_boot (test_l08_host_receipts.HostReceiptTests) ... ok
test_source_identity_scopes_and_secret_fields_are_closed (test_l08_host_receipts.HostReceiptTests) ... ok
test_unobserved_missing_or_duplicate_framework_rows_fail_before_filtering (test_l08_host_receipts.HostReceiptTests) ... ok
test_xctest_missing_duplicate_different_boot_or_failure_cannot_pass (test_l08_host_receipts.HostReceiptTests) ... ok
test_actual_artifact_binding_failure_is_not_swallowed (test_l08_receipts.L08ReceiptTests) ... ok
test_both_success_and_closed_failure_observations_are_sanitized_before_preservation (test_l08_receipts.L08ReceiptTests) ... ok
test_closed_failure_preservation_is_exclusive_and_missing_steps_stay_missing (test_l08_receipts.L08ReceiptTests) ... ok
test_complete_parser_fixture_demands_thirteen_independent_real_artifact_binding_calls (test_l08_receipts.L08ReceiptTests) ... ok
test_completed_scenario_and_unique_boots_are_required (test_l08_receipts.L08ReceiptTests) ... ok
test_context_strictness_and_secret_fields (test_l08_receipts.L08ReceiptTests) ... ok
test_every_individual_invariant_false_missing_unknown_or_nonboolean_is_rejected (test_l08_receipts.L08ReceiptTests) ... ok
test_failed_boundary_record_and_failed_or_missing_xctest_are_rejected (test_l08_receipts.L08ReceiptTests) ... ok
test_missing_or_extra_operation_cannot_pass (test_l08_receipts.L08ReceiptTests) ... ok
test_reordered_operations_and_wrong_process_cannot_pass (test_l08_receipts.L08ReceiptTests) ... ok
test_result_name_inventory_is_closed_unique_and_matches_twenty_operations (test_l08_receipts.L08ReceiptTests) ... ok
test_result_reader_bounds_duplicate_fields_and_symlink (test_l08_receipts.L08ReceiptTests) ... ok
test_unknown_sensitive_fields_never_reach_durable_evidence (test_l08_receipts.L08ReceiptTests) ... ok
test_actual_foundation_encoder_redacts_and_preserves_exact_known_codes (test_native_failure_receipts.NativeFailureReceiptTests) ... ok
test_exact_bounded_stage_domain_code_and_context (test_native_failure_receipts.NativeFailureReceiptTests) ... ok
test_exclusive_bounded_file_reader (test_native_failure_receipts.NativeFailureReceiptTests) ... ok
test_failure_never_replaces_or_passes_success_oracle (test_native_failure_receipts.NativeFailureReceiptTests) ... ok
test_inexact_types_bounds_domain_or_redaction_are_rejected (test_native_failure_receipts.NativeFailureReceiptTests) ... ok
test_private_unexpected_or_nonfailure_fields_are_rejected (test_native_failure_receipts.NativeFailureReceiptTests) ... ok
test_wrong_token_boot_mode_ordinal_or_launch_context_are_rejected (test_native_failure_receipts.NativeFailureReceiptTests) ... ok
test_actual_host_foundation_alias_and_owned_origin_controls (test_native_paths.NativePathControlTests) ... PARLOR_HOST_PATH_CONTROLS {"cases": ["legacy-foundation-alias-witness-and-canonical-repair", "canonical-and-alias-product-identities", "installed-app-identity", "kgp-built-products-link-stays-owned-copy-build", "literal-roots-must-remain-canonical", "sibling-prefix-rejected-before-fingerprint", "symlink-escape-rejected-before-fingerprint", "parent-traversal-rejected-before-fingerprint", "unknown-origin-rejected-before-fingerprint", "other-owned-output-is-not-a-framework-origin", "wrong-app-relative-framework-rejected", "absent-noncandidate-skipped-but-absent-compose-fatal", "bounded-input-and-canonical-target-validation", "relative-component-and-size-guards-retained", "allowed-relative-shapes-stay-strict", "loader-paths-canonicalized-with-unavailable-and-unknown-redacted", "loader-count-entry-and-total-bounds-retained", "eligible-fingerprint-errors-remain-fatal"], "host_foundation_only": true, "physical_or_app_runtime_evidence": false, "schema_version": 1, "status": "PASS", "unknown_origin_fingerprint_calls": 0}
ok
test_exact_extraction_refuses_missing_reversed_or_duplicated_helpers (test_native_paths.NativePathControlTests) ... ok
test_runtime_wiring_keeps_owned_gate_before_reader_and_roots_immutable (test_native_paths.NativePathControlTests) ... ok
test_only_one_exact_java_tmpdir_argument_can_adopt_a_detached_worker (test_native_readiness.ExactJavaOwnershipTests) ... ok
test_all_images_including_debug_dylib_bind_to_installed_and_executed_bytes (test_native_readiness.NativeArtifactTests) ... ok
test_external_framework_is_distinct_runtime_product_not_relabelled_as_installed (test_native_readiness.NativeArtifactTests) ... ok
test_external_links_and_symlinked_metadata_are_refused (test_native_readiness.NativeArtifactTests) ... ok
test_external_product_path_sdk_symlink_bounds_and_observed_fingerprint_are_strict (test_native_readiness.NativeArtifactTests) ... ok
test_external_runtime_hash_uuid_origin_and_each_boot_must_be_bound (test_native_readiness.NativeArtifactTests) ... ok
test_internal_link_is_explicit_and_unsafe_relative_names_fail (test_native_readiness.NativeArtifactTests) ... ok
test_loader_environment_retains_only_bounded_task_relative_metadata (test_native_readiness.NativeArtifactTests) ... ok
test_missing_debug_image_tampered_install_or_unbound_executed_image_fail (test_native_readiness.NativeArtifactTests) ... ok
test_native_observer_uses_exact_owned_source_anchors_not_environment_inference (test_native_readiness.NativeArtifactTests) ... ok
test_uuid_architecture_receipt_is_exact_and_not_a_signature_claim (test_native_readiness.NativeArtifactTests) ... ok
test_boot_and_xctest_framework_observations_must_match (test_native_readiness.NativeReceiptTests) ... ok
test_bound_types_privacy_and_exact_production_status_mapping (test_native_readiness.NativeReceiptTests) ... ok
test_cleanup_exact_context_original_absence_and_source_completion_are_required (test_native_readiness.NativeReceiptTests) ... ok
test_cleanup_reader_is_bounded_exclusive_path_safe_and_duplicate_key_strict (test_native_readiness.NativeReceiptTests) ... ok
test_complete_synthetic_eight_launch_matrix_is_parseable_not_runtime_proof (test_native_readiness.NativeReceiptTests) ... ok
test_exact_native_missing_entitlement_is_not_healthy_storage_or_an_invented_root_cause (test_native_readiness.NativeReceiptTests) ... ok
test_explicit_mode_binds_every_boot_and_xctest_row_without_claiming_store_signing (test_native_readiness.NativeReceiptTests) ... ok
test_loss_or_corruption_after_successful_write_fails_the_gate (test_native_readiness.NativeReceiptTests) ... ok
test_missing_value_after_failed_write_remains_blocked_not_durability_failure (test_native_readiness.NativeReceiptTests) ... ok
test_native_success_followed_by_secure_failure_is_fail_not_entitlement_attribution (test_native_readiness.NativeReceiptTests) ... ok
test_retained_value_after_successful_remove_is_fail_and_after_failed_remove_is_blocked (test_native_readiness.NativeReceiptTests) ... ok
test_stdout_cleanup_claim_cannot_replace_a_durable_boot_bound_receipt (test_native_readiness.NativeReceiptTests) ... ok
test_unbound_launch_missing_cleanup_reuse_and_short_stability_train_fail (test_native_readiness.NativeReceiptTests) ... ok
test_write_duplicate_retry_trace_requires_all_actual_calls (test_native_readiness.NativeReceiptTests) ... ok
test_baseline_cannot_rebase_or_reorder_and_one_real_action_receipt_remains_required (test_os_preference_receipts.ExactOSPreferenceTests) ... ok
test_forged_previous_array_or_missing_restarted_before_app_value_fails (test_os_preference_receipts.ExactOSPreferenceTests) ... ok
test_observed_absence_is_never_reported_as_present_coverage (test_os_preference_receipts.ExactOSPreferenceTests) ... ok
test_present_arabic_preference_is_preserved_through_english_system_and_restart (test_os_preference_receipts.ExactOSPreferenceTests) ... ok
test_unavailable_os_selection_remains_blocked_and_may_not_invent_a_baseline (test_os_preference_receipts.ExactOSPreferenceTests) ... ok
test_attested_pair_removed_only_after_workers_stop (test_secondary_fifo.SecondaryFifoSafetyTest) ... ok
test_cached_pair_still_rechecks_changed_inode (test_secondary_fifo.SecondaryFifoSafetyTest) ... ok
test_cached_pair_still_rechecks_inode_uid_and_symlink (test_secondary_fifo.SecondaryFifoSafetyTest) ... ok
test_changed_child_or_parent_start_cannot_use_attested_pair (test_secondary_fifo.SecondaryFifoSafetyTest) ... ok
test_current_new_pair_cannot_hide_behind_members_old_argv (test_secondary_fifo.SecondaryFifoSafetyTest) ... ok
test_file_holder_prevents_any_unlink (test_secondary_fifo.SecondaryFifoSafetyTest) ... ok
test_fully_attested_same_identity_and_pair_avoids_redundant_uid_query (test_secondary_fifo.SecondaryFifoSafetyTest) ... ok
test_holder_query_error_never_becomes_empty_holder_success (test_secondary_fifo.SecondaryFifoSafetyTest) ... ok
test_initial_uid_query_failure_never_attests_or_deletes_paths (test_secondary_fifo.SecondaryFifoSafetyTest) ... ok
test_inode_uid_mismatch_is_not_owned (test_secondary_fifo.SecondaryFifoSafetyTest) ... ok
test_missing_or_duplicate_flags_rejected (test_secondary_fifo.SecondaryFifoSafetyTest) ... ok
test_missing_unattested_then_late_created_fifo_blocks_cleanup (test_secondary_fifo.SecondaryFifoSafetyTest) ... ok
test_new_pair_argv_change_during_uid_attestation_is_rejected (test_secondary_fifo.SecondaryFifoSafetyTest) ... ok
test_partial_record_or_pending_claim_cannot_use_cached_uid (test_secondary_fifo.SecondaryFifoSafetyTest) ... ok
test_pid_reuse_during_cleanup_preserves_files (test_secondary_fifo.SecondaryFifoSafetyTest) ... ok
test_pid_reuse_during_observation_rejected (test_secondary_fifo.SecondaryFifoSafetyTest) ... ok
test_preexisting_parent_birthtime_rejects_new_fifo (test_secondary_fifo.SecondaryFifoSafetyTest) ... ok
test_process_uid_mismatch_is_not_owned (test_secondary_fifo.SecondaryFifoSafetyTest) ... ok
test_replaced_inode_rejected (test_secondary_fifo.SecondaryFifoSafetyTest) ... ok
test_stale_preexisting_fifo_is_not_owned (test_secondary_fifo.SecondaryFifoSafetyTest) ... ok
test_symlink_fifo_not_followed_or_deleted (test_secondary_fifo.SecondaryFifoSafetyTest) ... ok
test_symlink_parent_not_followed (test_secondary_fifo.SecondaryFifoSafetyTest) ... ok
test_timeout_or_cancellation_cleanup_uses_same_attestation (test_secondary_fifo.SecondaryFifoSafetyTest) ... ok
test_unknown_directory_contents_preserve_all (test_secondary_fifo.SecondaryFifoSafetyTest) ... ok
test_unknown_external_argument_is_rejected (test_secondary_fifo.SecondaryFifoSafetyTest) ... ok
test_unknown_root_contents_preserve_all (test_secondary_fifo.SecondaryFifoSafetyTest) ... ok
test_unowned_child_cannot_attest_from_name_alone (test_secondary_fifo.SecondaryFifoSafetyTest) ... ok
test_bounded_file_refuses_growth_or_oversize_without_unbounded_read (test_simulator_entitlements.SimulatorEntitlementTests) ... ok
test_bundle_requires_exact_owner_app_identity_paths_and_current_hash (test_simulator_entitlements.SimulatorEntitlementTests) ... ok
test_fat_macho_slices_and_architecture_binding (test_simulator_entitlements.SimulatorEntitlementTests) ... ok
test_generated_xcent_reads_only_exact_owned_app_paths (test_simulator_entitlements.SimulatorEntitlementTests) ... ok
test_macho_malformed_command_bounds_and_section_bounds_refuse (test_simulator_entitlements.SimulatorEntitlementTests) ... ok
test_malformed_oversized_duplicate_and_unsafe_plists_are_redacted (test_simulator_entitlements.SimulatorEntitlementTests) ... ok
test_oversized_section_is_not_read_or_claimed_as_parsed (test_simulator_entitlements.SimulatorEntitlementTests) ... ok
test_public_plist_allowlist_preserves_only_expected_public_fields (test_simulator_entitlements.SimulatorEntitlementTests) ... ok
test_runner_binds_each_inspection_to_the_explicit_owned_artifact (test_simulator_entitlements.SimulatorEntitlementTests) ... ok
test_sdk_defaults_and_explicit_flags_never_claim_merged_settings (test_simulator_entitlements.SimulatorEntitlementTests) ... ok
test_thin_macho_endianness_width_sections_and_absence (test_simulator_entitlements.SimulatorEntitlementTests) ... ok
test_disabled_default_is_identical_and_adhoc_requires_exact_explicit_option (test_simulator_signing.ExplicitSimulatorSigningTests) ... ok
test_effective_phase_records_only_owned_public_context_not_raw_environment (test_simulator_signing.ExplicitSimulatorSigningTests) ... ok
test_empty_regular_fields_may_be_absent_but_disabled_expanded_identity_must_be_absent (test_simulator_signing.ExplicitSimulatorSigningTests) ... ok
test_exact_receipt_is_exclusive_bounded_mode_bound_and_not_replaceable_by_stale_evidence (test_simulator_signing.ExplicitSimulatorSigningTests) ... ok
test_renderer_checks_every_anchor_mode_cycle_destination_and_safe_literal (test_simulator_signing.ExplicitSimulatorSigningTests) ... ok
test_unexpected_real_identity_profile_target_architecture_sdk_or_path_is_refused (test_simulator_signing.ExplicitSimulatorSigningTests) ... ok

----------------------------------------------------------------------
Ran 132 tests in 22.039s

OK
