{
  "cycle": "normal-ios-controls-02",
  "started_at": "2026-09-07T12:05:22.265022+00:00",
  "runner_before": {
    "manifest": [
      [
        "remediation-runs/2026-09-07-local-readiness/run_gradle_cycle.py",
        "172c4f3162dc6a6b20e912e6551eaca9f33a32ba3d0d6f150ad8becfd30865ea"
      ]
    ],
    "manifest_sha256": "fb59458c24ca17d1be230ada04d8c268d9d43656704d149402f9c0cc6dd55ec4"
  },
  "command": [
    "/usr/bin/python3",
    "-B",
    "remediation-runs/2026-09-07-local-readiness/native/normal-ios-launch-proposal-01/run_control_tests.py"
  ],
  "env_policy": "JDK21, system Python, strict verification, signing env removed/empty Gradle signing props, cycle-owned TMPDIR/pycache",
  "outputs_before": [],
  "status": "PASS",
  "exit_code": 0,
  "finished_at": "2026-09-07T12:05:22.759347+00:00",
  "stop_exit_code": 0,
  "stopped_at": "2026-09-07T12:05:23.090341+00:00",
  "workers": {
    "terminated_owned_workers": [],
    "remaining_owned_workers": []
  },
  "removed_outputs": [],
  "retained_outputs": [],
  "remaining_outputs": [],
  "cleanup_completed_at": "2026-09-07T12:05:23.156136+00:00",
  "source_changed_during_cycle": false,
  "runner_after": {
    "manifest": [
      [
        "remediation-runs/2026-09-07-local-readiness/run_gradle_cycle.py",
        "172c4f3162dc6a6b20e912e6551eaca9f33a32ba3d0d6f150ad8becfd30865ea"
      ]
    ],
    "manifest_sha256": "fb59458c24ca17d1be230ada04d8c268d9d43656704d149402f9c0cc6dd55ec4"
  },
  "runner_changed_during_cycle": false,
  "cleanup_errors": [],
  "deferred_signals": [],
  "cleanup_method": "Exact task-owned generated dirs; no Gradle clean daemon or global cache deletion. Unrelated processes excluded by PID/start identity and cycle ownership."
}
