PARLOR_APP_FOUNDATION_CONTROL_ALLOCATION {"path": "/private/tmp/parlor-app-foundation-controls-f80lnh7d", "device": 16777232, "inode": 86743671, "uid": 501}
{"discovered": ["test_l08_functional_copy.L08FunctionalCopyTests.test_all_new_python_controls_parse_without_launching_any_worker", "test_l08_functional_copy.L08FunctionalCopyTests.test_all_original_controls_and_exact_clone_allowlist_are_preserved", "test_l08_functional_copy.L08FunctionalCopyTests.test_continuation_diagnostics_cannot_hide_removed_guards_or_dynamic_private_stages", "test_l08_functional_copy.L08FunctionalCopyTests.test_continuation_stages_are_closed_and_all_mafia_guards_actions_remain_identical", "test_l08_functional_copy.L08FunctionalCopyTests.test_current_source_transforms_once_with_single_bridge_and_shared_context", "test_l08_functional_copy.L08FunctionalCopyTests.test_each_source_boundary_mutation_is_rejected_not_just_missing_check_names", "test_l08_functional_copy.L08FunctionalCopyTests.test_functional_probe_preserves_complete_nonmetadata_execution_regions", "test_l08_functional_copy.L08FunctionalCopyTests.test_home_list_tag_preserves_every_other_production_character", "test_l08_functional_copy.L08FunctionalCopyTests.test_home_scrolling_and_diagnostics_preserve_strict_public_activation", "test_l08_functional_copy.L08FunctionalCopyTests.test_only_the_new_probe_registration_replaces_the_strict_probe_in_owned_copy", "test_l08_functional_copy.L08FunctionalCopyTests.test_scroll_contract_rejects_bypass_ambiguity_unbounded_or_private_diagnostics", "test_l08_functional_copy.L08FunctionalCopyTests.test_swift_namespace_preserves_shared_host_helpers_and_exact_distinct_test", "test_l08_functional_receipts.L08FunctionalReceiptTests.test_context_signing_identity_and_secret_fields_are_closed", "test_l08_functional_receipts.L08FunctionalReceiptTests.test_continuation_stages_reject_other_actions_unknown_text_and_extra_private_fields", "test_l08_functional_receipts.L08FunctionalReceiptTests.test_each_actual_noncomplete_value_remains_an_unsuccessful_comparison", "test_l08_functional_receipts.L08FunctionalReceiptTests.test_each_closed_continuation_stage_is_failure_evidence_not_recovery_success", "test_l08_functional_receipts.L08FunctionalReceiptTests.test_every_comparison_is_required_ordered_and_cannot_imply_a_fake_pass", "test_l08_functional_receipts.L08FunctionalReceiptTests.test_every_functional_guard_false_missing_wrong_type_or_unknown_is_rejected", "test_l08_functional_receipts.L08FunctionalReceiptTests.test_exact_six_sites_thirteen_checkpoints_and_twenty_six_comparisons", "test_l08_functional_receipts.L08FunctionalReceiptTests.test_failure_retains_only_a_valid_completed_prefix_without_becoming_success", "test_l08_functional_receipts.L08FunctionalReceiptTests.test_four_comparison_records_fit_original_inner_and_outer_limits", "test_l08_functional_receipts.L08FunctionalReceiptTests.test_getter_shapes_strict_booleans_and_error_codes_are_not_coerced", "test_l08_functional_receipts.L08FunctionalReceiptTests.test_matching_complete_is_not_original_l08_execution", "test_l08_functional_receipts.L08FunctionalReceiptTests.test_missing_complete_is_explicit_failure_after_every_functional_obligation", "test_l08_functional_receipts.L08FunctionalReceiptTests.test_missing_reordered_reused_extra_and_unfinished_processes_fail", "test_l08_functional_receipts.L08FunctionalReceiptTests.test_original_strict_parser_rejects_companion_even_when_all_comparisons_match", "test_l08_functional_receipts.L08FunctionalReceiptTests.test_preservation_is_exclusive_bounded_safe_and_never_invents_missing_steps", "test_l08_functional_receipts.L08FunctionalReceiptTests.test_real_artifact_binding_failure_is_not_swallowed"], "inputs": {"test_l08_functional_copy": "b58d9761b7c199f0ab7fd01c2c6614d2f49e0a71102fd54ff3f6783acfede7f0", "test_l08_functional_receipts": "4f754795d9087d2a5c57e1a5f66282d62ade7b3feb5de6d5fbd139cb898f7e9d"}, "native_execution": false}
test_all_new_python_controls_parse_without_launching_any_worker (test_l08_functional_copy.L08FunctionalCopyTests) ... ok
test_all_original_controls_and_exact_clone_allowlist_are_preserved (test_l08_functional_copy.L08FunctionalCopyTests) ... ok
test_continuation_diagnostics_cannot_hide_removed_guards_or_dynamic_private_stages (test_l08_functional_copy.L08FunctionalCopyTests) ... ok
test_continuation_stages_are_closed_and_all_mafia_guards_actions_remain_identical (test_l08_functional_copy.L08FunctionalCopyTests) ... ok
test_current_source_transforms_once_with_single_bridge_and_shared_context (test_l08_functional_copy.L08FunctionalCopyTests) ... ok
test_each_source_boundary_mutation_is_rejected_not_just_missing_check_names (test_l08_functional_copy.L08FunctionalCopyTests) ... ok
test_functional_probe_preserves_complete_nonmetadata_execution_regions (test_l08_functional_copy.L08FunctionalCopyTests) ... ok
test_home_list_tag_preserves_every_other_production_character (test_l08_functional_copy.L08FunctionalCopyTests) ... ok
test_home_scrolling_and_diagnostics_preserve_strict_public_activation (test_l08_functional_copy.L08FunctionalCopyTests) ... ok
test_only_the_new_probe_registration_replaces_the_strict_probe_in_owned_copy (test_l08_functional_copy.L08FunctionalCopyTests) ... ok
test_scroll_contract_rejects_bypass_ambiguity_unbounded_or_private_diagnostics (test_l08_functional_copy.L08FunctionalCopyTests) ... ok
test_swift_namespace_preserves_shared_host_helpers_and_exact_distinct_test (test_l08_functional_copy.L08FunctionalCopyTests) ... ok
test_context_signing_identity_and_secret_fields_are_closed (test_l08_functional_receipts.L08FunctionalReceiptTests) ... ok
test_continuation_stages_reject_other_actions_unknown_text_and_extra_private_fields (test_l08_functional_receipts.L08FunctionalReceiptTests) ... ok
test_each_actual_noncomplete_value_remains_an_unsuccessful_comparison (test_l08_functional_receipts.L08FunctionalReceiptTests) ... ok
test_each_closed_continuation_stage_is_failure_evidence_not_recovery_success (test_l08_functional_receipts.L08FunctionalReceiptTests) ... ok
test_every_comparison_is_required_ordered_and_cannot_imply_a_fake_pass (test_l08_functional_receipts.L08FunctionalReceiptTests) ... ok
test_every_functional_guard_false_missing_wrong_type_or_unknown_is_rejected (test_l08_functional_receipts.L08FunctionalReceiptTests) ... ok
test_exact_six_sites_thirteen_checkpoints_and_twenty_six_comparisons (test_l08_functional_receipts.L08FunctionalReceiptTests) ... ok
test_failure_retains_only_a_valid_completed_prefix_without_becoming_success (test_l08_functional_receipts.L08FunctionalReceiptTests) ... ok
test_four_comparison_records_fit_original_inner_and_outer_limits (test_l08_functional_receipts.L08FunctionalReceiptTests) ... ok
test_getter_shapes_strict_booleans_and_error_codes_are_not_coerced (test_l08_functional_receipts.L08FunctionalReceiptTests) ... ok
test_matching_complete_is_not_original_l08_execution (test_l08_functional_receipts.L08FunctionalReceiptTests) ... ok
test_missing_complete_is_explicit_failure_after_every_functional_obligation (test_l08_functional_receipts.L08FunctionalReceiptTests) ... ok
test_missing_reordered_reused_extra_and_unfinished_processes_fail (test_l08_functional_receipts.L08FunctionalReceiptTests) ... ok
test_original_strict_parser_rejects_companion_even_when_all_comparisons_match (test_l08_functional_receipts.L08FunctionalReceiptTests) ... ok
test_preservation_is_exclusive_bounded_safe_and_never_invents_missing_steps (test_l08_functional_receipts.L08FunctionalReceiptTests) ... ok
test_real_artifact_binding_failure_is_not_swallowed (test_l08_functional_receipts.L08FunctionalReceiptTests) ... ok

----------------------------------------------------------------------
Ran 28 tests in 1.464s

OK
{"tests_run": 28, "failures": 0, "errors": 0, "skipped": 0, "unchanged": true}
PARLOR_APP_FOUNDATION_CONTROL_CLEANUP {"status": "PASS", "parent": "/private/tmp/parlor-app-foundation-controls-f80lnh7d", "workers_started": 0, "parent_removed": true, "custody": {"device": 16777232, "inode": 86743671, "uid": 501}}
