Refreshing run status every 30 seconds. Press Ctrl+C to quit.

* fix/local-readiness-2026-09-07 Production verification · 34433711685
Triggered via workflow_dispatch about 2 minutes ago

JOBS
* iOS tests, release frameworks, and Swift wrapper (ID 102734350281)
  ✓ Set up job
  ✓ Start focused native job clock
  ✓ Check out source
  ✓ Validate verification scope
  ✓ Set up JDK 21
  * Run focused native continuation
  * Upload focused native evidence
  * Verify focused native cleanup and uploaded custody
  * Upload native continuation cleanup receipt
  * Observe hosted native processes without an app build
  * Upload bounded process-probe evidence
  * Verify process-probe cleanup and uploaded custody
  * Upload process-probe cleanup receipt
  * Claim fresh verification output ownership
  * Claim apple-aggregate native resource ownership
  * Record Xcode toolchain and exact source
  * Run iOS simulator tests, Apple static analysis, and release linkage gates
  * Stop Gradle after apple-aggregate and retire owned Apple resources
  * Validate iOS plist and privacy manifest
  * Claim apple-ui native resource ownership
  * Verify effective Debug and Release application identities
  * Launch Swift host and Compose root on iOS Simulator
  * Stop Gradle after apple-ui and retire owned Apple resources
  * Claim apple-wrapper native resource ownership
  * Build unsigned Swift Release wrapper
  * Stop Gradle after apple-wrapper and retire owned Apple resources
  * Inspect complete unsigned iOS Release package
  * Upload Apple verification evidence
  * Clean only attested verification outputs
  * Upload verification cleanup receipt
  * Post Set up JDK 21
  * Post Check out source
- Common, desktop, and Android release in 0s (ID 102734351020)
- Desktop, Kotlin Native, and Android resources strict verification (Windows x64) in 0s (ID 102734351112)
- Desktop and Kotlin Native strict verification (macOS x64) in 0s (ID 102734351117)
- Desktop strict verification (Linux arm64) in 0s (ID 102734351304)
Refreshing run status every 30 seconds. Press Ctrl+C to quit.

* fix/local-readiness-2026-09-07 Production verification · 34433711685
Triggered via workflow_dispatch about 3 minutes ago

JOBS
* iOS tests, release frameworks, and Swift wrapper (ID 102734350281)
  ✓ Set up job
  ✓ Start focused native job clock
  ✓ Check out source
  ✓ Validate verification scope
  ✓ Set up JDK 21
  * Run focused native continuation
  * Upload focused native evidence
  * Verify focused native cleanup and uploaded custody
  * Upload native continuation cleanup receipt
  * Observe hosted native processes without an app build
  * Upload bounded process-probe evidence
  * Verify process-probe cleanup and uploaded custody
  * Upload process-probe cleanup receipt
  * Claim fresh verification output ownership
  * Claim apple-aggregate native resource ownership
  * Record Xcode toolchain and exact source
  * Run iOS simulator tests, Apple static analysis, and release linkage gates
  * Stop Gradle after apple-aggregate and retire owned Apple resources
  * Validate iOS plist and privacy manifest
  * Claim apple-ui native resource ownership
  * Verify effective Debug and Release application identities
  * Launch Swift host and Compose root on iOS Simulator
  * Stop Gradle after apple-ui and retire owned Apple resources
  * Claim apple-wrapper native resource ownership
  * Build unsigned Swift Release wrapper
  * Stop Gradle after apple-wrapper and retire owned Apple resources
  * Inspect complete unsigned iOS Release package
  * Upload Apple verification evidence
  * Clean only attested verification outputs
  * Upload verification cleanup receipt
  * Post Set up JDK 21
  * Post Check out source
- Common, desktop, and Android release in 0s (ID 102734351020)
- Desktop, Kotlin Native, and Android resources strict verification (Windows x64) in 0s (ID 102734351112)
- Desktop and Kotlin Native strict verification (macOS x64) in 0s (ID 102734351117)
- Desktop strict verification (Linux arm64) in 0s (ID 102734351304)
Refreshing run status every 30 seconds. Press Ctrl+C to quit.

* fix/local-readiness-2026-09-07 Production verification · 34433711685
Triggered via workflow_dispatch about 3 minutes ago

JOBS
* iOS tests, release frameworks, and Swift wrapper (ID 102734350281)
  ✓ Set up job
  ✓ Start focused native job clock
  ✓ Check out source
  ✓ Validate verification scope
  ✓ Set up JDK 21
  * Run focused native continuation
  * Upload focused native evidence
  * Verify focused native cleanup and uploaded custody
  * Upload native continuation cleanup receipt
  * Observe hosted native processes without an app build
  * Upload bounded process-probe evidence
  * Verify process-probe cleanup and uploaded custody
  * Upload process-probe cleanup receipt
  * Claim fresh verification output ownership
  * Claim apple-aggregate native resource ownership
  * Record Xcode toolchain and exact source
  * Run iOS simulator tests, Apple static analysis, and release linkage gates
  * Stop Gradle after apple-aggregate and retire owned Apple resources
  * Validate iOS plist and privacy manifest
  * Claim apple-ui native resource ownership
  * Verify effective Debug and Release application identities
  * Launch Swift host and Compose root on iOS Simulator
  * Stop Gradle after apple-ui and retire owned Apple resources
  * Claim apple-wrapper native resource ownership
  * Build unsigned Swift Release wrapper
  * Stop Gradle after apple-wrapper and retire owned Apple resources
  * Inspect complete unsigned iOS Release package
  * Upload Apple verification evidence
  * Clean only attested verification outputs
  * Upload verification cleanup receipt
  * Post Set up JDK 21
  * Post Check out source
- Common, desktop, and Android release in 0s (ID 102734351020)
- Desktop, Kotlin Native, and Android resources strict verification (Windows x64) in 0s (ID 102734351112)
- Desktop and Kotlin Native strict verification (macOS x64) in 0s (ID 102734351117)
- Desktop strict verification (Linux arm64) in 0s (ID 102734351304)
Refreshing run status every 30 seconds. Press Ctrl+C to quit.

* fix/local-readiness-2026-09-07 Production verification · 34433711685
Triggered via workflow_dispatch about 4 minutes ago

JOBS
* iOS tests, release frameworks, and Swift wrapper (ID 102734350281)
  ✓ Set up job
  ✓ Start focused native job clock
  ✓ Check out source
  ✓ Validate verification scope
  ✓ Set up JDK 21
  * Run focused native continuation
  * Upload focused native evidence
  * Verify focused native cleanup and uploaded custody
  * Upload native continuation cleanup receipt
  * Observe hosted native processes without an app build
  * Upload bounded process-probe evidence
  * Verify process-probe cleanup and uploaded custody
  * Upload process-probe cleanup receipt
  * Claim fresh verification output ownership
  * Claim apple-aggregate native resource ownership
  * Record Xcode toolchain and exact source
  * Run iOS simulator tests, Apple static analysis, and release linkage gates
  * Stop Gradle after apple-aggregate and retire owned Apple resources
  * Validate iOS plist and privacy manifest
  * Claim apple-ui native resource ownership
  * Verify effective Debug and Release application identities
  * Launch Swift host and Compose root on iOS Simulator
  * Stop Gradle after apple-ui and retire owned Apple resources
  * Claim apple-wrapper native resource ownership
  * Build unsigned Swift Release wrapper
  * Stop Gradle after apple-wrapper and retire owned Apple resources
  * Inspect complete unsigned iOS Release package
  * Upload Apple verification evidence
  * Clean only attested verification outputs
  * Upload verification cleanup receipt
  * Post Set up JDK 21
  * Post Check out source
- Common, desktop, and Android release in 0s (ID 102734351020)
- Desktop, Kotlin Native, and Android resources strict verification (Windows x64) in 0s (ID 102734351112)
- Desktop and Kotlin Native strict verification (macOS x64) in 0s (ID 102734351117)
- Desktop strict verification (Linux arm64) in 0s (ID 102734351304)
Refreshing run status every 30 seconds. Press Ctrl+C to quit.

* fix/local-readiness-2026-09-07 Production verification · 34433711685
Triggered via workflow_dispatch about 4 minutes ago

JOBS
* iOS tests, release frameworks, and Swift wrapper (ID 102734350281)
  ✓ Set up job
  ✓ Start focused native job clock
  ✓ Check out source
  ✓ Validate verification scope
  ✓ Set up JDK 21
  * Run focused native continuation
  * Upload focused native evidence
  * Verify focused native cleanup and uploaded custody
  * Upload native continuation cleanup receipt
  * Observe hosted native processes without an app build
  * Upload bounded process-probe evidence
  * Verify process-probe cleanup and uploaded custody
  * Upload process-probe cleanup receipt
  * Claim fresh verification output ownership
  * Claim apple-aggregate native resource ownership
  * Record Xcode toolchain and exact source
  * Run iOS simulator tests, Apple static analysis, and release linkage gates
  * Stop Gradle after apple-aggregate and retire owned Apple resources
  * Validate iOS plist and privacy manifest
  * Claim apple-ui native resource ownership
  * Verify effective Debug and Release application identities
  * Launch Swift host and Compose root on iOS Simulator
  * Stop Gradle after apple-ui and retire owned Apple resources
  * Claim apple-wrapper native resource ownership
  * Build unsigned Swift Release wrapper
  * Stop Gradle after apple-wrapper and retire owned Apple resources
  * Inspect complete unsigned iOS Release package
  * Upload Apple verification evidence
  * Clean only attested verification outputs
  * Upload verification cleanup receipt
  * Post Set up JDK 21
  * Post Check out source
- Common, desktop, and Android release in 0s (ID 102734351020)
- Desktop, Kotlin Native, and Android resources strict verification (Windows x64) in 0s (ID 102734351112)
- Desktop and Kotlin Native strict verification (macOS x64) in 0s (ID 102734351117)
- Desktop strict verification (Linux arm64) in 0s (ID 102734351304)
Refreshing run status every 30 seconds. Press Ctrl+C to quit.

* fix/local-readiness-2026-09-07 Production verification · 34433711685
Triggered via workflow_dispatch about 5 minutes ago

JOBS
* iOS tests, release frameworks, and Swift wrapper (ID 102734350281)
  ✓ Set up job
  ✓ Start focused native job clock
  ✓ Check out source
  ✓ Validate verification scope
  ✓ Set up JDK 21
  * Run focused native continuation
  * Upload focused native evidence
  * Verify focused native cleanup and uploaded custody
  * Upload native continuation cleanup receipt
  * Observe hosted native processes without an app build
  * Upload bounded process-probe evidence
  * Verify process-probe cleanup and uploaded custody
  * Upload process-probe cleanup receipt
  * Claim fresh verification output ownership
  * Claim apple-aggregate native resource ownership
  * Record Xcode toolchain and exact source
  * Run iOS simulator tests, Apple static analysis, and release linkage gates
  * Stop Gradle after apple-aggregate and retire owned Apple resources
  * Validate iOS plist and privacy manifest
  * Claim apple-ui native resource ownership
  * Verify effective Debug and Release application identities
  * Launch Swift host and Compose root on iOS Simulator
  * Stop Gradle after apple-ui and retire owned Apple resources
  * Claim apple-wrapper native resource ownership
  * Build unsigned Swift Release wrapper
  * Stop Gradle after apple-wrapper and retire owned Apple resources
  * Inspect complete unsigned iOS Release package
  * Upload Apple verification evidence
  * Clean only attested verification outputs
  * Upload verification cleanup receipt
  * Post Set up JDK 21
  * Post Check out source
- Common, desktop, and Android release in 0s (ID 102734351020)
- Desktop, Kotlin Native, and Android resources strict verification (Windows x64) in 0s (ID 102734351112)
- Desktop and Kotlin Native strict verification (macOS x64) in 0s (ID 102734351117)
- Desktop strict verification (Linux arm64) in 0s (ID 102734351304)
Refreshing run status every 30 seconds. Press Ctrl+C to quit.

* fix/local-readiness-2026-09-07 Production verification · 34433711685
Triggered via workflow_dispatch about 5 minutes ago

JOBS
* iOS tests, release frameworks, and Swift wrapper (ID 102734350281)
  ✓ Set up job
  ✓ Start focused native job clock
  ✓ Check out source
  ✓ Validate verification scope
  ✓ Set up JDK 21
  * Run focused native continuation
  * Upload focused native evidence
  * Verify focused native cleanup and uploaded custody
  * Upload native continuation cleanup receipt
  * Observe hosted native processes without an app build
  * Upload bounded process-probe evidence
  * Verify process-probe cleanup and uploaded custody
  * Upload process-probe cleanup receipt
  * Claim fresh verification output ownership
  * Claim apple-aggregate native resource ownership
  * Record Xcode toolchain and exact source
  * Run iOS simulator tests, Apple static analysis, and release linkage gates
  * Stop Gradle after apple-aggregate and retire owned Apple resources
  * Validate iOS plist and privacy manifest
  * Claim apple-ui native resource ownership
  * Verify effective Debug and Release application identities
  * Launch Swift host and Compose root on iOS Simulator
  * Stop Gradle after apple-ui and retire owned Apple resources
  * Claim apple-wrapper native resource ownership
  * Build unsigned Swift Release wrapper
  * Stop Gradle after apple-wrapper and retire owned Apple resources
  * Inspect complete unsigned iOS Release package
  * Upload Apple verification evidence
  * Clean only attested verification outputs
  * Upload verification cleanup receipt
  * Post Set up JDK 21
  * Post Check out source
- Common, desktop, and Android release in 0s (ID 102734351020)
- Desktop, Kotlin Native, and Android resources strict verification (Windows x64) in 0s (ID 102734351112)
- Desktop and Kotlin Native strict verification (macOS x64) in 0s (ID 102734351117)
- Desktop strict verification (Linux arm64) in 0s (ID 102734351304)
Refreshing run status every 30 seconds. Press Ctrl+C to quit.

* fix/local-readiness-2026-09-07 Production verification · 34433711685
Triggered via workflow_dispatch about 6 minutes ago

JOBS
* iOS tests, release frameworks, and Swift wrapper (ID 102734350281)
  ✓ Set up job
  ✓ Start focused native job clock
  ✓ Check out source
  ✓ Validate verification scope
  ✓ Set up JDK 21
  * Run focused native continuation
  * Upload focused native evidence
  * Verify focused native cleanup and uploaded custody
  * Upload native continuation cleanup receipt
  * Observe hosted native processes without an app build
  * Upload bounded process-probe evidence
  * Verify process-probe cleanup and uploaded custody
  * Upload process-probe cleanup receipt
  * Claim fresh verification output ownership
  * Claim apple-aggregate native resource ownership
  * Record Xcode toolchain and exact source
  * Run iOS simulator tests, Apple static analysis, and release linkage gates
  * Stop Gradle after apple-aggregate and retire owned Apple resources
  * Validate iOS plist and privacy manifest
  * Claim apple-ui native resource ownership
  * Verify effective Debug and Release application identities
  * Launch Swift host and Compose root on iOS Simulator
  * Stop Gradle after apple-ui and retire owned Apple resources
  * Claim apple-wrapper native resource ownership
  * Build unsigned Swift Release wrapper
  * Stop Gradle after apple-wrapper and retire owned Apple resources
  * Inspect complete unsigned iOS Release package
  * Upload Apple verification evidence
  * Clean only attested verification outputs
  * Upload verification cleanup receipt
  * Post Set up JDK 21
  * Post Check out source
- Common, desktop, and Android release in 0s (ID 102734351020)
- Desktop, Kotlin Native, and Android resources strict verification (Windows x64) in 0s (ID 102734351112)
- Desktop and Kotlin Native strict verification (macOS x64) in 0s (ID 102734351117)
- Desktop strict verification (Linux arm64) in 0s (ID 102734351304)
Refreshing run status every 30 seconds. Press Ctrl+C to quit.

* fix/local-readiness-2026-09-07 Production verification · 34433711685
Triggered via workflow_dispatch about 6 minutes ago

JOBS
* iOS tests, release frameworks, and Swift wrapper (ID 102734350281)
  ✓ Set up job
  ✓ Start focused native job clock
  ✓ Check out source
  ✓ Validate verification scope
  ✓ Set up JDK 21
  * Run focused native continuation
  * Upload focused native evidence
  * Verify focused native cleanup and uploaded custody
  * Upload native continuation cleanup receipt
  * Observe hosted native processes without an app build
  * Upload bounded process-probe evidence
  * Verify process-probe cleanup and uploaded custody
  * Upload process-probe cleanup receipt
  * Claim fresh verification output ownership
  * Claim apple-aggregate native resource ownership
  * Record Xcode toolchain and exact source
  * Run iOS simulator tests, Apple static analysis, and release linkage gates
  * Stop Gradle after apple-aggregate and retire owned Apple resources
  * Validate iOS plist and privacy manifest
  * Claim apple-ui native resource ownership
  * Verify effective Debug and Release application identities
  * Launch Swift host and Compose root on iOS Simulator
  * Stop Gradle after apple-ui and retire owned Apple resources
  * Claim apple-wrapper native resource ownership
  * Build unsigned Swift Release wrapper
  * Stop Gradle after apple-wrapper and retire owned Apple resources
  * Inspect complete unsigned iOS Release package
  * Upload Apple verification evidence
  * Clean only attested verification outputs
  * Upload verification cleanup receipt
  * Post Set up JDK 21
  * Post Check out source
- Common, desktop, and Android release in 0s (ID 102734351020)
- Desktop, Kotlin Native, and Android resources strict verification (Windows x64) in 0s (ID 102734351112)
- Desktop and Kotlin Native strict verification (macOS x64) in 0s (ID 102734351117)
- Desktop strict verification (Linux arm64) in 0s (ID 102734351304)
Refreshing run status every 30 seconds. Press Ctrl+C to quit.

* fix/local-readiness-2026-09-07 Production verification · 34433711685
Triggered via workflow_dispatch about 7 minutes ago

JOBS
* iOS tests, release frameworks, and Swift wrapper (ID 102734350281)
  ✓ Set up job
  ✓ Start focused native job clock
  ✓ Check out source
  ✓ Validate verification scope
  ✓ Set up JDK 21
  * Run focused native continuation
  * Upload focused native evidence
  * Verify focused native cleanup and uploaded custody
  * Upload native continuation cleanup receipt
  * Observe hosted native processes without an app build
  * Upload bounded process-probe evidence
  * Verify process-probe cleanup and uploaded custody
  * Upload process-probe cleanup receipt
  * Claim fresh verification output ownership
  * Claim apple-aggregate native resource ownership
  * Record Xcode toolchain and exact source
  * Run iOS simulator tests, Apple static analysis, and release linkage gates
  * Stop Gradle after apple-aggregate and retire owned Apple resources
  * Validate iOS plist and privacy manifest
  * Claim apple-ui native resource ownership
  * Verify effective Debug and Release application identities
  * Launch Swift host and Compose root on iOS Simulator
  * Stop Gradle after apple-ui and retire owned Apple resources
  * Claim apple-wrapper native resource ownership
  * Build unsigned Swift Release wrapper
  * Stop Gradle after apple-wrapper and retire owned Apple resources
  * Inspect complete unsigned iOS Release package
  * Upload Apple verification evidence
  * Clean only attested verification outputs
  * Upload verification cleanup receipt
  * Post Set up JDK 21
  * Post Check out source
- Common, desktop, and Android release in 0s (ID 102734351020)
- Desktop, Kotlin Native, and Android resources strict verification (Windows x64) in 0s (ID 102734351112)
- Desktop and Kotlin Native strict verification (macOS x64) in 0s (ID 102734351117)
- Desktop strict verification (Linux arm64) in 0s (ID 102734351304)
X fix/local-readiness-2026-09-07 Production verification · 34433711685
Triggered via workflow_dispatch about 7 minutes ago

JOBS
X iOS tests, release frameworks, and Swift wrapper in 7m27s (ID 102734350281)
  ✓ Set up job
  ✓ Start focused native job clock
  ✓ Check out source
  ✓ Validate verification scope
  ✓ Set up JDK 21
  X Run focused native continuation
  ✓ Upload focused native evidence
  ✓ Verify focused native cleanup and uploaded custody
  ✓ Upload native continuation cleanup receipt
  - Observe hosted native processes without an app build
  - Upload bounded process-probe evidence
  - Verify process-probe cleanup and uploaded custody
  - Upload process-probe cleanup receipt
  - Claim fresh verification output ownership
  - Claim apple-aggregate native resource ownership
  - Record Xcode toolchain and exact source
  - Run iOS simulator tests, Apple static analysis, and release linkage gates
  - Stop Gradle after apple-aggregate and retire owned Apple resources
  - Validate iOS plist and privacy manifest
  - Claim apple-ui native resource ownership
  - Verify effective Debug and Release application identities
  - Launch Swift host and Compose root on iOS Simulator
  - Stop Gradle after apple-ui and retire owned Apple resources
  - Claim apple-wrapper native resource ownership
  - Build unsigned Swift Release wrapper
  - Stop Gradle after apple-wrapper and retire owned Apple resources
  - Inspect complete unsigned iOS Release package
  - Upload Apple verification evidence
  - Clean only attested verification outputs
  - Upload verification cleanup receipt
  ✓ Post Set up JDK 21
  ✓ Post Check out source
  ✓ Complete job
- Common, desktop, and Android release in 0s (ID 102734351020)
- Desktop, Kotlin Native, and Android resources strict verification (Windows x64) in 0s (ID 102734351112)
- Desktop and Kotlin Native strict verification (macOS x64) in 0s (ID 102734351117)
- Desktop strict verification (Linux arm64) in 0s (ID 102734351304)
