To honour the JVM settings for this build a single-use Daemon process will be forked. For more on this, please refer to https://docs.gradle.org/8.13/userguide/gradle_daemon.html#sec:disabling_the_daemon in the Gradle documentation.
Daemon will be stopped at the end of the build 
Type-safe project accessors is an incubating feature.
> Task :build-logic:convention:checkKotlinGradlePluginConfigurationErrors SKIPPED
> Task :build-logic:convention:compileKotlin
> Task :build-logic:convention:compileJava NO-SOURCE
> Task :build-logic:convention:pluginDescriptors
> Task :build-logic:convention:processResources
> Task :build-logic:convention:classes
> Task :build-logic:convention:jar

> Configure project :composeApp
WARNING: The option setting 'android.experimental.lint.version=9.1.1' is experimental.
w: [33m[1m⚠️ Deprecated Gradle Version[0m[0m
The used Gradle version (Gradle 8.13) is deprecated and will not be supported in future Kotlin Gradle Plugin releases.
The minimum supported Gradle version will become Gradle 8.14.4 in Kotlin 2.5.0.

This warning can be suppressed in 'gradle.properties':
    kotlin.suppressGradlePluginWarnings=DeprecatedGradleVersionWarning
[32m[1mSolution:[0m[0m
[32m[3mPlease update the Gradle version to at least Gradle 8.14.4.[0m[0m

w: [33m[1m⚠️ Native task 'iosX64Test' is disabled[0m[0m
Task 'iosX64Test' for target 'ios_x64' cannot run on the current host (macos-aarch64).
Reason: architecture mismatch - target requires X64, current host is ARM64
[32m[1mSolution:[0m[0m
[32m[3mTo suppress this warning, add 'kotlin.native.ignoreDisabledTargets=true' to gradle.properties.[0m[0m


> Task :auditResolvedDependencies
AUDIT_RESOLUTION_BEGIN :game-modes:mafia:desktopCompileClasspath
AUDIT_RESOLVED :game-modes:mafia:desktopCompileClasspath androidx.annotation:annotation-jvm:1.9.1
AUDIT_RESOLVED :game-modes:mafia:desktopCompileClasspath androidx.annotation:annotation:1.9.1
AUDIT_RESOLVED :game-modes:mafia:desktopCompileClasspath androidx.compose.runtime:runtime-annotation-jvm:1.10.5
AUDIT_RESOLVED :game-modes:mafia:desktopCompileClasspath androidx.compose.runtime:runtime-annotation:1.10.5
AUDIT_RESOLVED :game-modes:mafia:desktopCompileClasspath androidx.compose.runtime:runtime-desktop:1.10.5
AUDIT_RESOLVED :game-modes:mafia:desktopCompileClasspath androidx.compose.runtime:runtime-retain-desktop:1.10.5
AUDIT_RESOLVED :game-modes:mafia:desktopCompileClasspath androidx.compose.runtime:runtime-retain:1.10.5
AUDIT_RESOLVED :game-modes:mafia:desktopCompileClasspath androidx.compose.runtime:runtime-saveable-desktop:1.10.5
AUDIT_RESOLVED :game-modes:mafia:desktopCompileClasspath androidx.compose.runtime:runtime-saveable:1.10.5
AUDIT_RESOLVED :game-modes:mafia:desktopCompileClasspath androidx.compose.runtime:runtime:1.10.5
AUDIT_RESOLVED :game-modes:mafia:desktopCompileClasspath androidx.lifecycle:lifecycle-common-jvm:2.9.4
AUDIT_RESOLVED :game-modes:mafia:desktopCompileClasspath androidx.lifecycle:lifecycle-common:2.9.4
AUDIT_RESOLVED :game-modes:mafia:desktopCompileClasspath androidx.savedstate:savedstate-compose-desktop:1.3.3
AUDIT_RESOLVED :game-modes:mafia:desktopCompileClasspath androidx.savedstate:savedstate-compose:1.3.3
AUDIT_RESOLVED :game-modes:mafia:desktopCompileClasspath androidx.savedstate:savedstate-desktop:1.3.3
AUDIT_RESOLVED :game-modes:mafia:desktopCompileClasspath androidx.savedstate:savedstate:1.3.3
AUDIT_RESOLVED :game-modes:mafia:desktopCompileClasspath io.insert-koin:koin-compose-jvm:4.0.0
AUDIT_RESOLVED :game-modes:mafia:desktopCompileClasspath io.insert-koin:koin-compose:4.0.0
AUDIT_RESOLVED :game-modes:mafia:desktopCompileClasspath io.insert-koin:koin-core-jvm:4.0.0
AUDIT_RESOLVED :game-modes:mafia:desktopCompileClasspath io.insert-koin:koin-core:4.0.0
AUDIT_RESOLVED :game-modes:mafia:desktopCompileClasspath org.jetbrains.androidx.lifecycle:lifecycle-common:2.9.6
AUDIT_RESOLVED :game-modes:mafia:desktopCompileClasspath org.jetbrains.androidx.savedstate:savedstate-compose-desktop:1.3.6
AUDIT_RESOLVED :game-modes:mafia:desktopCompileClasspath org.jetbrains.androidx.savedstate:savedstate-compose:1.3.6
AUDIT_RESOLVED :game-modes:mafia:desktopCompileClasspath org.jetbrains.androidx.savedstate:savedstate:1.3.6
AUDIT_RESOLVED :game-modes:mafia:desktopCompileClasspath org.jetbrains.compose.animation:animation-core-desktop:1.10.3
AUDIT_RESOLVED :game-modes:mafia:desktopCompileClasspath org.jetbrains.compose.animation:animation-core:1.10.3
AUDIT_RESOLVED :game-modes:mafia:desktopCompileClasspath org.jetbrains.compose.animation:animation-desktop:1.10.3
AUDIT_RESOLVED :game-modes:mafia:desktopCompileClasspath org.jetbrains.compose.animation:animation:1.10.3
AUDIT_RESOLVED :game-modes:mafia:desktopCompileClasspath org.jetbrains.compose.components:components-resources-desktop:1.10.3
AUDIT_RESOLVED :game-modes:mafia:desktopCompileClasspath org.jetbrains.compose.components:components-resources:1.10.3
AUDIT_RESOLVED :game-modes:mafia:desktopCompileClasspath org.jetbrains.compose.foundation:foundation-desktop:1.10.3
AUDIT_RESOLVED :game-modes:mafia:desktopCompileClasspath org.jetbrains.compose.foundation:foundation-layout-desktop:1.10.3
AUDIT_RESOLVED :game-modes:mafia:desktopCompileClasspath org.jetbrains.compose.foundation:foundation-layout:1.10.3
AUDIT_RESOLVED :game-modes:mafia:desktopCompileClasspath org.jetbrains.compose.foundation:foundation:1.10.3
AUDIT_RESOLVED :game-modes:mafia:desktopCompileClasspath org.jetbrains.compose.material3:material3-desktop:1.9.0-beta03
AUDIT_RESOLVED :game-modes:mafia:desktopCompileClasspath org.jetbrains.compose.material3:material3:1.9.0-beta03
AUDIT_RESOLVED :game-modes:mafia:desktopCompileClasspath org.jetbrains.compose.material:material-ripple-desktop:1.9.0-beta03
AUDIT_RESOLVED :game-modes:mafia:desktopCompileClasspath org.jetbrains.compose.material:material-ripple:1.9.0-beta03
AUDIT_RESOLVED :game-modes:mafia:desktopCompileClasspath org.jetbrains.compose.runtime:runtime-desktop:1.10.3
AUDIT_RESOLVED :game-modes:mafia:desktopCompileClasspath org.jetbrains.compose.runtime:runtime-saveable-desktop:1.10.3
AUDIT_RESOLVED :game-modes:mafia:desktopCompileClasspath org.jetbrains.compose.runtime:runtime-saveable:1.10.3
AUDIT_RESOLVED :game-modes:mafia:desktopCompileClasspath org.jetbrains.compose.runtime:runtime:1.10.3
AUDIT_RESOLVED :game-modes:mafia:desktopCompileClasspath org.jetbrains.compose.ui:ui-desktop:1.10.3
AUDIT_RESOLVED :game-modes:mafia:desktopCompileClasspath org.jetbrains.compose.ui:ui-geometry-desktop:1.10.3
AUDIT_RESOLVED :game-modes:mafia:desktopCompileClasspath org.jetbrains.compose.ui:ui-geometry:1.10.3
AUDIT_RESOLVED :game-modes:mafia:desktopCompileClasspath org.jetbrains.compose.ui:ui-graphics-desktop:1.10.3
AUDIT_RESOLVED :game-modes:mafia:desktopCompileClasspath org.jetbrains.compose.ui:ui-graphics:1.10.3
AUDIT_RESOLVED :game-modes:mafia:desktopCompileClasspath org.jetbrains.compose.ui:ui-text-desktop:1.10.3
AUDIT_RESOLVED :game-modes:mafia:desktopCompileClasspath org.jetbrains.compose.ui:ui-text:1.10.3
AUDIT_RESOLVED :game-modes:mafia:desktopCompileClasspath org.jetbrains.compose.ui:ui-unit-desktop:1.10.3
AUDIT_RESOLVED :game-modes:mafia:desktopCompileClasspath org.jetbrains.compose.ui:ui-unit:1.10.3
AUDIT_RESOLVED :game-modes:mafia:desktopCompileClasspath org.jetbrains.compose.ui:ui-util-desktop:1.10.3
AUDIT_RESOLVED :game-modes:mafia:desktopCompileClasspath org.jetbrains.compose.ui:ui-util:1.10.3
AUDIT_RESOLVED :game-modes:mafia:desktopCompileClasspath org.jetbrains.compose.ui:ui:1.10.3
AUDIT_RESOLVED :game-modes:mafia:desktopCompileClasspath org.jetbrains.kotlin:kotlin-stdlib:2.4.10
AUDIT_RESOLVED :game-modes:mafia:desktopCompileClasspath org.jetbrains.kotlinx:kotlinx-coroutines-bom:1.11.0
AUDIT_RESOLVED :game-modes:mafia:desktopCompileClasspath org.jetbrains.kotlinx:kotlinx-coroutines-core-jvm:1.11.0
AUDIT_RESOLVED :game-modes:mafia:desktopCompileClasspath org.jetbrains.kotlinx:kotlinx-coroutines-core:1.11.0
AUDIT_RESOLVED :game-modes:mafia:desktopCompileClasspath org.jetbrains.kotlinx:kotlinx-datetime-jvm:0.7.1
AUDIT_RESOLVED :game-modes:mafia:desktopCompileClasspath org.jetbrains.kotlinx:kotlinx-datetime:0.7.1
AUDIT_RESOLVED :game-modes:mafia:desktopCompileClasspath org.jetbrains.kotlinx:kotlinx-serialization-bom:1.11.0
AUDIT_RESOLVED :game-modes:mafia:desktopCompileClasspath org.jetbrains.kotlinx:kotlinx-serialization-core-jvm:1.11.0
AUDIT_RESOLVED :game-modes:mafia:desktopCompileClasspath org.jetbrains.kotlinx:kotlinx-serialization-core:1.11.0
AUDIT_RESOLVED :game-modes:mafia:desktopCompileClasspath org.jetbrains.kotlinx:kotlinx-serialization-json-jvm:1.11.0
AUDIT_RESOLVED :game-modes:mafia:desktopCompileClasspath org.jetbrains.kotlinx:kotlinx-serialization-json:1.11.0
AUDIT_RESOLVED :game-modes:mafia:desktopCompileClasspath org.jetbrains.skiko:skiko-awt:0.9.37.4
AUDIT_RESOLVED :game-modes:mafia:desktopCompileClasspath org.jetbrains.skiko:skiko:0.9.37.4
AUDIT_RESOLVED :game-modes:mafia:desktopCompileClasspath org.jetbrains:annotations:23.0.0
AUDIT_RESOLVED :game-modes:mafia:desktopCompileClasspath org.jspecify:jspecify:1.0.0
AUDIT_RESOLVED :game-modes:mafia:desktopCompileClasspath project :game-modes:mafia
AUDIT_RESOLVED :game-modes:mafia:desktopCompileClasspath project :shared:content
AUDIT_RESOLVED :game-modes:mafia:desktopCompileClasspath project :shared:core
AUDIT_RESOLVED :game-modes:mafia:desktopCompileClasspath project :shared:design-system
AUDIT_RESOLVED :game-modes:mafia:desktopCompileClasspath project :shared:engine
AUDIT_RESOLVED :game-modes:mafia:desktopCompileClasspath project :shared:networking
AUDIT_RESOLVED :game-modes:mafia:desktopCompileClasspath project :shared:session
AUDIT_RESOLVED :game-modes:mafia:desktopCompileClasspath project :shared:storage
AUDIT_RESOLUTION_BEGIN :composeApp:desktopCompileClasspath
AUDIT_RESOLVED :composeApp:desktopCompileClasspath androidx.annotation:annotation-jvm:1.9.1
AUDIT_RESOLVED :composeApp:desktopCompileClasspath androidx.annotation:annotation:1.9.1
AUDIT_RESOLVED :composeApp:desktopCompileClasspath androidx.compose.runtime:runtime-annotation-jvm:1.10.5
AUDIT_RESOLVED :composeApp:desktopCompileClasspath androidx.compose.runtime:runtime-annotation:1.10.5
AUDIT_RESOLVED :composeApp:desktopCompileClasspath androidx.compose.runtime:runtime-desktop:1.10.5
AUDIT_RESOLVED :composeApp:desktopCompileClasspath androidx.compose.runtime:runtime-retain-desktop:1.10.5
AUDIT_RESOLVED :composeApp:desktopCompileClasspath androidx.compose.runtime:runtime-retain:1.10.5
AUDIT_RESOLVED :composeApp:desktopCompileClasspath androidx.compose.runtime:runtime-saveable-desktop:1.10.5
AUDIT_RESOLVED :composeApp:desktopCompileClasspath androidx.compose.runtime:runtime-saveable:1.10.5
AUDIT_RESOLVED :composeApp:desktopCompileClasspath androidx.compose.runtime:runtime:1.10.5
AUDIT_RESOLVED :composeApp:desktopCompileClasspath androidx.lifecycle:lifecycle-common-jvm:2.9.4
AUDIT_RESOLVED :composeApp:desktopCompileClasspath androidx.lifecycle:lifecycle-common:2.9.4
AUDIT_RESOLVED :composeApp:desktopCompileClasspath androidx.lifecycle:lifecycle-viewmodel-desktop:2.9.4
AUDIT_RESOLVED :composeApp:desktopCompileClasspath androidx.lifecycle:lifecycle-viewmodel:2.9.4
AUDIT_RESOLVED :composeApp:desktopCompileClasspath androidx.navigation3:navigation3-runtime-desktop:1.0.0
AUDIT_RESOLVED :composeApp:desktopCompileClasspath androidx.navigation3:navigation3-runtime:1.0.0
AUDIT_RESOLVED :composeApp:desktopCompileClasspath androidx.navigationevent:navigationevent-desktop:1.0.0
AUDIT_RESOLVED :composeApp:desktopCompileClasspath androidx.navigationevent:navigationevent:1.0.0
AUDIT_RESOLVED :composeApp:desktopCompileClasspath androidx.savedstate:savedstate-compose-desktop:1.4.0
AUDIT_RESOLVED :composeApp:desktopCompileClasspath androidx.savedstate:savedstate-compose:1.4.0
AUDIT_RESOLVED :composeApp:desktopCompileClasspath androidx.savedstate:savedstate-desktop:1.4.0
AUDIT_RESOLVED :composeApp:desktopCompileClasspath androidx.savedstate:savedstate:1.4.0
AUDIT_RESOLVED :composeApp:desktopCompileClasspath io.insert-koin:koin-compose-jvm:4.0.0
AUDIT_RESOLVED :composeApp:desktopCompileClasspath io.insert-koin:koin-compose-viewmodel-jvm:4.0.0
AUDIT_RESOLVED :composeApp:desktopCompileClasspath io.insert-koin:koin-compose-viewmodel:4.0.0
AUDIT_RESOLVED :composeApp:desktopCompileClasspath io.insert-koin:koin-compose:4.0.0
AUDIT_RESOLVED :composeApp:desktopCompileClasspath io.insert-koin:koin-core-jvm:4.0.0
AUDIT_RESOLVED :composeApp:desktopCompileClasspath io.insert-koin:koin-core-viewmodel-jvm:4.0.0
AUDIT_RESOLVED :composeApp:desktopCompileClasspath io.insert-koin:koin-core-viewmodel:4.0.0
AUDIT_RESOLVED :composeApp:desktopCompileClasspath io.insert-koin:koin-core:4.0.0
AUDIT_RESOLVED :composeApp:desktopCompileClasspath org.jetbrains.androidx.core:core-bundle-desktop:1.0.0
AUDIT_RESOLVED :composeApp:desktopCompileClasspath org.jetbrains.androidx.core:core-bundle:1.0.0
AUDIT_RESOLVED :composeApp:desktopCompileClasspath org.jetbrains.androidx.lifecycle:lifecycle-common:2.9.6
AUDIT_RESOLVED :composeApp:desktopCompileClasspath org.jetbrains.androidx.lifecycle:lifecycle-viewmodel-compose-desktop:2.8.0
AUDIT_RESOLVED :composeApp:desktopCompileClasspath org.jetbrains.androidx.lifecycle:lifecycle-viewmodel-compose:2.8.0
AUDIT_RESOLVED :composeApp:desktopCompileClasspath org.jetbrains.androidx.lifecycle:lifecycle-viewmodel-savedstate-desktop:2.8.0
AUDIT_RESOLVED :composeApp:desktopCompileClasspath org.jetbrains.androidx.lifecycle:lifecycle-viewmodel-savedstate:2.8.0
AUDIT_RESOLVED :composeApp:desktopCompileClasspath org.jetbrains.androidx.lifecycle:lifecycle-viewmodel:2.8.0
AUDIT_RESOLVED :composeApp:desktopCompileClasspath org.jetbrains.androidx.navigation3:navigation3-ui-desktop:1.0.0-alpha06
AUDIT_RESOLVED :composeApp:desktopCompileClasspath org.jetbrains.androidx.navigation3:navigation3-ui:1.0.0-alpha06
AUDIT_RESOLVED :composeApp:desktopCompileClasspath org.jetbrains.androidx.navigationevent:navigationevent-compose-desktop:1.0.0-rc01
AUDIT_RESOLVED :composeApp:desktopCompileClasspath org.jetbrains.androidx.navigationevent:navigationevent-compose:1.0.0-rc01
AUDIT_RESOLVED :composeApp:desktopCompileClasspath org.jetbrains.androidx.savedstate:savedstate-compose-desktop:1.3.6
AUDIT_RESOLVED :composeApp:desktopCompileClasspath org.jetbrains.androidx.savedstate:savedstate-compose:1.3.6
AUDIT_RESOLVED :composeApp:desktopCompileClasspath org.jetbrains.androidx.savedstate:savedstate:1.3.6
AUDIT_RESOLVED :composeApp:desktopCompileClasspath org.jetbrains.compose.animation:animation-core-desktop:1.10.3
AUDIT_RESOLVED :composeApp:desktopCompileClasspath org.jetbrains.compose.animation:animation-core:1.10.3
AUDIT_RESOLVED :composeApp:desktopCompileClasspath org.jetbrains.compose.animation:animation-desktop:1.10.3
AUDIT_RESOLVED :composeApp:desktopCompileClasspath org.jetbrains.compose.animation:animation:1.10.3
AUDIT_RESOLVED :composeApp:desktopCompileClasspath org.jetbrains.compose.annotation-internal:annotation:1.6.10
AUDIT_RESOLVED :composeApp:desktopCompileClasspath org.jetbrains.compose.components:components-resources-desktop:1.10.3
AUDIT_RESOLVED :composeApp:desktopCompileClasspath org.jetbrains.compose.components:components-resources:1.10.3
AUDIT_RESOLVED :composeApp:desktopCompileClasspath org.jetbrains.compose.components:components-ui-tooling-preview-desktop:1.10.3
AUDIT_RESOLVED :composeApp:desktopCompileClasspath org.jetbrains.compose.components:components-ui-tooling-preview:1.10.3
AUDIT_RESOLVED :composeApp:desktopCompileClasspath org.jetbrains.compose.desktop:desktop-jvm-macos-arm64:1.10.3
AUDIT_RESOLVED :composeApp:desktopCompileClasspath org.jetbrains.compose.desktop:desktop-jvm:1.10.3
AUDIT_RESOLVED :composeApp:desktopCompileClasspath org.jetbrains.compose.desktop:desktop:1.10.3
AUDIT_RESOLVED :composeApp:desktopCompileClasspath org.jetbrains.compose.foundation:foundation-desktop:1.10.3
AUDIT_RESOLVED :composeApp:desktopCompileClasspath org.jetbrains.compose.foundation:foundation-layout-desktop:1.10.3
AUDIT_RESOLVED :composeApp:desktopCompileClasspath org.jetbrains.compose.foundation:foundation-layout:1.10.3
AUDIT_RESOLVED :composeApp:desktopCompileClasspath org.jetbrains.compose.foundation:foundation:1.10.3
AUDIT_RESOLVED :composeApp:desktopCompileClasspath org.jetbrains.compose.material3:material3-desktop:1.9.0-beta03
AUDIT_RESOLVED :composeApp:desktopCompileClasspath org.jetbrains.compose.material3:material3:1.9.0-beta03
AUDIT_RESOLVED :composeApp:desktopCompileClasspath org.jetbrains.compose.material:material-desktop:1.10.3
AUDIT_RESOLVED :composeApp:desktopCompileClasspath org.jetbrains.compose.material:material-ripple-desktop:1.10.3
AUDIT_RESOLVED :composeApp:desktopCompileClasspath org.jetbrains.compose.material:material-ripple:1.10.3
AUDIT_RESOLVED :composeApp:desktopCompileClasspath org.jetbrains.compose.material:material:1.10.3
AUDIT_RESOLVED :composeApp:desktopCompileClasspath org.jetbrains.compose.runtime:runtime-desktop:1.10.3
AUDIT_RESOLVED :composeApp:desktopCompileClasspath org.jetbrains.compose.runtime:runtime-saveable-desktop:1.10.3
AUDIT_RESOLVED :composeApp:desktopCompileClasspath org.jetbrains.compose.runtime:runtime-saveable:1.10.3
AUDIT_RESOLVED :composeApp:desktopCompileClasspath org.jetbrains.compose.runtime:runtime:1.10.3
AUDIT_RESOLVED :composeApp:desktopCompileClasspath org.jetbrains.compose.ui:ui-desktop:1.10.3
AUDIT_RESOLVED :composeApp:desktopCompileClasspath org.jetbrains.compose.ui:ui-geometry-desktop:1.10.3
AUDIT_RESOLVED :composeApp:desktopCompileClasspath org.jetbrains.compose.ui:ui-geometry:1.10.3
AUDIT_RESOLVED :composeApp:desktopCompileClasspath org.jetbrains.compose.ui:ui-graphics-desktop:1.10.3
AUDIT_RESOLVED :composeApp:desktopCompileClasspath org.jetbrains.compose.ui:ui-graphics:1.10.3
AUDIT_RESOLVED :composeApp:desktopCompileClasspath org.jetbrains.compose.ui:ui-text-desktop:1.10.3
AUDIT_RESOLVED :composeApp:desktopCompileClasspath org.jetbrains.compose.ui:ui-text:1.10.3
AUDIT_RESOLVED :composeApp:desktopCompileClasspath org.jetbrains.compose.ui:ui-tooling-preview-desktop:1.10.3
AUDIT_RESOLVED :composeApp:desktopCompileClasspath org.jetbrains.compose.ui:ui-tooling-preview:1.10.3
AUDIT_RESOLVED :composeApp:desktopCompileClasspath org.jetbrains.compose.ui:ui-unit-desktop:1.10.3
AUDIT_RESOLVED :composeApp:desktopCompileClasspath org.jetbrains.compose.ui:ui-unit:1.10.3
AUDIT_RESOLVED :composeApp:desktopCompileClasspath org.jetbrains.compose.ui:ui-util-desktop:1.10.3
AUDIT_RESOLVED :composeApp:desktopCompileClasspath org.jetbrains.compose.ui:ui-util:1.10.3
AUDIT_RESOLVED :composeApp:desktopCompileClasspath org.jetbrains.compose.ui:ui:1.10.3
AUDIT_RESOLVED :composeApp:desktopCompileClasspath org.jetbrains.kotlin:kotlin-stdlib:2.4.10
AUDIT_RESOLVED :composeApp:desktopCompileClasspath org.jetbrains.kotlinx:kotlinx-coroutines-bom:1.11.0
AUDIT_RESOLVED :composeApp:desktopCompileClasspath org.jetbrains.kotlinx:kotlinx-coroutines-core-jvm:1.11.0
AUDIT_RESOLVED :composeApp:desktopCompileClasspath org.jetbrains.kotlinx:kotlinx-coroutines-core:1.11.0
AUDIT_RESOLVED :composeApp:desktopCompileClasspath org.jetbrains.kotlinx:kotlinx-datetime-jvm:0.7.1
AUDIT_RESOLVED :composeApp:desktopCompileClasspath org.jetbrains.kotlinx:kotlinx-datetime:0.7.1
AUDIT_RESOLVED :composeApp:desktopCompileClasspath org.jetbrains.kotlinx:kotlinx-serialization-bom:1.11.0
AUDIT_RESOLVED :composeApp:desktopCompileClasspath org.jetbrains.kotlinx:kotlinx-serialization-core-jvm:1.11.0
AUDIT_RESOLVED :composeApp:desktopCompileClasspath org.jetbrains.kotlinx:kotlinx-serialization-core:1.11.0
AUDIT_RESOLVED :composeApp:desktopCompileClasspath org.jetbrains.kotlinx:kotlinx-serialization-json-jvm:1.11.0
AUDIT_RESOLVED :composeApp:desktopCompileClasspath org.jetbrains.kotlinx:kotlinx-serialization-json:1.11.0
AUDIT_RESOLVED :composeApp:desktopCompileClasspath org.jetbrains.skiko:skiko-awt:0.9.37.4
AUDIT_RESOLVED :composeApp:desktopCompileClasspath org.jetbrains.skiko:skiko:0.9.37.4
AUDIT_RESOLVED :composeApp:desktopCompileClasspath org.jetbrains:annotations:23.0.0
AUDIT_RESOLVED :composeApp:desktopCompileClasspath org.jspecify:jspecify:1.0.0
AUDIT_RESOLVED :composeApp:desktopCompileClasspath project :composeApp
AUDIT_RESOLVED :composeApp:desktopCompileClasspath project :game-modes:mafia
AUDIT_RESOLVED :composeApp:desktopCompileClasspath project :game-modes:whodunit
AUDIT_RESOLVED :composeApp:desktopCompileClasspath project :shared:content
AUDIT_RESOLVED :composeApp:desktopCompileClasspath project :shared:core
AUDIT_RESOLVED :composeApp:desktopCompileClasspath project :shared:design-system
AUDIT_RESOLVED :composeApp:desktopCompileClasspath project :shared:engine
AUDIT_RESOLVED :composeApp:desktopCompileClasspath project :shared:networking
AUDIT_RESOLVED :composeApp:desktopCompileClasspath project :shared:session
AUDIT_RESOLVED :composeApp:desktopCompileClasspath project :shared:storage
AUDIT_RESOLVED :composeApp:desktopCompileClasspath project :shared:transport-p2p
AUDIT_RESOLUTION_BEGIN :composeApp:releaseCompileClasspath
AUDIT_RESOLVED :composeApp:releaseCompileClasspath androidx.activity:activity-compose:1.12.0
AUDIT_RESOLVED :composeApp:releaseCompileClasspath androidx.activity:activity-ktx:1.12.0
AUDIT_RESOLVED :composeApp:releaseCompileClasspath androidx.activity:activity:1.12.0
AUDIT_RESOLVED :composeApp:releaseCompileClasspath androidx.annotation:annotation-experimental:1.4.1
AUDIT_RESOLVED :composeApp:releaseCompileClasspath androidx.annotation:annotation-jvm:1.9.1
AUDIT_RESOLVED :composeApp:releaseCompileClasspath androidx.annotation:annotation:1.9.1
AUDIT_RESOLVED :composeApp:releaseCompileClasspath androidx.appcompat:appcompat-resources:1.7.0
AUDIT_RESOLVED :composeApp:releaseCompileClasspath androidx.appcompat:appcompat:1.7.0
AUDIT_RESOLVED :composeApp:releaseCompileClasspath androidx.arch.core:core-common:2.2.0
AUDIT_RESOLVED :composeApp:releaseCompileClasspath androidx.arch.core:core-runtime:2.2.0
AUDIT_RESOLVED :composeApp:releaseCompileClasspath androidx.collection:collection-jvm:1.5.0
AUDIT_RESOLVED :composeApp:releaseCompileClasspath androidx.collection:collection-ktx:1.5.0
AUDIT_RESOLVED :composeApp:releaseCompileClasspath androidx.collection:collection:1.5.0
AUDIT_RESOLVED :composeApp:releaseCompileClasspath androidx.compose.animation:animation-android:1.10.5
AUDIT_RESOLVED :composeApp:releaseCompileClasspath androidx.compose.animation:animation-core-android:1.10.5
AUDIT_RESOLVED :composeApp:releaseCompileClasspath androidx.compose.animation:animation-core:1.10.5
AUDIT_RESOLVED :composeApp:releaseCompileClasspath androidx.compose.animation:animation:1.10.5
AUDIT_RESOLVED :composeApp:releaseCompileClasspath androidx.compose.foundation:foundation-android:1.10.5
AUDIT_RESOLVED :composeApp:releaseCompileClasspath androidx.compose.foundation:foundation-layout-android:1.10.5
AUDIT_RESOLVED :composeApp:releaseCompileClasspath androidx.compose.foundation:foundation-layout:1.10.5
AUDIT_RESOLVED :composeApp:releaseCompileClasspath androidx.compose.foundation:foundation:1.10.5
AUDIT_RESOLVED :composeApp:releaseCompileClasspath androidx.compose.material3:material3-android:1.4.0-beta01
AUDIT_RESOLVED :composeApp:releaseCompileClasspath androidx.compose.material3:material3:1.4.0-beta01
AUDIT_RESOLVED :composeApp:releaseCompileClasspath androidx.compose.material:material-ripple-android:1.9.0-rc01
AUDIT_RESOLVED :composeApp:releaseCompileClasspath androidx.compose.material:material-ripple:1.9.0-rc01
AUDIT_RESOLVED :composeApp:releaseCompileClasspath androidx.compose.runtime:runtime-android:1.10.5
AUDIT_RESOLVED :composeApp:releaseCompileClasspath androidx.compose.runtime:runtime-annotation-android:1.10.5
AUDIT_RESOLVED :composeApp:releaseCompileClasspath androidx.compose.runtime:runtime-annotation:1.10.5
AUDIT_RESOLVED :composeApp:releaseCompileClasspath androidx.compose.runtime:runtime-retain-android:1.10.5
AUDIT_RESOLVED :composeApp:releaseCompileClasspath androidx.compose.runtime:runtime-retain:1.10.5
AUDIT_RESOLVED :composeApp:releaseCompileClasspath androidx.compose.runtime:runtime-saveable-android:1.10.5
AUDIT_RESOLVED :composeApp:releaseCompileClasspath androidx.compose.runtime:runtime-saveable:1.10.5
AUDIT_RESOLVED :composeApp:releaseCompileClasspath androidx.compose.runtime:runtime:1.10.5
AUDIT_RESOLVED :composeApp:releaseCompileClasspath androidx.compose.ui:ui-android:1.10.5
AUDIT_RESOLVED :composeApp:releaseCompileClasspath androidx.compose.ui:ui-geometry-android:1.10.5
AUDIT_RESOLVED :composeApp:releaseCompileClasspath androidx.compose.ui:ui-geometry:1.10.5
AUDIT_RESOLVED :composeApp:releaseCompileClasspath androidx.compose.ui:ui-graphics-android:1.10.5
AUDIT_RESOLVED :composeApp:releaseCompileClasspath androidx.compose.ui:ui-graphics:1.10.5
AUDIT_RESOLVED :composeApp:releaseCompileClasspath androidx.compose.ui:ui-text-android:1.10.5
AUDIT_RESOLVED :composeApp:releaseCompileClasspath androidx.compose.ui:ui-text:1.10.5
AUDIT_RESOLVED :composeApp:releaseCompileClasspath androidx.compose.ui:ui-tooling-preview-android:1.10.5
AUDIT_RESOLVED :composeApp:releaseCompileClasspath androidx.compose.ui:ui-tooling-preview:1.10.5
AUDIT_RESOLVED :composeApp:releaseCompileClasspath androidx.compose.ui:ui-unit-android:1.10.5
AUDIT_RESOLVED :composeApp:releaseCompileClasspath androidx.compose.ui:ui-unit:1.10.5
AUDIT_RESOLVED :composeApp:releaseCompileClasspath androidx.compose.ui:ui-util-android:1.10.5
AUDIT_RESOLVED :composeApp:releaseCompileClasspath androidx.compose.ui:ui-util:1.10.5
AUDIT_RESOLVED :composeApp:releaseCompileClasspath androidx.compose.ui:ui:1.10.5
AUDIT_RESOLVED :composeApp:releaseCompileClasspath androidx.core:core-ktx:1.16.0
AUDIT_RESOLVED :composeApp:releaseCompileClasspath androidx.core:core-viewtree:1.0.0
AUDIT_RESOLVED :composeApp:releaseCompileClasspath androidx.core:core:1.16.0
AUDIT_RESOLVED :composeApp:releaseCompileClasspath androidx.cursoradapter:cursoradapter:1.0.0
AUDIT_RESOLVED :composeApp:releaseCompileClasspath androidx.customview:customview:1.0.0
AUDIT_RESOLVED :composeApp:releaseCompileClasspath androidx.drawerlayout:drawerlayout:1.0.0
AUDIT_RESOLVED :composeApp:releaseCompileClasspath androidx.fragment:fragment-ktx:1.8.3
AUDIT_RESOLVED :composeApp:releaseCompileClasspath androidx.fragment:fragment:1.8.3
AUDIT_RESOLVED :composeApp:releaseCompileClasspath androidx.graphics:graphics-shapes-android:1.0.1
AUDIT_RESOLVED :composeApp:releaseCompileClasspath androidx.graphics:graphics-shapes:1.0.1
AUDIT_RESOLVED :composeApp:releaseCompileClasspath androidx.interpolator:interpolator:1.0.0
AUDIT_RESOLVED :composeApp:releaseCompileClasspath androidx.lifecycle:lifecycle-common-java8:2.10.0
AUDIT_RESOLVED :composeApp:releaseCompileClasspath androidx.lifecycle:lifecycle-common-jvm:2.10.0
AUDIT_RESOLVED :composeApp:releaseCompileClasspath androidx.lifecycle:lifecycle-common:2.10.0
AUDIT_RESOLVED :composeApp:releaseCompileClasspath androidx.lifecycle:lifecycle-livedata-core-ktx:2.10.0
AUDIT_RESOLVED :composeApp:releaseCompileClasspath androidx.lifecycle:lifecycle-livedata-core:2.10.0
AUDIT_RESOLVED :composeApp:releaseCompileClasspath androidx.lifecycle:lifecycle-livedata:2.10.0
AUDIT_RESOLVED :composeApp:releaseCompileClasspath androidx.lifecycle:lifecycle-runtime-android:2.10.0
AUDIT_RESOLVED :composeApp:releaseCompileClasspath androidx.lifecycle:lifecycle-runtime-compose-android:2.10.0
AUDIT_RESOLVED :composeApp:releaseCompileClasspath androidx.lifecycle:lifecycle-runtime-compose:2.10.0
AUDIT_RESOLVED :composeApp:releaseCompileClasspath androidx.lifecycle:lifecycle-runtime-ktx-android:2.10.0
AUDIT_RESOLVED :composeApp:releaseCompileClasspath androidx.lifecycle:lifecycle-runtime-ktx:2.10.0
AUDIT_RESOLVED :composeApp:releaseCompileClasspath androidx.lifecycle:lifecycle-runtime:2.10.0
AUDIT_RESOLVED :composeApp:releaseCompileClasspath androidx.lifecycle:lifecycle-viewmodel-android:2.10.0
AUDIT_RESOLVED :composeApp:releaseCompileClasspath androidx.lifecycle:lifecycle-viewmodel-compose-android:2.10.0
AUDIT_RESOLVED :composeApp:releaseCompileClasspath androidx.lifecycle:lifecycle-viewmodel-compose:2.10.0
AUDIT_RESOLVED :composeApp:releaseCompileClasspath androidx.lifecycle:lifecycle-viewmodel-ktx:2.10.0
AUDIT_RESOLVED :composeApp:releaseCompileClasspath androidx.lifecycle:lifecycle-viewmodel-savedstate-android:2.10.0
AUDIT_RESOLVED :composeApp:releaseCompileClasspath androidx.lifecycle:lifecycle-viewmodel-savedstate:2.10.0
AUDIT_RESOLVED :composeApp:releaseCompileClasspath androidx.lifecycle:lifecycle-viewmodel:2.10.0
AUDIT_RESOLVED :composeApp:releaseCompileClasspath androidx.loader:loader:1.0.0
AUDIT_RESOLVED :composeApp:releaseCompileClasspath androidx.navigation3:navigation3-runtime-android:1.0.0
AUDIT_RESOLVED :composeApp:releaseCompileClasspath androidx.navigation3:navigation3-runtime:1.0.0
AUDIT_RESOLVED :composeApp:releaseCompileClasspath androidx.navigation3:navigation3-ui-android:1.0.0
AUDIT_RESOLVED :composeApp:releaseCompileClasspath androidx.navigation3:navigation3-ui:1.0.0
AUDIT_RESOLVED :composeApp:releaseCompileClasspath androidx.navigationevent:navigationevent-android:1.0.0
AUDIT_RESOLVED :composeApp:releaseCompileClasspath androidx.navigationevent:navigationevent-compose-android:1.0.0
AUDIT_RESOLVED :composeApp:releaseCompileClasspath androidx.navigationevent:navigationevent-compose:1.0.0
AUDIT_RESOLVED :composeApp:releaseCompileClasspath androidx.navigationevent:navigationevent:1.0.0
AUDIT_RESOLVED :composeApp:releaseCompileClasspath androidx.savedstate:savedstate-android:1.4.0
AUDIT_RESOLVED :composeApp:releaseCompileClasspath androidx.savedstate:savedstate-compose-android:1.4.0
AUDIT_RESOLVED :composeApp:releaseCompileClasspath androidx.savedstate:savedstate-compose:1.4.0
AUDIT_RESOLVED :composeApp:releaseCompileClasspath androidx.savedstate:savedstate-ktx:1.4.0
AUDIT_RESOLVED :composeApp:releaseCompileClasspath androidx.savedstate:savedstate:1.4.0
AUDIT_RESOLVED :composeApp:releaseCompileClasspath androidx.vectordrawable:vectordrawable-animated:1.1.0
AUDIT_RESOLVED :composeApp:releaseCompileClasspath androidx.vectordrawable:vectordrawable:1.1.0
AUDIT_RESOLVED :composeApp:releaseCompileClasspath androidx.versionedparcelable:versionedparcelable:1.1.1
AUDIT_RESOLVED :composeApp:releaseCompileClasspath androidx.viewpager:viewpager:1.0.0
AUDIT_RESOLVED :composeApp:releaseCompileClasspath io.insert-koin:koin-android:4.0.0
AUDIT_RESOLVED :composeApp:releaseCompileClasspath io.insert-koin:koin-compose-jvm:4.0.0
AUDIT_RESOLVED :composeApp:releaseCompileClasspath io.insert-koin:koin-compose-viewmodel-jvm:4.0.0
AUDIT_RESOLVED :composeApp:releaseCompileClasspath io.insert-koin:koin-compose-viewmodel:4.0.0
AUDIT_RESOLVED :composeApp:releaseCompileClasspath io.insert-koin:koin-compose:4.0.0
AUDIT_RESOLVED :composeApp:releaseCompileClasspath io.insert-koin:koin-core-jvm:4.0.0
AUDIT_RESOLVED :composeApp:releaseCompileClasspath io.insert-koin:koin-core-viewmodel-jvm:4.0.0
AUDIT_RESOLVED :composeApp:releaseCompileClasspath io.insert-koin:koin-core-viewmodel:4.0.0
AUDIT_RESOLVED :composeApp:releaseCompileClasspath io.insert-koin:koin-core:4.0.0
AUDIT_RESOLVED :composeApp:releaseCompileClasspath org.jetbrains.androidx.core:core-bundle-android:1.0.0
AUDIT_RESOLVED :composeApp:releaseCompileClasspath org.jetbrains.androidx.core:core-bundle:1.0.0
AUDIT_RESOLVED :composeApp:releaseCompileClasspath org.jetbrains.androidx.lifecycle:lifecycle-common:2.10.0-alpha06
AUDIT_RESOLVED :composeApp:releaseCompileClasspath org.jetbrains.androidx.lifecycle:lifecycle-viewmodel-compose:2.8.0
AUDIT_RESOLVED :composeApp:releaseCompileClasspath org.jetbrains.androidx.lifecycle:lifecycle-viewmodel-savedstate:2.9.6
AUDIT_RESOLVED :composeApp:releaseCompileClasspath org.jetbrains.androidx.lifecycle:lifecycle-viewmodel:2.9.6
AUDIT_RESOLVED :composeApp:releaseCompileClasspath org.jetbrains.androidx.navigation3:navigation3-ui:1.0.0-alpha06
AUDIT_RESOLVED :composeApp:releaseCompileClasspath org.jetbrains.androidx.navigationevent:navigationevent-compose:1.0.0-rc01
AUDIT_RESOLVED :composeApp:releaseCompileClasspath org.jetbrains.androidx.savedstate:savedstate-compose:1.3.6
AUDIT_RESOLVED :composeApp:releaseCompileClasspath org.jetbrains.androidx.savedstate:savedstate:1.3.6
AUDIT_RESOLVED :composeApp:releaseCompileClasspath org.jetbrains.compose.animation:animation-core:1.10.3
AUDIT_RESOLVED :composeApp:releaseCompileClasspath org.jetbrains.compose.animation:animation:1.10.3
AUDIT_RESOLVED :composeApp:releaseCompileClasspath org.jetbrains.compose.components:components-resources-android:1.10.3
AUDIT_RESOLVED :composeApp:releaseCompileClasspath org.jetbrains.compose.components:components-resources:1.10.3
AUDIT_RESOLVED :composeApp:releaseCompileClasspath org.jetbrains.compose.components:components-ui-tooling-preview-android:1.10.3
AUDIT_RESOLVED :composeApp:releaseCompileClasspath org.jetbrains.compose.components:components-ui-tooling-preview:1.10.3
AUDIT_RESOLVED :composeApp:releaseCompileClasspath org.jetbrains.compose.foundation:foundation-layout:1.10.3
AUDIT_RESOLVED :composeApp:releaseCompileClasspath org.jetbrains.compose.foundation:foundation:1.10.3
AUDIT_RESOLVED :composeApp:releaseCompileClasspath org.jetbrains.compose.material3:material3:1.9.0-beta03
AUDIT_RESOLVED :composeApp:releaseCompileClasspath org.jetbrains.compose.material:material-ripple:1.9.0-beta03
AUDIT_RESOLVED :composeApp:releaseCompileClasspath org.jetbrains.compose.runtime:runtime-saveable:1.10.3
AUDIT_RESOLVED :composeApp:releaseCompileClasspath org.jetbrains.compose.runtime:runtime:1.10.3
AUDIT_RESOLVED :composeApp:releaseCompileClasspath org.jetbrains.compose.ui:ui-geometry:1.10.3
AUDIT_RESOLVED :composeApp:releaseCompileClasspath org.jetbrains.compose.ui:ui-graphics:1.10.3
AUDIT_RESOLVED :composeApp:releaseCompileClasspath org.jetbrains.compose.ui:ui-text:1.10.3
AUDIT_RESOLVED :composeApp:releaseCompileClasspath org.jetbrains.compose.ui:ui-unit:1.10.3
AUDIT_RESOLVED :composeApp:releaseCompileClasspath org.jetbrains.compose.ui:ui-util:1.10.3
AUDIT_RESOLVED :composeApp:releaseCompileClasspath org.jetbrains.compose.ui:ui:1.10.3
AUDIT_RESOLVED :composeApp:releaseCompileClasspath org.jetbrains.kotlin:kotlin-stdlib:2.4.10
AUDIT_RESOLVED :composeApp:releaseCompileClasspath org.jetbrains.kotlinx:kotlinx-coroutines-android:1.11.0
AUDIT_RESOLVED :composeApp:releaseCompileClasspath org.jetbrains.kotlinx:kotlinx-coroutines-bom:1.11.0
AUDIT_RESOLVED :composeApp:releaseCompileClasspath org.jetbrains.kotlinx:kotlinx-coroutines-core-jvm:1.11.0
AUDIT_RESOLVED :composeApp:releaseCompileClasspath org.jetbrains.kotlinx:kotlinx-coroutines-core:1.11.0
AUDIT_RESOLVED :composeApp:releaseCompileClasspath org.jetbrains.kotlinx:kotlinx-datetime-jvm:0.7.1
AUDIT_RESOLVED :composeApp:releaseCompileClasspath org.jetbrains.kotlinx:kotlinx-datetime:0.7.1
AUDIT_RESOLVED :composeApp:releaseCompileClasspath org.jetbrains.kotlinx:kotlinx-serialization-bom:1.11.0
AUDIT_RESOLVED :composeApp:releaseCompileClasspath org.jetbrains.kotlinx:kotlinx-serialization-core-jvm:1.11.0
AUDIT_RESOLVED :composeApp:releaseCompileClasspath org.jetbrains.kotlinx:kotlinx-serialization-core:1.11.0
AUDIT_RESOLVED :composeApp:releaseCompileClasspath org.jetbrains.kotlinx:kotlinx-serialization-json-jvm:1.11.0
AUDIT_RESOLVED :composeApp:releaseCompileClasspath org.jetbrains.kotlinx:kotlinx-serialization-json:1.11.0
AUDIT_RESOLVED :composeApp:releaseCompileClasspath org.jetbrains:annotations:23.0.0
AUDIT_RESOLVED :composeApp:releaseCompileClasspath org.jspecify:jspecify:1.0.0
AUDIT_RESOLVED :composeApp:releaseCompileClasspath project :composeApp
AUDIT_RESOLVED :composeApp:releaseCompileClasspath project :game-modes:mafia
AUDIT_RESOLVED :composeApp:releaseCompileClasspath project :game-modes:whodunit
AUDIT_RESOLVED :composeApp:releaseCompileClasspath project :shared:content
AUDIT_RESOLVED :composeApp:releaseCompileClasspath project :shared:core
AUDIT_RESOLVED :composeApp:releaseCompileClasspath project :shared:design-system
AUDIT_RESOLVED :composeApp:releaseCompileClasspath project :shared:engine
AUDIT_RESOLVED :composeApp:releaseCompileClasspath project :shared:networking
AUDIT_RESOLVED :composeApp:releaseCompileClasspath project :shared:session
AUDIT_RESOLVED :composeApp:releaseCompileClasspath project :shared:storage
AUDIT_RESOLVED :composeApp:releaseCompileClasspath project :shared:transport-p2p

> Task :shared:core:kmpPartiallyResolvedDependenciesChecker
> Task :shared:core:checkKotlinGradlePluginConfigurationErrors SKIPPED
> Task :shared:core:compileKotlinDesktop
> Task :shared:core:compileDesktopMainJava NO-SOURCE
> Task :shared:core:desktopProcessResources NO-SOURCE
> Task :shared:core:processDesktopMainResources SKIPPED
> Task :shared:core:desktopMainClasses
> Task :shared:core:desktopJar
> Task :shared:engine:kmpPartiallyResolvedDependenciesChecker
> Task :shared:engine:checkKotlinGradlePluginConfigurationErrors SKIPPED
> Task :shared:engine:compileKotlinDesktop
> Task :shared:engine:compileDesktopMainJava NO-SOURCE
> Task :shared:engine:desktopProcessResources NO-SOURCE
> Task :shared:engine:processDesktopMainResources SKIPPED
> Task :shared:engine:desktopMainClasses
> Task :shared:engine:desktopJar
> Task :shared:networking:kmpPartiallyResolvedDependenciesChecker
> Task :shared:networking:checkKotlinGradlePluginConfigurationErrors SKIPPED
> Task :shared:networking:compileKotlinDesktop
> Task :shared:networking:compileDesktopMainJava NO-SOURCE
> Task :shared:networking:desktopProcessResources NO-SOURCE
> Task :shared:networking:processDesktopMainResources SKIPPED
> Task :shared:networking:desktopMainClasses
> Task :shared:networking:desktopJar
> Task :shared:storage:kmpPartiallyResolvedDependenciesChecker
> Task :shared:storage:checkKotlinGradlePluginConfigurationErrors SKIPPED
> Task :shared:storage:compileKotlinDesktop
> Task :shared:storage:compileDesktopMainJava NO-SOURCE
> Task :shared:storage:desktopProcessResources NO-SOURCE
> Task :shared:storage:processDesktopMainResources SKIPPED
> Task :shared:storage:desktopMainClasses
> Task :shared:storage:desktopJar
> Task :shared:transport-p2p:kmpPartiallyResolvedDependenciesChecker
> Task :shared:transport-p2p:checkKotlinGradlePluginConfigurationErrors SKIPPED
> Task :shared:transport-p2p:compileKotlinDesktop
> Task :shared:transport-p2p:compileDesktopMainJava NO-SOURCE
> Task :shared:transport-p2p:desktopProcessResources NO-SOURCE
> Task :shared:transport-p2p:processDesktopMainResources SKIPPED
> Task :shared:transport-p2p:desktopMainClasses
> Task :shared:transport-p2p:desktopJar
> Task :shared:transport-p2p:compileTestKotlinDesktop
> Task :shared:transport-p2p:compileDesktopTestJava NO-SOURCE
> Task :shared:transport-p2p:desktopTestProcessResources NO-SOURCE
> Task :shared:transport-p2p:processDesktopTestResources SKIPPED
> Task :shared:transport-p2p:desktopTestClasses

> Task :shared:transport-p2p:desktopTest FAILED

SN_C2HostRegistrationCancellationTest[desktop] > cancelled_host_registration_closes_the_unreturned_room()[desktop] FAILED
    org.opentest4j.AssertionFailedError at SN_C2HostRegistrationCancellationTest.kt:23

1 test completed, 1 failed

> Task :composeApp:kmpPartiallyResolvedDependenciesChecker
> Task :composeApp:checkKotlinGradlePluginConfigurationErrors SKIPPED
> Task :composeApp:convertXmlValueResourcesForCommonMain
> Task :composeApp:copyNonXmlValueResourcesForCommonMain NO-SOURCE
> Task :composeApp:prepareComposeResourcesTaskForCommonMain UP-TO-DATE
> Task :composeApp:generateResourceAccessorsForCommonMain
> Task :composeApp:convertXmlValueResourcesForDesktopMain NO-SOURCE
> Task :composeApp:copyNonXmlValueResourcesForDesktopMain NO-SOURCE
> Task :composeApp:prepareComposeResourcesTaskForDesktopMain NO-SOURCE
> Task :composeApp:generateResourceAccessorsForDesktopMain NO-SOURCE
> Task :composeApp:generateActualResourceCollectorsForDesktopMain
> Task :composeApp:generateComposeResClass
> Task :composeApp:generateExpectResourceCollectorsForCommonMain
> Task :composeApp:generateParlorVersion
> Task :game-modes:mafia:kmpPartiallyResolvedDependenciesChecker
> Task :game-modes:mafia:checkKotlinGradlePluginConfigurationErrors SKIPPED
> Task :game-modes:mafia:convertXmlValueResourcesForCommonMain
> Task :game-modes:mafia:copyNonXmlValueResourcesForCommonMain NO-SOURCE
> Task :game-modes:mafia:prepareComposeResourcesTaskForCommonMain UP-TO-DATE
> Task :game-modes:mafia:generateResourceAccessorsForCommonMain
> Task :game-modes:mafia:convertXmlValueResourcesForDesktopMain NO-SOURCE
> Task :game-modes:mafia:copyNonXmlValueResourcesForDesktopMain NO-SOURCE
> Task :game-modes:mafia:prepareComposeResourcesTaskForDesktopMain NO-SOURCE
> Task :game-modes:mafia:generateResourceAccessorsForDesktopMain NO-SOURCE
> Task :game-modes:mafia:generateActualResourceCollectorsForDesktopMain
> Task :game-modes:mafia:generateComposeResClass
> Task :game-modes:mafia:generateExpectResourceCollectorsForCommonMain
> Task :shared:content:kmpPartiallyResolvedDependenciesChecker
> Task :shared:content:checkKotlinGradlePluginConfigurationErrors SKIPPED
> Task :shared:content:compileKotlinDesktop
> Task :shared:content:compileDesktopMainJava NO-SOURCE
> Task :shared:content:desktopProcessResources NO-SOURCE
> Task :shared:content:processDesktopMainResources SKIPPED
> Task :shared:content:desktopMainClasses
> Task :shared:content:desktopJar
> Task :shared:design-system:kmpPartiallyResolvedDependenciesChecker
> Task :shared:design-system:checkKotlinGradlePluginConfigurationErrors SKIPPED
> Task :shared:design-system:convertXmlValueResourcesForCommonMain
> Task :shared:design-system:copyNonXmlValueResourcesForCommonMain
> Task :shared:design-system:prepareComposeResourcesTaskForCommonMain UP-TO-DATE
> Task :shared:design-system:generateResourceAccessorsForCommonMain
> Task :shared:design-system:convertXmlValueResourcesForDesktopMain NO-SOURCE
> Task :shared:design-system:copyNonXmlValueResourcesForDesktopMain NO-SOURCE
> Task :shared:design-system:prepareComposeResourcesTaskForDesktopMain NO-SOURCE
> Task :shared:design-system:generateResourceAccessorsForDesktopMain NO-SOURCE
> Task :shared:design-system:generateActualResourceCollectorsForDesktopMain
> Task :shared:design-system:generateComposeResClass
> Task :shared:design-system:generateExpectResourceCollectorsForCommonMain
> Task :shared:design-system:compileKotlinDesktop
> Task :shared:design-system:compileDesktopMainJava NO-SOURCE
> Task :shared:design-system:assembleDesktopMainResources
> Task :shared:design-system:desktopProcessResources
> Task :shared:design-system:processDesktopMainResources SKIPPED
> Task :shared:design-system:desktopMainClasses
> Task :shared:design-system:desktopJar
> Task :shared:session:kmpPartiallyResolvedDependenciesChecker
> Task :shared:session:checkKotlinGradlePluginConfigurationErrors SKIPPED
> Task :shared:session:compileKotlinDesktop
> Task :shared:session:compileDesktopMainJava NO-SOURCE
> Task :shared:session:desktopProcessResources NO-SOURCE
> Task :shared:session:processDesktopMainResources SKIPPED
> Task :shared:session:desktopMainClasses
> Task :shared:session:desktopJar
> Task :game-modes:mafia:compileKotlinDesktop
> Task :game-modes:mafia:compileDesktopMainJava NO-SOURCE
> Task :game-modes:mafia:assembleDesktopMainResources
> Task :game-modes:mafia:desktopProcessResources
> Task :game-modes:mafia:processDesktopMainResources SKIPPED
> Task :game-modes:mafia:desktopMainClasses
> Task :game-modes:mafia:desktopJar
> Task :game-modes:whodunit:kmpPartiallyResolvedDependenciesChecker
> Task :game-modes:whodunit:checkKotlinGradlePluginConfigurationErrors SKIPPED
> Task :game-modes:whodunit:convertXmlValueResourcesForCommonMain
> Task :game-modes:whodunit:copyNonXmlValueResourcesForCommonMain
> Task :game-modes:whodunit:prepareComposeResourcesTaskForCommonMain UP-TO-DATE
> Task :game-modes:whodunit:generateResourceAccessorsForCommonMain
> Task :game-modes:whodunit:convertXmlValueResourcesForDesktopMain NO-SOURCE
> Task :game-modes:whodunit:copyNonXmlValueResourcesForDesktopMain NO-SOURCE
> Task :game-modes:whodunit:prepareComposeResourcesTaskForDesktopMain NO-SOURCE
> Task :game-modes:whodunit:generateResourceAccessorsForDesktopMain NO-SOURCE
> Task :game-modes:whodunit:generateActualResourceCollectorsForDesktopMain
> Task :game-modes:whodunit:generateComposeResClass
> Task :game-modes:whodunit:generateExpectResourceCollectorsForCommonMain
> Task :game-modes:whodunit:compileKotlinDesktop
> Task :game-modes:whodunit:compileDesktopMainJava NO-SOURCE
> Task :game-modes:whodunit:assembleDesktopMainResources
> Task :game-modes:whodunit:desktopProcessResources
> Task :game-modes:whodunit:processDesktopMainResources SKIPPED
> Task :game-modes:whodunit:desktopMainClasses
> Task :game-modes:whodunit:desktopJar
> Task :composeApp:compileKotlinDesktop
> Task :composeApp:compileDesktopMainJava NO-SOURCE
> Task :composeApp:assembleDesktopMainResources
> Task :composeApp:desktopProcessResources
> Task :composeApp:processDesktopMainResources SKIPPED
> Task :composeApp:desktopMainClasses
> Task :composeApp:desktopJar
> Task :composeApp:convertXmlValueResourcesForCommonTest NO-SOURCE
> Task :composeApp:copyNonXmlValueResourcesForCommonTest NO-SOURCE
> Task :composeApp:prepareComposeResourcesTaskForCommonTest NO-SOURCE
> Task :composeApp:generateResourceAccessorsForCommonTest NO-SOURCE
> Task :composeApp:convertXmlValueResourcesForDesktopTest NO-SOURCE
> Task :composeApp:copyNonXmlValueResourcesForDesktopTest NO-SOURCE
> Task :composeApp:prepareComposeResourcesTaskForDesktopTest NO-SOURCE
> Task :composeApp:generateResourceAccessorsForDesktopTest NO-SOURCE
> Task :shared:engine-testing:kmpPartiallyResolvedDependenciesChecker
> Task :shared:engine-testing:checkKotlinGradlePluginConfigurationErrors SKIPPED
> Task :shared:engine-testing:compileKotlinDesktop
> Task :shared:engine-testing:compileDesktopMainJava NO-SOURCE
> Task :shared:engine-testing:desktopProcessResources NO-SOURCE
> Task :shared:engine-testing:processDesktopMainResources SKIPPED
> Task :shared:engine-testing:desktopMainClasses
> Task :shared:engine-testing:desktopJar

> Task :composeApp:compileTestKotlinDesktop FAILED
e: file:///Users/abdelrahman/Projects/parlor/audit-runs/2026-09-05-source-audit/reproducers/app/MC03MafiaTrailingContentLayoutTest.kt:52:24 Unresolved reference 'width'.

> Task :composeApp:assembleDesktopTestResources
> Task :composeApp:desktopTestProcessResources
> Task :composeApp:processDesktopTestResources SKIPPED

[Incubating] Problems report is available at: file:///Users/abdelrahman/Projects/parlor/build/reports/problems/problems-report.html

FAILURE: Build completed with 2 failures.

1: Task failed with an exception.
-----------
* What went wrong:
Execution failed for task ':shared:transport-p2p:desktopTest'.
> There were failing tests. See the report at: file:///Users/abdelrahman/Projects/parlor/shared/transport-p2p/build/reports/tests/desktopTest/index.html

* Try:
> Run with --scan to get full insights.
==============================================================================

2: Task failed with an exception.
-----------
* What went wrong:
Execution failed for task ':composeApp:compileTestKotlinDesktop'.
> A failure occurred while executing org.jetbrains.kotlin.compilerRunner.btapi.BuildToolsApiCompilationWork
   > Compilation error. See log for more details

* Try:
> Run with --stacktrace option to get the stack trace.
> Run with --info or --debug option to get more log output.
> Run with --scan to get full insights.
> Get more help at https://help.gradle.org.
==============================================================================

BUILD FAILED in 59s
81 actionable tasks: 77 executed, 4 up-to-date
