Refreshing run status every 15 seconds. Press Ctrl+C to quit.

* fix/local-readiness-2026-09-07 Production verification · 34498027425
Triggered via workflow_dispatch less than a minute ago

JOBS
* Common, desktop, and Android release (ID 102941382495)
  ✓ Set up job
  ✓ Check out source
  ✓ Set up JDK 21
  - Validate Linux process-probe source and controls
  ✓ Validate Android cleanup source and controls
  ✓ Install Linux process-probe emulator package
  ✓ Claim fresh verification output ownership
  * Install pinned Android SDK packages
  * Record exact source and require a clean checkout
  * Run common, desktop, Android, static-analysis, and release gates
  * Stop Gradle after common-android
  * Run release Android managed-device smoke tests
  * Stop Gradle after managed-device
  * Inspect unsigned Android release artifact and merged manifest
  * Upload verification reports, mappings, and unsigned AAB
  * Clean only attested verification outputs
  * Upload verification cleanup receipt
  * Observe Linux process access without a build
  * Upload bounded Linux process-probe evidence
  * Finalize Linux process-probe resources and uploaded custody
  * Upload Linux process-probe cleanup receipt
  * Post Set up JDK 21
  * Post Check out source
- Desktop strict verification (Linux arm64) in 0s (ID 102941384264)
- iOS tests, release frameworks, and Swift wrapper in 0s (ID 102941384283)
- Desktop and Kotlin Native strict verification (macOS x64) in 0s (ID 102941384292)
- Desktop, Kotlin Native, and Android resources strict verification (Windows x64) (ID 102941434097)
Refreshing run status every 15 seconds. Press Ctrl+C to quit.

* fix/local-readiness-2026-09-07 Production verification · 34498027425
Triggered via workflow_dispatch about 1 minute ago

JOBS
* Common, desktop, and Android release (ID 102941382495)
  ✓ Set up job
  ✓ Check out source
  ✓ Set up JDK 21
  - Validate Linux process-probe source and controls
  ✓ Validate Android cleanup source and controls
  ✓ Install Linux process-probe emulator package
  ✓ Claim fresh verification output ownership
  ✓ Install pinned Android SDK packages
  ✓ Record exact source and require a clean checkout
  - Run common, desktop, Android, static-analysis, and release gates
  - Stop Gradle after common-android
  * Run release Android managed-device smoke tests
  * Stop Gradle after managed-device
  * Inspect unsigned Android release artifact and merged manifest
  * Upload verification reports, mappings, and unsigned AAB
  * Clean only attested verification outputs
  * Upload verification cleanup receipt
  * Observe Linux process access without a build
  * Upload bounded Linux process-probe evidence
  * Finalize Linux process-probe resources and uploaded custody
  * Upload Linux process-probe cleanup receipt
  * Post Set up JDK 21
  * Post Check out source
- Desktop strict verification (Linux arm64) in 0s (ID 102941384264)
- iOS tests, release frameworks, and Swift wrapper in 0s (ID 102941384283)
- Desktop and Kotlin Native strict verification (macOS x64) in 0s (ID 102941384292)
- Desktop, Kotlin Native, and Android resources strict verification (Windows x64) (ID 102941434097)
Refreshing run status every 15 seconds. Press Ctrl+C to quit.

* fix/local-readiness-2026-09-07 Production verification · 34498027425
Triggered via workflow_dispatch about 1 minute ago

JOBS
* Common, desktop, and Android release (ID 102941382495)
  ✓ Set up job
  ✓ Check out source
  ✓ Set up JDK 21
  - Validate Linux process-probe source and controls
  ✓ Validate Android cleanup source and controls
  ✓ Install Linux process-probe emulator package
  ✓ Claim fresh verification output ownership
  ✓ Install pinned Android SDK packages
  ✓ Record exact source and require a clean checkout
  - Run common, desktop, Android, static-analysis, and release gates
  - Stop Gradle after common-android
  * Run release Android managed-device smoke tests
  * Stop Gradle after managed-device
  * Inspect unsigned Android release artifact and merged manifest
  * Upload verification reports, mappings, and unsigned AAB
  * Clean only attested verification outputs
  * Upload verification cleanup receipt
  * Observe Linux process access without a build
  * Upload bounded Linux process-probe evidence
  * Finalize Linux process-probe resources and uploaded custody
  * Upload Linux process-probe cleanup receipt
  * Post Set up JDK 21
  * Post Check out source
- Desktop strict verification (Linux arm64) in 0s (ID 102941384264)
- iOS tests, release frameworks, and Swift wrapper in 0s (ID 102941384283)
- Desktop and Kotlin Native strict verification (macOS x64) in 0s (ID 102941384292)
- Desktop, Kotlin Native, and Android resources strict verification (Windows x64) (ID 102941434097)
Refreshing run status every 15 seconds. Press Ctrl+C to quit.

* fix/local-readiness-2026-09-07 Production verification · 34498027425
Triggered via workflow_dispatch about 1 minute ago

JOBS
* Common, desktop, and Android release (ID 102941382495)
  ✓ Set up job
  ✓ Check out source
  ✓ Set up JDK 21
  - Validate Linux process-probe source and controls
  ✓ Validate Android cleanup source and controls
  ✓ Install Linux process-probe emulator package
  ✓ Claim fresh verification output ownership
  ✓ Install pinned Android SDK packages
  ✓ Record exact source and require a clean checkout
  - Run common, desktop, Android, static-analysis, and release gates
  - Stop Gradle after common-android
  * Run release Android managed-device smoke tests
  * Stop Gradle after managed-device
  * Inspect unsigned Android release artifact and merged manifest
  * Upload verification reports, mappings, and unsigned AAB
  * Clean only attested verification outputs
  * Upload verification cleanup receipt
  * Observe Linux process access without a build
  * Upload bounded Linux process-probe evidence
  * Finalize Linux process-probe resources and uploaded custody
  * Upload Linux process-probe cleanup receipt
  * Post Set up JDK 21
  * Post Check out source
- Desktop strict verification (Linux arm64) in 0s (ID 102941384264)
- iOS tests, release frameworks, and Swift wrapper in 0s (ID 102941384283)
- Desktop and Kotlin Native strict verification (macOS x64) in 0s (ID 102941384292)
- Desktop, Kotlin Native, and Android resources strict verification (Windows x64) (ID 102941434097)
Refreshing run status every 15 seconds. Press Ctrl+C to quit.

* fix/local-readiness-2026-09-07 Production verification · 34498027425
Triggered via workflow_dispatch about 1 minute ago

JOBS
* Common, desktop, and Android release (ID 102941382495)
  ✓ Set up job
  ✓ Check out source
  ✓ Set up JDK 21
  - Validate Linux process-probe source and controls
  ✓ Validate Android cleanup source and controls
  ✓ Install Linux process-probe emulator package
  ✓ Claim fresh verification output ownership
  ✓ Install pinned Android SDK packages
  ✓ Record exact source and require a clean checkout
  - Run common, desktop, Android, static-analysis, and release gates
  - Stop Gradle after common-android
  * Run release Android managed-device smoke tests
  * Stop Gradle after managed-device
  * Inspect unsigned Android release artifact and merged manifest
  * Upload verification reports, mappings, and unsigned AAB
  * Clean only attested verification outputs
  * Upload verification cleanup receipt
  * Observe Linux process access without a build
  * Upload bounded Linux process-probe evidence
  * Finalize Linux process-probe resources and uploaded custody
  * Upload Linux process-probe cleanup receipt
  * Post Set up JDK 21
  * Post Check out source
- Desktop strict verification (Linux arm64) in 0s (ID 102941384264)
- iOS tests, release frameworks, and Swift wrapper in 0s (ID 102941384283)
- Desktop and Kotlin Native strict verification (macOS x64) in 0s (ID 102941384292)
- Desktop, Kotlin Native, and Android resources strict verification (Windows x64) (ID 102941434097)
Refreshing run status every 15 seconds. Press Ctrl+C to quit.

* fix/local-readiness-2026-09-07 Production verification · 34498027425
Triggered via workflow_dispatch about 2 minutes ago

JOBS
* Common, desktop, and Android release (ID 102941382495)
  ✓ Set up job
  ✓ Check out source
  ✓ Set up JDK 21
  - Validate Linux process-probe source and controls
  ✓ Validate Android cleanup source and controls
  ✓ Install Linux process-probe emulator package
  ✓ Claim fresh verification output ownership
  ✓ Install pinned Android SDK packages
  ✓ Record exact source and require a clean checkout
  - Run common, desktop, Android, static-analysis, and release gates
  - Stop Gradle after common-android
  * Run release Android managed-device smoke tests
  * Stop Gradle after managed-device
  * Inspect unsigned Android release artifact and merged manifest
  * Upload verification reports, mappings, and unsigned AAB
  * Clean only attested verification outputs
  * Upload verification cleanup receipt
  * Observe Linux process access without a build
  * Upload bounded Linux process-probe evidence
  * Finalize Linux process-probe resources and uploaded custody
  * Upload Linux process-probe cleanup receipt
  * Post Set up JDK 21
  * Post Check out source
- Desktop strict verification (Linux arm64) in 0s (ID 102941384264)
- iOS tests, release frameworks, and Swift wrapper in 0s (ID 102941384283)
- Desktop and Kotlin Native strict verification (macOS x64) in 0s (ID 102941384292)
- Desktop, Kotlin Native, and Android resources strict verification (Windows x64) (ID 102941434097)
Refreshing run status every 15 seconds. Press Ctrl+C to quit.

* fix/local-readiness-2026-09-07 Production verification · 34498027425
Triggered via workflow_dispatch about 2 minutes ago

JOBS
* Common, desktop, and Android release (ID 102941382495)
  ✓ Set up job
  ✓ Check out source
  ✓ Set up JDK 21
  - Validate Linux process-probe source and controls
  ✓ Validate Android cleanup source and controls
  ✓ Install Linux process-probe emulator package
  ✓ Claim fresh verification output ownership
  ✓ Install pinned Android SDK packages
  ✓ Record exact source and require a clean checkout
  - Run common, desktop, Android, static-analysis, and release gates
  - Stop Gradle after common-android
  * Run release Android managed-device smoke tests
  * Stop Gradle after managed-device
  * Inspect unsigned Android release artifact and merged manifest
  * Upload verification reports, mappings, and unsigned AAB
  * Clean only attested verification outputs
  * Upload verification cleanup receipt
  * Observe Linux process access without a build
  * Upload bounded Linux process-probe evidence
  * Finalize Linux process-probe resources and uploaded custody
  * Upload Linux process-probe cleanup receipt
  * Post Set up JDK 21
  * Post Check out source
- Desktop strict verification (Linux arm64) in 0s (ID 102941384264)
- iOS tests, release frameworks, and Swift wrapper in 0s (ID 102941384283)
- Desktop and Kotlin Native strict verification (macOS x64) in 0s (ID 102941384292)
- Desktop, Kotlin Native, and Android resources strict verification (Windows x64) (ID 102941434097)
Refreshing run status every 15 seconds. Press Ctrl+C to quit.

* fix/local-readiness-2026-09-07 Production verification · 34498027425
Triggered via workflow_dispatch about 2 minutes ago

JOBS
* Common, desktop, and Android release (ID 102941382495)
  ✓ Set up job
  ✓ Check out source
  ✓ Set up JDK 21
  - Validate Linux process-probe source and controls
  ✓ Validate Android cleanup source and controls
  ✓ Install Linux process-probe emulator package
  ✓ Claim fresh verification output ownership
  ✓ Install pinned Android SDK packages
  ✓ Record exact source and require a clean checkout
  - Run common, desktop, Android, static-analysis, and release gates
  - Stop Gradle after common-android
  * Run release Android managed-device smoke tests
  * Stop Gradle after managed-device
  * Inspect unsigned Android release artifact and merged manifest
  * Upload verification reports, mappings, and unsigned AAB
  * Clean only attested verification outputs
  * Upload verification cleanup receipt
  * Observe Linux process access without a build
  * Upload bounded Linux process-probe evidence
  * Finalize Linux process-probe resources and uploaded custody
  * Upload Linux process-probe cleanup receipt
  * Post Set up JDK 21
  * Post Check out source
- Desktop strict verification (Linux arm64) in 0s (ID 102941384264)
- iOS tests, release frameworks, and Swift wrapper in 0s (ID 102941384283)
- Desktop and Kotlin Native strict verification (macOS x64) in 0s (ID 102941384292)
- Desktop, Kotlin Native, and Android resources strict verification (Windows x64) (ID 102941434097)
Refreshing run status every 15 seconds. Press Ctrl+C to quit.

* fix/local-readiness-2026-09-07 Production verification · 34498027425
Triggered via workflow_dispatch about 2 minutes ago

JOBS
* Common, desktop, and Android release (ID 102941382495)
  ✓ Set up job
  ✓ Check out source
  ✓ Set up JDK 21
  - Validate Linux process-probe source and controls
  ✓ Validate Android cleanup source and controls
  ✓ Install Linux process-probe emulator package
  ✓ Claim fresh verification output ownership
  ✓ Install pinned Android SDK packages
  ✓ Record exact source and require a clean checkout
  - Run common, desktop, Android, static-analysis, and release gates
  - Stop Gradle after common-android
  * Run release Android managed-device smoke tests
  * Stop Gradle after managed-device
  * Inspect unsigned Android release artifact and merged manifest
  * Upload verification reports, mappings, and unsigned AAB
  * Clean only attested verification outputs
  * Upload verification cleanup receipt
  * Observe Linux process access without a build
  * Upload bounded Linux process-probe evidence
  * Finalize Linux process-probe resources and uploaded custody
  * Upload Linux process-probe cleanup receipt
  * Post Set up JDK 21
  * Post Check out source
- Desktop strict verification (Linux arm64) in 0s (ID 102941384264)
- iOS tests, release frameworks, and Swift wrapper in 0s (ID 102941384283)
- Desktop and Kotlin Native strict verification (macOS x64) in 0s (ID 102941384292)
- Desktop, Kotlin Native, and Android resources strict verification (Windows x64) (ID 102941434097)
Refreshing run status every 15 seconds. Press Ctrl+C to quit.

* fix/local-readiness-2026-09-07 Production verification · 34498027425
Triggered via workflow_dispatch about 3 minutes ago

JOBS
* Common, desktop, and Android release (ID 102941382495)
  ✓ Set up job
  ✓ Check out source
  ✓ Set up JDK 21
  - Validate Linux process-probe source and controls
  ✓ Validate Android cleanup source and controls
  ✓ Install Linux process-probe emulator package
  ✓ Claim fresh verification output ownership
  ✓ Install pinned Android SDK packages
  ✓ Record exact source and require a clean checkout
  - Run common, desktop, Android, static-analysis, and release gates
  - Stop Gradle after common-android
  * Run release Android managed-device smoke tests
  * Stop Gradle after managed-device
  * Inspect unsigned Android release artifact and merged manifest
  * Upload verification reports, mappings, and unsigned AAB
  * Clean only attested verification outputs
  * Upload verification cleanup receipt
  * Observe Linux process access without a build
  * Upload bounded Linux process-probe evidence
  * Finalize Linux process-probe resources and uploaded custody
  * Upload Linux process-probe cleanup receipt
  * Post Set up JDK 21
  * Post Check out source
- Desktop strict verification (Linux arm64) in 0s (ID 102941384264)
- iOS tests, release frameworks, and Swift wrapper in 0s (ID 102941384283)
- Desktop and Kotlin Native strict verification (macOS x64) in 0s (ID 102941384292)
- Desktop, Kotlin Native, and Android resources strict verification (Windows x64) (ID 102941434097)
Refreshing run status every 15 seconds. Press Ctrl+C to quit.

* fix/local-readiness-2026-09-07 Production verification · 34498027425
Triggered via workflow_dispatch about 3 minutes ago

JOBS
* Common, desktop, and Android release (ID 102941382495)
  ✓ Set up job
  ✓ Check out source
  ✓ Set up JDK 21
  - Validate Linux process-probe source and controls
  ✓ Validate Android cleanup source and controls
  ✓ Install Linux process-probe emulator package
  ✓ Claim fresh verification output ownership
  ✓ Install pinned Android SDK packages
  ✓ Record exact source and require a clean checkout
  - Run common, desktop, Android, static-analysis, and release gates
  - Stop Gradle after common-android
  * Run release Android managed-device smoke tests
  * Stop Gradle after managed-device
  * Inspect unsigned Android release artifact and merged manifest
  * Upload verification reports, mappings, and unsigned AAB
  * Clean only attested verification outputs
  * Upload verification cleanup receipt
  * Observe Linux process access without a build
  * Upload bounded Linux process-probe evidence
  * Finalize Linux process-probe resources and uploaded custody
  * Upload Linux process-probe cleanup receipt
  * Post Set up JDK 21
  * Post Check out source
- Desktop strict verification (Linux arm64) in 0s (ID 102941384264)
- iOS tests, release frameworks, and Swift wrapper in 0s (ID 102941384283)
- Desktop and Kotlin Native strict verification (macOS x64) in 0s (ID 102941384292)
- Desktop, Kotlin Native, and Android resources strict verification (Windows x64) (ID 102941434097)
Refreshing run status every 15 seconds. Press Ctrl+C to quit.

* fix/local-readiness-2026-09-07 Production verification · 34498027425
Triggered via workflow_dispatch about 3 minutes ago

JOBS
* Common, desktop, and Android release (ID 102941382495)
  ✓ Set up job
  ✓ Check out source
  ✓ Set up JDK 21
  - Validate Linux process-probe source and controls
  ✓ Validate Android cleanup source and controls
  ✓ Install Linux process-probe emulator package
  ✓ Claim fresh verification output ownership
  ✓ Install pinned Android SDK packages
  ✓ Record exact source and require a clean checkout
  - Run common, desktop, Android, static-analysis, and release gates
  - Stop Gradle after common-android
  * Run release Android managed-device smoke tests
  * Stop Gradle after managed-device
  * Inspect unsigned Android release artifact and merged manifest
  * Upload verification reports, mappings, and unsigned AAB
  * Clean only attested verification outputs
  * Upload verification cleanup receipt
  * Observe Linux process access without a build
  * Upload bounded Linux process-probe evidence
  * Finalize Linux process-probe resources and uploaded custody
  * Upload Linux process-probe cleanup receipt
  * Post Set up JDK 21
  * Post Check out source
- Desktop strict verification (Linux arm64) in 0s (ID 102941384264)
- iOS tests, release frameworks, and Swift wrapper in 0s (ID 102941384283)
- Desktop and Kotlin Native strict verification (macOS x64) in 0s (ID 102941384292)
- Desktop, Kotlin Native, and Android resources strict verification (Windows x64) (ID 102941434097)
Refreshing run status every 15 seconds. Press Ctrl+C to quit.

* fix/local-readiness-2026-09-07 Production verification · 34498027425
Triggered via workflow_dispatch about 4 minutes ago

JOBS
* Common, desktop, and Android release (ID 102941382495)
  ✓ Set up job
  ✓ Check out source
  ✓ Set up JDK 21
  - Validate Linux process-probe source and controls
  ✓ Validate Android cleanup source and controls
  ✓ Install Linux process-probe emulator package
  ✓ Claim fresh verification output ownership
  ✓ Install pinned Android SDK packages
  ✓ Record exact source and require a clean checkout
  - Run common, desktop, Android, static-analysis, and release gates
  - Stop Gradle after common-android
  * Run release Android managed-device smoke tests
  * Stop Gradle after managed-device
  * Inspect unsigned Android release artifact and merged manifest
  * Upload verification reports, mappings, and unsigned AAB
  * Clean only attested verification outputs
  * Upload verification cleanup receipt
  * Observe Linux process access without a build
  * Upload bounded Linux process-probe evidence
  * Finalize Linux process-probe resources and uploaded custody
  * Upload Linux process-probe cleanup receipt
  * Post Set up JDK 21
  * Post Check out source
- Desktop strict verification (Linux arm64) in 0s (ID 102941384264)
- iOS tests, release frameworks, and Swift wrapper in 0s (ID 102941384283)
- Desktop and Kotlin Native strict verification (macOS x64) in 0s (ID 102941384292)
- Desktop, Kotlin Native, and Android resources strict verification (Windows x64) (ID 102941434097)
Refreshing run status every 15 seconds. Press Ctrl+C to quit.

* fix/local-readiness-2026-09-07 Production verification · 34498027425
Triggered via workflow_dispatch about 4 minutes ago

JOBS
* Common, desktop, and Android release (ID 102941382495)
  ✓ Set up job
  ✓ Check out source
  ✓ Set up JDK 21
  - Validate Linux process-probe source and controls
  ✓ Validate Android cleanup source and controls
  ✓ Install Linux process-probe emulator package
  ✓ Claim fresh verification output ownership
  ✓ Install pinned Android SDK packages
  ✓ Record exact source and require a clean checkout
  - Run common, desktop, Android, static-analysis, and release gates
  - Stop Gradle after common-android
  * Run release Android managed-device smoke tests
  * Stop Gradle after managed-device
  * Inspect unsigned Android release artifact and merged manifest
  * Upload verification reports, mappings, and unsigned AAB
  * Clean only attested verification outputs
  * Upload verification cleanup receipt
  * Observe Linux process access without a build
  * Upload bounded Linux process-probe evidence
  * Finalize Linux process-probe resources and uploaded custody
  * Upload Linux process-probe cleanup receipt
  * Post Set up JDK 21
  * Post Check out source
- Desktop strict verification (Linux arm64) in 0s (ID 102941384264)
- iOS tests, release frameworks, and Swift wrapper in 0s (ID 102941384283)
- Desktop and Kotlin Native strict verification (macOS x64) in 0s (ID 102941384292)
- Desktop, Kotlin Native, and Android resources strict verification (Windows x64) (ID 102941434097)
Refreshing run status every 15 seconds. Press Ctrl+C to quit.

* fix/local-readiness-2026-09-07 Production verification · 34498027425
Triggered via workflow_dispatch about 4 minutes ago

JOBS
* Common, desktop, and Android release (ID 102941382495)
  ✓ Set up job
  ✓ Check out source
  ✓ Set up JDK 21
  - Validate Linux process-probe source and controls
  ✓ Validate Android cleanup source and controls
  ✓ Install Linux process-probe emulator package
  ✓ Claim fresh verification output ownership
  ✓ Install pinned Android SDK packages
  ✓ Record exact source and require a clean checkout
  - Run common, desktop, Android, static-analysis, and release gates
  - Stop Gradle after common-android
  * Run release Android managed-device smoke tests
  * Stop Gradle after managed-device
  * Inspect unsigned Android release artifact and merged manifest
  * Upload verification reports, mappings, and unsigned AAB
  * Clean only attested verification outputs
  * Upload verification cleanup receipt
  * Observe Linux process access without a build
  * Upload bounded Linux process-probe evidence
  * Finalize Linux process-probe resources and uploaded custody
  * Upload Linux process-probe cleanup receipt
  * Post Set up JDK 21
  * Post Check out source
- Desktop strict verification (Linux arm64) in 0s (ID 102941384264)
- iOS tests, release frameworks, and Swift wrapper in 0s (ID 102941384283)
- Desktop and Kotlin Native strict verification (macOS x64) in 0s (ID 102941384292)
- Desktop, Kotlin Native, and Android resources strict verification (Windows x64) (ID 102941434097)
Refreshing run status every 15 seconds. Press Ctrl+C to quit.

* fix/local-readiness-2026-09-07 Production verification · 34498027425
Triggered via workflow_dispatch about 4 minutes ago

JOBS
* Common, desktop, and Android release (ID 102941382495)
  ✓ Set up job
  ✓ Check out source
  ✓ Set up JDK 21
  - Validate Linux process-probe source and controls
  ✓ Validate Android cleanup source and controls
  ✓ Install Linux process-probe emulator package
  ✓ Claim fresh verification output ownership
  ✓ Install pinned Android SDK packages
  ✓ Record exact source and require a clean checkout
  - Run common, desktop, Android, static-analysis, and release gates
  - Stop Gradle after common-android
  * Run release Android managed-device smoke tests
  * Stop Gradle after managed-device
  * Inspect unsigned Android release artifact and merged manifest
  * Upload verification reports, mappings, and unsigned AAB
  * Clean only attested verification outputs
  * Upload verification cleanup receipt
  * Observe Linux process access without a build
  * Upload bounded Linux process-probe evidence
  * Finalize Linux process-probe resources and uploaded custody
  * Upload Linux process-probe cleanup receipt
  * Post Set up JDK 21
  * Post Check out source
- Desktop strict verification (Linux arm64) in 0s (ID 102941384264)
- iOS tests, release frameworks, and Swift wrapper in 0s (ID 102941384283)
- Desktop and Kotlin Native strict verification (macOS x64) in 0s (ID 102941384292)
- Desktop, Kotlin Native, and Android resources strict verification (Windows x64) (ID 102941434097)
Refreshing run status every 15 seconds. Press Ctrl+C to quit.

* fix/local-readiness-2026-09-07 Production verification · 34498027425
Triggered via workflow_dispatch about 5 minutes ago

JOBS
* Common, desktop, and Android release (ID 102941382495)
  ✓ Set up job
  ✓ Check out source
  ✓ Set up JDK 21
  - Validate Linux process-probe source and controls
  ✓ Validate Android cleanup source and controls
  ✓ Install Linux process-probe emulator package
  ✓ Claim fresh verification output ownership
  ✓ Install pinned Android SDK packages
  ✓ Record exact source and require a clean checkout
  - Run common, desktop, Android, static-analysis, and release gates
  - Stop Gradle after common-android
  * Run release Android managed-device smoke tests
  * Stop Gradle after managed-device
  * Inspect unsigned Android release artifact and merged manifest
  * Upload verification reports, mappings, and unsigned AAB
  * Clean only attested verification outputs
  * Upload verification cleanup receipt
  * Observe Linux process access without a build
  * Upload bounded Linux process-probe evidence
  * Finalize Linux process-probe resources and uploaded custody
  * Upload Linux process-probe cleanup receipt
  * Post Set up JDK 21
  * Post Check out source
- Desktop strict verification (Linux arm64) in 0s (ID 102941384264)
- iOS tests, release frameworks, and Swift wrapper in 0s (ID 102941384283)
- Desktop and Kotlin Native strict verification (macOS x64) in 0s (ID 102941384292)
- Desktop, Kotlin Native, and Android resources strict verification (Windows x64) (ID 102941434097)
Refreshing run status every 15 seconds. Press Ctrl+C to quit.

* fix/local-readiness-2026-09-07 Production verification · 34498027425
Triggered via workflow_dispatch about 5 minutes ago

JOBS
* Common, desktop, and Android release (ID 102941382495)
  ✓ Set up job
  ✓ Check out source
  ✓ Set up JDK 21
  - Validate Linux process-probe source and controls
  ✓ Validate Android cleanup source and controls
  ✓ Install Linux process-probe emulator package
  ✓ Claim fresh verification output ownership
  ✓ Install pinned Android SDK packages
  ✓ Record exact source and require a clean checkout
  - Run common, desktop, Android, static-analysis, and release gates
  - Stop Gradle after common-android
  * Run release Android managed-device smoke tests
  * Stop Gradle after managed-device
  * Inspect unsigned Android release artifact and merged manifest
  * Upload verification reports, mappings, and unsigned AAB
  * Clean only attested verification outputs
  * Upload verification cleanup receipt
  * Observe Linux process access without a build
  * Upload bounded Linux process-probe evidence
  * Finalize Linux process-probe resources and uploaded custody
  * Upload Linux process-probe cleanup receipt
  * Post Set up JDK 21
  * Post Check out source
- Desktop strict verification (Linux arm64) in 0s (ID 102941384264)
- iOS tests, release frameworks, and Swift wrapper in 0s (ID 102941384283)
- Desktop and Kotlin Native strict verification (macOS x64) in 0s (ID 102941384292)
- Desktop, Kotlin Native, and Android resources strict verification (Windows x64) (ID 102941434097)
Refreshing run status every 15 seconds. Press Ctrl+C to quit.

* fix/local-readiness-2026-09-07 Production verification · 34498027425
Triggered via workflow_dispatch about 5 minutes ago

JOBS
* Common, desktop, and Android release (ID 102941382495)
  ✓ Set up job
  ✓ Check out source
  ✓ Set up JDK 21
  - Validate Linux process-probe source and controls
  ✓ Validate Android cleanup source and controls
  ✓ Install Linux process-probe emulator package
  ✓ Claim fresh verification output ownership
  ✓ Install pinned Android SDK packages
  ✓ Record exact source and require a clean checkout
  - Run common, desktop, Android, static-analysis, and release gates
  - Stop Gradle after common-android
  * Run release Android managed-device smoke tests
  * Stop Gradle after managed-device
  * Inspect unsigned Android release artifact and merged manifest
  * Upload verification reports, mappings, and unsigned AAB
  * Clean only attested verification outputs
  * Upload verification cleanup receipt
  * Observe Linux process access without a build
  * Upload bounded Linux process-probe evidence
  * Finalize Linux process-probe resources and uploaded custody
  * Upload Linux process-probe cleanup receipt
  * Post Set up JDK 21
  * Post Check out source
- Desktop strict verification (Linux arm64) in 0s (ID 102941384264)
- iOS tests, release frameworks, and Swift wrapper in 0s (ID 102941384283)
- Desktop and Kotlin Native strict verification (macOS x64) in 0s (ID 102941384292)
- Desktop, Kotlin Native, and Android resources strict verification (Windows x64) (ID 102941434097)
Refreshing run status every 15 seconds. Press Ctrl+C to quit.

* fix/local-readiness-2026-09-07 Production verification · 34498027425
Triggered via workflow_dispatch about 5 minutes ago

JOBS
* Common, desktop, and Android release (ID 102941382495)
  ✓ Set up job
  ✓ Check out source
  ✓ Set up JDK 21
  - Validate Linux process-probe source and controls
  ✓ Validate Android cleanup source and controls
  ✓ Install Linux process-probe emulator package
  ✓ Claim fresh verification output ownership
  ✓ Install pinned Android SDK packages
  ✓ Record exact source and require a clean checkout
  - Run common, desktop, Android, static-analysis, and release gates
  - Stop Gradle after common-android
  * Run release Android managed-device smoke tests
  * Stop Gradle after managed-device
  * Inspect unsigned Android release artifact and merged manifest
  * Upload verification reports, mappings, and unsigned AAB
  * Clean only attested verification outputs
  * Upload verification cleanup receipt
  * Observe Linux process access without a build
  * Upload bounded Linux process-probe evidence
  * Finalize Linux process-probe resources and uploaded custody
  * Upload Linux process-probe cleanup receipt
  * Post Set up JDK 21
  * Post Check out source
- Desktop strict verification (Linux arm64) in 0s (ID 102941384264)
- iOS tests, release frameworks, and Swift wrapper in 0s (ID 102941384283)
- Desktop and Kotlin Native strict verification (macOS x64) in 0s (ID 102941384292)
- Desktop, Kotlin Native, and Android resources strict verification (Windows x64) (ID 102941434097)
Refreshing run status every 15 seconds. Press Ctrl+C to quit.

* fix/local-readiness-2026-09-07 Production verification · 34498027425
Triggered via workflow_dispatch about 6 minutes ago

JOBS
* Common, desktop, and Android release (ID 102941382495)
  ✓ Set up job
  ✓ Check out source
  ✓ Set up JDK 21
  - Validate Linux process-probe source and controls
  ✓ Validate Android cleanup source and controls
  ✓ Install Linux process-probe emulator package
  ✓ Claim fresh verification output ownership
  ✓ Install pinned Android SDK packages
  ✓ Record exact source and require a clean checkout
  - Run common, desktop, Android, static-analysis, and release gates
  - Stop Gradle after common-android
  * Run release Android managed-device smoke tests
  * Stop Gradle after managed-device
  * Inspect unsigned Android release artifact and merged manifest
  * Upload verification reports, mappings, and unsigned AAB
  * Clean only attested verification outputs
  * Upload verification cleanup receipt
  * Observe Linux process access without a build
  * Upload bounded Linux process-probe evidence
  * Finalize Linux process-probe resources and uploaded custody
  * Upload Linux process-probe cleanup receipt
  * Post Set up JDK 21
  * Post Check out source
- Desktop strict verification (Linux arm64) in 0s (ID 102941384264)
- iOS tests, release frameworks, and Swift wrapper in 0s (ID 102941384283)
- Desktop and Kotlin Native strict verification (macOS x64) in 0s (ID 102941384292)
- Desktop, Kotlin Native, and Android resources strict verification (Windows x64) (ID 102941434097)
Refreshing run status every 15 seconds. Press Ctrl+C to quit.

* fix/local-readiness-2026-09-07 Production verification · 34498027425
Triggered via workflow_dispatch about 6 minutes ago

JOBS
* Common, desktop, and Android release (ID 102941382495)
  ✓ Set up job
  ✓ Check out source
  ✓ Set up JDK 21
  - Validate Linux process-probe source and controls
  ✓ Validate Android cleanup source and controls
  ✓ Install Linux process-probe emulator package
  ✓ Claim fresh verification output ownership
  ✓ Install pinned Android SDK packages
  ✓ Record exact source and require a clean checkout
  - Run common, desktop, Android, static-analysis, and release gates
  - Stop Gradle after common-android
  * Run release Android managed-device smoke tests
  * Stop Gradle after managed-device
  * Inspect unsigned Android release artifact and merged manifest
  * Upload verification reports, mappings, and unsigned AAB
  * Clean only attested verification outputs
  * Upload verification cleanup receipt
  * Observe Linux process access without a build
  * Upload bounded Linux process-probe evidence
  * Finalize Linux process-probe resources and uploaded custody
  * Upload Linux process-probe cleanup receipt
  * Post Set up JDK 21
  * Post Check out source
- Desktop strict verification (Linux arm64) in 0s (ID 102941384264)
- iOS tests, release frameworks, and Swift wrapper in 0s (ID 102941384283)
- Desktop and Kotlin Native strict verification (macOS x64) in 0s (ID 102941384292)
- Desktop, Kotlin Native, and Android resources strict verification (Windows x64) (ID 102941434097)
Refreshing run status every 15 seconds. Press Ctrl+C to quit.

* fix/local-readiness-2026-09-07 Production verification · 34498027425
Triggered via workflow_dispatch about 6 minutes ago

JOBS
* Common, desktop, and Android release (ID 102941382495)
  ✓ Set up job
  ✓ Check out source
  ✓ Set up JDK 21
  - Validate Linux process-probe source and controls
  ✓ Validate Android cleanup source and controls
  ✓ Install Linux process-probe emulator package
  ✓ Claim fresh verification output ownership
  ✓ Install pinned Android SDK packages
  ✓ Record exact source and require a clean checkout
  - Run common, desktop, Android, static-analysis, and release gates
  - Stop Gradle after common-android
  * Run release Android managed-device smoke tests
  * Stop Gradle after managed-device
  * Inspect unsigned Android release artifact and merged manifest
  * Upload verification reports, mappings, and unsigned AAB
  * Clean only attested verification outputs
  * Upload verification cleanup receipt
  * Observe Linux process access without a build
  * Upload bounded Linux process-probe evidence
  * Finalize Linux process-probe resources and uploaded custody
  * Upload Linux process-probe cleanup receipt
  * Post Set up JDK 21
  * Post Check out source
- Desktop strict verification (Linux arm64) in 0s (ID 102941384264)
- iOS tests, release frameworks, and Swift wrapper in 0s (ID 102941384283)
- Desktop and Kotlin Native strict verification (macOS x64) in 0s (ID 102941384292)
- Desktop, Kotlin Native, and Android resources strict verification (Windows x64) (ID 102941434097)
Refreshing run status every 15 seconds. Press Ctrl+C to quit.

* fix/local-readiness-2026-09-07 Production verification · 34498027425
Triggered via workflow_dispatch about 6 minutes ago

JOBS
* Common, desktop, and Android release (ID 102941382495)
  ✓ Set up job
  ✓ Check out source
  ✓ Set up JDK 21
  - Validate Linux process-probe source and controls
  ✓ Validate Android cleanup source and controls
  ✓ Install Linux process-probe emulator package
  ✓ Claim fresh verification output ownership
  ✓ Install pinned Android SDK packages
  ✓ Record exact source and require a clean checkout
  - Run common, desktop, Android, static-analysis, and release gates
  - Stop Gradle after common-android
  * Run release Android managed-device smoke tests
  * Stop Gradle after managed-device
  * Inspect unsigned Android release artifact and merged manifest
  * Upload verification reports, mappings, and unsigned AAB
  * Clean only attested verification outputs
  * Upload verification cleanup receipt
  * Observe Linux process access without a build
  * Upload bounded Linux process-probe evidence
  * Finalize Linux process-probe resources and uploaded custody
  * Upload Linux process-probe cleanup receipt
  * Post Set up JDK 21
  * Post Check out source
- Desktop strict verification (Linux arm64) in 0s (ID 102941384264)
- iOS tests, release frameworks, and Swift wrapper in 0s (ID 102941384283)
- Desktop and Kotlin Native strict verification (macOS x64) in 0s (ID 102941384292)
- Desktop, Kotlin Native, and Android resources strict verification (Windows x64) (ID 102941434097)
Refreshing run status every 15 seconds. Press Ctrl+C to quit.

* fix/local-readiness-2026-09-07 Production verification · 34498027425
Triggered via workflow_dispatch about 7 minutes ago

JOBS
* Common, desktop, and Android release (ID 102941382495)
  ✓ Set up job
  ✓ Check out source
  ✓ Set up JDK 21
  - Validate Linux process-probe source and controls
  ✓ Validate Android cleanup source and controls
  ✓ Install Linux process-probe emulator package
  ✓ Claim fresh verification output ownership
  ✓ Install pinned Android SDK packages
  ✓ Record exact source and require a clean checkout
  - Run common, desktop, Android, static-analysis, and release gates
  - Stop Gradle after common-android
  * Run release Android managed-device smoke tests
  * Stop Gradle after managed-device
  * Inspect unsigned Android release artifact and merged manifest
  * Upload verification reports, mappings, and unsigned AAB
  * Clean only attested verification outputs
  * Upload verification cleanup receipt
  * Observe Linux process access without a build
  * Upload bounded Linux process-probe evidence
  * Finalize Linux process-probe resources and uploaded custody
  * Upload Linux process-probe cleanup receipt
  * Post Set up JDK 21
  * Post Check out source
- Desktop strict verification (Linux arm64) in 0s (ID 102941384264)
- iOS tests, release frameworks, and Swift wrapper in 0s (ID 102941384283)
- Desktop and Kotlin Native strict verification (macOS x64) in 0s (ID 102941384292)
- Desktop, Kotlin Native, and Android resources strict verification (Windows x64) (ID 102941434097)
Refreshing run status every 15 seconds. Press Ctrl+C to quit.

* fix/local-readiness-2026-09-07 Production verification · 34498027425
Triggered via workflow_dispatch about 7 minutes ago

JOBS
* Common, desktop, and Android release (ID 102941382495)
  ✓ Set up job
  ✓ Check out source
  ✓ Set up JDK 21
  - Validate Linux process-probe source and controls
  ✓ Validate Android cleanup source and controls
  ✓ Install Linux process-probe emulator package
  ✓ Claim fresh verification output ownership
  ✓ Install pinned Android SDK packages
  ✓ Record exact source and require a clean checkout
  - Run common, desktop, Android, static-analysis, and release gates
  - Stop Gradle after common-android
  * Run release Android managed-device smoke tests
  * Stop Gradle after managed-device
  * Inspect unsigned Android release artifact and merged manifest
  * Upload verification reports, mappings, and unsigned AAB
  * Clean only attested verification outputs
  * Upload verification cleanup receipt
  * Observe Linux process access without a build
  * Upload bounded Linux process-probe evidence
  * Finalize Linux process-probe resources and uploaded custody
  * Upload Linux process-probe cleanup receipt
  * Post Set up JDK 21
  * Post Check out source
- Desktop strict verification (Linux arm64) in 0s (ID 102941384264)
- iOS tests, release frameworks, and Swift wrapper in 0s (ID 102941384283)
- Desktop and Kotlin Native strict verification (macOS x64) in 0s (ID 102941384292)
- Desktop, Kotlin Native, and Android resources strict verification (Windows x64) (ID 102941434097)
Refreshing run status every 15 seconds. Press Ctrl+C to quit.

* fix/local-readiness-2026-09-07 Production verification · 34498027425
Triggered via workflow_dispatch about 7 minutes ago

JOBS
* Common, desktop, and Android release (ID 102941382495)
  ✓ Set up job
  ✓ Check out source
  ✓ Set up JDK 21
  - Validate Linux process-probe source and controls
  ✓ Validate Android cleanup source and controls
  ✓ Install Linux process-probe emulator package
  ✓ Claim fresh verification output ownership
  ✓ Install pinned Android SDK packages
  ✓ Record exact source and require a clean checkout
  - Run common, desktop, Android, static-analysis, and release gates
  - Stop Gradle after common-android
  * Run release Android managed-device smoke tests
  * Stop Gradle after managed-device
  * Inspect unsigned Android release artifact and merged manifest
  * Upload verification reports, mappings, and unsigned AAB
  * Clean only attested verification outputs
  * Upload verification cleanup receipt
  * Observe Linux process access without a build
  * Upload bounded Linux process-probe evidence
  * Finalize Linux process-probe resources and uploaded custody
  * Upload Linux process-probe cleanup receipt
  * Post Set up JDK 21
  * Post Check out source
- Desktop strict verification (Linux arm64) in 0s (ID 102941384264)
- iOS tests, release frameworks, and Swift wrapper in 0s (ID 102941384283)
- Desktop and Kotlin Native strict verification (macOS x64) in 0s (ID 102941384292)
- Desktop, Kotlin Native, and Android resources strict verification (Windows x64) (ID 102941434097)
Refreshing run status every 15 seconds. Press Ctrl+C to quit.

* fix/local-readiness-2026-09-07 Production verification · 34498027425
Triggered via workflow_dispatch about 8 minutes ago

JOBS
* Common, desktop, and Android release (ID 102941382495)
  ✓ Set up job
  ✓ Check out source
  ✓ Set up JDK 21
  - Validate Linux process-probe source and controls
  ✓ Validate Android cleanup source and controls
  ✓ Install Linux process-probe emulator package
  ✓ Claim fresh verification output ownership
  ✓ Install pinned Android SDK packages
  ✓ Record exact source and require a clean checkout
  - Run common, desktop, Android, static-analysis, and release gates
  - Stop Gradle after common-android
  * Run release Android managed-device smoke tests
  * Stop Gradle after managed-device
  * Inspect unsigned Android release artifact and merged manifest
  * Upload verification reports, mappings, and unsigned AAB
  * Clean only attested verification outputs
  * Upload verification cleanup receipt
  * Observe Linux process access without a build
  * Upload bounded Linux process-probe evidence
  * Finalize Linux process-probe resources and uploaded custody
  * Upload Linux process-probe cleanup receipt
  * Post Set up JDK 21
  * Post Check out source
- Desktop strict verification (Linux arm64) in 0s (ID 102941384264)
- iOS tests, release frameworks, and Swift wrapper in 0s (ID 102941384283)
- Desktop and Kotlin Native strict verification (macOS x64) in 0s (ID 102941384292)
- Desktop, Kotlin Native, and Android resources strict verification (Windows x64) (ID 102941434097)
Refreshing run status every 15 seconds. Press Ctrl+C to quit.

* fix/local-readiness-2026-09-07 Production verification · 34498027425
Triggered via workflow_dispatch about 8 minutes ago

JOBS
* Common, desktop, and Android release (ID 102941382495)
  ✓ Set up job
  ✓ Check out source
  ✓ Set up JDK 21
  - Validate Linux process-probe source and controls
  ✓ Validate Android cleanup source and controls
  ✓ Install Linux process-probe emulator package
  ✓ Claim fresh verification output ownership
  ✓ Install pinned Android SDK packages
  ✓ Record exact source and require a clean checkout
  - Run common, desktop, Android, static-analysis, and release gates
  - Stop Gradle after common-android
  * Run release Android managed-device smoke tests
  * Stop Gradle after managed-device
  * Inspect unsigned Android release artifact and merged manifest
  * Upload verification reports, mappings, and unsigned AAB
  * Clean only attested verification outputs
  * Upload verification cleanup receipt
  * Observe Linux process access without a build
  * Upload bounded Linux process-probe evidence
  * Finalize Linux process-probe resources and uploaded custody
  * Upload Linux process-probe cleanup receipt
  * Post Set up JDK 21
  * Post Check out source
- Desktop strict verification (Linux arm64) in 0s (ID 102941384264)
- iOS tests, release frameworks, and Swift wrapper in 0s (ID 102941384283)
- Desktop and Kotlin Native strict verification (macOS x64) in 0s (ID 102941384292)
- Desktop, Kotlin Native, and Android resources strict verification (Windows x64) (ID 102941434097)
Refreshing run status every 15 seconds. Press Ctrl+C to quit.

* fix/local-readiness-2026-09-07 Production verification · 34498027425
Triggered via workflow_dispatch about 8 minutes ago

JOBS
* Common, desktop, and Android release (ID 102941382495)
  ✓ Set up job
  ✓ Check out source
  ✓ Set up JDK 21
  - Validate Linux process-probe source and controls
  ✓ Validate Android cleanup source and controls
  ✓ Install Linux process-probe emulator package
  ✓ Claim fresh verification output ownership
  ✓ Install pinned Android SDK packages
  ✓ Record exact source and require a clean checkout
  - Run common, desktop, Android, static-analysis, and release gates
  - Stop Gradle after common-android
  * Run release Android managed-device smoke tests
  * Stop Gradle after managed-device
  * Inspect unsigned Android release artifact and merged manifest
  * Upload verification reports, mappings, and unsigned AAB
  * Clean only attested verification outputs
  * Upload verification cleanup receipt
  * Observe Linux process access without a build
  * Upload bounded Linux process-probe evidence
  * Finalize Linux process-probe resources and uploaded custody
  * Upload Linux process-probe cleanup receipt
  * Post Set up JDK 21
  * Post Check out source
- Desktop strict verification (Linux arm64) in 0s (ID 102941384264)
- iOS tests, release frameworks, and Swift wrapper in 0s (ID 102941384283)
- Desktop and Kotlin Native strict verification (macOS x64) in 0s (ID 102941384292)
- Desktop, Kotlin Native, and Android resources strict verification (Windows x64) (ID 102941434097)
Refreshing run status every 15 seconds. Press Ctrl+C to quit.

* fix/local-readiness-2026-09-07 Production verification · 34498027425
Triggered via workflow_dispatch about 8 minutes ago

JOBS
* Common, desktop, and Android release (ID 102941382495)
  ✓ Set up job
  ✓ Check out source
  ✓ Set up JDK 21
  - Validate Linux process-probe source and controls
  ✓ Validate Android cleanup source and controls
  ✓ Install Linux process-probe emulator package
  ✓ Claim fresh verification output ownership
  ✓ Install pinned Android SDK packages
  ✓ Record exact source and require a clean checkout
  - Run common, desktop, Android, static-analysis, and release gates
  - Stop Gradle after common-android
  * Run release Android managed-device smoke tests
  * Stop Gradle after managed-device
  * Inspect unsigned Android release artifact and merged manifest
  * Upload verification reports, mappings, and unsigned AAB
  * Clean only attested verification outputs
  * Upload verification cleanup receipt
  * Observe Linux process access without a build
  * Upload bounded Linux process-probe evidence
  * Finalize Linux process-probe resources and uploaded custody
  * Upload Linux process-probe cleanup receipt
  * Post Set up JDK 21
  * Post Check out source
- Desktop strict verification (Linux arm64) in 0s (ID 102941384264)
- iOS tests, release frameworks, and Swift wrapper in 0s (ID 102941384283)
- Desktop and Kotlin Native strict verification (macOS x64) in 0s (ID 102941384292)
- Desktop, Kotlin Native, and Android resources strict verification (Windows x64) (ID 102941434097)
Refreshing run status every 15 seconds. Press Ctrl+C to quit.

* fix/local-readiness-2026-09-07 Production verification · 34498027425
Triggered via workflow_dispatch about 9 minutes ago

JOBS
* Common, desktop, and Android release (ID 102941382495)
  ✓ Set up job
  ✓ Check out source
  ✓ Set up JDK 21
  - Validate Linux process-probe source and controls
  ✓ Validate Android cleanup source and controls
  ✓ Install Linux process-probe emulator package
  ✓ Claim fresh verification output ownership
  ✓ Install pinned Android SDK packages
  ✓ Record exact source and require a clean checkout
  - Run common, desktop, Android, static-analysis, and release gates
  - Stop Gradle after common-android
  * Run release Android managed-device smoke tests
  * Stop Gradle after managed-device
  * Inspect unsigned Android release artifact and merged manifest
  * Upload verification reports, mappings, and unsigned AAB
  * Clean only attested verification outputs
  * Upload verification cleanup receipt
  * Observe Linux process access without a build
  * Upload bounded Linux process-probe evidence
  * Finalize Linux process-probe resources and uploaded custody
  * Upload Linux process-probe cleanup receipt
  * Post Set up JDK 21
  * Post Check out source
- Desktop strict verification (Linux arm64) in 0s (ID 102941384264)
- iOS tests, release frameworks, and Swift wrapper in 0s (ID 102941384283)
- Desktop and Kotlin Native strict verification (macOS x64) in 0s (ID 102941384292)
- Desktop, Kotlin Native, and Android resources strict verification (Windows x64) (ID 102941434097)
Refreshing run status every 15 seconds. Press Ctrl+C to quit.

* fix/local-readiness-2026-09-07 Production verification · 34498027425
Triggered via workflow_dispatch about 9 minutes ago

JOBS
* Common, desktop, and Android release (ID 102941382495)
  ✓ Set up job
  ✓ Check out source
  ✓ Set up JDK 21
  - Validate Linux process-probe source and controls
  ✓ Validate Android cleanup source and controls
  ✓ Install Linux process-probe emulator package
  ✓ Claim fresh verification output ownership
  ✓ Install pinned Android SDK packages
  ✓ Record exact source and require a clean checkout
  - Run common, desktop, Android, static-analysis, and release gates
  - Stop Gradle after common-android
  * Run release Android managed-device smoke tests
  * Stop Gradle after managed-device
  * Inspect unsigned Android release artifact and merged manifest
  * Upload verification reports, mappings, and unsigned AAB
  * Clean only attested verification outputs
  * Upload verification cleanup receipt
  * Observe Linux process access without a build
  * Upload bounded Linux process-probe evidence
  * Finalize Linux process-probe resources and uploaded custody
  * Upload Linux process-probe cleanup receipt
  * Post Set up JDK 21
  * Post Check out source
- Desktop strict verification (Linux arm64) in 0s (ID 102941384264)
- iOS tests, release frameworks, and Swift wrapper in 0s (ID 102941384283)
- Desktop and Kotlin Native strict verification (macOS x64) in 0s (ID 102941384292)
- Desktop, Kotlin Native, and Android resources strict verification (Windows x64) (ID 102941434097)
Refreshing run status every 15 seconds. Press Ctrl+C to quit.

* fix/local-readiness-2026-09-07 Production verification · 34498027425
Triggered via workflow_dispatch about 9 minutes ago

JOBS
* Common, desktop, and Android release (ID 102941382495)
  ✓ Set up job
  ✓ Check out source
  ✓ Set up JDK 21
  - Validate Linux process-probe source and controls
  ✓ Validate Android cleanup source and controls
  ✓ Install Linux process-probe emulator package
  ✓ Claim fresh verification output ownership
  ✓ Install pinned Android SDK packages
  ✓ Record exact source and require a clean checkout
  - Run common, desktop, Android, static-analysis, and release gates
  - Stop Gradle after common-android
  * Run release Android managed-device smoke tests
  * Stop Gradle after managed-device
  * Inspect unsigned Android release artifact and merged manifest
  * Upload verification reports, mappings, and unsigned AAB
  * Clean only attested verification outputs
  * Upload verification cleanup receipt
  * Observe Linux process access without a build
  * Upload bounded Linux process-probe evidence
  * Finalize Linux process-probe resources and uploaded custody
  * Upload Linux process-probe cleanup receipt
  * Post Set up JDK 21
  * Post Check out source
- Desktop strict verification (Linux arm64) in 0s (ID 102941384264)
- iOS tests, release frameworks, and Swift wrapper in 0s (ID 102941384283)
- Desktop and Kotlin Native strict verification (macOS x64) in 0s (ID 102941384292)
- Desktop, Kotlin Native, and Android resources strict verification (Windows x64) (ID 102941434097)
Refreshing run status every 15 seconds. Press Ctrl+C to quit.

* fix/local-readiness-2026-09-07 Production verification · 34498027425
Triggered via workflow_dispatch about 9 minutes ago

JOBS
* Common, desktop, and Android release (ID 102941382495)
  ✓ Set up job
  ✓ Check out source
  ✓ Set up JDK 21
  - Validate Linux process-probe source and controls
  ✓ Validate Android cleanup source and controls
  ✓ Install Linux process-probe emulator package
  ✓ Claim fresh verification output ownership
  ✓ Install pinned Android SDK packages
  ✓ Record exact source and require a clean checkout
  - Run common, desktop, Android, static-analysis, and release gates
  - Stop Gradle after common-android
  * Run release Android managed-device smoke tests
  * Stop Gradle after managed-device
  * Inspect unsigned Android release artifact and merged manifest
  * Upload verification reports, mappings, and unsigned AAB
  * Clean only attested verification outputs
  * Upload verification cleanup receipt
  * Observe Linux process access without a build
  * Upload bounded Linux process-probe evidence
  * Finalize Linux process-probe resources and uploaded custody
  * Upload Linux process-probe cleanup receipt
  * Post Set up JDK 21
  * Post Check out source
- Desktop strict verification (Linux arm64) in 0s (ID 102941384264)
- iOS tests, release frameworks, and Swift wrapper in 0s (ID 102941384283)
- Desktop and Kotlin Native strict verification (macOS x64) in 0s (ID 102941384292)
- Desktop, Kotlin Native, and Android resources strict verification (Windows x64) (ID 102941434097)
Refreshing run status every 15 seconds. Press Ctrl+C to quit.

* fix/local-readiness-2026-09-07 Production verification · 34498027425
Triggered via workflow_dispatch about 10 minutes ago

JOBS
* Common, desktop, and Android release (ID 102941382495)
  ✓ Set up job
  ✓ Check out source
  ✓ Set up JDK 21
  - Validate Linux process-probe source and controls
  ✓ Validate Android cleanup source and controls
  ✓ Install Linux process-probe emulator package
  ✓ Claim fresh verification output ownership
  ✓ Install pinned Android SDK packages
  ✓ Record exact source and require a clean checkout
  - Run common, desktop, Android, static-analysis, and release gates
  - Stop Gradle after common-android
  * Run release Android managed-device smoke tests
  * Stop Gradle after managed-device
  * Inspect unsigned Android release artifact and merged manifest
  * Upload verification reports, mappings, and unsigned AAB
  * Clean only attested verification outputs
  * Upload verification cleanup receipt
  * Observe Linux process access without a build
  * Upload bounded Linux process-probe evidence
  * Finalize Linux process-probe resources and uploaded custody
  * Upload Linux process-probe cleanup receipt
  * Post Set up JDK 21
  * Post Check out source
- Desktop strict verification (Linux arm64) in 0s (ID 102941384264)
- iOS tests, release frameworks, and Swift wrapper in 0s (ID 102941384283)
- Desktop and Kotlin Native strict verification (macOS x64) in 0s (ID 102941384292)
- Desktop, Kotlin Native, and Android resources strict verification (Windows x64) (ID 102941434097)
Refreshing run status every 15 seconds. Press Ctrl+C to quit.

* fix/local-readiness-2026-09-07 Production verification · 34498027425
Triggered via workflow_dispatch about 10 minutes ago

JOBS
* Common, desktop, and Android release (ID 102941382495)
  ✓ Set up job
  ✓ Check out source
  ✓ Set up JDK 21
  - Validate Linux process-probe source and controls
  ✓ Validate Android cleanup source and controls
  ✓ Install Linux process-probe emulator package
  ✓ Claim fresh verification output ownership
  ✓ Install pinned Android SDK packages
  ✓ Record exact source and require a clean checkout
  - Run common, desktop, Android, static-analysis, and release gates
  - Stop Gradle after common-android
  * Run release Android managed-device smoke tests
  * Stop Gradle after managed-device
  * Inspect unsigned Android release artifact and merged manifest
  * Upload verification reports, mappings, and unsigned AAB
  * Clean only attested verification outputs
  * Upload verification cleanup receipt
  * Observe Linux process access without a build
  * Upload bounded Linux process-probe evidence
  * Finalize Linux process-probe resources and uploaded custody
  * Upload Linux process-probe cleanup receipt
  * Post Set up JDK 21
  * Post Check out source
- Desktop strict verification (Linux arm64) in 0s (ID 102941384264)
- iOS tests, release frameworks, and Swift wrapper in 0s (ID 102941384283)
- Desktop and Kotlin Native strict verification (macOS x64) in 0s (ID 102941384292)
- Desktop, Kotlin Native, and Android resources strict verification (Windows x64) (ID 102941434097)
Refreshing run status every 15 seconds. Press Ctrl+C to quit.

* fix/local-readiness-2026-09-07 Production verification · 34498027425
Triggered via workflow_dispatch about 10 minutes ago

JOBS
* Common, desktop, and Android release (ID 102941382495)
  ✓ Set up job
  ✓ Check out source
  ✓ Set up JDK 21
  - Validate Linux process-probe source and controls
  ✓ Validate Android cleanup source and controls
  ✓ Install Linux process-probe emulator package
  ✓ Claim fresh verification output ownership
  ✓ Install pinned Android SDK packages
  ✓ Record exact source and require a clean checkout
  - Run common, desktop, Android, static-analysis, and release gates
  - Stop Gradle after common-android
  * Run release Android managed-device smoke tests
  * Stop Gradle after managed-device
  * Inspect unsigned Android release artifact and merged manifest
  * Upload verification reports, mappings, and unsigned AAB
  * Clean only attested verification outputs
  * Upload verification cleanup receipt
  * Observe Linux process access without a build
  * Upload bounded Linux process-probe evidence
  * Finalize Linux process-probe resources and uploaded custody
  * Upload Linux process-probe cleanup receipt
  * Post Set up JDK 21
  * Post Check out source
- Desktop strict verification (Linux arm64) in 0s (ID 102941384264)
- iOS tests, release frameworks, and Swift wrapper in 0s (ID 102941384283)
- Desktop and Kotlin Native strict verification (macOS x64) in 0s (ID 102941384292)
- Desktop, Kotlin Native, and Android resources strict verification (Windows x64) (ID 102941434097)
Refreshing run status every 15 seconds. Press Ctrl+C to quit.

* fix/local-readiness-2026-09-07 Production verification · 34498027425
Triggered via workflow_dispatch about 11 minutes ago

JOBS
* Common, desktop, and Android release (ID 102941382495)
  ✓ Set up job
  ✓ Check out source
  ✓ Set up JDK 21
  - Validate Linux process-probe source and controls
  ✓ Validate Android cleanup source and controls
  ✓ Install Linux process-probe emulator package
  ✓ Claim fresh verification output ownership
  ✓ Install pinned Android SDK packages
  ✓ Record exact source and require a clean checkout
  - Run common, desktop, Android, static-analysis, and release gates
  - Stop Gradle after common-android
  * Run release Android managed-device smoke tests
  * Stop Gradle after managed-device
  * Inspect unsigned Android release artifact and merged manifest
  * Upload verification reports, mappings, and unsigned AAB
  * Clean only attested verification outputs
  * Upload verification cleanup receipt
  * Observe Linux process access without a build
  * Upload bounded Linux process-probe evidence
  * Finalize Linux process-probe resources and uploaded custody
  * Upload Linux process-probe cleanup receipt
  * Post Set up JDK 21
  * Post Check out source
- Desktop strict verification (Linux arm64) in 0s (ID 102941384264)
- iOS tests, release frameworks, and Swift wrapper in 0s (ID 102941384283)
- Desktop and Kotlin Native strict verification (macOS x64) in 0s (ID 102941384292)
- Desktop, Kotlin Native, and Android resources strict verification (Windows x64) (ID 102941434097)
Refreshing run status every 15 seconds. Press Ctrl+C to quit.

* fix/local-readiness-2026-09-07 Production verification · 34498027425
Triggered via workflow_dispatch about 11 minutes ago

JOBS
* Common, desktop, and Android release (ID 102941382495)
  ✓ Set up job
  ✓ Check out source
  ✓ Set up JDK 21
  - Validate Linux process-probe source and controls
  ✓ Validate Android cleanup source and controls
  ✓ Install Linux process-probe emulator package
  ✓ Claim fresh verification output ownership
  ✓ Install pinned Android SDK packages
  ✓ Record exact source and require a clean checkout
  - Run common, desktop, Android, static-analysis, and release gates
  - Stop Gradle after common-android
  * Run release Android managed-device smoke tests
  * Stop Gradle after managed-device
  * Inspect unsigned Android release artifact and merged manifest
  * Upload verification reports, mappings, and unsigned AAB
  * Clean only attested verification outputs
  * Upload verification cleanup receipt
  * Observe Linux process access without a build
  * Upload bounded Linux process-probe evidence
  * Finalize Linux process-probe resources and uploaded custody
  * Upload Linux process-probe cleanup receipt
  * Post Set up JDK 21
  * Post Check out source
- Desktop strict verification (Linux arm64) in 0s (ID 102941384264)
- iOS tests, release frameworks, and Swift wrapper in 0s (ID 102941384283)
- Desktop and Kotlin Native strict verification (macOS x64) in 0s (ID 102941384292)
- Desktop, Kotlin Native, and Android resources strict verification (Windows x64) (ID 102941434097)
Refreshing run status every 15 seconds. Press Ctrl+C to quit.

* fix/local-readiness-2026-09-07 Production verification · 34498027425
Triggered via workflow_dispatch about 11 minutes ago

JOBS
* Common, desktop, and Android release (ID 102941382495)
  ✓ Set up job
  ✓ Check out source
  ✓ Set up JDK 21
  - Validate Linux process-probe source and controls
  ✓ Validate Android cleanup source and controls
  ✓ Install Linux process-probe emulator package
  ✓ Claim fresh verification output ownership
  ✓ Install pinned Android SDK packages
  ✓ Record exact source and require a clean checkout
  - Run common, desktop, Android, static-analysis, and release gates
  - Stop Gradle after common-android
  * Run release Android managed-device smoke tests
  * Stop Gradle after managed-device
  * Inspect unsigned Android release artifact and merged manifest
  * Upload verification reports, mappings, and unsigned AAB
  * Clean only attested verification outputs
  * Upload verification cleanup receipt
  * Observe Linux process access without a build
  * Upload bounded Linux process-probe evidence
  * Finalize Linux process-probe resources and uploaded custody
  * Upload Linux process-probe cleanup receipt
  * Post Set up JDK 21
  * Post Check out source
- Desktop strict verification (Linux arm64) in 0s (ID 102941384264)
- iOS tests, release frameworks, and Swift wrapper in 0s (ID 102941384283)
- Desktop and Kotlin Native strict verification (macOS x64) in 0s (ID 102941384292)
- Desktop, Kotlin Native, and Android resources strict verification (Windows x64) (ID 102941434097)
Refreshing run status every 15 seconds. Press Ctrl+C to quit.

* fix/local-readiness-2026-09-07 Production verification · 34498027425
Triggered via workflow_dispatch about 11 minutes ago

JOBS
* Common, desktop, and Android release (ID 102941382495)
  ✓ Set up job
  ✓ Check out source
  ✓ Set up JDK 21
  - Validate Linux process-probe source and controls
  ✓ Validate Android cleanup source and controls
  ✓ Install Linux process-probe emulator package
  ✓ Claim fresh verification output ownership
  ✓ Install pinned Android SDK packages
  ✓ Record exact source and require a clean checkout
  - Run common, desktop, Android, static-analysis, and release gates
  - Stop Gradle after common-android
  * Run release Android managed-device smoke tests
  * Stop Gradle after managed-device
  * Inspect unsigned Android release artifact and merged manifest
  * Upload verification reports, mappings, and unsigned AAB
  * Clean only attested verification outputs
  * Upload verification cleanup receipt
  * Observe Linux process access without a build
  * Upload bounded Linux process-probe evidence
  * Finalize Linux process-probe resources and uploaded custody
  * Upload Linux process-probe cleanup receipt
  * Post Set up JDK 21
  * Post Check out source
- Desktop strict verification (Linux arm64) in 0s (ID 102941384264)
- iOS tests, release frameworks, and Swift wrapper in 0s (ID 102941384283)
- Desktop and Kotlin Native strict verification (macOS x64) in 0s (ID 102941384292)
- Desktop, Kotlin Native, and Android resources strict verification (Windows x64) (ID 102941434097)
Refreshing run status every 15 seconds. Press Ctrl+C to quit.

* fix/local-readiness-2026-09-07 Production verification · 34498027425
Triggered via workflow_dispatch about 12 minutes ago

JOBS
* Common, desktop, and Android release (ID 102941382495)
  ✓ Set up job
  ✓ Check out source
  ✓ Set up JDK 21
  - Validate Linux process-probe source and controls
  ✓ Validate Android cleanup source and controls
  ✓ Install Linux process-probe emulator package
  ✓ Claim fresh verification output ownership
  ✓ Install pinned Android SDK packages
  ✓ Record exact source and require a clean checkout
  - Run common, desktop, Android, static-analysis, and release gates
  - Stop Gradle after common-android
  * Run release Android managed-device smoke tests
  * Stop Gradle after managed-device
  * Inspect unsigned Android release artifact and merged manifest
  * Upload verification reports, mappings, and unsigned AAB
  * Clean only attested verification outputs
  * Upload verification cleanup receipt
  * Observe Linux process access without a build
  * Upload bounded Linux process-probe evidence
  * Finalize Linux process-probe resources and uploaded custody
  * Upload Linux process-probe cleanup receipt
  * Post Set up JDK 21
  * Post Check out source
- Desktop strict verification (Linux arm64) in 0s (ID 102941384264)
- iOS tests, release frameworks, and Swift wrapper in 0s (ID 102941384283)
- Desktop and Kotlin Native strict verification (macOS x64) in 0s (ID 102941384292)
- Desktop, Kotlin Native, and Android resources strict verification (Windows x64) (ID 102941434097)
Refreshing run status every 15 seconds. Press Ctrl+C to quit.

* fix/local-readiness-2026-09-07 Production verification · 34498027425
Triggered via workflow_dispatch about 12 minutes ago

JOBS
* Common, desktop, and Android release (ID 102941382495)
  ✓ Set up job
  ✓ Check out source
  ✓ Set up JDK 21
  - Validate Linux process-probe source and controls
  ✓ Validate Android cleanup source and controls
  ✓ Install Linux process-probe emulator package
  ✓ Claim fresh verification output ownership
  ✓ Install pinned Android SDK packages
  ✓ Record exact source and require a clean checkout
  - Run common, desktop, Android, static-analysis, and release gates
  - Stop Gradle after common-android
  * Run release Android managed-device smoke tests
  * Stop Gradle after managed-device
  * Inspect unsigned Android release artifact and merged manifest
  * Upload verification reports, mappings, and unsigned AAB
  * Clean only attested verification outputs
  * Upload verification cleanup receipt
  * Observe Linux process access without a build
  * Upload bounded Linux process-probe evidence
  * Finalize Linux process-probe resources and uploaded custody
  * Upload Linux process-probe cleanup receipt
  * Post Set up JDK 21
  * Post Check out source
- Desktop strict verification (Linux arm64) in 0s (ID 102941384264)
- iOS tests, release frameworks, and Swift wrapper in 0s (ID 102941384283)
- Desktop and Kotlin Native strict verification (macOS x64) in 0s (ID 102941384292)
- Desktop, Kotlin Native, and Android resources strict verification (Windows x64) (ID 102941434097)
Refreshing run status every 15 seconds. Press Ctrl+C to quit.

* fix/local-readiness-2026-09-07 Production verification · 34498027425
Triggered via workflow_dispatch about 12 minutes ago

JOBS
* Common, desktop, and Android release (ID 102941382495)
  ✓ Set up job
  ✓ Check out source
  ✓ Set up JDK 21
  - Validate Linux process-probe source and controls
  ✓ Validate Android cleanup source and controls
  ✓ Install Linux process-probe emulator package
  ✓ Claim fresh verification output ownership
  ✓ Install pinned Android SDK packages
  ✓ Record exact source and require a clean checkout
  - Run common, desktop, Android, static-analysis, and release gates
  - Stop Gradle after common-android
  * Run release Android managed-device smoke tests
  * Stop Gradle after managed-device
  * Inspect unsigned Android release artifact and merged manifest
  * Upload verification reports, mappings, and unsigned AAB
  * Clean only attested verification outputs
  * Upload verification cleanup receipt
  * Observe Linux process access without a build
  * Upload bounded Linux process-probe evidence
  * Finalize Linux process-probe resources and uploaded custody
  * Upload Linux process-probe cleanup receipt
  * Post Set up JDK 21
  * Post Check out source
- Desktop strict verification (Linux arm64) in 0s (ID 102941384264)
- iOS tests, release frameworks, and Swift wrapper in 0s (ID 102941384283)
- Desktop and Kotlin Native strict verification (macOS x64) in 0s (ID 102941384292)
- Desktop, Kotlin Native, and Android resources strict verification (Windows x64) (ID 102941434097)
Refreshing run status every 15 seconds. Press Ctrl+C to quit.

* fix/local-readiness-2026-09-07 Production verification · 34498027425
Triggered via workflow_dispatch about 12 minutes ago

JOBS
* Common, desktop, and Android release (ID 102941382495)
  ✓ Set up job
  ✓ Check out source
  ✓ Set up JDK 21
  - Validate Linux process-probe source and controls
  ✓ Validate Android cleanup source and controls
  ✓ Install Linux process-probe emulator package
  ✓ Claim fresh verification output ownership
  ✓ Install pinned Android SDK packages
  ✓ Record exact source and require a clean checkout
  - Run common, desktop, Android, static-analysis, and release gates
  - Stop Gradle after common-android
  * Run release Android managed-device smoke tests
  * Stop Gradle after managed-device
  * Inspect unsigned Android release artifact and merged manifest
  * Upload verification reports, mappings, and unsigned AAB
  * Clean only attested verification outputs
  * Upload verification cleanup receipt
  * Observe Linux process access without a build
  * Upload bounded Linux process-probe evidence
  * Finalize Linux process-probe resources and uploaded custody
  * Upload Linux process-probe cleanup receipt
  * Post Set up JDK 21
  * Post Check out source
- Desktop strict verification (Linux arm64) in 0s (ID 102941384264)
- iOS tests, release frameworks, and Swift wrapper in 0s (ID 102941384283)
- Desktop and Kotlin Native strict verification (macOS x64) in 0s (ID 102941384292)
- Desktop, Kotlin Native, and Android resources strict verification (Windows x64) (ID 102941434097)
Refreshing run status every 15 seconds. Press Ctrl+C to quit.

* fix/local-readiness-2026-09-07 Production verification · 34498027425
Triggered via workflow_dispatch about 13 minutes ago

JOBS
* Common, desktop, and Android release (ID 102941382495)
  ✓ Set up job
  ✓ Check out source
  ✓ Set up JDK 21
  - Validate Linux process-probe source and controls
  ✓ Validate Android cleanup source and controls
  ✓ Install Linux process-probe emulator package
  ✓ Claim fresh verification output ownership
  ✓ Install pinned Android SDK packages
  ✓ Record exact source and require a clean checkout
  - Run common, desktop, Android, static-analysis, and release gates
  - Stop Gradle after common-android
  * Run release Android managed-device smoke tests
  * Stop Gradle after managed-device
  * Inspect unsigned Android release artifact and merged manifest
  * Upload verification reports, mappings, and unsigned AAB
  * Clean only attested verification outputs
  * Upload verification cleanup receipt
  * Observe Linux process access without a build
  * Upload bounded Linux process-probe evidence
  * Finalize Linux process-probe resources and uploaded custody
  * Upload Linux process-probe cleanup receipt
  * Post Set up JDK 21
  * Post Check out source
- Desktop strict verification (Linux arm64) in 0s (ID 102941384264)
- iOS tests, release frameworks, and Swift wrapper in 0s (ID 102941384283)
- Desktop and Kotlin Native strict verification (macOS x64) in 0s (ID 102941384292)
- Desktop, Kotlin Native, and Android resources strict verification (Windows x64) (ID 102941434097)
Refreshing run status every 15 seconds. Press Ctrl+C to quit.

* fix/local-readiness-2026-09-07 Production verification · 34498027425
Triggered via workflow_dispatch about 13 minutes ago

JOBS
* Common, desktop, and Android release (ID 102941382495)
  ✓ Set up job
  ✓ Check out source
  ✓ Set up JDK 21
  - Validate Linux process-probe source and controls
  ✓ Validate Android cleanup source and controls
  ✓ Install Linux process-probe emulator package
  ✓ Claim fresh verification output ownership
  ✓ Install pinned Android SDK packages
  ✓ Record exact source and require a clean checkout
  - Run common, desktop, Android, static-analysis, and release gates
  - Stop Gradle after common-android
  * Run release Android managed-device smoke tests
  * Stop Gradle after managed-device
  * Inspect unsigned Android release artifact and merged manifest
  * Upload verification reports, mappings, and unsigned AAB
  * Clean only attested verification outputs
  * Upload verification cleanup receipt
  * Observe Linux process access without a build
  * Upload bounded Linux process-probe evidence
  * Finalize Linux process-probe resources and uploaded custody
  * Upload Linux process-probe cleanup receipt
  * Post Set up JDK 21
  * Post Check out source
- Desktop strict verification (Linux arm64) in 0s (ID 102941384264)
- iOS tests, release frameworks, and Swift wrapper in 0s (ID 102941384283)
- Desktop and Kotlin Native strict verification (macOS x64) in 0s (ID 102941384292)
- Desktop, Kotlin Native, and Android resources strict verification (Windows x64) (ID 102941434097)
Refreshing run status every 15 seconds. Press Ctrl+C to quit.

* fix/local-readiness-2026-09-07 Production verification · 34498027425
Triggered via workflow_dispatch about 13 minutes ago

JOBS
* Common, desktop, and Android release (ID 102941382495)
  ✓ Set up job
  ✓ Check out source
  ✓ Set up JDK 21
  - Validate Linux process-probe source and controls
  ✓ Validate Android cleanup source and controls
  ✓ Install Linux process-probe emulator package
  ✓ Claim fresh verification output ownership
  ✓ Install pinned Android SDK packages
  ✓ Record exact source and require a clean checkout
  - Run common, desktop, Android, static-analysis, and release gates
  - Stop Gradle after common-android
  * Run release Android managed-device smoke tests
  * Stop Gradle after managed-device
  * Inspect unsigned Android release artifact and merged manifest
  * Upload verification reports, mappings, and unsigned AAB
  * Clean only attested verification outputs
  * Upload verification cleanup receipt
  * Observe Linux process access without a build
  * Upload bounded Linux process-probe evidence
  * Finalize Linux process-probe resources and uploaded custody
  * Upload Linux process-probe cleanup receipt
  * Post Set up JDK 21
  * Post Check out source
- Desktop strict verification (Linux arm64) in 0s (ID 102941384264)
- iOS tests, release frameworks, and Swift wrapper in 0s (ID 102941384283)
- Desktop and Kotlin Native strict verification (macOS x64) in 0s (ID 102941384292)
- Desktop, Kotlin Native, and Android resources strict verification (Windows x64) (ID 102941434097)
Refreshing run status every 15 seconds. Press Ctrl+C to quit.

* fix/local-readiness-2026-09-07 Production verification · 34498027425
Triggered via workflow_dispatch about 14 minutes ago

JOBS
* Common, desktop, and Android release (ID 102941382495)
  ✓ Set up job
  ✓ Check out source
  ✓ Set up JDK 21
  - Validate Linux process-probe source and controls
  ✓ Validate Android cleanup source and controls
  ✓ Install Linux process-probe emulator package
  ✓ Claim fresh verification output ownership
  ✓ Install pinned Android SDK packages
  ✓ Record exact source and require a clean checkout
  - Run common, desktop, Android, static-analysis, and release gates
  - Stop Gradle after common-android
  * Run release Android managed-device smoke tests
  * Stop Gradle after managed-device
  * Inspect unsigned Android release artifact and merged manifest
  * Upload verification reports, mappings, and unsigned AAB
  * Clean only attested verification outputs
  * Upload verification cleanup receipt
  * Observe Linux process access without a build
  * Upload bounded Linux process-probe evidence
  * Finalize Linux process-probe resources and uploaded custody
  * Upload Linux process-probe cleanup receipt
  * Post Set up JDK 21
  * Post Check out source
- Desktop strict verification (Linux arm64) in 0s (ID 102941384264)
- iOS tests, release frameworks, and Swift wrapper in 0s (ID 102941384283)
- Desktop and Kotlin Native strict verification (macOS x64) in 0s (ID 102941384292)
- Desktop, Kotlin Native, and Android resources strict verification (Windows x64) (ID 102941434097)
Refreshing run status every 15 seconds. Press Ctrl+C to quit.

* fix/local-readiness-2026-09-07 Production verification · 34498027425
Triggered via workflow_dispatch about 14 minutes ago

JOBS
* Common, desktop, and Android release (ID 102941382495)
  ✓ Set up job
  ✓ Check out source
  ✓ Set up JDK 21
  - Validate Linux process-probe source and controls
  ✓ Validate Android cleanup source and controls
  ✓ Install Linux process-probe emulator package
  ✓ Claim fresh verification output ownership
  ✓ Install pinned Android SDK packages
  ✓ Record exact source and require a clean checkout
  - Run common, desktop, Android, static-analysis, and release gates
  - Stop Gradle after common-android
  * Run release Android managed-device smoke tests
  * Stop Gradle after managed-device
  * Inspect unsigned Android release artifact and merged manifest
  * Upload verification reports, mappings, and unsigned AAB
  * Clean only attested verification outputs
  * Upload verification cleanup receipt
  * Observe Linux process access without a build
  * Upload bounded Linux process-probe evidence
  * Finalize Linux process-probe resources and uploaded custody
  * Upload Linux process-probe cleanup receipt
  * Post Set up JDK 21
  * Post Check out source
- Desktop strict verification (Linux arm64) in 0s (ID 102941384264)
- iOS tests, release frameworks, and Swift wrapper in 0s (ID 102941384283)
- Desktop and Kotlin Native strict verification (macOS x64) in 0s (ID 102941384292)
- Desktop, Kotlin Native, and Android resources strict verification (Windows x64) (ID 102941434097)
Refreshing run status every 15 seconds. Press Ctrl+C to quit.

* fix/local-readiness-2026-09-07 Production verification · 34498027425
Triggered via workflow_dispatch about 14 minutes ago

JOBS
* Common, desktop, and Android release (ID 102941382495)
  ✓ Set up job
  ✓ Check out source
  ✓ Set up JDK 21
  - Validate Linux process-probe source and controls
  ✓ Validate Android cleanup source and controls
  ✓ Install Linux process-probe emulator package
  ✓ Claim fresh verification output ownership
  ✓ Install pinned Android SDK packages
  ✓ Record exact source and require a clean checkout
  - Run common, desktop, Android, static-analysis, and release gates
  - Stop Gradle after common-android
  * Run release Android managed-device smoke tests
  * Stop Gradle after managed-device
  * Inspect unsigned Android release artifact and merged manifest
  * Upload verification reports, mappings, and unsigned AAB
  * Clean only attested verification outputs
  * Upload verification cleanup receipt
  * Observe Linux process access without a build
  * Upload bounded Linux process-probe evidence
  * Finalize Linux process-probe resources and uploaded custody
  * Upload Linux process-probe cleanup receipt
  * Post Set up JDK 21
  * Post Check out source
- Desktop strict verification (Linux arm64) in 0s (ID 102941384264)
- iOS tests, release frameworks, and Swift wrapper in 0s (ID 102941384283)
- Desktop and Kotlin Native strict verification (macOS x64) in 0s (ID 102941384292)
- Desktop, Kotlin Native, and Android resources strict verification (Windows x64) (ID 102941434097)
Refreshing run status every 15 seconds. Press Ctrl+C to quit.

* fix/local-readiness-2026-09-07 Production verification · 34498027425
Triggered via workflow_dispatch about 14 minutes ago

JOBS
* Common, desktop, and Android release (ID 102941382495)
  ✓ Set up job
  ✓ Check out source
  ✓ Set up JDK 21
  - Validate Linux process-probe source and controls
  ✓ Validate Android cleanup source and controls
  ✓ Install Linux process-probe emulator package
  ✓ Claim fresh verification output ownership
  ✓ Install pinned Android SDK packages
  ✓ Record exact source and require a clean checkout
  - Run common, desktop, Android, static-analysis, and release gates
  - Stop Gradle after common-android
  * Run release Android managed-device smoke tests
  * Stop Gradle after managed-device
  * Inspect unsigned Android release artifact and merged manifest
  * Upload verification reports, mappings, and unsigned AAB
  * Clean only attested verification outputs
  * Upload verification cleanup receipt
  * Observe Linux process access without a build
  * Upload bounded Linux process-probe evidence
  * Finalize Linux process-probe resources and uploaded custody
  * Upload Linux process-probe cleanup receipt
  * Post Set up JDK 21
  * Post Check out source
- Desktop strict verification (Linux arm64) in 0s (ID 102941384264)
- iOS tests, release frameworks, and Swift wrapper in 0s (ID 102941384283)
- Desktop and Kotlin Native strict verification (macOS x64) in 0s (ID 102941384292)
- Desktop, Kotlin Native, and Android resources strict verification (Windows x64) (ID 102941434097)
Refreshing run status every 15 seconds. Press Ctrl+C to quit.

* fix/local-readiness-2026-09-07 Production verification · 34498027425
Triggered via workflow_dispatch about 15 minutes ago

JOBS
* Common, desktop, and Android release (ID 102941382495)
  ✓ Set up job
  ✓ Check out source
  ✓ Set up JDK 21
  - Validate Linux process-probe source and controls
  ✓ Validate Android cleanup source and controls
  ✓ Install Linux process-probe emulator package
  ✓ Claim fresh verification output ownership
  ✓ Install pinned Android SDK packages
  ✓ Record exact source and require a clean checkout
  - Run common, desktop, Android, static-analysis, and release gates
  - Stop Gradle after common-android
  ✓ Run release Android managed-device smoke tests
  ✓ Stop Gradle after managed-device
  - Inspect unsigned Android release artifact and merged manifest
  * Upload verification reports, mappings, and unsigned AAB
  * Clean only attested verification outputs
  * Upload verification cleanup receipt
  * Observe Linux process access without a build
  * Upload bounded Linux process-probe evidence
  * Finalize Linux process-probe resources and uploaded custody
  * Upload Linux process-probe cleanup receipt
  * Post Set up JDK 21
  * Post Check out source
- Desktop strict verification (Linux arm64) in 0s (ID 102941384264)
- iOS tests, release frameworks, and Swift wrapper in 0s (ID 102941384283)
- Desktop and Kotlin Native strict verification (macOS x64) in 0s (ID 102941384292)
- Desktop, Kotlin Native, and Android resources strict verification (Windows x64) (ID 102941434097)
✓ fix/local-readiness-2026-09-07 Production verification · 34498027425
Triggered via workflow_dispatch about 15 minutes ago

JOBS
✓ Common, desktop, and Android release in 15m9s (ID 102941382495)
  ✓ Set up job
  ✓ Check out source
  ✓ Set up JDK 21
  - Validate Linux process-probe source and controls
  ✓ Validate Android cleanup source and controls
  ✓ Install Linux process-probe emulator package
  ✓ Claim fresh verification output ownership
  ✓ Install pinned Android SDK packages
  ✓ Record exact source and require a clean checkout
  - Run common, desktop, Android, static-analysis, and release gates
  - Stop Gradle after common-android
  ✓ Run release Android managed-device smoke tests
  ✓ Stop Gradle after managed-device
  - Inspect unsigned Android release artifact and merged manifest
  ✓ Upload verification reports, mappings, and unsigned AAB
  ✓ Clean only attested verification outputs
  ✓ Upload verification cleanup receipt
  - Observe Linux process access without a build
  - Upload bounded Linux process-probe evidence
  - Finalize Linux process-probe resources and uploaded custody
  - Upload Linux process-probe cleanup receipt
  ✓ Post Set up JDK 21
  ✓ Post Check out source
  ✓ Complete job
- Desktop strict verification (Linux arm64) in 0s (ID 102941384264)
- iOS tests, release frameworks, and Swift wrapper in 0s (ID 102941384283)
- Desktop and Kotlin Native strict verification (macOS x64) in 0s (ID 102941384292)
- Desktop, Kotlin Native, and Android resources strict verification (Windows x64) (ID 102941434097)
