{
  "scope": "Owned host copied-sleep only; not iOS or repair verification",
  "original_sha256": "54b2ad63fca50492d3021ecdf199deb97f8b4ee2559677e9aec7746227700cbf",
  "sample_sha256": "744c6bd1d85ababe41a5e8ae058ea6ed04819e960102560acac15c2a1615c5bf",
  "observations": [
    {
      "options": [],
      "sample_exit_code": 255
    }
  ],
  "owned_pid": 25308,
  "copied_executable": "/Users/abdelrahman/Projects/parlor/remediation-runs/2026-09-07-local-readiness/evidence/normal-sample-user-path-probe-01/scratch/tmp/owned-user-path-k_iscu8k/OwnedSleepHeaderProbe",
  "target_reaped": true,
  "owned_temporary_removed": true
}
Traceback (most recent call last):
  File "/Users/abdelrahman/Projects/parlor/remediation-runs/2026-09-07-local-readiness/reviews/probe_owned_sample_user_path_01.py", line 96, in <module>
    main()
  File "/Users/abdelrahman/Projects/parlor/remediation-runs/2026-09-07-local-readiness/reviews/probe_owned_sample_user_path_01.py", line 57, in main
    raise RuntimeError('Owned target or sampling command failed')
RuntimeError: Owned target or sampling command failed
