Executable=/private/var/folders/6m/vxwlbjsn7vs6h80_98w6x7p40000gn/T/parlor-audit-ios-readiness-07-3vbx7ig_/DerivedData/Build/Products/Debug-iphonesimulator/Parlor.app/Frameworks/ComposeApp.framework/ComposeApp
Identifier=com.parlor.ComposeApp
Format=bundle with Mach-O thin (arm64)
CodeDirectory v=20400 size=162990 flags=0x2(adhoc) hashes=5087+3 location=embedded
VersionPlatform=7
VersionMin=983040
VersionSDK=1704960
Hash type=sha256 size=32
CandidateCDHash sha256=ff38774ab1a6ae1694b37e8553e7e119bef2e7ce
CandidateCDHashFull sha256=ff38774ab1a6ae1694b37e8553e7e119bef2e7ce358659191a724318b680d881
Hash choices=sha256
CMSDigest=ff38774ab1a6ae1694b37e8553e7e119bef2e7ce358659191a724318b680d881
CMSDigestType=2
Executable Segment base=0
Executable Segment limit=43466752
Executable Segment flags=0x0
Page size=16384
CDHash=ff38774ab1a6ae1694b37e8553e7e119bef2e7ce
Signature=adhoc
Info.plist entries=10
TeamIdentifier=not set
Sealed Resources version=2 rules=10 files=2
Internal requirements count=0 size=12
