test_absent_failed_stale_or_unexecuted_native_cleanup_retains_output_evidence (test_apple_ci_hygiene.AppleCycleAndOutputGateTest) ... ok
test_cancelled_build_finalizes_gradle_workers_device_workers_in_order (test_apple_ci_hygiene.AppleCycleAndOutputGateTest) ... ok
test_complete_source_bound_native_receipts_allow_output_cleanup_after_upload (test_apple_ci_hygiene.AppleCycleAndOutputGateTest) ... ok
test_failed_prepare_cannot_adopt_old_same_task_claim_and_skipped_is_not_pass (test_apple_ci_hygiene.AppleCycleAndOutputGateTest) ... ok
test_unquiesced_workers_prevent_device_deletion (test_apple_ci_hygiene.AppleCycleAndOutputGateTest) ... ok
test_each_apple_cycle_has_preparation_always_finalizer_and_output_gate (test_apple_ci_hygiene.AppleWorkflowOwnershipTest) ... ok
test_argument_capacity_rejects_invalid_or_excessive_payload_limits (test_apple_ci_hygiene.NativeParsingAndSignalTest) ... ok
test_argument_capacity_reserves_argc_beyond_the_payload_limit (test_apple_ci_hygiene.NativeParsingAndSignalTest) ... ok
test_duplicate_truncated_invalid_and_oversized_records_are_rejected (test_apple_ci_hygiene.NativeParsingAndSignalTest) ... ok
test_empty_argument_does_not_shift_environment (test_apple_ci_hygiene.NativeParsingAndSignalTest) ... ok
test_full_argmax_record_is_accepted_but_an_extra_payload_byte_is_not (test_apple_ci_hygiene.NativeParsingAndSignalTest) ... ok
test_native_signal_rechecks_identity_before_kernel_call (test_apple_ci_hygiene.NativeParsingAndSignalTest) ... ok
test_null_task_port_retries_boundedly_but_denial_does_not (test_apple_ci_hygiene.NativeParsingAndSignalTest) ... ok
test_only_exact_environment_entry_not_argv_or_suffix_is_a_marker (test_apple_ci_hygiene.NativeParsingAndSignalTest) ... ok
test_successful_native_signal_passes_exact_audit_token_not_pid (test_apple_ci_hygiene.NativeParsingAndSignalTest) ... ok
test_tracking_read_uses_the_bounded_argc_prefixed_capacity (test_apple_ci_hygiene.NativeParsingAndSignalTest) ... ok
test_delete_survivor_fails_and_unexpected_clone_is_not_name_claimed (test_apple_ci_hygiene.SimulatorOwnershipTest) ... ok
test_duplicate_name_or_changed_device_identity_is_never_deleted (test_apple_ci_hygiene.SimulatorOwnershipTest) ... ok
test_existing_name_prevents_creation_and_existing_uuid_is_never_claimed (test_apple_ci_hygiene.SimulatorOwnershipTest) ... ok
test_failed_create_without_device_is_not_fabricated_cleanup_success (test_apple_ci_hygiene.SimulatorOwnershipTest) ... ok
test_fresh_device_reuses_only_type_runtime_not_profile_and_cleans_exact_uuid (test_apple_ci_hygiene.SimulatorOwnershipTest) ... ok
test_historical_journal_cannot_be_reused_for_creation_or_other_task (test_apple_ci_hygiene.SimulatorOwnershipTest) ... ok
test_interrupted_create_after_commit_is_recovered_from_unique_intent (test_apple_ci_hygiene.SimulatorOwnershipTest) ... ok
test_no_intent_is_not_created_but_orphan_receipt_fails (test_apple_ci_hygiene.SimulatorOwnershipTest) ... ok
test_shutdown_failure_retains_device_and_does_not_delete_active_profile (test_apple_ci_hygiene.SimulatorOwnershipTest) ... ok
test_baseline_scan_race_does_not_claim_process_predating_cycle (test_apple_ci_hygiene.WorkerOwnershipTest) ... ok
test_changed_runner_marker_cannot_authorize_cleanup (test_apple_ci_hygiene.WorkerOwnershipTest) ... ok
test_denied_identity_api_fails_without_numeric_pid_fallback (test_apple_ci_hygiene.WorkerOwnershipTest) ... ok
test_different_marker_is_excluded_without_substring_matching (test_apple_ci_hygiene.WorkerOwnershipTest) ... ok
test_exact_owned_worker_receives_token_bound_term_and_is_observed_absent (test_apple_ci_hygiene.WorkerOwnershipTest) ... ok
test_flood_ceiling_fails_before_signaling (test_apple_ci_hygiene.WorkerOwnershipTest) ... ok
test_generation_or_executable_change_revokes_admitted_grant (test_apple_ci_hygiene.WorkerOwnershipTest) ... ok
test_matching_worker_can_require_kill_and_survivor_is_failure (test_apple_ci_hygiene.WorkerOwnershipTest) ... ok
test_missing_marker_is_explicit_failure_not_ownership (test_apple_ci_hygiene.WorkerOwnershipTest) ... ok
test_pid_reuse_before_first_signal_does_not_inherit_tracking_proof (test_apple_ci_hygiene.WorkerOwnershipTest) ... ok
test_preexisting_lifetime_never_receives_signal_even_with_matching_marker (test_apple_ci_hygiene.WorkerOwnershipTest) ... ok
test_unknown_matching_xcode_executable_fails_without_signal (test_apple_ci_hygiene.WorkerOwnershipTest) ... ok
test_real_clean_checkout_removes_exact_outputs_after_wrapper_stop (test_ci_verification_hygiene.VerificationHygieneGitIntegrationTest) ... ok
test_real_modified_build_input_preserves_all_generated_evidence (test_ci_verification_hygiene.VerificationHygieneGitIntegrationTest) ... ok
test_both_hosts_use_the_repository_wrapper_for_stop (test_ci_verification_hygiene.VerificationHygieneTest) ... ok
test_changed_source_or_task_cannot_authorize_cleanup (test_ci_verification_hygiene.VerificationHygieneTest) ... ok
test_cleanup_removes_only_claimed_outputs_and_keeps_evidence_and_source (test_ci_verification_hygiene.VerificationHygieneTest) ... ok
test_cli_rejects_local_worktrees_before_cleaning (test_ci_verification_hygiene.VerificationHygieneTest) ... ok
test_dirty_worktree_with_unchanged_head_tree_and_paths_cannot_authorize_cleanup (test_ci_verification_hygiene.VerificationHygieneTest) ... ok
test_failed_prepare_cannot_reuse_a_historical_same_task_claim (test_ci_verification_hygiene.VerificationHygieneTest) ... ok
test_failed_stop_preserves_generated_output_and_reports_failure (test_ci_verification_hygiene.VerificationHygieneTest) ... ok
test_historical_other_task_claim_does_not_authorize_current_cleanup (test_ci_verification_hygiene.VerificationHygieneTest) ... ok
test_missing_claim_fails_without_deleting_outputs (test_ci_verification_hygiene.VerificationHygieneTest) ... ok
test_nested_output_symlink_does_not_delete_external_target (test_ci_verification_hygiene.VerificationHygieneTest) ... ok
test_new_claim_never_overwrites_a_historical_receipt (test_ci_verification_hygiene.VerificationHygieneTest) ... ok
test_non_object_ownership_record_fails_with_a_cleanup_receipt (test_ci_verification_hygiene.VerificationHygieneTest) ... ok
test_preexisting_outputs_are_never_claimed (test_ci_verification_hygiene.VerificationHygieneTest) ... ok
test_roots_include_build_logic_and_only_known_generated_directories (test_ci_verification_hygiene.VerificationHygieneTest) ... ok
test_success_without_actual_artifact_outputs_cannot_authorize_deletion (test_ci_verification_hygiene.VerificationHygieneTest) ... ok
test_symlink_sibling_rejects_cleanup_before_any_deletion (test_ci_verification_hygiene.VerificationHygieneTest) ... ok
test_tampered_source_path_claim_is_rejected (test_ci_verification_hygiene.VerificationHygieneTest) ... ok
test_unsuccessful_upload_preserves_evidence_and_still_stops_gradle (test_ci_verification_hygiene.VerificationHygieneTest) ... ok
test_every_job_retains_xml_before_always_run_cleanup (test_ci_verification_hygiene.VerificationWorkflowHygieneTest) ... ok
test_kotlin_compiler_work_is_owned_by_the_gradle_lane (test_ci_verification_hygiene.VerificationWorkflowHygieneTest) ... ok

----------------------------------------------------------------------
Ran 59 tests in 1.806s

OK
test_constraints_are_not_misrepresented_as_runtime_dependency_edges (test_dependency_inventory.DependencyInventoryTest) ... ok
test_coordinates_cannot_escape_metadata_repository (test_dependency_inventory.DependencyInventoryTest) ... ok
test_cycle_and_excessive_inheritance_fail_closed (test_dependency_inventory.DependencyInventoryTest) ... ok
test_direct_pom_license_identity_and_parent_are_explicit (test_dependency_inventory.DependencyInventoryTest) ... ok
test_evidence_write_errors_are_not_misclassified_as_missing_network_metadata (test_dependency_inventory.DependencyInventoryTest) ... ok
test_gradle_exporter_never_adds_repositories_or_weakens_verification (test_dependency_inventory.DependencyInventoryTest) ... ok
test_graph_receipt_binds_success_source_and_exact_consumed_bytes (test_dependency_inventory.DependencyInventoryTest) ... ok
test_graph_rejects_unverified_duplicate_dangling_and_forged_inputs (test_dependency_inventory.DependencyInventoryTest) ... ok
test_missing_license_is_reported_as_unresolved_never_a_default (test_dependency_inventory.DependencyInventoryTest) ... ok
test_network_read_failures_remain_unresolved_without_losing_the_inventory (test_dependency_inventory.DependencyInventoryTest) ... ok
test_parent_license_is_fetched_bound_and_attributed (test_dependency_inventory.DependencyInventoryTest) ... ok
test_pom_inherited_group_and_version_do_not_erase_identity (test_dependency_inventory.DependencyInventoryTest) ... ok
test_redirect_handler_refuses_before_following_another_origin (test_dependency_inventory.DependencyInventoryTest) ... ok
test_resolved_graph_and_cyclonedx_keep_edges_bytes_and_declared_status (test_dependency_inventory.DependencyInventoryTest) ... ok
test_unsafe_or_unresolved_pom_metadata_is_not_accepted (test_dependency_inventory.DependencyInventoryTest) ... ok

----------------------------------------------------------------------
Ran 15 tests in 0.010s

OK
{
  "started_at": "2026-09-07T14:43:51.805160+00:00",
  "scope": "Darwin identity, own synthetic child tracking and audit-token signal; NOT Xcode XPC propagation or qualified-CI evidence",
  "source": {
    "scripts/ci/darwin_worker_identity.py": "ee61ed6ff7f3b3333ad540431a5f6764d0acd24e0a4d9a5617a59f0dba9b2b86",
    "remediation-runs/2026-09-07-local-readiness/reviews/probe_ci_darwin_identity_01.py": "702d808fcc78c9f06504fdcd67c98fb1078cec89567cea18f03e72924207dafe"
  },
  "identity": {
    "pid": 99654,
    "uid": 501,
    "started": [
      1788792231,
      805593
    ],
    "executable": "/Applications/Xcode.app/Contents/Developer/Library/Frameworks/Python3.framework/Versions/3.9/Resources/Python.app/Contents/MacOS/Python",
    "marker_sha256": "acb5f95b80f54cfc6788249e3f68f23897714217c0dd1e4ae5adfdcbebc90494"
  },
  "signal_delivered": true,
  "child_exit_code": -15,
  "result": "PASS",
  "cleanup_child_exit_code": -15,
  "child_reaped": true,
  "finished_at": "2026-09-07T14:43:52.017118+00:00"
}
