Executable=/private/var/folders/6m/vxwlbjsn7vs6h80_98w6x7p40000gn/T/parlor-audit-ios-readiness-12-puuz4jfe/DerivedData/Build/Products/Debug-iphonesimulator/Parlor.app/Frameworks/ComposeApp.framework/ComposeApp
Identifier=com.parlor.ComposeApp
Format=bundle with Mach-O thin (arm64)
CodeDirectory v=20400 size=163054 flags=0x2(adhoc) hashes=5089+3 location=embedded
VersionPlatform=7
VersionMin=983040
VersionSDK=1704960
Hash type=sha256 size=32
CandidateCDHash sha256=c0090f10ed4ba94bd3475a4a3670ca244bff147b
CandidateCDHashFull sha256=c0090f10ed4ba94bd3475a4a3670ca244bff147b8b8788f0ac60db5a90f60e8b
Hash choices=sha256
CMSDigest=c0090f10ed4ba94bd3475a4a3670ca244bff147b8b8788f0ac60db5a90f60e8b
CMSDigestType=2
Executable Segment base=0
Executable Segment limit=43483136
Executable Segment flags=0x0
Page size=16384
CDHash=c0090f10ed4ba94bd3475a4a3670ca244bff147b
Signature=adhoc
Info.plist entries=10
TeamIdentifier=not set
Sealed Resources version=2 rules=10 files=2
Internal requirements count=0 size=12
