Executable=/private/var/folders/6m/vxwlbjsn7vs6h80_98w6x7p40000gn/T/parlor-audit-ios-readiness-12-puuz4jfe/DerivedData/Build/Products/Debug-iphonesimulator/Parlor.app/Parlor.debug.dylib
Identifier=Parlor.debug
Format=Mach-O thin (arm64)
CodeDirectory v=20400 size=1957 flags=0x2(adhoc) hashes=56+2 location=embedded
VersionPlatform=7
VersionMin=1048576
VersionSDK=1705216
Hash type=sha256 size=32
CandidateCDHash sha256=70d84698a4e387229ede64b0c3eb76e1584982eb
CandidateCDHashFull sha256=70d84698a4e387229ede64b0c3eb76e1584982eb35a267b753fe4d1e9e85b558
Hash choices=sha256
CMSDigest=70d84698a4e387229ede64b0c3eb76e1584982eb35a267b753fe4d1e9e85b558
CMSDigestType=2
Executable Segment base=0
Executable Segment limit=393216
Executable Segment flags=0x0
Page size=16384
CDHash=70d84698a4e387229ede64b0c3eb76e1584982eb
Signature=adhoc
Info.plist=not bound
TeamIdentifier=not set
Sealed Resources=none
Internal requirements count=0 size=12
