Executable=/private/var/folders/6m/vxwlbjsn7vs6h80_98w6x7p40000gn/T/parlor-audit-ios-readiness-02-5dv08pnl/DerivedData/Build/Products/Debug-iphonesimulator/Parlor.app/Frameworks/ComposeApp.framework/ComposeApp
Identifier=com.parlor.app.ComposeApp
Format=bundle with Mach-O thin (arm64)
CodeDirectory v=20400 size=160498 flags=0x2(adhoc) hashes=5009+3 location=embedded
VersionPlatform=7
VersionMin=983040
VersionSDK=1704960
Hash type=sha256 size=32
CandidateCDHash sha256=6c88f88901324ceb17919b5ad0d15aced9f561b2
CandidateCDHashFull sha256=6c88f88901324ceb17919b5ad0d15aced9f561b2a21ffa7ad944317e53742745
Hash choices=sha256
CMSDigest=6c88f88901324ceb17919b5ad0d15aced9f561b2a21ffa7ad944317e53742745
CMSDigestType=2
Executable Segment base=0
Executable Segment limit=42844160
Executable Segment flags=0x0
Page size=16384
CDHash=6c88f88901324ceb17919b5ad0d15aced9f561b2
Signature=adhoc
Info.plist entries=10
TeamIdentifier=not set
Sealed Resources version=2 rules=10 files=2
Internal requirements count=0 size=12
