Executable=/private/var/folders/6m/vxwlbjsn7vs6h80_98w6x7p40000gn/T/parlor-audit-ios-readiness-02-5dv08pnl/DerivedData/Build/Products/Debug-iphonesimulator/Parlor.app/Parlor.debug.dylib
Identifier=Parlor.debug
Format=Mach-O thin (arm64)
CodeDirectory v=20400 size=1765 flags=0x2(adhoc) hashes=50+2 location=embedded
VersionPlatform=7
VersionMin=1048576
VersionSDK=1705216
Hash type=sha256 size=32
CandidateCDHash sha256=d87867904b959d70124f6f09623fd47480c54e77
CandidateCDHashFull sha256=d87867904b959d70124f6f09623fd47480c54e776e0248eda06ebf6e66b601d3
Hash choices=sha256
CMSDigest=d87867904b959d70124f6f09623fd47480c54e776e0248eda06ebf6e66b601d3
CMSDigestType=2
Executable Segment base=0
Executable Segment limit=344064
Executable Segment flags=0x0
Page size=16384
CDHash=d87867904b959d70124f6f09623fd47480c54e77
Signature=adhoc
Info.plist=not bound
TeamIdentifier=not set
Sealed Resources=none
Internal requirements count=0 size=12
