Executable=/private/var/folders/6m/vxwlbjsn7vs6h80_98w6x7p40000gn/T/parlor-audit-ios-readiness-02-5dv08pnl/DerivedData/Build/Products/Debug-iphonesimulator/Parlor.app/Parlor
Identifier=com.parlor.app.debug
Format=app bundle with Mach-O thin (arm64)
CodeDirectory v=20400 size=301 flags=0x2(adhoc) hashes=3+3 location=embedded
VersionPlatform=7
VersionMin=1048576
VersionSDK=1705216
Hash type=sha256 size=32
CandidateCDHash sha256=b17a94b983fe3c76dbb66d30101cd9043939927c
CandidateCDHashFull sha256=b17a94b983fe3c76dbb66d30101cd9043939927cdc0955c12e9413d7ff7418cc
Hash choices=sha256
CMSDigest=b17a94b983fe3c76dbb66d30101cd9043939927cdc0955c12e9413d7ff7418cc
CMSDigestType=2
Executable Segment base=0
Executable Segment limit=16384
Executable Segment flags=0x1
Page size=16384
CDHash=b17a94b983fe3c76dbb66d30101cd9043939927c
Signature=adhoc
Info.plist entries=33
TeamIdentifier=not set
Sealed Resources version=2 rules=10 files=30
Internal requirements count=0 size=12
