Executable=/private/var/folders/bl/vzjcvbz95c3dk19cb0fw46180000gn/T/parlor-audit-ios-readiness-25-veq1z01g/DerivedData/Build/Products/Debug-iphonesimulator/Parlor.app/Parlor.debug.dylib
Identifier=Parlor.debug
Format=Mach-O thin (arm64)
CodeDirectory v=20400 size=8197 flags=0x2(adhoc) hashes=251+2 location=embedded
VersionPlatform=7
VersionMin=1048576
VersionSDK=1704448
Hash type=sha256 size=32
CandidateCDHash sha256=825a9c1dc4341af78e10df6f18b4cf07734bb89f
CandidateCDHashFull sha256=825a9c1dc4341af78e10df6f18b4cf07734bb89fdba69ff3146d322e2611d1fd
Hash choices=sha256
CMSDigest=825a9c1dc4341af78e10df6f18b4cf07734bb89fdba69ff3146d322e2611d1fd
CMSDigestType=2
Executable Segment base=0
Executable Segment limit=458752
Executable Segment flags=0x0
Page size=4096
CDHash=825a9c1dc4341af78e10df6f18b4cf07734bb89f
Signature=adhoc
Info.plist=not bound
TeamIdentifier=not set
Sealed Resources=none
Internal requirements count=0 size=12
