Executable=/private/var/folders/bl/vzjcvbz95c3dk19cb0fw46180000gn/T/parlor-audit-ios-readiness-25-veq1z01g/DerivedData/Build/Products/Debug-iphonesimulator/Parlor.app/__preview.dylib
Identifier=__preview-555549446685199f09723818a0f99ffa82ab9091
Format=Mach-O thin (arm64)
CodeDirectory v=20400 size=363 flags=0x2(adhoc) hashes=5+2 location=embedded
VersionPlatform=7
VersionMin=1048576
VersionSDK=1704448
Hash type=sha256 size=32
CandidateCDHash sha256=8fe9f9fb378caa2bffd9379f3afd5f1246c10954
CandidateCDHashFull sha256=8fe9f9fb378caa2bffd9379f3afd5f1246c10954e7fdb3d319fe11447f215376
Hash choices=sha256
CMSDigest=8fe9f9fb378caa2bffd9379f3afd5f1246c10954e7fdb3d319fe11447f215376
CMSDigestType=2
Executable Segment base=0
Executable Segment limit=16384
Executable Segment flags=0x0
Page size=4096
CDHash=8fe9f9fb378caa2bffd9379f3afd5f1246c10954
Signature=adhoc
Info.plist=not bound
TeamIdentifier=not set
Sealed Resources=none
Internal requirements count=0 size=12
