test_binding_and_observer_omission_fail_closed (test_ci_verification_hygiene.AndroidEmulatorAbsenceTest.test_binding_and_observer_omission_fail_closed) ... ok
test_coherent_sample_excludes_other_uid_without_reading_its_executable (test_ci_verification_hygiene.AndroidEmulatorAbsenceTest.test_coherent_sample_excludes_other_uid_without_reading_its_executable) ... ok
test_deleted_executable_path_is_ambiguous_not_absence (test_ci_verification_hygiene.AndroidEmulatorAbsenceTest.test_deleted_executable_path_is_ambiguous_not_absence) ... ok
test_enumeration_and_clock_limits_fail_closed (test_ci_verification_hygiene.AndroidEmulatorAbsenceTest.test_enumeration_and_clock_limits_fail_closed) ... ok
test_executable_read_denial_or_disappearing_pid_is_not_absence (test_ci_verification_hygiene.AndroidEmulatorAbsenceTest.test_executable_read_denial_or_disappearing_pid_is_not_absence) ... ok
test_malformed_missing_oversized_and_mixed_uid_records_fail_closed (test_ci_verification_hygiene.AndroidEmulatorAbsenceTest.test_malformed_missing_oversized_and_mixed_uid_records_fail_closed) ... ok
test_pid_lifetime_uid_and_executable_changes_during_sample_fail (test_ci_verification_hygiene.AndroidEmulatorAbsenceTest.test_pid_lifetime_uid_and_executable_changes_during_sample_fail) ... ok
test_same_prefix_sibling_is_outside_this_explicit_path_predicate (test_ci_verification_hygiene.AndroidEmulatorAbsenceTest.test_same_prefix_sibling_is_outside_this_explicit_path_predicate) ... ok
test_same_uid_sdk_qemu_fails_without_attributing_or_killing_process (test_ci_verification_hygiene.AndroidEmulatorAbsenceTest.test_same_uid_sdk_qemu_fails_without_attributing_or_killing_process) ... ok
test_real_clean_checkout_removes_exact_outputs_after_wrapper_stop (test_ci_verification_hygiene.VerificationHygieneGitIntegrationTest.test_real_clean_checkout_removes_exact_outputs_after_wrapper_stop) ... ok
test_real_modified_build_input_preserves_all_generated_evidence (test_ci_verification_hygiene.VerificationHygieneGitIntegrationTest.test_real_modified_build_input_preserves_all_generated_evidence) ... ok
test_android_audit_follows_upload_gate_and_failure_retains_outputs (test_ci_verification_hygiene.VerificationHygieneTest.test_android_audit_follows_upload_gate_and_failure_retains_outputs) ... ok
test_android_successful_sample_allows_existing_exact_output_cleanup (test_ci_verification_hygiene.VerificationHygieneTest.test_android_successful_sample_allows_existing_exact_output_cleanup) ... ok
test_both_hosts_use_the_repository_wrapper_for_stop (test_ci_verification_hygiene.VerificationHygieneTest.test_both_hosts_use_the_repository_wrapper_for_stop) ... ok
test_changed_source_or_task_cannot_authorize_cleanup (test_ci_verification_hygiene.VerificationHygieneTest.test_changed_source_or_task_cannot_authorize_cleanup) ... ok
test_cleanup_removes_only_claimed_outputs_and_keeps_evidence_and_source (test_ci_verification_hygiene.VerificationHygieneTest.test_cleanup_removes_only_claimed_outputs_and_keeps_evidence_and_source) ... ok
test_cli_rejects_local_worktrees_before_cleaning (test_ci_verification_hygiene.VerificationHygieneTest.test_cli_rejects_local_worktrees_before_cleaning) ... ok
test_dirty_worktree_with_unchanged_head_tree_and_paths_cannot_authorize_cleanup (test_ci_verification_hygiene.VerificationHygieneTest.test_dirty_worktree_with_unchanged_head_tree_and_paths_cannot_authorize_cleanup) ... ok
test_failed_prepare_cannot_reuse_a_historical_same_task_claim (test_ci_verification_hygiene.VerificationHygieneTest.test_failed_prepare_cannot_reuse_a_historical_same_task_claim) ... ok
test_failed_stop_preserves_generated_output_and_reports_failure (test_ci_verification_hygiene.VerificationHygieneTest.test_failed_stop_preserves_generated_output_and_reports_failure) ... ok
test_historical_other_task_claim_does_not_authorize_current_cleanup (test_ci_verification_hygiene.VerificationHygieneTest.test_historical_other_task_claim_does_not_authorize_current_cleanup) ... ok
test_missing_claim_fails_without_deleting_outputs (test_ci_verification_hygiene.VerificationHygieneTest.test_missing_claim_fails_without_deleting_outputs) ... ok
test_nested_output_symlink_does_not_delete_external_target (test_ci_verification_hygiene.VerificationHygieneTest.test_nested_output_symlink_does_not_delete_external_target) ... ok
test_new_claim_never_overwrites_a_historical_receipt (test_ci_verification_hygiene.VerificationHygieneTest.test_new_claim_never_overwrites_a_historical_receipt) ... ok
test_non_object_ownership_record_fails_with_a_cleanup_receipt (test_ci_verification_hygiene.VerificationHygieneTest.test_non_object_ownership_record_fails_with_a_cleanup_receipt) ... ok
test_preexisting_outputs_are_never_claimed (test_ci_verification_hygiene.VerificationHygieneTest.test_preexisting_outputs_are_never_claimed) ... ok
test_roots_include_build_logic_and_only_known_generated_directories (test_ci_verification_hygiene.VerificationHygieneTest.test_roots_include_build_logic_and_only_known_generated_directories) ... ok
test_success_without_actual_artifact_outputs_cannot_authorize_deletion (test_ci_verification_hygiene.VerificationHygieneTest.test_success_without_actual_artifact_outputs_cannot_authorize_deletion) ... ok
test_symlink_sibling_rejects_cleanup_before_any_deletion (test_ci_verification_hygiene.VerificationHygieneTest.test_symlink_sibling_rejects_cleanup_before_any_deletion) ... ok
test_tampered_source_path_claim_is_rejected (test_ci_verification_hygiene.VerificationHygieneTest.test_tampered_source_path_claim_is_rejected) ... ok
test_unsuccessful_upload_preserves_evidence_and_still_stops_gradle (test_ci_verification_hygiene.VerificationHygieneTest.test_unsuccessful_upload_preserves_evidence_and_still_stops_gradle) ... ok
test_every_job_retains_xml_before_always_run_cleanup (test_ci_verification_hygiene.VerificationWorkflowHygieneTest.test_every_job_retains_xml_before_always_run_cleanup) ... ok
test_kotlin_compiler_work_is_owned_by_the_gradle_lane (test_ci_verification_hygiene.VerificationWorkflowHygieneTest.test_kotlin_compiler_work_is_owned_by_the_gradle_lane) ... ok

----------------------------------------------------------------------
Ran 33 tests in 0.198s

OK
test_all_original_controls_and_exact_clone_allowlist_are_preserved (__main__.L08FunctionalCopyTests.test_all_original_controls_and_exact_clone_allowlist_are_preserved) ... ok
test_os_primary_choice_delta_preserves_the_complete_existing_prerequisite (__main__.L08FunctionalCopyTests.test_os_primary_choice_delta_preserves_the_complete_existing_prerequisite) ... ok
test_os_primary_choice_rejects_ambiguity_unknown_actions_retries_and_false_proof (__main__.L08FunctionalCopyTests.test_os_primary_choice_rejects_ambiguity_unknown_actions_retries_and_false_proof) ... ok

----------------------------------------------------------------------
Ran 3 tests in 0.017s

OK
test_full_non_app_scope_is_explicit_and_cycles_do_not_reuse_failed_labels (scripts.release.tests.test_native_process_probe.ProbeSourceContractTest.test_full_non_app_scope_is_explicit_and_cycles_do_not_reuse_failed_labels) ... ok

----------------------------------------------------------------------
Ran 1 test in 0.000s

OK
