Executable=/private/var/folders/bl/vzjcvbz95c3dk19cb0fw46180000gn/T/parlor-audit-ios-readiness-37-fc96age1/DerivedData/Build/Products/Debug-iphonesimulator/Parlor.app/Parlor.debug.dylib
Identifier=Parlor.debug
Format=Mach-O thin (arm64)
CodeDirectory v=20400 size=8357 flags=0x2(adhoc) hashes=256+2 location=embedded
VersionPlatform=7
VersionMin=1048576
VersionSDK=1704448
Hash type=sha256 size=32
CandidateCDHash sha256=9bc051edcfb9481682cc5c98f3637a651156d9ab
CandidateCDHashFull sha256=9bc051edcfb9481682cc5c98f3637a651156d9ab5a8cea8352700a8b8b939636
Hash choices=sha256
CMSDigest=9bc051edcfb9481682cc5c98f3637a651156d9ab5a8cea8352700a8b8b939636
CMSDigestType=2
Executable Segment base=0
Executable Segment limit=475136
Executable Segment flags=0x0
Page size=4096
CDHash=9bc051edcfb9481682cc5c98f3637a651156d9ab
Signature=adhoc
Info.plist=not bound
TeamIdentifier=not set
Sealed Resources=none
Internal requirements count=0 size=12
