Executable=/private/var/folders/6m/vxwlbjsn7vs6h80_98w6x7p40000gn/T/parlor-audit-ios-readiness-01-mdtul0n2/DerivedData/Build/Products/Debug-iphonesimulator/Parlor.app/Parlor
Identifier=Parlor
Format=app bundle with Mach-O thin (arm64)
CodeDirectory v=20400 size=415 flags=0x20002(adhoc,linker-signed) hashes=10+0 location=embedded
VersionPlatform=7
VersionMin=1048576
VersionSDK=1705216
Hash type=sha256 size=32
CandidateCDHash sha256=f84cab0f13bd434d6b9a85d70e0bd892c2acc874
CandidateCDHashFull sha256=f84cab0f13bd434d6b9a85d70e0bd892c2acc87496ec6b090f70df9cedd8115e
Hash choices=sha256
CMSDigest=f84cab0f13bd434d6b9a85d70e0bd892c2acc87496ec6b090f70df9cedd8115e
CMSDigestType=2
Executable Segment base=0
Executable Segment limit=7264
Executable Segment flags=0x1
Page size=4096
CDHash=f84cab0f13bd434d6b9a85d70e0bd892c2acc874
Signature=adhoc
Info.plist=not bound
TeamIdentifier=not set
Sealed Resources=none
Internal requirements=none
