test_all_native_files_including_unexpected_debug_dylib_are_inspected (test_release_wrapper_contract.ReleaseArtifactContractTest) ... ok
test_failed_xcode_or_nested_gradle_stop_cannot_pass_with_stale_app (test_release_wrapper_contract.ReleaseArtifactContractTest) ... ok
test_framework_floor_is_not_incorrectly_forced_to_app_floor (test_release_wrapper_contract.ReleaseArtifactContractTest) ... ok
test_generated_symlink_or_provisioning_profile_fails_closed (test_release_wrapper_contract.ReleaseArtifactContractTest) ... ok
test_inventory_bounds_are_enforced_without_large_allocation (test_release_wrapper_contract.ReleaseArtifactContractTest) ... ok
test_missing_or_unrecognized_expected_native_fails (test_release_wrapper_contract.ReleaseArtifactContractTest) ... ok
test_missing_raw_source_and_duplicate_version_assignment_fail (test_release_wrapper_contract.ReleaseArtifactContractTest) ... ok
test_source_privacy_and_raw_content_are_bound (test_release_wrapper_contract.ReleaseArtifactContractTest) ... ok
test_wrong_identity_version_deployment_platform_and_localization_fail (test_release_wrapper_contract.ReleaseArtifactContractTest) ... ok
test_wrong_native_architecture_platform_floor_or_missing_metadata_fails (test_release_wrapper_contract.ReleaseArtifactContractTest) ... ok
test_all_consumed_old_controls_are_explicitly_hashed (test_release_wrapper_contract.ReleaseWrapperSourceContractTest) ... ok
test_build_failure_gate_precedes_artifact_inspection_and_immediate_stop_is_finally_owned (test_release_wrapper_contract.ReleaseWrapperSourceContractTest) ... ok
test_owned_worker_fifo_signal_and_file_cleanup_declarations_are_unchanged (test_release_wrapper_contract.ReleaseWrapperSourceContractTest) ... ok
test_phase_copy_input_and_source_binding_helpers_are_unchanged (test_release_wrapper_contract.ReleaseWrapperSourceContractTest) ... ok
test_release_command_is_build_only_generic_arm64_unsigned (test_release_wrapper_contract.ReleaseWrapperSourceContractTest) ... ok
test_attested_pair_removed_only_after_workers_stop (test_secondary_fifo.SecondaryFifoSafetyTest) ... ok
test_cached_pair_still_rechecks_changed_inode (test_secondary_fifo.SecondaryFifoSafetyTest) ... ok
test_cached_pair_still_rechecks_inode_uid_and_symlink (test_secondary_fifo.SecondaryFifoSafetyTest) ... ok
test_changed_child_or_parent_start_cannot_use_attested_pair (test_secondary_fifo.SecondaryFifoSafetyTest) ... ok
test_current_new_pair_cannot_hide_behind_members_old_argv (test_secondary_fifo.SecondaryFifoSafetyTest) ... ok
test_file_holder_prevents_any_unlink (test_secondary_fifo.SecondaryFifoSafetyTest) ... ok
test_fully_attested_same_identity_and_pair_avoids_redundant_uid_query (test_secondary_fifo.SecondaryFifoSafetyTest) ... ok
test_holder_query_error_never_becomes_empty_holder_success (test_secondary_fifo.SecondaryFifoSafetyTest) ... ok
test_initial_uid_query_failure_never_attests_or_deletes_paths (test_secondary_fifo.SecondaryFifoSafetyTest) ... ok
test_inode_uid_mismatch_is_not_owned (test_secondary_fifo.SecondaryFifoSafetyTest) ... ok
test_missing_or_duplicate_flags_rejected (test_secondary_fifo.SecondaryFifoSafetyTest) ... ok
test_missing_unattested_then_late_created_fifo_blocks_cleanup (test_secondary_fifo.SecondaryFifoSafetyTest) ... ok
test_new_pair_argv_change_during_uid_attestation_is_rejected (test_secondary_fifo.SecondaryFifoSafetyTest) ... ok
test_partial_record_or_pending_claim_cannot_use_cached_uid (test_secondary_fifo.SecondaryFifoSafetyTest) ... ok
test_pid_reuse_during_cleanup_preserves_files (test_secondary_fifo.SecondaryFifoSafetyTest) ... ok
test_pid_reuse_during_observation_rejected (test_secondary_fifo.SecondaryFifoSafetyTest) ... ok
test_preexisting_parent_birthtime_rejects_new_fifo (test_secondary_fifo.SecondaryFifoSafetyTest) ... ok
test_process_uid_mismatch_is_not_owned (test_secondary_fifo.SecondaryFifoSafetyTest) ... ok
test_replaced_inode_rejected (test_secondary_fifo.SecondaryFifoSafetyTest) ... ok
test_stale_preexisting_fifo_is_not_owned (test_secondary_fifo.SecondaryFifoSafetyTest) ... ok
test_symlink_fifo_not_followed_or_deleted (test_secondary_fifo.SecondaryFifoSafetyTest) ... ok
test_symlink_parent_not_followed (test_secondary_fifo.SecondaryFifoSafetyTest) ... ok
test_timeout_or_cancellation_cleanup_uses_same_attestation (test_secondary_fifo.SecondaryFifoSafetyTest) ... ok
test_unknown_directory_contents_preserve_all (test_secondary_fifo.SecondaryFifoSafetyTest) ... ok
test_unknown_external_argument_is_rejected (test_secondary_fifo.SecondaryFifoSafetyTest) ... ok
test_unknown_root_contents_preserve_all (test_secondary_fifo.SecondaryFifoSafetyTest) ... ok
test_unowned_child_cannot_attest_from_name_alone (test_secondary_fifo.SecondaryFifoSafetyTest) ... ok

----------------------------------------------------------------------
Ran 42 tests in 0.122s

OK
