{"controls_before_sha256": "5eed8a6fb73960bcf352c8792a4961fa58bee6b52a41861bce5af449aa8dca0f", "manifest": [{"path": "remediation-runs/2026-09-05-confirmed-fixes/native_fix_review/dsc01_apphost_v2/run_dsc01_apphost_cycle.py", "sha256": "e15ff915e0006d0242de3ad15dac3ac8a839b59b4169edfa4f2988ca1ce403cc"}, {"path": "remediation-runs/2026-09-05-confirmed-fixes/run_gradle_cycle.py", "sha256": "d2d18c2311d59554db88be3f92e609ec5ca46fc8af4c79702836f9e4c130240f"}, {"path": "audit-runs/2026-09-05-source-audit/run_android_managed_cycle.py", "sha256": "b34ad4662ac906bff0a2f4e8ebe25c0757229098361e8e34c29b7c06681730c0"}, {"path": "remediation-runs/2026-09-05-confirmed-fixes/native_fix_review/dsc01_apphost_v2/secondary_fifo.py", "sha256": "e1546ef645e2f87dfadd41d4e7f3f1c97cef1e38fe6392fb6a778f6db6333dbd"}, {"path": "remediation-runs/2026-09-05-confirmed-fixes/native_fix_review/dsc01_apphost_v2/test_secondary_fifo.py", "sha256": "81ba5e75fbb5c7a6fb4acd7e728880f8e7a63a38defdc2715ff2d78395cb5155"}, {"path": "remediation-runs/2026-09-05-confirmed-fixes/native_fix_review/dsc01_apphost_v2/test_harness_contract.py", "sha256": "1493231b21031ede21643b2dfe664ac14093d11d6fdd42327dd4ba21d67613cf"}, {"path": "remediation-runs/2026-09-05-confirmed-fixes/native_fix_review/dsc01_apphost_v2/DSC01Probe.swift.in", "sha256": "0ff5c1fd101e4f5e689f959aef7db1ebe1c1f48dda68f489957e849c915130ac"}, {"path": "remediation-runs/2026-09-05-confirmed-fixes/native_fix_review/dsc01_apphost_v2/IOSAppLaunchUITests.swift.in", "sha256": "2751f2eff71c6f5ece7d9b98c54b1a72832aa10f7225328c58a04818b2a52c3a"}, {"path": "remediation-runs/2026-09-05-confirmed-fixes/native_fix_review/dsc01_apphost_v2/copied-kotlin-phase.sh.in", "sha256": "1a8a5ee2c87fb4a4d8294ac3d5e2f057baaf9bd1c5a74b04564586b5f1b4baf8"}, {"path": "remediation-runs/2026-09-05-confirmed-fixes/native_fix_review/dsc01_apphost_v2/source-bindings.json", "sha256": "67af03150c2464ceda76e6d54d28f3005429fe6057ef24d3ad06a9a87cf4fd0e"}]}
test_failed_build_with_stale_output_stops_and_never_normalizes (test_harness_contract.CopiedPhaseContractTest) ... ok
test_failed_directory_change_never_builds_or_normalizes (test_harness_contract.CopiedPhaseContractTest) ... ok
test_failed_stop_cannot_normalize_or_look_green (test_harness_contract.CopiedPhaseContractTest) ... ok
test_normalization_failure_propagates_after_immediate_stop (test_harness_contract.CopiedPhaseContractTest) ... ok
test_successful_phase_stops_before_normalizing (test_harness_contract.CopiedPhaseContractTest) ... ok
test_changed_boot_identity_cannot_impersonate_restart (test_harness_contract.ReceiptContractTest) ... ok
test_complete_synthetic_schema_is_accepted_not_runtime_evidence (test_harness_contract.ReceiptContractTest) ... ok
test_missing_no_disposal_precondition_is_rejected (test_harness_contract.ReceiptContractTest) ... ok
test_missing_system_restoration_or_wrong_native_direction_fails (test_harness_contract.ReceiptContractTest) ... ok
test_test_summary_with_skip_cannot_pass (test_harness_contract.ReceiptContractTest) ... ok
test_unknown_data_is_not_exported_as_trusted_observation (test_harness_contract.ReceiptContractTest) ... ok
test_executed_failed_xctest_summary_cannot_remain_not_run (test_harness_contract.RuntimeStatusContractTest) ... ok
test_later_evidence_failure_cannot_leave_pass (test_harness_contract.RuntimeStatusContractTest) ... ok
test_preflight_failure_is_still_not_run (test_harness_contract.RuntimeStatusContractTest) ... ok
test_running_is_persisted_before_the_guarded_xcode_call (test_harness_contract.RuntimeStatusContractTest) ... ok
test_diagnostics_are_exact_whitelisted_bounded_and_never_a_fallback_tap (test_harness_contract.SelectorSourceContractTest) ... ok
test_exact_tab_selector_matches_reviewed_pinned_merge_and_actual_resources (test_harness_contract.SelectorSourceContractTest) ... ok
test_attested_pair_removed_only_after_workers_stop (test_secondary_fifo.SecondaryFifoSafetyTest) ... ok
test_file_holder_prevents_any_unlink (test_secondary_fifo.SecondaryFifoSafetyTest) ... ok
test_holder_query_error_never_becomes_empty_holder_success (test_secondary_fifo.SecondaryFifoSafetyTest) ... ok
test_inode_uid_mismatch_is_not_owned (test_secondary_fifo.SecondaryFifoSafetyTest) ... ok
test_missing_or_duplicate_flags_rejected (test_secondary_fifo.SecondaryFifoSafetyTest) ... ok
test_missing_unattested_then_late_created_fifo_blocks_cleanup (test_secondary_fifo.SecondaryFifoSafetyTest) ... ok
test_pid_reuse_during_cleanup_preserves_files (test_secondary_fifo.SecondaryFifoSafetyTest) ... ok
test_pid_reuse_during_observation_rejected (test_secondary_fifo.SecondaryFifoSafetyTest) ... ok
test_preexisting_parent_birthtime_rejects_new_fifo (test_secondary_fifo.SecondaryFifoSafetyTest) ... ok
test_process_uid_mismatch_is_not_owned (test_secondary_fifo.SecondaryFifoSafetyTest) ... ok
test_replaced_inode_rejected (test_secondary_fifo.SecondaryFifoSafetyTest) ... ok
test_stale_preexisting_fifo_is_not_owned (test_secondary_fifo.SecondaryFifoSafetyTest) ... ok
test_symlink_fifo_not_followed_or_deleted (test_secondary_fifo.SecondaryFifoSafetyTest) ... ok
test_symlink_parent_not_followed (test_secondary_fifo.SecondaryFifoSafetyTest) ... ok
test_timeout_or_cancellation_cleanup_uses_same_attestation (test_secondary_fifo.SecondaryFifoSafetyTest) ... ok
test_unknown_directory_contents_preserve_all (test_secondary_fifo.SecondaryFifoSafetyTest) ... ok
test_unknown_external_argument_is_rejected (test_secondary_fifo.SecondaryFifoSafetyTest) ... ok
test_unknown_root_contents_preserve_all (test_secondary_fifo.SecondaryFifoSafetyTest) ... ok
test_unowned_child_cannot_attest_from_name_alone (test_secondary_fifo.SecondaryFifoSafetyTest) ... ok

----------------------------------------------------------------------
Ran 36 tests in 2.518s

OK
{"controls_after_sha256": "5eed8a6fb73960bcf352c8792a4961fa58bee6b52a41861bce5af449aa8dca0f", "controls_unchanged": true, "test_exit_code": 0}
