Monitoring boot status for Parlor-Audit-parlor-audit-ios-readiness-17-3c4g25yb (CE3BE344-9BCE-4A13-B4A9-2C5D9BFC3A9D).
[2026-09-08 10:43:54 +0000] Status=2, isTerminal=NO, Elapsed=00:43.
	Waiting on Data Migration
		Reason:Running plugin com.apple.-0LaunchServicesMigrator (00LaunchServicesMigrator.migrator, user-agnostic)
		Migration Elapsed:00:37 seconds

[2026-09-08 10:43:55 +0000] Status=2, isTerminal=NO, Elapsed=00:44.
	Waiting on Data Migration
		Reason:Running plugin com.apple.-0LaunchServicesMigrator (00LaunchServicesMigrator.migrator, user-agnostic)
		Migration Elapsed:00:38 seconds

[2026-09-08 10:43:56 +0000] Status=2, isTerminal=NO, Elapsed=00:45.
	Waiting on Data Migration
		Reason:Running plugin com.apple.-0LaunchServicesMigrator (00LaunchServicesMigrator.migrator, user-agnostic)
		Migration Elapsed:00:39 seconds

[2026-09-08 10:43:57 +0000] Status=2, isTerminal=NO, Elapsed=00:46.
	Waiting on Data Migration
		Reason:Running plugin com.apple.-0LaunchServicesMigrator (00LaunchServicesMigrator.migrator, user-agnostic)
		Migration Elapsed:00:40 seconds

[2026-09-08 10:44:02 +0000] Status=2, isTerminal=NO, Elapsed=00:51.
	Waiting on Data Migration
		Reason:Running plugin com.apple.securityd.KeychainMigrator (KeychainMigrator.migrator, user-agnostic)
		Migration Elapsed:00:41 seconds

[2026-09-08 10:44:04 +0000] Status=2, isTerminal=NO, Elapsed=00:52.
	Waiting on Data Migration
		Reason:Running plugin com.apple.MobileSafari.migrator (MobileSafari.migrator)
		Migration Elapsed:00:45 seconds

[2026-09-08 10:44:05 +0000] Status=2, isTerminal=NO, Elapsed=00:54.
	Waiting on Data Migration
		Reason:Running plugin com.apple.MobileSafari.migrator (MobileSafari.migrator)
		Migration Elapsed:00:46 seconds

[2026-09-08 10:44:06 +0000] Status=2, isTerminal=NO, Elapsed=00:55.
	Waiting on Data Migration
		Reason:Running plugin com.apple.appleaccount.migrator (AppleAccountMigrator.migrator)
		Migration Elapsed:00:48 seconds

[2026-09-08 10:44:08 +0000] Status=2, isTerminal=NO, Elapsed=00:56.
	Waiting on Data Migration
		Reason:Running plugin com.apple.PreferencesMigrator (PreferencesMigrator.migrator)
		Migration Elapsed:00:49 seconds

[2026-09-08 10:44:10 +0000] Status=4, isTerminal=NO, Elapsed=00:58.
	Waiting on System App

[2026-09-08 10:44:10 +0000] Status=4, isTerminal=NO, Elapsed=00:58.
	Waiting on System App

[2026-09-08 10:44:11 +0000] Status=4, isTerminal=NO, Elapsed=00:59.
	Waiting on System App

[2026-09-08 10:44:12 +0000] Status=4, isTerminal=NO, Elapsed=01:00.
	Waiting on System App

[2026-09-08 10:44:12 +0000] Status=4, isTerminal=NO, Elapsed=01:01.
	Waiting on System App

[2026-09-08 10:44:13 +0000] Status=4, isTerminal=NO, Elapsed=01:02.
	Waiting on System App

[2026-09-08 10:44:15 +0000] Status=4, isTerminal=NO, Elapsed=01:03.
	Waiting on System App

[2026-09-08 10:44:16 +0000] Status=4, isTerminal=NO, Elapsed=01:05.
	Waiting on System App

[2026-09-08 10:44:19 +0000] Status=4294967295, isTerminal=YES, Elapsed=01:07.
	Finished

