{
  "assembled_at": "2026-09-05T15:07:23.204362+00:00",
  "source_commit": "3625d0663ba6eb51338cbd5f9dc45f859ec18846",
  "source_tree": "db7f3d2afe73a13628296daee2cce71165eebc8d",
  "inventory_sha256": "5ae5e8c041090e00d7347814324f2e888681d8f2473c3265debcaf636e8f1fc5",
  "ledger_sha256": "12b627daefc1af93d3e22be6d96fd002d029e3eadff45b18be4b7dd91c54d5df",
  "audit_material_read_receipts_excluded_from_source_counts": 239,
  "inventory_entries": 735,
  "kind_counts": {
    "generated-local": 28,
    "text": 628,
    "binary": 6,
    "protected": 1,
    "prior-audit-material": 72
  },
  "disposition_counts": {
    "EXCLUDED_LOCAL_STATE": 28,
    "TEXT_READ_COMPLETE_WITH_LIMITS": 628,
    "BINARY_INSPECTED_WITH_LIMITS": 6,
    "PROTECTED_EXCLUSION": 1,
    "EXCLUDED_PRIOR_EVIDENCE": 72
  },
  "text_lines": 139888,
  "complete_verbatim_text_file_count": 628,
  "verbatim_read_line_count": 139888,
  "structured_generated_table_line_count": 629,
  "uninspected_applicable_ranges": [],
  "errors": [],
  "meaning": "Finite file/range disposition only. Generated-table structural and verbatim receipts are distinct; only recorded raw ranges contribute to verbatim coverage. No behavioral/readiness percentage inferred."
}
