{"before": {"/Users/abdelrahman/Projects/parlor/remediation-runs/2026-09-07-local-readiness/evidence/release-content-followup/android-arm64-runner/README.md": "6b3161a3458cb44b8da51430e31cd40619318b6204940566bec77cdee05e7d74", "/Users/abdelrahman/Projects/parlor/remediation-runs/2026-09-07-local-readiness/evidence/release-content-followup/android-arm64-runner/adb-direct-shutdown-source-research.json": "552d94c7a98e5c479dfa61d6b27442afac95f04e6c347134c2cd1b23f69c4719", "/Users/abdelrahman/Projects/parlor/remediation-runs/2026-09-07-local-readiness/evidence/release-content-followup/android-arm64-runner/adb-smart-socket-documentation.json": "21b927fa13f8a1e607a620c1c447fbbefc63da6f6d1357cfe9128f52e21fc992", "/Users/abdelrahman/Projects/parlor/remediation-runs/2026-09-07-local-readiness/evidence/release-content-followup/android-arm64-runner/darwin-audit-token-source-research.json": "a02e5df420f6194b62b73d0ade6c63054385fd8c1f99516d94bcbe2bf1c731d1", "/Users/abdelrahman/Projects/parlor/remediation-runs/2026-09-07-local-readiness/evidence/release-content-followup/android-arm64-runner/darwin-list-source-research.json": "8d42ca136956520de1cfb11ffcd111370ff764e30818a17f6431a7c159db72b2", "/Users/abdelrahman/Projects/parlor/remediation-runs/2026-09-07-local-readiness/evidence/release-content-followup/android-arm64-runner/darwin-task-name-source-research.json": "f7e31fa76432b1eb4318991ef235d75f9290f9deb6fba14eb88bb136eacb934c", "/Users/abdelrahman/Projects/parlor/remediation-runs/2026-09-07-local-readiness/evidence/release-content-followup/android-arm64-runner/darwin_owned_processes.py": "2f2ad2a5d68cea999709a4c3c3e384cd9e6767258ad34aed4181ee2118962378", "/Users/abdelrahman/Projects/parlor/remediation-runs/2026-09-07-local-readiness/evidence/release-content-followup/android-arm64-runner/hardening-freeze-02.json": "ca77042e2b6b799ef7e3ac1474727d9866d0c568c286ccef76edf45c4f4cc903", "/Users/abdelrahman/Projects/parlor/remediation-runs/2026-09-07-local-readiness/evidence/release-content-followup/android-arm64-runner/hardening-freeze.json": "0e44f1a86a93379af20b79404903def101b3a1c9e28fe0fdb4672293471b509f", "/Users/abdelrahman/Projects/parlor/remediation-runs/2026-09-07-local-readiness/evidence/release-content-followup/android-arm64-runner/owned_arm64_smoke.py": "38ea4c0000a2c426f8475b4616e77ee0d8bb25bb424dc7516348c2095cd08b48", "/Users/abdelrahman/Projects/parlor/remediation-runs/2026-09-07-local-readiness/evidence/release-content-followup/android-arm64-runner/test_darwin_owned_processes.py": "30e28929a5305fbef65c855d56e5e2c16d9fc2c5b30c1c7e3bc5f0ef5350f9c9", "/Users/abdelrahman/Projects/parlor/remediation-runs/2026-09-07-local-readiness/evidence/release-content-followup/android-arm64-runner/test_owned_arm64_smoke.py": "404e2fa8f88f140cb5a1d40395e8422bcc35b8714dbe6020e60cef8ca7f4b29a", "/Users/abdelrahman/Projects/parlor/remediation-runs/2026-09-07-local-readiness/evidence/release-content-followup/android-arm64-runner/test_task_name_null_retry.py": "0fb15e65e59812213a0952c90ed90fb07057da92bd39bb46bae911d9588623b6"}, "expected_tests": 61, "imports": {"darwin_owned_processes": "/Users/abdelrahman/Projects/parlor/remediation-runs/2026-09-07-local-readiness/evidence/release-content-followup/android-arm64-runner/darwin_owned_processes.py", "owned_arm64_smoke": "/Users/abdelrahman/Projects/parlor/remediation-runs/2026-09-07-local-readiness/evidence/release-content-followup/android-arm64-runner/owned_arm64_smoke.py", "test_darwin_owned_processes": "/Users/abdelrahman/Projects/parlor/remediation-runs/2026-09-07-local-readiness/evidence/release-content-followup/android-arm64-runner/test_darwin_owned_processes.py", "test_owned_arm64_smoke": "/Users/abdelrahman/Projects/parlor/remediation-runs/2026-09-07-local-readiness/evidence/release-content-followup/android-arm64-runner/test_owned_arm64_smoke.py", "test_task_name_null_retry": "/Users/abdelrahman/Projects/parlor/remediation-runs/2026-09-07-local-readiness/evidence/release-content-followup/android-arm64-runner/test_task_name_null_retry.py"}, "suite": "android"}
test_completed_launch_cannot_grant_recycled_group (test_darwin_owned_processes.ProcessLifetimeTest) ... ok
test_completed_leader_surviving_attested_child_is_still_stopped (test_darwin_owned_processes.ProcessLifetimeTest) ... ok
test_denied_token_signal_has_no_numeric_fallback_and_remains_failed (test_darwin_owned_processes.ProcessLifetimeTest) ... ok
test_failed_group_enumeration_cannot_report_finished_or_reap_worker (test_darwin_owned_processes.ProcessLifetimeTest) ... ok
test_foreground_command_rejects_and_stops_leftover_workers (test_darwin_owned_processes.ProcessLifetimeTest) ... ok
test_legitimate_exec_is_re_attested_with_current_token_and_command (test_darwin_owned_processes.ProcessLifetimeTest) ... ok
test_pid_reuse_between_last_check_and_signal_is_rejected_by_token (test_darwin_owned_processes.ProcessLifetimeTest) ... ok
test_poll_does_not_reap_or_release_the_group_pin (test_darwin_owned_processes.ProcessLifetimeTest) ... ok
test_recycled_descendant_pid_is_not_signaled (test_darwin_owned_processes.ProcessLifetimeTest) ... ok
test_recycled_parent_cannot_authorize_its_new_children (test_darwin_owned_processes.ProcessLifetimeTest) ... ok
test_unexpected_external_reap_revokes_group_without_querying_reused_pid (test_darwin_owned_processes.ProcessLifetimeTest) ... ok
test_unreaped_terminated_leader_allows_final_descendant_capture (test_darwin_owned_processes.ProcessLifetimeTest) ... ok
test_list_convenience_wrapper_returns_pid_count_not_bytes (test_darwin_owned_processes.PublicDarwinAbiTest) ... ok
test_native_signal_passes_complete_token_and_rejects_stale_generation (test_darwin_owned_processes.PublicDarwinAbiTest) ... ok
test_negative_process_count_remains_failed (test_darwin_owned_processes.PublicDarwinAbiTest) ... ok
test_process_list_ceiling_fails_instead_of_truncating (test_darwin_owned_processes.PublicDarwinAbiTest) ... ok
test_sdk_structure_sizes_match_arm64_header_layout (test_darwin_owned_processes.PublicDarwinAbiTest) ... ok
test_wait_status_uses_public_non_reaping_flags (test_darwin_owned_processes.PublicDarwinAbiTest) ... ok
test_zero_count_native_errors_are_rejected_by_both_list_wrappers (test_darwin_owned_processes.PublicDarwinAbiTest) ... ok
test_zero_count_without_errno_is_empty_and_clears_stale_errno (test_darwin_owned_processes.PublicDarwinAbiTest) ... ok
test_actual_started_and_completed_descriptor_passes (test_owned_arm64_smoke.InstrumentationReceiptTest) ... ok
test_crash_after_descriptors_and_non_success_exit_cannot_pass (test_owned_arm64_smoke.InstrumentationReceiptTest) ... ok
test_duplicate_descriptors_cannot_pass (test_owned_arm64_smoke.InstrumentationReceiptTest) ... ok
test_instrumentation_success_without_completed_test_cannot_pass (test_owned_arm64_smoke.InstrumentationReceiptTest) ... ok
test_out_of_order_completion_cannot_pass (test_owned_arm64_smoke.InstrumentationReceiptTest) ... ok
test_skips_ignored_errors_and_failures_cannot_pass (test_owned_arm64_smoke.InstrumentationReceiptTest) ... ok
test_wrong_class_wrong_method_and_wrong_count_cannot_pass (test_owned_arm64_smoke.InstrumentationReceiptTest) ... ok
test_zero_adb_exit_and_ok_summary_without_descriptors_cannot_pass (test_owned_arm64_smoke.InstrumentationReceiptTest) ... ok
test_bad_acknowledgement_is_a_cleanup_failure_not_a_pass (test_owned_arm64_smoke.OwnedAdbShutdownTest) ... ok
test_exact_host_kill_packet_and_fragmented_okay_response (test_owned_arm64_smoke.OwnedAdbShutdownTest) ... ok
test_missing_endpoint_cannot_create_a_socket_or_start_a_server (test_owned_arm64_smoke.OwnedAdbShutdownTest) ... ok
test_refused_owned_endpoint_returns_without_autostart (test_owned_arm64_smoke.OwnedAdbShutdownTest) ... ok
test_symlink_cannot_redirect_shutdown_to_another_endpoint (test_owned_arm64_smoke.OwnedAdbShutdownTest) ... ok
test_attested_temporary_tree_is_removed (test_owned_arm64_smoke.OwnedOutputTest) ... ok
test_changed_marker_preserves_tree (test_owned_arm64_smoke.OwnedOutputTest) ... ok
test_child_symlink_does_not_delete_external_target (test_owned_arm64_smoke.OwnedOutputTest) ... ok
test_failed_initialization_preserves_unexpected_child_and_reports_root (test_owned_arm64_smoke.OwnedOutputTest) ... ok
test_marker_open_failure_removes_only_new_empty_directory (test_owned_arm64_smoke.OwnedOutputTest) ... ok
test_partial_marker_write_failure_removes_attested_marker_and_empty_root (test_owned_arm64_smoke.OwnedOutputTest) ... ok
test_property_duplicate_is_not_silently_normalized (test_owned_arm64_smoke.OwnedOutputTest) ... ok
test_symlinked_marker_cannot_authorize_cleanup (test_owned_arm64_smoke.OwnedOutputTest) ... ok
test_bsd_inspection_failure_is_not_misclassified_as_absence (test_task_name_null_retry.NullTaskNamePortTest) ... ok
test_failed_port_release_is_not_hidden_by_successful_token (test_task_name_null_retry.NullTaskNamePortTest) ... ok
test_genuine_native_denial_for_live_candidate_is_not_retried (test_task_name_null_retry.NullTaskNamePortTest) ... ok
test_interrupted_wait_during_null_retry_propagates_without_port_use (test_task_name_null_retry.NullTaskNamePortTest) ... ok
test_keyboard_interrupt_during_null_retry_propagates_without_port_use (test_task_name_null_retry.NullTaskNamePortTest) ... ok
test_keyboard_interrupt_during_token_read_still_releases_owned_port (test_task_name_null_retry.NullTaskNamePortTest) ... ok
test_malformed_token_count_still_fails_and_releases_port (test_task_name_null_retry.NullTaskNamePortTest) ... ok
test_native_denial_after_confirmed_exit_retains_absence_semantics (test_task_name_null_retry.NullTaskNamePortTest) ... ok
test_non_null_port_without_race_has_no_delay_and_is_released (test_task_name_null_retry.NullTaskNamePortTest) ... ok
test_null_port_then_independently_confirmed_exit_returns_absent (test_task_name_null_retry.NullTaskNamePortTest) ... ok
test_null_port_with_immediately_confirmed_exit_needs_no_retry (test_task_name_null_retry.NullTaskNamePortTest) ... ok
test_null_then_genuine_denial_fails_without_consuming_more_retries (test_task_name_null_retry.NullTaskNamePortTest) ... ok
test_persistent_null_live_candidate_fails_after_exact_bound (test_task_name_null_retry.NullTaskNamePortTest) ... ok
test_read_never_uses_path_after_null_retry_independently_confirms_exit (test_task_name_null_retry.NullTaskNamePortTest) ... ok
test_read_restarts_if_null_retry_crosses_bsd_process_lifetimes (test_task_name_null_retry.NullTaskNamePortTest) ... ok
test_read_still_rejects_unstable_tokens_after_null_retry (test_task_name_null_retry.NullTaskNamePortTest) ... ok
test_successful_null_port_then_valid_token_is_retried_not_denied (test_task_name_null_retry.NullTaskNamePortTest) ... ok
test_task_info_failure_after_confirmed_exit_releases_port (test_task_name_null_retry.NullTaskNamePortTest) ... ok
test_task_info_failure_for_live_candidate_is_not_retried_and_releases_port (test_task_name_null_retry.NullTaskNamePortTest) ... ok
test_wrong_token_pid_still_fails_and_releases_port (test_task_name_null_retry.NullTaskNamePortTest) ... ok

----------------------------------------------------------------------
Ran 61 tests in 0.023s

OK
{"after": {"/Users/abdelrahman/Projects/parlor/remediation-runs/2026-09-07-local-readiness/evidence/release-content-followup/android-arm64-runner/README.md": "6b3161a3458cb44b8da51430e31cd40619318b6204940566bec77cdee05e7d74", "/Users/abdelrahman/Projects/parlor/remediation-runs/2026-09-07-local-readiness/evidence/release-content-followup/android-arm64-runner/adb-direct-shutdown-source-research.json": "552d94c7a98e5c479dfa61d6b27442afac95f04e6c347134c2cd1b23f69c4719", "/Users/abdelrahman/Projects/parlor/remediation-runs/2026-09-07-local-readiness/evidence/release-content-followup/android-arm64-runner/adb-smart-socket-documentation.json": "21b927fa13f8a1e607a620c1c447fbbefc63da6f6d1357cfe9128f52e21fc992", "/Users/abdelrahman/Projects/parlor/remediation-runs/2026-09-07-local-readiness/evidence/release-content-followup/android-arm64-runner/darwin-audit-token-source-research.json": "a02e5df420f6194b62b73d0ade6c63054385fd8c1f99516d94bcbe2bf1c731d1", "/Users/abdelrahman/Projects/parlor/remediation-runs/2026-09-07-local-readiness/evidence/release-content-followup/android-arm64-runner/darwin-list-source-research.json": "8d42ca136956520de1cfb11ffcd111370ff764e30818a17f6431a7c159db72b2", "/Users/abdelrahman/Projects/parlor/remediation-runs/2026-09-07-local-readiness/evidence/release-content-followup/android-arm64-runner/darwin-task-name-source-research.json": "f7e31fa76432b1eb4318991ef235d75f9290f9deb6fba14eb88bb136eacb934c", "/Users/abdelrahman/Projects/parlor/remediation-runs/2026-09-07-local-readiness/evidence/release-content-followup/android-arm64-runner/darwin_owned_processes.py": "2f2ad2a5d68cea999709a4c3c3e384cd9e6767258ad34aed4181ee2118962378", "/Users/abdelrahman/Projects/parlor/remediation-runs/2026-09-07-local-readiness/evidence/release-content-followup/android-arm64-runner/hardening-freeze-02.json": "ca77042e2b6b799ef7e3ac1474727d9866d0c568c286ccef76edf45c4f4cc903", "/Users/abdelrahman/Projects/parlor/remediation-runs/2026-09-07-local-readiness/evidence/release-content-followup/android-arm64-runner/hardening-freeze.json": "0e44f1a86a93379af20b79404903def101b3a1c9e28fe0fdb4672293471b509f", "/Users/abdelrahman/Projects/parlor/remediation-runs/2026-09-07-local-readiness/evidence/release-content-followup/android-arm64-runner/owned_arm64_smoke.py": "38ea4c0000a2c426f8475b4616e77ee0d8bb25bb424dc7516348c2095cd08b48", "/Users/abdelrahman/Projects/parlor/remediation-runs/2026-09-07-local-readiness/evidence/release-content-followup/android-arm64-runner/test_darwin_owned_processes.py": "30e28929a5305fbef65c855d56e5e2c16d9fc2c5b30c1c7e3bc5f0ef5350f9c9", "/Users/abdelrahman/Projects/parlor/remediation-runs/2026-09-07-local-readiness/evidence/release-content-followup/android-arm64-runner/test_owned_arm64_smoke.py": "404e2fa8f88f140cb5a1d40395e8422bcc35b8714dbe6020e60cef8ca7f4b29a", "/Users/abdelrahman/Projects/parlor/remediation-runs/2026-09-07-local-readiness/evidence/release-content-followup/android-arm64-runner/test_task_name_null_retry.py": "0fb15e65e59812213a0952c90ed90fb07057da92bd39bb46bae911d9588623b6"}, "errors": 0, "failures": 0, "skips": 0, "source_unchanged": true, "suite": "android", "tests": 61}
{"before": {"/Users/abdelrahman/Projects/parlor/remediation-runs/2026-09-07-local-readiness/evidence/release-content-followup/android-apk-build-helper/README.md": "1e687e603f10c566727cdaeb4dde28f7431fbafbaff9ab731bb6240ded06b613", "/Users/abdelrahman/Projects/parlor/remediation-runs/2026-09-07-local-readiness/evidence/release-content-followup/android-apk-build-helper/apk-helper-freeze-01.json": "aa43c50512b3bb1e66b5ea10d0289ac005285f06433c1d30144d95ff4569cb1c", "/Users/abdelrahman/Projects/parlor/remediation-runs/2026-09-07-local-readiness/evidence/release-content-followup/android-apk-build-helper/build_and_retain_apks.py": "1b22b01f1b78534539dbf1491208cf25df5692a32e16f3fc3155573d293dd0d8", "/Users/abdelrahman/Projects/parlor/remediation-runs/2026-09-07-local-readiness/evidence/release-content-followup/android-apk-build-helper/official-signing-build-references-01.json": "5a986173c08baa043613d3c23d2897fe7782aece01369c088904d68d641e7ded", "/Users/abdelrahman/Projects/parlor/remediation-runs/2026-09-07-local-readiness/evidence/release-content-followup/android-apk-build-helper/source-wiring-review-01.json": "28080952a5b6200f8be9cd75bd766f65889e5ebb4eae6d2becf865daf6d7b52f", "/Users/abdelrahman/Projects/parlor/remediation-runs/2026-09-07-local-readiness/evidence/release-content-followup/android-apk-build-helper/test_build_and_retain_apks.py": "543d043e227f49619e85ac0fd9b17c93379dea3043b69e61e6d6e4f3448dfb49"}, "expected_tests": 17, "imports": {"test_build_and_retain_apks": "/Users/abdelrahman/Projects/parlor/remediation-runs/2026-09-07-local-readiness/evidence/release-content-followup/android-apk-build-helper/test_build_and_retain_apks.py"}, "suite": "apk"}
test_duplicate_variant_rejected (test_build_and_retain_apks.ApkMetadataTest) ... ok
test_empty_apk_rejected (test_build_and_retain_apks.ApkMetadataTest) ... ok
test_filtered_apk_rejected (test_build_and_retain_apks.ApkMetadataTest) ... ok
test_missing_metadata_rejected (test_build_and_retain_apks.ApkMetadataTest) ... ok
test_multiple_elements_rejected (test_build_and_retain_apks.ApkMetadataTest) ... ok
test_path_traversal_rejected (test_build_and_retain_apks.ApkMetadataTest) ... ok
test_stale_extra_apk_rejected (test_build_and_retain_apks.ApkMetadataTest) ... ok
test_symlinked_apk_rejected (test_build_and_retain_apks.ApkMetadataTest) ... ok
test_two_exact_metadata_bound_outputs (test_build_and_retain_apks.ApkMetadataTest) ... ok
test_wrong_application_identity_rejected (test_build_and_retain_apks.ApkMetadataTest) ... ok
test_wrong_artifact_type_rejected (test_build_and_retain_apks.ApkMetadataTest) ... ok
test_additional_digest_rejected_even_with_claimed_single_signer (test_build_and_retain_apks.ApkSignerTest) ... ok
test_missing_count_rejected (test_build_and_retain_apks.ApkSignerTest) ... ok
test_multiple_signers_rejected (test_build_and_retain_apks.ApkSignerTest) ... ok
test_one_exact_signer_accepted (test_build_and_retain_apks.ApkSignerTest) ... ok
test_uppercase_hex_is_same_public_digest (test_build_and_retain_apks.ApkSignerTest) ... ok
test_wrong_signer_rejected (test_build_and_retain_apks.ApkSignerTest) ... ok

----------------------------------------------------------------------
Ran 17 tests in 0.015s

OK
{"after": {"/Users/abdelrahman/Projects/parlor/remediation-runs/2026-09-07-local-readiness/evidence/release-content-followup/android-apk-build-helper/README.md": "1e687e603f10c566727cdaeb4dde28f7431fbafbaff9ab731bb6240ded06b613", "/Users/abdelrahman/Projects/parlor/remediation-runs/2026-09-07-local-readiness/evidence/release-content-followup/android-apk-build-helper/apk-helper-freeze-01.json": "aa43c50512b3bb1e66b5ea10d0289ac005285f06433c1d30144d95ff4569cb1c", "/Users/abdelrahman/Projects/parlor/remediation-runs/2026-09-07-local-readiness/evidence/release-content-followup/android-apk-build-helper/build_and_retain_apks.py": "1b22b01f1b78534539dbf1491208cf25df5692a32e16f3fc3155573d293dd0d8", "/Users/abdelrahman/Projects/parlor/remediation-runs/2026-09-07-local-readiness/evidence/release-content-followup/android-apk-build-helper/official-signing-build-references-01.json": "5a986173c08baa043613d3c23d2897fe7782aece01369c088904d68d641e7ded", "/Users/abdelrahman/Projects/parlor/remediation-runs/2026-09-07-local-readiness/evidence/release-content-followup/android-apk-build-helper/source-wiring-review-01.json": "28080952a5b6200f8be9cd75bd766f65889e5ebb4eae6d2becf865daf6d7b52f", "/Users/abdelrahman/Projects/parlor/remediation-runs/2026-09-07-local-readiness/evidence/release-content-followup/android-apk-build-helper/test_build_and_retain_apks.py": "543d043e227f49619e85ac0fd9b17c93379dea3043b69e61e6d6e4f3448dfb49"}, "errors": 0, "failures": 0, "skips": 0, "source_unchanged": true, "suite": "apk", "tests": 17}
{"before": {"/Users/abdelrahman/Projects/parlor/remediation-runs/2026-09-07-local-readiness/native/rosetta-desktop-controls-01/README.md": "507b490154815e832a4f0eeec26b816e4bba575a03dd6b14b4ff7e6d46467e14", "/Users/abdelrahman/Projects/parlor/remediation-runs/2026-09-07-local-readiness/native/rosetta-desktop-controls-01/authoritative-references.json": "a3f2e5e73d6932de229d76a71ec67dc9213334cbbdb2f65d87bc1a1d9a4e241e", "/Users/abdelrahman/Projects/parlor/remediation-runs/2026-09-07-local-readiness/native/rosetta-desktop-controls-01/draft-freeze-01.json": "7bac5e402d21d92de1056e76a1147a930934aa4a2c0ba0aa6ca5491f76e1fbbc", "/Users/abdelrahman/Projects/parlor/remediation-runs/2026-09-07-local-readiness/native/rosetta-desktop-controls-01/kotlin-execution-reference.json": "b6f1a79e006bf3838a93c3dac5efd64d8e56d50dbcc7a0b230c6b472404c1de6", "/Users/abdelrahman/Projects/parlor/remediation-runs/2026-09-07-local-readiness/native/rosetta-desktop-controls-01/run_rosetta_desktop.py": "9fac73b1c74128b7370b4294954782c98a90c051a7be50e327c833504bca214d", "/Users/abdelrahman/Projects/parlor/remediation-runs/2026-09-07-local-readiness/native/rosetta-desktop-controls-01/safe_jdk.py": "1f90d828338f8f152b0133dfe0b4d48622a6fb443ad1a19461407dfb68ebe256", "/Users/abdelrahman/Projects/parlor/remediation-runs/2026-09-07-local-readiness/native/rosetta-desktop-controls-01/test_controls.py": "5a9fb1073f0c3304e0ebd1d20f37a5c3e16e2061f97e1f11a6dc4639b6ea1ed1"}, "expected_tests": 20, "imports": {"run_rosetta_desktop": "/Users/abdelrahman/Projects/parlor/remediation-runs/2026-09-07-local-readiness/native/rosetta-desktop-controls-01/run_rosetta_desktop.py", "safe_jdk": "/Users/abdelrahman/Projects/parlor/remediation-runs/2026-09-07-local-readiness/native/rosetta-desktop-controls-01/safe_jdk.py", "test_controls": "/Users/abdelrahman/Projects/parlor/remediation-runs/2026-09-07-local-readiness/native/rosetta-desktop-controls-01/test_controls.py"}, "suite": "rosetta"}
test_command_pins_runtime_compiler_test_toolchain_and_strict_graph (test_controls.PublicJdkControlTests) ... ok
test_duplicate_normalized_paths_rejected (test_controls.PublicJdkControlTests) ... ok
test_entry_bound_rejected (test_controls.PublicJdkControlTests) ... ok
test_escaping_and_absolute_links_rejected (test_controls.PublicJdkControlTests) ... ok
test_exact_public_digest_and_size_required (test_controls.PublicJdkControlTests) ... ok
test_excess_download_rejected (test_controls.PublicJdkControlTests) ... ok
test_existing_destination_never_overwritten (test_controls.PublicJdkControlTests) ... ok
test_expansion_bound_rejected_before_payload_write (test_controls.PublicJdkControlTests) ... ok
test_fifo_special_entry_rejected (test_controls.PublicJdkControlTests) ... ok
test_file_under_symlink_rejected_before_write (test_controls.PublicJdkControlTests) ... ok
test_hardlink_to_symbolic_link_rejected (test_controls.PublicJdkControlTests) ... ok
test_noninventoried_target_rejected (test_controls.PublicJdkControlTests) ... ok
test_only_public_https_release_redirects_allowed (test_controls.PublicJdkControlTests) ... ok
test_regular_executable_and_contained_links_extract (test_controls.PublicJdkControlTests) ... ok
test_scratch_symlink_is_not_ownership (test_controls.PublicJdkControlTests) ... ok
test_symbolic_link_cycle_rejected (test_controls.PublicJdkControlTests) ... ok
test_truncated_download_rejected (test_controls.PublicJdkControlTests) ... ok
test_unsafe_names_rejected (test_controls.PublicJdkControlTests) ... ok
test_wrong_declared_length_rejected (test_controls.PublicJdkControlTests) ... ok
test_wrong_digest_rejected (test_controls.PublicJdkControlTests) ... ok

----------------------------------------------------------------------
Ran 20 tests in 0.014s

OK
{"after": {"/Users/abdelrahman/Projects/parlor/remediation-runs/2026-09-07-local-readiness/native/rosetta-desktop-controls-01/README.md": "507b490154815e832a4f0eeec26b816e4bba575a03dd6b14b4ff7e6d46467e14", "/Users/abdelrahman/Projects/parlor/remediation-runs/2026-09-07-local-readiness/native/rosetta-desktop-controls-01/authoritative-references.json": "a3f2e5e73d6932de229d76a71ec67dc9213334cbbdb2f65d87bc1a1d9a4e241e", "/Users/abdelrahman/Projects/parlor/remediation-runs/2026-09-07-local-readiness/native/rosetta-desktop-controls-01/draft-freeze-01.json": "7bac5e402d21d92de1056e76a1147a930934aa4a2c0ba0aa6ca5491f76e1fbbc", "/Users/abdelrahman/Projects/parlor/remediation-runs/2026-09-07-local-readiness/native/rosetta-desktop-controls-01/kotlin-execution-reference.json": "b6f1a79e006bf3838a93c3dac5efd64d8e56d50dbcc7a0b230c6b472404c1de6", "/Users/abdelrahman/Projects/parlor/remediation-runs/2026-09-07-local-readiness/native/rosetta-desktop-controls-01/run_rosetta_desktop.py": "9fac73b1c74128b7370b4294954782c98a90c051a7be50e327c833504bca214d", "/Users/abdelrahman/Projects/parlor/remediation-runs/2026-09-07-local-readiness/native/rosetta-desktop-controls-01/safe_jdk.py": "1f90d828338f8f152b0133dfe0b4d48622a6fb443ad1a19461407dfb68ebe256", "/Users/abdelrahman/Projects/parlor/remediation-runs/2026-09-07-local-readiness/native/rosetta-desktop-controls-01/test_controls.py": "5a9fb1073f0c3304e0ebd1d20f37a5c3e16e2061f97e1f11a6dc4639b6ea1ed1"}, "errors": 0, "failures": 0, "skips": 0, "source_unchanged": true, "suite": "rosetta", "tests": 20}
{"before": {"/Users/abdelrahman/Projects/parlor/scripts/verification/ios-readiness/DSC01CatalogSelection.swift.in": "2649fb97fe27e74539dfd9867f6677c6a390e722129f8e2434231f44b1d91465", "/Users/abdelrahman/Projects/parlor/scripts/verification/ios-readiness/DSC01ComposeObservation.kt.in": "e54503b0d39a1c1055a5334dd835ccad30a96a887ff62560f22202b7231c266c", "/Users/abdelrahman/Projects/parlor/scripts/verification/ios-readiness/DSC01InvocationBridge.kt.in": "fc27547c977ed48d55c2254ed6779dc22fcd64f6cc214c8f4121b9f3e110a330", "/Users/abdelrahman/Projects/parlor/scripts/verification/ios-readiness/DSC01MafiaStartSelection.swift.in": "50aad088497c862ff962dc5b1a569a6285f99ce761bf710d4fe8f38e3b698753", "/Users/abdelrahman/Projects/parlor/scripts/verification/ios-readiness/DSC01NativeObservation.swift.in": "f806c5fa6533f9114ad9bf33fdc6fc4647086b1fb2daf4fe09ba93cf6029ee94", "/Users/abdelrahman/Projects/parlor/scripts/verification/ios-readiness/DSC01OSAppSettings.swift.in": "52e9bcfe9217998b13ca75c2cc9c097753e312afac4b0ad269a06953d1c83e38", "/Users/abdelrahman/Projects/parlor/scripts/verification/ios-readiness/DSC01OSPreferenceBaseline.swift.in": "c657f9ca83d9053d56d6debfc509d95fe07486f21e76c8b0a62ba2604978879c", "/Users/abdelrahman/Projects/parlor/scripts/verification/ios-readiness/DSC01OSPrerequisite.swift.in": "f266cc919734bd840a6a6e9288088e9e437a67b2ed41d16c8a02337ad19627d8", "/Users/abdelrahman/Projects/parlor/scripts/verification/ios-readiness/DSC01Probe.swift.in": "1c4b113ec8695d8da2115e4f386fdaf8820411879af6ff9492109b62c7770746", "/Users/abdelrahman/Projects/parlor/scripts/verification/ios-readiness/DSC01PublicDiagnostics.swift.in": "6dce9ea0f597ddce7fb95f41d3d94570f41762ca806cb0c6303e032a1375dd88", "/Users/abdelrahman/Projects/parlor/scripts/verification/ios-readiness/DSC01UIKitObservation.kt.in": "83b35d069e738f59b79c44d11569c3a9a3a64b4427a9cb7e7d46c12b60f81e80", "/Users/abdelrahman/Projects/parlor/scripts/verification/ios-readiness/IOSAppLaunchUITests.swift.in": "9bdfa70f43074569a8699dda01864496188562b117289c994ea4f4e8c844bf60", "/Users/abdelrahman/Projects/parlor/scripts/verification/ios-readiness/NativeReadinessLaunch.swift.in": "f138563cb8f50a64f5b74304060671f3de991584c277606cbd0d42395b37d60a", "/Users/abdelrahman/Projects/parlor/scripts/verification/ios-readiness/NativeReadinessProbe.kt.in": "c976abef22d10d17fd9da744f2d0edb271f3e475596c44f5ce4dfcc41f0ec3a7", "/Users/abdelrahman/Projects/parlor/scripts/verification/ios-readiness/NativeReadinessUITests.swift.in": "7a35cfca3cbedd742c0b76b44c80e5b3662b4d88942ecbe25e21b68034fa9407", "/Users/abdelrahman/Projects/parlor/scripts/verification/ios-readiness/README.md": "744558b8b8a4782dbdda43b572cbfdaab4e7917c9a213e83ddd29c5aea1beb1f", "/Users/abdelrahman/Projects/parlor/scripts/verification/ios-readiness/artifact_inventory.py": "485196bd7dcebccaa5ad552896c7e2da781fbf6fa6fff6ef2ab350ecc9360124", "/Users/abdelrahman/Projects/parlor/scripts/verification/ios-readiness/bind_source.py": "0954f5c24eb61c4f09c365efe6b3ab1fdb9f8342f86bad3e7654795464b53347", "/Users/abdelrahman/Projects/parlor/scripts/verification/ios-readiness/copied-kotlin-phase.sh.in": "4992e516f99df2b5f1425688c51ae532086f8859618b1968937fbede818f49b0", "/Users/abdelrahman/Projects/parlor/scripts/verification/ios-readiness/copied_sources.py": "5597d1e4b6a123a1c23bd82c66e30fdd86cb00cf85c831d6c6f281e023cbd752", "/Users/abdelrahman/Projects/parlor/scripts/verification/ios-readiness/inherited-controls.json": "a2e2e1d09fc1228add7a8fc71c8c81e30c6b140890cec2b749b0010bcea65dd5", "/Users/abdelrahman/Projects/parlor/scripts/verification/ios-readiness/instrument_storage.py": "51348e3985e6872283182a728d8a91808714d69ad0197c978298678366cb4d88", "/Users/abdelrahman/Projects/parlor/scripts/verification/ios-readiness/native_readiness_receipts.py": "d350c850e7f2152cbbeaf369465580ecfaa80e6691269130efbcdd8c936f816f", "/Users/abdelrahman/Projects/parlor/scripts/verification/ios-readiness/os_action_receipts.py": "54a5f6c0ceb669bae65d2be9480f691cc19bc77bcc5d77c75904cc3d4cc2e7bb", "/Users/abdelrahman/Projects/parlor/scripts/verification/ios-readiness/os_pane_receipts.py": "4ffcba3ade80bfa334b14f5bcddec0527148983a99b2dbf1263bde091efc9229", "/Users/abdelrahman/Projects/parlor/scripts/verification/ios-readiness/os_preference_receipts.py": "9de723db33e6a074261ae6199c55da7196bdbdc257a5ecaa558bcbc19f005c52", "/Users/abdelrahman/Projects/parlor/scripts/verification/ios-readiness/owned_lane.py": "4bf3bbb4abfa22cd1604e6b4381bf481c95662ab15bf3fbdc86355a083102742", "/Users/abdelrahman/Projects/parlor/scripts/verification/ios-readiness/prerequisite_receipts.py": "708116f488083da11357c053c6e56f5186bbde4707f1ba487a35ca363a09fd5b", "/Users/abdelrahman/Projects/parlor/scripts/verification/ios-readiness/probe_validation.py": "134bb3affe45711ec3f74d7091ec59b7f859ca4f5fa04df1d895ce3250fd3aa2", "/Users/abdelrahman/Projects/parlor/scripts/verification/ios-readiness/public_interaction_receipts.py": "4583b8e9545dbe16ef3ee6f59d7d34a2bfd1421402b0f532a0b84aa2b2f63040", "/Users/abdelrahman/Projects/parlor/scripts/verification/ios-readiness/run_ios_readiness.py": "93359d7c34455617bc5b97c323c045ebac0e53b64f54e75691a4feda019a98db", "/Users/abdelrahman/Projects/parlor/scripts/verification/ios-readiness/secondary_fifo.py": "080622194e19ef5d3ffb561e134ab8cf91e3e3ccef1e29197f59781154a7ffcc", "/Users/abdelrahman/Projects/parlor/scripts/verification/ios-readiness/simulator_entitlements.py": "8cd4f66b83d44c69bf60cb21362d0425774f67eece8f13adc1b0f4795f260e4a", "/Users/abdelrahman/Projects/parlor/scripts/verification/ios-readiness/simulator_signing.py": "89524b777694f8504008a83b60299725cae01e8b642c10754283d79ce1974d1e", "/Users/abdelrahman/Projects/parlor/scripts/verification/ios-readiness/test_controls.py": "9c1948c6f5ce8ace176df6a9324d851004162e5296d1157a3648d50344e3ea8f", "/Users/abdelrahman/Projects/parlor/scripts/verification/ios-readiness/test_native_readiness.py": "45e486ad5dde50250cd244e8ffd8ae5ebbf17f4154eb1f98e7cbd84242a14ba0", "/Users/abdelrahman/Projects/parlor/scripts/verification/ios-readiness/test_os_preference_receipts.py": "74d74d25358a1dfe557ca1a57cc7145780d95ad422cc0e29cb6d09157912a4ec", "/Users/abdelrahman/Projects/parlor/scripts/verification/ios-readiness/test_secondary_fifo.py": "2d685ebcbef9930f43f1f644c5ed6fc3b5a5c5d07d975cc218a9165273bfb826", "/Users/abdelrahman/Projects/parlor/scripts/verification/ios-readiness/test_simulator_entitlements.py": "22049b900643c5345bc4cb440b9c2002ae105e4566b3cdeb3837e765a4527d80", "/Users/abdelrahman/Projects/parlor/scripts/verification/ios-readiness/test_simulator_signing.py": "af6327b4e1f62f6326a062faa70cc5132df0cde6657c15fc38a47ec2b112b54a"}, "expected_tests": 88, "imports": {"artifact_inventory": "/Users/abdelrahman/Projects/parlor/scripts/verification/ios-readiness/artifact_inventory.py", "bind_source": "/Users/abdelrahman/Projects/parlor/scripts/verification/ios-readiness/bind_source.py", "copied_sources": "/Users/abdelrahman/Projects/parlor/scripts/verification/ios-readiness/copied_sources.py", "instrument_storage": "/Users/abdelrahman/Projects/parlor/scripts/verification/ios-readiness/instrument_storage.py", "native_readiness_receipts": "/Users/abdelrahman/Projects/parlor/scripts/verification/ios-readiness/native_readiness_receipts.py", "os_preference_receipts": "/Users/abdelrahman/Projects/parlor/scripts/verification/ios-readiness/os_preference_receipts.py", "owned_lane": "/Users/abdelrahman/Projects/parlor/scripts/verification/ios-readiness/owned_lane.py", "prerequisite_receipts": "/Users/abdelrahman/Projects/parlor/scripts/verification/ios-readiness/prerequisite_receipts.py", "probe_validation": "/Users/abdelrahman/Projects/parlor/scripts/verification/ios-readiness/probe_validation.py", "secondary_fifo": "/Users/abdelrahman/Projects/parlor/scripts/verification/ios-readiness/secondary_fifo.py", "simulator_entitlements": "/Users/abdelrahman/Projects/parlor/scripts/verification/ios-readiness/simulator_entitlements.py", "simulator_signing": "/Users/abdelrahman/Projects/parlor/scripts/verification/ios-readiness/simulator_signing.py", "test_controls": "/Users/abdelrahman/Projects/parlor/scripts/verification/ios-readiness/test_controls.py", "test_native_readiness": "/Users/abdelrahman/Projects/parlor/scripts/verification/ios-readiness/test_native_readiness.py", "test_os_preference_receipts": "/Users/abdelrahman/Projects/parlor/scripts/verification/ios-readiness/test_os_preference_receipts.py", "test_secondary_fifo": "/Users/abdelrahman/Projects/parlor/scripts/verification/ios-readiness/test_secondary_fifo.py", "test_simulator_entitlements": "/Users/abdelrahman/Projects/parlor/scripts/verification/ios-readiness/test_simulator_entitlements.py", "test_simulator_signing": "/Users/abdelrahman/Projects/parlor/scripts/verification/ios-readiness/test_simulator_signing.py"}, "suite": "ios"}
test_binding_destination_never_overwrites_or_traverses_a_campaign_symlink (test_controls.BindingAndImportTests) ... ok
test_explicit_binding_refuses_drift_and_never_grants_execution_approval (test_controls.BindingAndImportTests) ... ok
test_runner_import_is_read_only_and_no_longer_depends_on_archived_modules (test_controls.BindingAndImportTests) ... ok
test_build_failure_stops_immediately_and_never_normalizes_stale_output (test_controls.CopiedPhaseTests) ... ok
test_explicit_adhoc_retains_failure_stale_output_and_stop_semantics (test_controls.CopiedPhaseTests) ... ok
test_preflight_refusal_stops_without_build_or_normalizing_stale_framework (test_controls.CopiedPhaseTests) ... ok
test_stop_failure_cd_failure_and_normalizer_failure_are_not_masked (test_controls.CopiedPhaseTests) ... ok
test_success_requires_ordered_build_stop_normalize (test_controls.CopiedPhaseTests) ... ok
test_all_copy_only_kotlin_transformations_use_current_source_and_preserve_the_root (test_controls.SourceCopyTests) ... ok
test_build_copy_inventory_rejects_implicit_binding_symlinks_and_partial_inputs (test_controls.SourceCopyTests) ... ok
test_credential_trace_retains_every_actual_native_call_and_guard (test_controls.SourceCopyTests) ... ok
test_exact_simulator_name_is_shared_by_constructor_renderer_and_native_guard (test_controls.SourceCopyTests) ... ok
test_name_renderer_refuses_stale_ambiguous_or_unsafe_bindings (test_controls.SourceCopyTests) ... ok
test_protected_or_unreviewed_build_paths_cannot_enter_copy (test_controls.SourceCopyTests) ... ok
test_only_one_exact_java_tmpdir_argument_can_adopt_a_detached_worker (test_native_readiness.ExactJavaOwnershipTests) ... ok
test_all_images_including_debug_dylib_bind_to_installed_and_executed_bytes (test_native_readiness.NativeArtifactTests) ... ok
test_external_framework_is_distinct_runtime_product_not_relabelled_as_installed (test_native_readiness.NativeArtifactTests) ... ok
test_external_links_and_symlinked_metadata_are_refused (test_native_readiness.NativeArtifactTests) ... ok
test_external_product_path_sdk_symlink_bounds_and_observed_fingerprint_are_strict (test_native_readiness.NativeArtifactTests) ... ok
test_external_runtime_hash_uuid_origin_and_each_boot_must_be_bound (test_native_readiness.NativeArtifactTests) ... ok
test_internal_link_is_explicit_and_unsafe_relative_names_fail (test_native_readiness.NativeArtifactTests) ... ok
test_loader_environment_retains_only_bounded_task_relative_metadata (test_native_readiness.NativeArtifactTests) ... ok
test_missing_debug_image_tampered_install_or_unbound_executed_image_fail (test_native_readiness.NativeArtifactTests) ... ok
test_native_observer_uses_exact_owned_source_anchors_not_environment_inference (test_native_readiness.NativeArtifactTests) ... ok
test_uuid_architecture_receipt_is_exact_and_not_a_signature_claim (test_native_readiness.NativeArtifactTests) ... ok
test_boot_and_xctest_framework_observations_must_match (test_native_readiness.NativeReceiptTests) ... ok
test_bound_types_privacy_and_exact_production_status_mapping (test_native_readiness.NativeReceiptTests) ... ok
test_cleanup_exact_context_original_absence_and_source_completion_are_required (test_native_readiness.NativeReceiptTests) ... ok
test_cleanup_reader_is_bounded_exclusive_path_safe_and_duplicate_key_strict (test_native_readiness.NativeReceiptTests) ... ok
test_complete_synthetic_eight_launch_matrix_is_parseable_not_runtime_proof (test_native_readiness.NativeReceiptTests) ... ok
test_exact_native_missing_entitlement_is_not_healthy_storage_or_an_invented_root_cause (test_native_readiness.NativeReceiptTests) ... ok
test_explicit_mode_binds_every_boot_and_xctest_row_without_claiming_store_signing (test_native_readiness.NativeReceiptTests) ... ok
test_loss_or_corruption_after_successful_write_fails_the_gate (test_native_readiness.NativeReceiptTests) ... ok
test_missing_value_after_failed_write_remains_blocked_not_durability_failure (test_native_readiness.NativeReceiptTests) ... ok
test_native_success_followed_by_secure_failure_is_fail_not_entitlement_attribution (test_native_readiness.NativeReceiptTests) ... ok
test_retained_value_after_successful_remove_is_fail_and_after_failed_remove_is_blocked (test_native_readiness.NativeReceiptTests) ... ok
test_stdout_cleanup_claim_cannot_replace_a_durable_boot_bound_receipt (test_native_readiness.NativeReceiptTests) ... ok
test_unbound_launch_missing_cleanup_reuse_and_short_stability_train_fail (test_native_readiness.NativeReceiptTests) ... ok
test_write_duplicate_retry_trace_requires_all_actual_calls (test_native_readiness.NativeReceiptTests) ... ok
test_baseline_cannot_rebase_or_reorder_and_one_real_action_receipt_remains_required (test_os_preference_receipts.ExactOSPreferenceTests) ... ok
test_forged_previous_array_or_missing_restarted_before_app_value_fails (test_os_preference_receipts.ExactOSPreferenceTests) ... ok
test_observed_absence_is_never_reported_as_present_coverage (test_os_preference_receipts.ExactOSPreferenceTests) ... ok
test_present_arabic_preference_is_preserved_through_english_system_and_restart (test_os_preference_receipts.ExactOSPreferenceTests) ... ok
test_unavailable_os_selection_remains_blocked_and_may_not_invent_a_baseline (test_os_preference_receipts.ExactOSPreferenceTests) ... ok
test_attested_pair_removed_only_after_workers_stop (test_secondary_fifo.SecondaryFifoSafetyTest) ... ok
test_cached_pair_still_rechecks_changed_inode (test_secondary_fifo.SecondaryFifoSafetyTest) ... ok
test_cached_pair_still_rechecks_inode_uid_and_symlink (test_secondary_fifo.SecondaryFifoSafetyTest) ... ok
test_changed_child_or_parent_start_cannot_use_attested_pair (test_secondary_fifo.SecondaryFifoSafetyTest) ... ok
test_current_new_pair_cannot_hide_behind_members_old_argv (test_secondary_fifo.SecondaryFifoSafetyTest) ... ok
test_file_holder_prevents_any_unlink (test_secondary_fifo.SecondaryFifoSafetyTest) ... ok
test_fully_attested_same_identity_and_pair_avoids_redundant_uid_query (test_secondary_fifo.SecondaryFifoSafetyTest) ... ok
test_holder_query_error_never_becomes_empty_holder_success (test_secondary_fifo.SecondaryFifoSafetyTest) ... ok
test_initial_uid_query_failure_never_attests_or_deletes_paths (test_secondary_fifo.SecondaryFifoSafetyTest) ... ok
test_inode_uid_mismatch_is_not_owned (test_secondary_fifo.SecondaryFifoSafetyTest) ... ok
test_missing_or_duplicate_flags_rejected (test_secondary_fifo.SecondaryFifoSafetyTest) ... ok
test_missing_unattested_then_late_created_fifo_blocks_cleanup (test_secondary_fifo.SecondaryFifoSafetyTest) ... ok
test_new_pair_argv_change_during_uid_attestation_is_rejected (test_secondary_fifo.SecondaryFifoSafetyTest) ... ok
test_partial_record_or_pending_claim_cannot_use_cached_uid (test_secondary_fifo.SecondaryFifoSafetyTest) ... ok
test_pid_reuse_during_cleanup_preserves_files (test_secondary_fifo.SecondaryFifoSafetyTest) ... ok
test_pid_reuse_during_observation_rejected (test_secondary_fifo.SecondaryFifoSafetyTest) ... ok
test_preexisting_parent_birthtime_rejects_new_fifo (test_secondary_fifo.SecondaryFifoSafetyTest) ... ok
test_process_uid_mismatch_is_not_owned (test_secondary_fifo.SecondaryFifoSafetyTest) ... ok
test_replaced_inode_rejected (test_secondary_fifo.SecondaryFifoSafetyTest) ... ok
test_stale_preexisting_fifo_is_not_owned (test_secondary_fifo.SecondaryFifoSafetyTest) ... ok
test_symlink_fifo_not_followed_or_deleted (test_secondary_fifo.SecondaryFifoSafetyTest) ... ok
test_symlink_parent_not_followed (test_secondary_fifo.SecondaryFifoSafetyTest) ... ok
test_timeout_or_cancellation_cleanup_uses_same_attestation (test_secondary_fifo.SecondaryFifoSafetyTest) ... ok
test_unknown_directory_contents_preserve_all (test_secondary_fifo.SecondaryFifoSafetyTest) ... ok
test_unknown_external_argument_is_rejected (test_secondary_fifo.SecondaryFifoSafetyTest) ... ok
test_unknown_root_contents_preserve_all (test_secondary_fifo.SecondaryFifoSafetyTest) ... ok
test_unowned_child_cannot_attest_from_name_alone (test_secondary_fifo.SecondaryFifoSafetyTest) ... ok
test_bounded_file_refuses_growth_or_oversize_without_unbounded_read (test_simulator_entitlements.SimulatorEntitlementTests) ... ok
test_bundle_requires_exact_owner_app_identity_paths_and_current_hash (test_simulator_entitlements.SimulatorEntitlementTests) ... ok
test_fat_macho_slices_and_architecture_binding (test_simulator_entitlements.SimulatorEntitlementTests) ... ok
test_generated_xcent_reads_only_exact_owned_app_paths (test_simulator_entitlements.SimulatorEntitlementTests) ... ok
test_macho_malformed_command_bounds_and_section_bounds_refuse (test_simulator_entitlements.SimulatorEntitlementTests) ... ok
test_malformed_oversized_duplicate_and_unsafe_plists_are_redacted (test_simulator_entitlements.SimulatorEntitlementTests) ... ok
test_oversized_section_is_not_read_or_claimed_as_parsed (test_simulator_entitlements.SimulatorEntitlementTests) ... ok
test_public_plist_allowlist_preserves_only_expected_public_fields (test_simulator_entitlements.SimulatorEntitlementTests) ... ok
test_runner_binds_each_inspection_to_the_explicit_owned_artifact (test_simulator_entitlements.SimulatorEntitlementTests) ... ok
test_sdk_defaults_and_explicit_flags_never_claim_merged_settings (test_simulator_entitlements.SimulatorEntitlementTests) ... ok
test_thin_macho_endianness_width_sections_and_absence (test_simulator_entitlements.SimulatorEntitlementTests) ... ok
test_disabled_default_is_identical_and_adhoc_requires_exact_explicit_option (test_simulator_signing.ExplicitSimulatorSigningTests) ... ok
test_effective_phase_records_only_owned_public_context_not_raw_environment (test_simulator_signing.ExplicitSimulatorSigningTests) ... ok
test_empty_regular_fields_may_be_absent_but_disabled_expanded_identity_must_be_absent (test_simulator_signing.ExplicitSimulatorSigningTests) ... ok
test_exact_receipt_is_exclusive_bounded_mode_bound_and_not_replaceable_by_stale_evidence (test_simulator_signing.ExplicitSimulatorSigningTests) ... ok
test_renderer_checks_every_anchor_mode_cycle_destination_and_safe_literal (test_simulator_signing.ExplicitSimulatorSigningTests) ... ok
test_unexpected_real_identity_profile_target_architecture_sdk_or_path_is_refused (test_simulator_signing.ExplicitSimulatorSigningTests) ... ok

----------------------------------------------------------------------
Ran 88 tests in 10.447s

OK
{"after": {"/Users/abdelrahman/Projects/parlor/scripts/verification/ios-readiness/DSC01CatalogSelection.swift.in": "2649fb97fe27e74539dfd9867f6677c6a390e722129f8e2434231f44b1d91465", "/Users/abdelrahman/Projects/parlor/scripts/verification/ios-readiness/DSC01ComposeObservation.kt.in": "e54503b0d39a1c1055a5334dd835ccad30a96a887ff62560f22202b7231c266c", "/Users/abdelrahman/Projects/parlor/scripts/verification/ios-readiness/DSC01InvocationBridge.kt.in": "fc27547c977ed48d55c2254ed6779dc22fcd64f6cc214c8f4121b9f3e110a330", "/Users/abdelrahman/Projects/parlor/scripts/verification/ios-readiness/DSC01MafiaStartSelection.swift.in": "50aad088497c862ff962dc5b1a569a6285f99ce761bf710d4fe8f38e3b698753", "/Users/abdelrahman/Projects/parlor/scripts/verification/ios-readiness/DSC01NativeObservation.swift.in": "f806c5fa6533f9114ad9bf33fdc6fc4647086b1fb2daf4fe09ba93cf6029ee94", "/Users/abdelrahman/Projects/parlor/scripts/verification/ios-readiness/DSC01OSAppSettings.swift.in": "52e9bcfe9217998b13ca75c2cc9c097753e312afac4b0ad269a06953d1c83e38", "/Users/abdelrahman/Projects/parlor/scripts/verification/ios-readiness/DSC01OSPreferenceBaseline.swift.in": "c657f9ca83d9053d56d6debfc509d95fe07486f21e76c8b0a62ba2604978879c", "/Users/abdelrahman/Projects/parlor/scripts/verification/ios-readiness/DSC01OSPrerequisite.swift.in": "f266cc919734bd840a6a6e9288088e9e437a67b2ed41d16c8a02337ad19627d8", "/Users/abdelrahman/Projects/parlor/scripts/verification/ios-readiness/DSC01Probe.swift.in": "1c4b113ec8695d8da2115e4f386fdaf8820411879af6ff9492109b62c7770746", "/Users/abdelrahman/Projects/parlor/scripts/verification/ios-readiness/DSC01PublicDiagnostics.swift.in": "6dce9ea0f597ddce7fb95f41d3d94570f41762ca806cb0c6303e032a1375dd88", "/Users/abdelrahman/Projects/parlor/scripts/verification/ios-readiness/DSC01UIKitObservation.kt.in": "83b35d069e738f59b79c44d11569c3a9a3a64b4427a9cb7e7d46c12b60f81e80", "/Users/abdelrahman/Projects/parlor/scripts/verification/ios-readiness/IOSAppLaunchUITests.swift.in": "9bdfa70f43074569a8699dda01864496188562b117289c994ea4f4e8c844bf60", "/Users/abdelrahman/Projects/parlor/scripts/verification/ios-readiness/NativeReadinessLaunch.swift.in": "f138563cb8f50a64f5b74304060671f3de991584c277606cbd0d42395b37d60a", "/Users/abdelrahman/Projects/parlor/scripts/verification/ios-readiness/NativeReadinessProbe.kt.in": "c976abef22d10d17fd9da744f2d0edb271f3e475596c44f5ce4dfcc41f0ec3a7", "/Users/abdelrahman/Projects/parlor/scripts/verification/ios-readiness/NativeReadinessUITests.swift.in": "7a35cfca3cbedd742c0b76b44c80e5b3662b4d88942ecbe25e21b68034fa9407", "/Users/abdelrahman/Projects/parlor/scripts/verification/ios-readiness/README.md": "744558b8b8a4782dbdda43b572cbfdaab4e7917c9a213e83ddd29c5aea1beb1f", "/Users/abdelrahman/Projects/parlor/scripts/verification/ios-readiness/artifact_inventory.py": "485196bd7dcebccaa5ad552896c7e2da781fbf6fa6fff6ef2ab350ecc9360124", "/Users/abdelrahman/Projects/parlor/scripts/verification/ios-readiness/bind_source.py": "0954f5c24eb61c4f09c365efe6b3ab1fdb9f8342f86bad3e7654795464b53347", "/Users/abdelrahman/Projects/parlor/scripts/verification/ios-readiness/copied-kotlin-phase.sh.in": "4992e516f99df2b5f1425688c51ae532086f8859618b1968937fbede818f49b0", "/Users/abdelrahman/Projects/parlor/scripts/verification/ios-readiness/copied_sources.py": "5597d1e4b6a123a1c23bd82c66e30fdd86cb00cf85c831d6c6f281e023cbd752", "/Users/abdelrahman/Projects/parlor/scripts/verification/ios-readiness/inherited-controls.json": "a2e2e1d09fc1228add7a8fc71c8c81e30c6b140890cec2b749b0010bcea65dd5", "/Users/abdelrahman/Projects/parlor/scripts/verification/ios-readiness/instrument_storage.py": "51348e3985e6872283182a728d8a91808714d69ad0197c978298678366cb4d88", "/Users/abdelrahman/Projects/parlor/scripts/verification/ios-readiness/native_readiness_receipts.py": "d350c850e7f2152cbbeaf369465580ecfaa80e6691269130efbcdd8c936f816f", "/Users/abdelrahman/Projects/parlor/scripts/verification/ios-readiness/os_action_receipts.py": "54a5f6c0ceb669bae65d2be9480f691cc19bc77bcc5d77c75904cc3d4cc2e7bb", "/Users/abdelrahman/Projects/parlor/scripts/verification/ios-readiness/os_pane_receipts.py": "4ffcba3ade80bfa334b14f5bcddec0527148983a99b2dbf1263bde091efc9229", "/Users/abdelrahman/Projects/parlor/scripts/verification/ios-readiness/os_preference_receipts.py": "9de723db33e6a074261ae6199c55da7196bdbdc257a5ecaa558bcbc19f005c52", "/Users/abdelrahman/Projects/parlor/scripts/verification/ios-readiness/owned_lane.py": "4bf3bbb4abfa22cd1604e6b4381bf481c95662ab15bf3fbdc86355a083102742", "/Users/abdelrahman/Projects/parlor/scripts/verification/ios-readiness/prerequisite_receipts.py": "708116f488083da11357c053c6e56f5186bbde4707f1ba487a35ca363a09fd5b", "/Users/abdelrahman/Projects/parlor/scripts/verification/ios-readiness/probe_validation.py": "134bb3affe45711ec3f74d7091ec59b7f859ca4f5fa04df1d895ce3250fd3aa2", "/Users/abdelrahman/Projects/parlor/scripts/verification/ios-readiness/public_interaction_receipts.py": "4583b8e9545dbe16ef3ee6f59d7d34a2bfd1421402b0f532a0b84aa2b2f63040", "/Users/abdelrahman/Projects/parlor/scripts/verification/ios-readiness/run_ios_readiness.py": "93359d7c34455617bc5b97c323c045ebac0e53b64f54e75691a4feda019a98db", "/Users/abdelrahman/Projects/parlor/scripts/verification/ios-readiness/secondary_fifo.py": "080622194e19ef5d3ffb561e134ab8cf91e3e3ccef1e29197f59781154a7ffcc", "/Users/abdelrahman/Projects/parlor/scripts/verification/ios-readiness/simulator_entitlements.py": "8cd4f66b83d44c69bf60cb21362d0425774f67eece8f13adc1b0f4795f260e4a", "/Users/abdelrahman/Projects/parlor/scripts/verification/ios-readiness/simulator_signing.py": "89524b777694f8504008a83b60299725cae01e8b642c10754283d79ce1974d1e", "/Users/abdelrahman/Projects/parlor/scripts/verification/ios-readiness/test_controls.py": "9c1948c6f5ce8ace176df6a9324d851004162e5296d1157a3648d50344e3ea8f", "/Users/abdelrahman/Projects/parlor/scripts/verification/ios-readiness/test_native_readiness.py": "45e486ad5dde50250cd244e8ffd8ae5ebbf17f4154eb1f98e7cbd84242a14ba0", "/Users/abdelrahman/Projects/parlor/scripts/verification/ios-readiness/test_os_preference_receipts.py": "74d74d25358a1dfe557ca1a57cc7145780d95ad422cc0e29cb6d09157912a4ec", "/Users/abdelrahman/Projects/parlor/scripts/verification/ios-readiness/test_secondary_fifo.py": "2d685ebcbef9930f43f1f644c5ed6fc3b5a5c5d07d975cc218a9165273bfb826", "/Users/abdelrahman/Projects/parlor/scripts/verification/ios-readiness/test_simulator_entitlements.py": "22049b900643c5345bc4cb440b9c2002ae105e4566b3cdeb3837e765a4527d80", "/Users/abdelrahman/Projects/parlor/scripts/verification/ios-readiness/test_simulator_signing.py": "af6327b4e1f62f6326a062faa70cc5132df0cde6657c15fc38a47ec2b112b54a"}, "errors": 0, "failures": 0, "skips": 0, "source_unchanged": true, "suite": "ios", "tests": 88}
{"pure_control_results": {"android": 0, "apk": 0, "rosetta": 0, "ios": 0}}
