Executable=/private/var/folders/6m/vxwlbjsn7vs6h80_98w6x7p40000gn/T/parlor-audit-ios-readiness-04-ba6dcoah/DerivedData/Build/Products/Debug-iphonesimulator/Parlor.app/Parlor.debug.dylib
Identifier=Parlor.debug
Format=Mach-O thin (arm64)
CodeDirectory v=20400 size=1797 flags=0x2(adhoc) hashes=51+2 location=embedded
VersionPlatform=7
VersionMin=1048576
VersionSDK=1705216
Hash type=sha256 size=32
CandidateCDHash sha256=010e7fefab77c027c8fec6ed46ac5e721bde58ae
CandidateCDHashFull sha256=010e7fefab77c027c8fec6ed46ac5e721bde58ae29f0f7964a2de787ef15684b
Hash choices=sha256
CMSDigest=010e7fefab77c027c8fec6ed46ac5e721bde58ae29f0f7964a2de787ef15684b
CMSDigestType=2
Executable Segment base=0
Executable Segment limit=360448
Executable Segment flags=0x0
Page size=16384
CDHash=010e7fefab77c027c8fec6ed46ac5e721bde58ae
Signature=adhoc
Info.plist=not bound
TeamIdentifier=not set
Sealed Resources=none
Internal requirements count=0 size=12
