test_all_release_temporary_directories_use_signal_safe_cleanup (scripts.release.tests.test_workflow_contract.WorkflowContractTest) ... ok
test_apple_signing_and_upload_scripts_require_identity_approval (scripts.release.tests.test_workflow_contract.WorkflowContractTest) ... ok
test_candidate_build_number_claim_cannot_be_removed (scripts.release.tests.test_workflow_contract.WorkflowContractTest) ... ok
test_candidate_bundletool_download_must_be_bounded (scripts.release.tests.test_workflow_contract.WorkflowContractTest) ... ok
test_candidate_claim_requires_a_secretless_protected_environment (scripts.release.tests.test_workflow_contract.WorkflowContractTest) ... ok
test_candidate_claim_transaction_cannot_be_scoped_per_sha (scripts.release.tests.test_workflow_contract.WorkflowContractTest) ... ok
test_candidate_dependency_and_validation_evidence_must_be_retained (scripts.release.tests.test_workflow_contract.WorkflowContractTest) ... ok
test_candidate_dependency_report_must_use_release_runtime (scripts.release.tests.test_workflow_contract.WorkflowContractTest) ... ok
test_candidate_preflight_requires_reviewed_managed_device_image (scripts.release.tests.test_workflow_contract.WorkflowContractTest) ... ok
test_every_store_workflow_job_is_repository_disabled (scripts.release.tests.test_workflow_contract.WorkflowContractTest) ... ok
test_external_partial_rerun_evidence_cannot_be_removed (scripts.release.tests.test_workflow_contract.WorkflowContractTest) ... ok
test_ios_app_launch_cannot_delay_finalization_or_claim_ownership_after_launch (scripts.release.tests.test_workflow_contract.WorkflowContractTest) ... ok
test_ios_app_launch_requires_its_own_preparation_and_finalization (scripts.release.tests.test_workflow_contract.WorkflowContractTest) ... ok
test_ios_app_launch_requires_owned_simulator_and_nonparallel_execution (scripts.release.tests.test_workflow_contract.WorkflowContractTest) ... ok
test_ios_app_launch_ui_test_cannot_be_replaced_with_a_build (scripts.release.tests.test_workflow_contract.WorkflowContractTest) ... ok
test_ios_artifact_validator_enforces_pinned_store_toolchain (scripts.release.tests.test_workflow_contract.WorkflowContractTest) ... ok
test_ios_build_phases_do_not_inherit_source_signing_secrets (scripts.release.tests.test_workflow_contract.WorkflowContractTest) ... ok
test_ios_profile_refusal_cannot_delete_a_preexisting_profile (scripts.release.tests.test_workflow_contract.WorkflowContractTest) ... ok
test_ios_signing_cleanup_is_fail_closed (scripts.release.tests.test_workflow_contract.WorkflowContractTest) ... ok
test_ios_upload_uses_scoped_key_directory_and_removes_raw_response (scripts.release.tests.test_workflow_contract.WorkflowContractTest) ... ok
test_managed_device_runner_cannot_use_production_signing_material (scripts.release.tests.test_workflow_contract.WorkflowContractTest) ... ok
test_missing_shared_store_lock_is_rejected (scripts.release.tests.test_workflow_contract.WorkflowContractTest) ... ok
test_mobile_release_kit_android_signing_fallbacks_remain_bounded (scripts.release.tests.test_workflow_contract.WorkflowContractTest) ... ok
test_mobile_release_kit_ios_signing_mapping_is_release_target_only (scripts.release.tests.test_workflow_contract.WorkflowContractTest) ... ok
test_mutable_action_reference_is_rejected (scripts.release.tests.test_workflow_contract.WorkflowContractTest) ... ok
test_new_store_workflow_job_cannot_omit_the_release_stop (scripts.release.tests.test_workflow_contract.WorkflowContractTest) ... ok
test_production_build_command_is_rejected (scripts.release.tests.test_workflow_contract.WorkflowContractTest) ... ok
test_production_push_trigger_is_rejected (scripts.release.tests.test_workflow_contract.WorkflowContractTest) ... ok
test_production_without_external_receipt_attestation_is_rejected (scripts.release.tests.test_workflow_contract.WorkflowContractTest) ... ok
test_production_without_its_own_receipt_attestations_is_rejected (scripts.release.tests.test_workflow_contract.WorkflowContractTest) ... ok
test_promotion_without_candidate_attestation_is_rejected (scripts.release.tests.test_workflow_contract.WorkflowContractTest) ... ok
test_release_policy_includes_the_candidate_control_environment (scripts.release.tests.test_workflow_contract.WorkflowContractTest) ... ok
test_release_system_enforces_review_inventory_freshness (scripts.release.tests.test_workflow_contract.WorkflowContractTest) ... ok
test_release_tool_download_failure_cannot_false_pass (scripts.release.tests.test_workflow_contract.WorkflowContractTest) ... ok
test_repository_workflows_satisfy_release_contract (scripts.release.tests.test_workflow_contract.WorkflowContractTest) ... ok
test_review_inventory_gate_has_full_git_history (scripts.release.tests.test_workflow_contract.WorkflowContractTest) ... ok
test_store_workflow_without_identity_ownership_gate_is_rejected (scripts.release.tests.test_workflow_contract.WorkflowContractTest) ... ok
test_unreviewed_workflow_file_is_rejected (scripts.release.tests.test_workflow_contract.WorkflowContractTest) ... ok
test_validation_requires_release_managed_device_runtime_gate (scripts.release.tests.test_workflow_contract.WorkflowContractTest) ... ok
test_xcode_identity_guard_matches_the_exact_build_setting (scripts.release.tests.test_workflow_contract.WorkflowContractTest) ... ok
test_absent_failed_stale_or_unexecuted_native_cleanup_retains_output_evidence (scripts.release.tests.test_apple_ci_hygiene.AppleCycleAndOutputGateTest) ... ok
test_cancelled_build_finalizes_gradle_workers_device_workers_in_order (scripts.release.tests.test_apple_ci_hygiene.AppleCycleAndOutputGateTest) ... ok
test_complete_source_bound_native_receipts_allow_output_cleanup_after_upload (scripts.release.tests.test_apple_ci_hygiene.AppleCycleAndOutputGateTest) ... ok
test_failed_prepare_cannot_adopt_old_same_task_claim_and_skipped_is_not_pass (scripts.release.tests.test_apple_ci_hygiene.AppleCycleAndOutputGateTest) ... ok
test_unquiesced_workers_prevent_device_deletion (scripts.release.tests.test_apple_ci_hygiene.AppleCycleAndOutputGateTest) ... ok
test_each_apple_cycle_has_preparation_always_finalizer_and_output_gate (scripts.release.tests.test_apple_ci_hygiene.AppleWorkflowOwnershipTest) ... ok
test_argument_capacity_rejects_invalid_or_excessive_payload_limits (scripts.release.tests.test_apple_ci_hygiene.NativeParsingAndSignalTest) ... ok
test_argument_capacity_reserves_argc_beyond_the_payload_limit (scripts.release.tests.test_apple_ci_hygiene.NativeParsingAndSignalTest) ... ok
test_duplicate_truncated_invalid_and_oversized_records_are_rejected (scripts.release.tests.test_apple_ci_hygiene.NativeParsingAndSignalTest) ... ok
test_empty_argument_does_not_shift_environment (scripts.release.tests.test_apple_ci_hygiene.NativeParsingAndSignalTest) ... ok
test_full_argmax_record_is_accepted_but_an_extra_payload_byte_is_not (scripts.release.tests.test_apple_ci_hygiene.NativeParsingAndSignalTest) ... ok
test_native_signal_rechecks_identity_before_kernel_call (scripts.release.tests.test_apple_ci_hygiene.NativeParsingAndSignalTest) ... ok
test_null_task_port_retries_boundedly_but_denial_does_not (scripts.release.tests.test_apple_ci_hygiene.NativeParsingAndSignalTest) ... ok
test_only_exact_environment_entry_not_argv_or_suffix_is_a_marker (scripts.release.tests.test_apple_ci_hygiene.NativeParsingAndSignalTest) ... ok
test_successful_native_signal_passes_exact_audit_token_not_pid (scripts.release.tests.test_apple_ci_hygiene.NativeParsingAndSignalTest) ... ok
test_tracking_read_uses_the_bounded_argc_prefixed_capacity (scripts.release.tests.test_apple_ci_hygiene.NativeParsingAndSignalTest) ... ok
test_delete_survivor_fails_and_unexpected_clone_is_not_name_claimed (scripts.release.tests.test_apple_ci_hygiene.SimulatorOwnershipTest) ... ok
test_duplicate_name_or_changed_device_identity_is_never_deleted (scripts.release.tests.test_apple_ci_hygiene.SimulatorOwnershipTest) ... ok
test_existing_name_prevents_creation_and_existing_uuid_is_never_claimed (scripts.release.tests.test_apple_ci_hygiene.SimulatorOwnershipTest) ... ok
test_failed_create_without_device_is_not_fabricated_cleanup_success (scripts.release.tests.test_apple_ci_hygiene.SimulatorOwnershipTest) ... ok
test_fresh_device_reuses_only_type_runtime_not_profile_and_cleans_exact_uuid (scripts.release.tests.test_apple_ci_hygiene.SimulatorOwnershipTest) ... ok
test_historical_journal_cannot_be_reused_for_creation_or_other_task (scripts.release.tests.test_apple_ci_hygiene.SimulatorOwnershipTest) ... ok
test_interrupted_create_after_commit_is_recovered_from_unique_intent (scripts.release.tests.test_apple_ci_hygiene.SimulatorOwnershipTest) ... ok
test_no_intent_is_not_created_but_orphan_receipt_fails (scripts.release.tests.test_apple_ci_hygiene.SimulatorOwnershipTest) ... ok
test_shutdown_failure_retains_device_and_does_not_delete_active_profile (scripts.release.tests.test_apple_ci_hygiene.SimulatorOwnershipTest) ... ok
test_baseline_scan_race_does_not_claim_process_predating_cycle (scripts.release.tests.test_apple_ci_hygiene.WorkerOwnershipTest) ... ok
test_changed_runner_marker_cannot_authorize_cleanup (scripts.release.tests.test_apple_ci_hygiene.WorkerOwnershipTest) ... ok
test_denied_identity_api_fails_without_numeric_pid_fallback (scripts.release.tests.test_apple_ci_hygiene.WorkerOwnershipTest) ... ok
test_different_marker_is_excluded_without_substring_matching (scripts.release.tests.test_apple_ci_hygiene.WorkerOwnershipTest) ... ok
test_exact_owned_worker_receives_token_bound_term_and_is_observed_absent (scripts.release.tests.test_apple_ci_hygiene.WorkerOwnershipTest) ... ok
test_flood_ceiling_fails_before_signaling (scripts.release.tests.test_apple_ci_hygiene.WorkerOwnershipTest) ... ok
test_generation_or_executable_change_revokes_admitted_grant (scripts.release.tests.test_apple_ci_hygiene.WorkerOwnershipTest) ... ok
test_matching_worker_can_require_kill_and_survivor_is_failure (scripts.release.tests.test_apple_ci_hygiene.WorkerOwnershipTest) ... ok
test_missing_marker_is_explicit_failure_not_ownership (scripts.release.tests.test_apple_ci_hygiene.WorkerOwnershipTest) ... ok
test_pid_reuse_before_first_signal_does_not_inherit_tracking_proof (scripts.release.tests.test_apple_ci_hygiene.WorkerOwnershipTest) ... ok
test_preexisting_lifetime_never_receives_signal_even_with_matching_marker (scripts.release.tests.test_apple_ci_hygiene.WorkerOwnershipTest) ... ok
test_unknown_matching_xcode_executable_fails_without_signal (scripts.release.tests.test_apple_ci_hygiene.WorkerOwnershipTest) ... ok
test_real_clean_checkout_removes_exact_outputs_after_wrapper_stop (scripts.release.tests.test_ci_verification_hygiene.VerificationHygieneGitIntegrationTest) ... ok
test_real_modified_build_input_preserves_all_generated_evidence (scripts.release.tests.test_ci_verification_hygiene.VerificationHygieneGitIntegrationTest) ... ok
test_both_hosts_use_the_repository_wrapper_for_stop (scripts.release.tests.test_ci_verification_hygiene.VerificationHygieneTest) ... ok
test_changed_source_or_task_cannot_authorize_cleanup (scripts.release.tests.test_ci_verification_hygiene.VerificationHygieneTest) ... ok
test_cleanup_removes_only_claimed_outputs_and_keeps_evidence_and_source (scripts.release.tests.test_ci_verification_hygiene.VerificationHygieneTest) ... ok
test_cli_rejects_local_worktrees_before_cleaning (scripts.release.tests.test_ci_verification_hygiene.VerificationHygieneTest) ... ok
test_dirty_worktree_with_unchanged_head_tree_and_paths_cannot_authorize_cleanup (scripts.release.tests.test_ci_verification_hygiene.VerificationHygieneTest) ... ok
test_failed_prepare_cannot_reuse_a_historical_same_task_claim (scripts.release.tests.test_ci_verification_hygiene.VerificationHygieneTest) ... ok
test_failed_stop_preserves_generated_output_and_reports_failure (scripts.release.tests.test_ci_verification_hygiene.VerificationHygieneTest) ... ok
test_historical_other_task_claim_does_not_authorize_current_cleanup (scripts.release.tests.test_ci_verification_hygiene.VerificationHygieneTest) ... ok
test_missing_claim_fails_without_deleting_outputs (scripts.release.tests.test_ci_verification_hygiene.VerificationHygieneTest) ... ok
test_nested_output_symlink_does_not_delete_external_target (scripts.release.tests.test_ci_verification_hygiene.VerificationHygieneTest) ... ok
test_new_claim_never_overwrites_a_historical_receipt (scripts.release.tests.test_ci_verification_hygiene.VerificationHygieneTest) ... ok
test_non_object_ownership_record_fails_with_a_cleanup_receipt (scripts.release.tests.test_ci_verification_hygiene.VerificationHygieneTest) ... ok
test_preexisting_outputs_are_never_claimed (scripts.release.tests.test_ci_verification_hygiene.VerificationHygieneTest) ... ok
test_roots_include_build_logic_and_only_known_generated_directories (scripts.release.tests.test_ci_verification_hygiene.VerificationHygieneTest) ... ok
test_success_without_actual_artifact_outputs_cannot_authorize_deletion (scripts.release.tests.test_ci_verification_hygiene.VerificationHygieneTest) ... ok
test_symlink_sibling_rejects_cleanup_before_any_deletion (scripts.release.tests.test_ci_verification_hygiene.VerificationHygieneTest) ... ok
test_tampered_source_path_claim_is_rejected (scripts.release.tests.test_ci_verification_hygiene.VerificationHygieneTest) ... ok
test_unsuccessful_upload_preserves_evidence_and_still_stops_gradle (scripts.release.tests.test_ci_verification_hygiene.VerificationHygieneTest) ... ok
test_every_job_retains_xml_before_always_run_cleanup (scripts.release.tests.test_ci_verification_hygiene.VerificationWorkflowHygieneTest) ... ok
test_kotlin_compiler_work_is_owned_by_the_gradle_lane (scripts.release.tests.test_ci_verification_hygiene.VerificationWorkflowHygieneTest) ... ok

----------------------------------------------------------------------
Ran 99 tests in 6.001s

OK
release workflow contract: PASS
