test_attested_pair_removed_only_after_workers_stop (__main__.SecondaryFifoSafetyTest) ... ok
test_cached_pair_still_rechecks_changed_inode (__main__.SecondaryFifoSafetyTest) ... ok
test_cached_pair_still_rechecks_inode_uid_and_symlink (__main__.SecondaryFifoSafetyTest) ... ok
test_changed_child_or_parent_start_cannot_use_attested_pair (__main__.SecondaryFifoSafetyTest) ... ok
test_current_new_pair_cannot_hide_behind_members_old_argv (__main__.SecondaryFifoSafetyTest) ... ok
test_file_holder_prevents_any_unlink (__main__.SecondaryFifoSafetyTest) ... ok
test_fresh_metadata_failure_retains_claims_without_publishing_inode_ownership (__main__.SecondaryFifoSafetyTest) ... ok
test_fully_attested_same_identity_and_pair_avoids_redundant_uid_query (__main__.SecondaryFifoSafetyTest) ... ok
test_holder_query_error_never_becomes_empty_holder_success (__main__.SecondaryFifoSafetyTest) ... ok
test_initial_uid_query_failure_never_attests_or_deletes_paths (__main__.SecondaryFifoSafetyTest) ... ok
test_inode_uid_mismatch_is_not_owned (__main__.SecondaryFifoSafetyTest) ... ok
test_missing_or_duplicate_flags_rejected (__main__.SecondaryFifoSafetyTest) ... ok
test_missing_unattested_then_late_created_fifo_blocks_cleanup (__main__.SecondaryFifoSafetyTest) ... ok
test_new_pair_argv_change_during_uid_attestation_is_rejected (__main__.SecondaryFifoSafetyTest) ... ok
test_partial_identity_proof_ledger_is_bounded_without_promoting_paths (__main__.SecondaryFifoSafetyTest) ... ok
test_partial_pair_bad_sibling_does_not_publish_new_leaf (__main__.SecondaryFifoSafetyTest) ... ok
test_partial_pair_cannot_attest_a_leaf_first_seen_after_worker_exit (__main__.SecondaryFifoSafetyTest) ... ok
test_partial_pair_changed_child_or_parent_command_needs_fresh_identity (__main__.SecondaryFifoSafetyTest) ... ok
test_partial_pair_failed_publication_keeps_pending_unpromoted (__main__.SecondaryFifoSafetyTest) ... ok
test_partial_pair_initial_uid_or_post_uid_failure_never_creates_cached_proof (__main__.SecondaryFifoSafetyTest) ... ok
test_partial_pair_interrupted_metadata_keeps_pending_unpromoted (__main__.SecondaryFifoSafetyTest) ... ok
test_partial_pair_new_inode_requires_identity_still_live_after_metadata (__main__.SecondaryFifoSafetyTest) ... ok
test_partial_pair_record_or_claim_mutation_cannot_reuse_its_proof (__main__.SecondaryFifoSafetyTest) ... ok
test_partial_pair_replaced_parent_is_not_accepted_from_cached_identity (__main__.SecondaryFifoSafetyTest) ... ok
test_partial_pair_reuses_its_completed_live_identity_without_requerying_uid (__main__.SecondaryFifoSafetyTest) ... ok
test_partial_record_or_pending_claim_cannot_use_cached_uid (__main__.SecondaryFifoSafetyTest) ... ok
test_pid_reuse_during_cleanup_preserves_files (__main__.SecondaryFifoSafetyTest) ... ok
test_pid_reuse_during_observation_rejected (__main__.SecondaryFifoSafetyTest) ... ok
test_preexisting_parent_birthtime_rejects_new_fifo (__main__.SecondaryFifoSafetyTest) ... ok
test_process_uid_mismatch_is_not_owned (__main__.SecondaryFifoSafetyTest) ... ok
test_replaced_inode_rejected (__main__.SecondaryFifoSafetyTest) ... ok
test_stale_preexisting_fifo_is_not_owned (__main__.SecondaryFifoSafetyTest) ... ok
test_symlink_fifo_not_followed_or_deleted (__main__.SecondaryFifoSafetyTest) ... ok
test_symlink_parent_not_followed (__main__.SecondaryFifoSafetyTest) ... ok
test_timeout_or_cancellation_cleanup_uses_same_attestation (__main__.SecondaryFifoSafetyTest) ... ok
test_unknown_directory_contents_preserve_all (__main__.SecondaryFifoSafetyTest) ... ok
test_unknown_external_argument_is_rejected (__main__.SecondaryFifoSafetyTest) ... ok
test_unknown_root_contents_preserve_all (__main__.SecondaryFifoSafetyTest) ... ok
test_unowned_child_cannot_attest_from_name_alone (__main__.SecondaryFifoSafetyTest) ... ok

----------------------------------------------------------------------
Ran 39 tests in 0.085s

OK
