Refreshing run status every 30 seconds. Press Ctrl+C to quit.

* fix/local-readiness-2026-09-07 Production verification · 34431938089
Triggered via workflow_dispatch about 2 minutes ago

JOBS
* Desktop, Kotlin Native, and Android resources strict verification (Windows x64) (ID 102729090438)
  ✓ Set up job
  ✓ Validate Windows checkout prerequisites
  ✓ Check out source
  ✓ Set up JDK 21
  ✓ Claim fresh verification output ownership
  ✓ Require the Windows x64 host
  ✓ Install pinned Android SDK packages
  * Resolve and test the Windows x64 host-selected graphs
  * Stop Gradle after windows-x64
  * Upload Desktop verification descriptors
  * Clean only attested verification outputs
  * Upload verification cleanup receipt
  * Post Set up JDK 21
  * Post Check out source
- iOS tests, release frameworks, and Swift wrapper in 0s (ID 102729091272)
- Common, desktop, and Android release in 0s (ID 102729091752)
- Desktop strict verification (Linux arm64) (ID 102729114231)
- Desktop and Kotlin Native strict verification (macOS x64) (ID 102729119644)
Refreshing run status every 30 seconds. Press Ctrl+C to quit.

* fix/local-readiness-2026-09-07 Production verification · 34431938089
Triggered via workflow_dispatch about 2 minutes ago

JOBS
* Desktop, Kotlin Native, and Android resources strict verification (Windows x64) (ID 102729090438)
  ✓ Set up job
  ✓ Validate Windows checkout prerequisites
  ✓ Check out source
  ✓ Set up JDK 21
  ✓ Claim fresh verification output ownership
  ✓ Require the Windows x64 host
  ✓ Install pinned Android SDK packages
  * Resolve and test the Windows x64 host-selected graphs
  * Stop Gradle after windows-x64
  * Upload Desktop verification descriptors
  * Clean only attested verification outputs
  * Upload verification cleanup receipt
  * Post Set up JDK 21
  * Post Check out source
- iOS tests, release frameworks, and Swift wrapper in 0s (ID 102729091272)
- Common, desktop, and Android release in 0s (ID 102729091752)
- Desktop strict verification (Linux arm64) (ID 102729114231)
- Desktop and Kotlin Native strict verification (macOS x64) (ID 102729119644)
Refreshing run status every 30 seconds. Press Ctrl+C to quit.

* fix/local-readiness-2026-09-07 Production verification · 34431938089
Triggered via workflow_dispatch about 3 minutes ago

JOBS
* Desktop, Kotlin Native, and Android resources strict verification (Windows x64) (ID 102729090438)
  ✓ Set up job
  ✓ Validate Windows checkout prerequisites
  ✓ Check out source
  ✓ Set up JDK 21
  ✓ Claim fresh verification output ownership
  ✓ Require the Windows x64 host
  ✓ Install pinned Android SDK packages
  * Resolve and test the Windows x64 host-selected graphs
  * Stop Gradle after windows-x64
  * Upload Desktop verification descriptors
  * Clean only attested verification outputs
  * Upload verification cleanup receipt
  * Post Set up JDK 21
  * Post Check out source
- iOS tests, release frameworks, and Swift wrapper in 0s (ID 102729091272)
- Common, desktop, and Android release in 0s (ID 102729091752)
- Desktop strict verification (Linux arm64) (ID 102729114231)
- Desktop and Kotlin Native strict verification (macOS x64) (ID 102729119644)
Refreshing run status every 30 seconds. Press Ctrl+C to quit.

* fix/local-readiness-2026-09-07 Production verification · 34431938089
Triggered via workflow_dispatch about 3 minutes ago

JOBS
* Desktop, Kotlin Native, and Android resources strict verification (Windows x64) (ID 102729090438)
  ✓ Set up job
  ✓ Validate Windows checkout prerequisites
  ✓ Check out source
  ✓ Set up JDK 21
  ✓ Claim fresh verification output ownership
  ✓ Require the Windows x64 host
  ✓ Install pinned Android SDK packages
  * Resolve and test the Windows x64 host-selected graphs
  * Stop Gradle after windows-x64
  * Upload Desktop verification descriptors
  * Clean only attested verification outputs
  * Upload verification cleanup receipt
  * Post Set up JDK 21
  * Post Check out source
- iOS tests, release frameworks, and Swift wrapper in 0s (ID 102729091272)
- Common, desktop, and Android release in 0s (ID 102729091752)
- Desktop strict verification (Linux arm64) (ID 102729114231)
- Desktop and Kotlin Native strict verification (macOS x64) (ID 102729119644)
Refreshing run status every 30 seconds. Press Ctrl+C to quit.

* fix/local-readiness-2026-09-07 Production verification · 34431938089
Triggered via workflow_dispatch about 4 minutes ago

JOBS
* Desktop, Kotlin Native, and Android resources strict verification (Windows x64) (ID 102729090438)
  ✓ Set up job
  ✓ Validate Windows checkout prerequisites
  ✓ Check out source
  ✓ Set up JDK 21
  ✓ Claim fresh verification output ownership
  ✓ Require the Windows x64 host
  ✓ Install pinned Android SDK packages
  * Resolve and test the Windows x64 host-selected graphs
  * Stop Gradle after windows-x64
  * Upload Desktop verification descriptors
  * Clean only attested verification outputs
  * Upload verification cleanup receipt
  * Post Set up JDK 21
  * Post Check out source
- iOS tests, release frameworks, and Swift wrapper in 0s (ID 102729091272)
- Common, desktop, and Android release in 0s (ID 102729091752)
- Desktop strict verification (Linux arm64) (ID 102729114231)
- Desktop and Kotlin Native strict verification (macOS x64) (ID 102729119644)
Refreshing run status every 30 seconds. Press Ctrl+C to quit.

* fix/local-readiness-2026-09-07 Production verification · 34431938089
Triggered via workflow_dispatch about 4 minutes ago

JOBS
* Desktop, Kotlin Native, and Android resources strict verification (Windows x64) (ID 102729090438)
  ✓ Set up job
  ✓ Validate Windows checkout prerequisites
  ✓ Check out source
  ✓ Set up JDK 21
  ✓ Claim fresh verification output ownership
  ✓ Require the Windows x64 host
  ✓ Install pinned Android SDK packages
  * Resolve and test the Windows x64 host-selected graphs
  * Stop Gradle after windows-x64
  * Upload Desktop verification descriptors
  * Clean only attested verification outputs
  * Upload verification cleanup receipt
  * Post Set up JDK 21
  * Post Check out source
- iOS tests, release frameworks, and Swift wrapper in 0s (ID 102729091272)
- Common, desktop, and Android release in 0s (ID 102729091752)
- Desktop strict verification (Linux arm64) (ID 102729114231)
- Desktop and Kotlin Native strict verification (macOS x64) (ID 102729119644)
Refreshing run status every 30 seconds. Press Ctrl+C to quit.

* fix/local-readiness-2026-09-07 Production verification · 34431938089
Triggered via workflow_dispatch about 5 minutes ago

JOBS
* Desktop, Kotlin Native, and Android resources strict verification (Windows x64) (ID 102729090438)
  ✓ Set up job
  ✓ Validate Windows checkout prerequisites
  ✓ Check out source
  ✓ Set up JDK 21
  ✓ Claim fresh verification output ownership
  ✓ Require the Windows x64 host
  ✓ Install pinned Android SDK packages
  * Resolve and test the Windows x64 host-selected graphs
  * Stop Gradle after windows-x64
  * Upload Desktop verification descriptors
  * Clean only attested verification outputs
  * Upload verification cleanup receipt
  * Post Set up JDK 21
  * Post Check out source
- iOS tests, release frameworks, and Swift wrapper in 0s (ID 102729091272)
- Common, desktop, and Android release in 0s (ID 102729091752)
- Desktop strict verification (Linux arm64) (ID 102729114231)
- Desktop and Kotlin Native strict verification (macOS x64) (ID 102729119644)
Refreshing run status every 30 seconds. Press Ctrl+C to quit.

* fix/local-readiness-2026-09-07 Production verification · 34431938089
Triggered via workflow_dispatch about 5 minutes ago

JOBS
* Desktop, Kotlin Native, and Android resources strict verification (Windows x64) (ID 102729090438)
  ✓ Set up job
  ✓ Validate Windows checkout prerequisites
  ✓ Check out source
  ✓ Set up JDK 21
  ✓ Claim fresh verification output ownership
  ✓ Require the Windows x64 host
  ✓ Install pinned Android SDK packages
  * Resolve and test the Windows x64 host-selected graphs
  * Stop Gradle after windows-x64
  * Upload Desktop verification descriptors
  * Clean only attested verification outputs
  * Upload verification cleanup receipt
  * Post Set up JDK 21
  * Post Check out source
- iOS tests, release frameworks, and Swift wrapper in 0s (ID 102729091272)
- Common, desktop, and Android release in 0s (ID 102729091752)
- Desktop strict verification (Linux arm64) (ID 102729114231)
- Desktop and Kotlin Native strict verification (macOS x64) (ID 102729119644)
Refreshing run status every 30 seconds. Press Ctrl+C to quit.

* fix/local-readiness-2026-09-07 Production verification · 34431938089
Triggered via workflow_dispatch about 6 minutes ago

JOBS
* Desktop, Kotlin Native, and Android resources strict verification (Windows x64) (ID 102729090438)
  ✓ Set up job
  ✓ Validate Windows checkout prerequisites
  ✓ Check out source
  ✓ Set up JDK 21
  ✓ Claim fresh verification output ownership
  ✓ Require the Windows x64 host
  ✓ Install pinned Android SDK packages
  * Resolve and test the Windows x64 host-selected graphs
  * Stop Gradle after windows-x64
  * Upload Desktop verification descriptors
  * Clean only attested verification outputs
  * Upload verification cleanup receipt
  * Post Set up JDK 21
  * Post Check out source
- iOS tests, release frameworks, and Swift wrapper in 0s (ID 102729091272)
- Common, desktop, and Android release in 0s (ID 102729091752)
- Desktop strict verification (Linux arm64) (ID 102729114231)
- Desktop and Kotlin Native strict verification (macOS x64) (ID 102729119644)
Refreshing run status every 30 seconds. Press Ctrl+C to quit.

* fix/local-readiness-2026-09-07 Production verification · 34431938089
Triggered via workflow_dispatch about 6 minutes ago

JOBS
* Desktop, Kotlin Native, and Android resources strict verification (Windows x64) (ID 102729090438)
  ✓ Set up job
  ✓ Validate Windows checkout prerequisites
  ✓ Check out source
  ✓ Set up JDK 21
  ✓ Claim fresh verification output ownership
  ✓ Require the Windows x64 host
  ✓ Install pinned Android SDK packages
  * Resolve and test the Windows x64 host-selected graphs
  * Stop Gradle after windows-x64
  * Upload Desktop verification descriptors
  * Clean only attested verification outputs
  * Upload verification cleanup receipt
  * Post Set up JDK 21
  * Post Check out source
- iOS tests, release frameworks, and Swift wrapper in 0s (ID 102729091272)
- Common, desktop, and Android release in 0s (ID 102729091752)
- Desktop strict verification (Linux arm64) (ID 102729114231)
- Desktop and Kotlin Native strict verification (macOS x64) (ID 102729119644)
Refreshing run status every 30 seconds. Press Ctrl+C to quit.

* fix/local-readiness-2026-09-07 Production verification · 34431938089
Triggered via workflow_dispatch about 7 minutes ago

JOBS
* Desktop, Kotlin Native, and Android resources strict verification (Windows x64) (ID 102729090438)
  ✓ Set up job
  ✓ Validate Windows checkout prerequisites
  ✓ Check out source
  ✓ Set up JDK 21
  ✓ Claim fresh verification output ownership
  ✓ Require the Windows x64 host
  ✓ Install pinned Android SDK packages
  * Resolve and test the Windows x64 host-selected graphs
  * Stop Gradle after windows-x64
  * Upload Desktop verification descriptors
  * Clean only attested verification outputs
  * Upload verification cleanup receipt
  * Post Set up JDK 21
  * Post Check out source
- iOS tests, release frameworks, and Swift wrapper in 0s (ID 102729091272)
- Common, desktop, and Android release in 0s (ID 102729091752)
- Desktop strict verification (Linux arm64) (ID 102729114231)
- Desktop and Kotlin Native strict verification (macOS x64) (ID 102729119644)
Refreshing run status every 30 seconds. Press Ctrl+C to quit.

* fix/local-readiness-2026-09-07 Production verification · 34431938089
Triggered via workflow_dispatch about 7 minutes ago

JOBS
* Desktop, Kotlin Native, and Android resources strict verification (Windows x64) (ID 102729090438)
  ✓ Set up job
  ✓ Validate Windows checkout prerequisites
  ✓ Check out source
  ✓ Set up JDK 21
  ✓ Claim fresh verification output ownership
  ✓ Require the Windows x64 host
  ✓ Install pinned Android SDK packages
  * Resolve and test the Windows x64 host-selected graphs
  * Stop Gradle after windows-x64
  * Upload Desktop verification descriptors
  * Clean only attested verification outputs
  * Upload verification cleanup receipt
  * Post Set up JDK 21
  * Post Check out source
- iOS tests, release frameworks, and Swift wrapper in 0s (ID 102729091272)
- Common, desktop, and Android release in 0s (ID 102729091752)
- Desktop strict verification (Linux arm64) (ID 102729114231)
- Desktop and Kotlin Native strict verification (macOS x64) (ID 102729119644)
✓ fix/local-readiness-2026-09-07 Production verification · 34431938089
Triggered via workflow_dispatch about 8 minutes ago

JOBS
✓ Desktop, Kotlin Native, and Android resources strict verification (Windows x64) in 8m10s (ID 102729090438)
  ✓ Set up job
  ✓ Validate Windows checkout prerequisites
  ✓ Check out source
  ✓ Set up JDK 21
  ✓ Claim fresh verification output ownership
  ✓ Require the Windows x64 host
  ✓ Install pinned Android SDK packages
  ✓ Resolve and test the Windows x64 host-selected graphs
  ✓ Stop Gradle after windows-x64
  ✓ Upload Desktop verification descriptors
  ✓ Clean only attested verification outputs
  ✓ Upload verification cleanup receipt
  ✓ Post Set up JDK 21
  ✓ Post Check out source
  ✓ Complete job
- iOS tests, release frameworks, and Swift wrapper in 0s (ID 102729091272)
- Common, desktop, and Android release in 0s (ID 102729091752)
- Desktop strict verification (Linux arm64) (ID 102729114231)
- Desktop and Kotlin Native strict verification (macOS x64) (ID 102729119644)
