test_attested_pair_removed_only_after_workers_stop (test_secondary_fifo.SecondaryFifoSafetyTest) ... ok
test_cached_pair_still_rechecks_changed_inode (test_secondary_fifo.SecondaryFifoSafetyTest) ... ok
test_cached_pair_still_rechecks_inode_uid_and_symlink (test_secondary_fifo.SecondaryFifoSafetyTest) ... ok
test_changed_child_or_parent_start_cannot_use_attested_pair (test_secondary_fifo.SecondaryFifoSafetyTest) ... ok
test_current_new_pair_cannot_hide_behind_members_old_argv (test_secondary_fifo.SecondaryFifoSafetyTest) ... ok
test_file_holder_prevents_any_unlink (test_secondary_fifo.SecondaryFifoSafetyTest) ... ok
test_fully_attested_same_identity_and_pair_avoids_redundant_uid_query (test_secondary_fifo.SecondaryFifoSafetyTest) ... ok
test_holder_query_error_never_becomes_empty_holder_success (test_secondary_fifo.SecondaryFifoSafetyTest) ... ok
test_initial_uid_query_failure_never_attests_or_deletes_paths (test_secondary_fifo.SecondaryFifoSafetyTest) ... ok
test_inode_uid_mismatch_is_not_owned (test_secondary_fifo.SecondaryFifoSafetyTest) ... ok
test_missing_or_duplicate_flags_rejected (test_secondary_fifo.SecondaryFifoSafetyTest) ... ok
test_missing_unattested_then_late_created_fifo_blocks_cleanup (test_secondary_fifo.SecondaryFifoSafetyTest) ... ok
test_new_pair_argv_change_during_uid_attestation_is_rejected (test_secondary_fifo.SecondaryFifoSafetyTest) ... ok
test_partial_record_or_pending_claim_cannot_use_cached_uid (test_secondary_fifo.SecondaryFifoSafetyTest) ... ok
test_pid_reuse_during_cleanup_preserves_files (test_secondary_fifo.SecondaryFifoSafetyTest) ... ok
test_pid_reuse_during_observation_rejected (test_secondary_fifo.SecondaryFifoSafetyTest) ... ok
test_preexisting_parent_birthtime_rejects_new_fifo (test_secondary_fifo.SecondaryFifoSafetyTest) ... ok
test_process_uid_mismatch_is_not_owned (test_secondary_fifo.SecondaryFifoSafetyTest) ... ok
test_replaced_inode_rejected (test_secondary_fifo.SecondaryFifoSafetyTest) ... ok
test_stale_preexisting_fifo_is_not_owned (test_secondary_fifo.SecondaryFifoSafetyTest) ... ok
test_symlink_fifo_not_followed_or_deleted (test_secondary_fifo.SecondaryFifoSafetyTest) ... ok
test_symlink_parent_not_followed (test_secondary_fifo.SecondaryFifoSafetyTest) ... ok
test_timeout_or_cancellation_cleanup_uses_same_attestation (test_secondary_fifo.SecondaryFifoSafetyTest) ... ok
test_unknown_directory_contents_preserve_all (test_secondary_fifo.SecondaryFifoSafetyTest) ... ok
test_unknown_external_argument_is_rejected (test_secondary_fifo.SecondaryFifoSafetyTest) ... ok
test_unknown_root_contents_preserve_all (test_secondary_fifo.SecondaryFifoSafetyTest) ... ok
test_unowned_child_cannot_attest_from_name_alone (test_secondary_fifo.SecondaryFifoSafetyTest) ... ok
test_added_observer_source_is_rejected (test_smoke_contract.WrapperSmokeContractTest) ... ok
test_five_exact_original_tests_on_owned_device_are_accepted (test_smoke_contract.WrapperSmokeContractTest) ... ok
test_only_phase_edit_preserves_every_application_and_test_hash (test_smoke_contract.WrapperSmokeContractTest) ... ok
test_post_build_verification_rejects_new_or_changed_source (test_smoke_contract.WrapperSmokeContractTest) ... ok
test_previously_reviewed_ownership_and_cleanup_helpers_are_unchanged (test_smoke_contract.WrapperSmokeContractTest) ... ok
test_runner_cannot_instrument_or_read_application_data (test_smoke_contract.WrapperSmokeContractTest) ... ok
test_skips_failures_omissions_duplicates_and_wrong_devices_fail_closed (test_smoke_contract.WrapperSmokeContractTest) ... ok
test_swift_kotlin_and_test_edits_are_each_rejected (test_smoke_contract.WrapperSmokeContractTest) ... ok
test_symlink_and_duplicate_binding_are_rejected (test_smoke_contract.WrapperSmokeContractTest) ... ok
test_unmodified_phase_cannot_bypass_immediate_stop_copy_contract (test_smoke_contract.WrapperSmokeContractTest) ... ok

----------------------------------------------------------------------
Ran 37 tests in 0.091s

OK
