Refreshing run status every 120 seconds. Press Ctrl+C to quit.

* fix/local-readiness-2026-09-07 Production verification · 34303850578
Triggered via workflow_dispatch about 1 minute ago

JOBS
* iOS tests, release frameworks, and Swift wrapper (ID 102316312942)
  ✓ Set up job
  ✓ Start focused native job clock
  ✓ Check out source
  ✓ Validate verification scope
  ✓ Set up JDK 21
  * Run focused native continuation
  * Upload focused native evidence
  * Verify focused native cleanup and uploaded custody
  * Upload native continuation cleanup receipt
  * Observe hosted native processes without an app build
  * Upload bounded process-probe evidence
  * Verify process-probe cleanup and uploaded custody
  * Upload process-probe cleanup receipt
  * Claim fresh verification output ownership
  * Claim apple-aggregate native resource ownership
  * Record Xcode toolchain and exact source
  * Run iOS simulator tests, Apple static analysis, and release linkage gates
  * Stop Gradle after apple-aggregate and retire owned Apple resources
  * Validate iOS plist and privacy manifest
  * Claim apple-ui native resource ownership
  * Verify effective Debug and Release application identities
  * Launch Swift host and Compose root on iOS Simulator
  * Stop Gradle after apple-ui and retire owned Apple resources
  * Claim apple-wrapper native resource ownership
  * Build unsigned Swift Release wrapper
  * Stop Gradle after apple-wrapper and retire owned Apple resources
  * Inspect complete unsigned iOS Release package
  * Upload Apple verification evidence
  * Clean only attested verification outputs
  * Upload verification cleanup receipt
  * Post Set up JDK 21
  * Post Check out source
- Desktop, Kotlin Native, and Android resources strict verification (Windows x64) (ID 102316314201)
- Common, desktop, and Android release (ID 102316314271)
- Desktop strict verification (Linux arm64) (ID 102316314392)
- Desktop and Kotlin Native strict verification (macOS x64) (ID 102316314469)
Refreshing run status every 120 seconds. Press Ctrl+C to quit.

* fix/local-readiness-2026-09-07 Production verification · 34303850578
Triggered via workflow_dispatch about 3 minutes ago

JOBS
* iOS tests, release frameworks, and Swift wrapper (ID 102316312942)
  ✓ Set up job
  ✓ Start focused native job clock
  ✓ Check out source
  ✓ Validate verification scope
  ✓ Set up JDK 21
  * Run focused native continuation
  * Upload focused native evidence
  * Verify focused native cleanup and uploaded custody
  * Upload native continuation cleanup receipt
  * Observe hosted native processes without an app build
  * Upload bounded process-probe evidence
  * Verify process-probe cleanup and uploaded custody
  * Upload process-probe cleanup receipt
  * Claim fresh verification output ownership
  * Claim apple-aggregate native resource ownership
  * Record Xcode toolchain and exact source
  * Run iOS simulator tests, Apple static analysis, and release linkage gates
  * Stop Gradle after apple-aggregate and retire owned Apple resources
  * Validate iOS plist and privacy manifest
  * Claim apple-ui native resource ownership
  * Verify effective Debug and Release application identities
  * Launch Swift host and Compose root on iOS Simulator
  * Stop Gradle after apple-ui and retire owned Apple resources
  * Claim apple-wrapper native resource ownership
  * Build unsigned Swift Release wrapper
  * Stop Gradle after apple-wrapper and retire owned Apple resources
  * Inspect complete unsigned iOS Release package
  * Upload Apple verification evidence
  * Clean only attested verification outputs
  * Upload verification cleanup receipt
  * Post Set up JDK 21
  * Post Check out source
- Desktop, Kotlin Native, and Android resources strict verification (Windows x64) (ID 102316314201)
- Common, desktop, and Android release (ID 102316314271)
- Desktop strict verification (Linux arm64) (ID 102316314392)
- Desktop and Kotlin Native strict verification (macOS x64) (ID 102316314469)
Refreshing run status every 120 seconds. Press Ctrl+C to quit.

* fix/local-readiness-2026-09-07 Production verification · 34303850578
Triggered via workflow_dispatch about 5 minutes ago

JOBS
* iOS tests, release frameworks, and Swift wrapper (ID 102316312942)
  ✓ Set up job
  ✓ Start focused native job clock
  ✓ Check out source
  ✓ Validate verification scope
  ✓ Set up JDK 21
  * Run focused native continuation
  * Upload focused native evidence
  * Verify focused native cleanup and uploaded custody
  * Upload native continuation cleanup receipt
  * Observe hosted native processes without an app build
  * Upload bounded process-probe evidence
  * Verify process-probe cleanup and uploaded custody
  * Upload process-probe cleanup receipt
  * Claim fresh verification output ownership
  * Claim apple-aggregate native resource ownership
  * Record Xcode toolchain and exact source
  * Run iOS simulator tests, Apple static analysis, and release linkage gates
  * Stop Gradle after apple-aggregate and retire owned Apple resources
  * Validate iOS plist and privacy manifest
  * Claim apple-ui native resource ownership
  * Verify effective Debug and Release application identities
  * Launch Swift host and Compose root on iOS Simulator
  * Stop Gradle after apple-ui and retire owned Apple resources
  * Claim apple-wrapper native resource ownership
  * Build unsigned Swift Release wrapper
  * Stop Gradle after apple-wrapper and retire owned Apple resources
  * Inspect complete unsigned iOS Release package
  * Upload Apple verification evidence
  * Clean only attested verification outputs
  * Upload verification cleanup receipt
  * Post Set up JDK 21
  * Post Check out source
- Desktop, Kotlin Native, and Android resources strict verification (Windows x64) (ID 102316314201)
- Common, desktop, and Android release (ID 102316314271)
- Desktop strict verification (Linux arm64) (ID 102316314392)
- Desktop and Kotlin Native strict verification (macOS x64) (ID 102316314469)
Refreshing run status every 120 seconds. Press Ctrl+C to quit.

* fix/local-readiness-2026-09-07 Production verification · 34303850578
Triggered via workflow_dispatch about 7 minutes ago

JOBS
* iOS tests, release frameworks, and Swift wrapper (ID 102316312942)
  ✓ Set up job
  ✓ Start focused native job clock
  ✓ Check out source
  ✓ Validate verification scope
  ✓ Set up JDK 21
  * Run focused native continuation
  * Upload focused native evidence
  * Verify focused native cleanup and uploaded custody
  * Upload native continuation cleanup receipt
  * Observe hosted native processes without an app build
  * Upload bounded process-probe evidence
  * Verify process-probe cleanup and uploaded custody
  * Upload process-probe cleanup receipt
  * Claim fresh verification output ownership
  * Claim apple-aggregate native resource ownership
  * Record Xcode toolchain and exact source
  * Run iOS simulator tests, Apple static analysis, and release linkage gates
  * Stop Gradle after apple-aggregate and retire owned Apple resources
  * Validate iOS plist and privacy manifest
  * Claim apple-ui native resource ownership
  * Verify effective Debug and Release application identities
  * Launch Swift host and Compose root on iOS Simulator
  * Stop Gradle after apple-ui and retire owned Apple resources
  * Claim apple-wrapper native resource ownership
  * Build unsigned Swift Release wrapper
  * Stop Gradle after apple-wrapper and retire owned Apple resources
  * Inspect complete unsigned iOS Release package
  * Upload Apple verification evidence
  * Clean only attested verification outputs
  * Upload verification cleanup receipt
  * Post Set up JDK 21
  * Post Check out source
- Desktop, Kotlin Native, and Android resources strict verification (Windows x64) (ID 102316314201)
- Common, desktop, and Android release (ID 102316314271)
- Desktop strict verification (Linux arm64) (ID 102316314392)
- Desktop and Kotlin Native strict verification (macOS x64) (ID 102316314469)
Refreshing run status every 120 seconds. Press Ctrl+C to quit.

* fix/local-readiness-2026-09-07 Production verification · 34303850578
Triggered via workflow_dispatch about 9 minutes ago

JOBS
* iOS tests, release frameworks, and Swift wrapper (ID 102316312942)
  ✓ Set up job
  ✓ Start focused native job clock
  ✓ Check out source
  ✓ Validate verification scope
  ✓ Set up JDK 21
  * Run focused native continuation
  * Upload focused native evidence
  * Verify focused native cleanup and uploaded custody
  * Upload native continuation cleanup receipt
  * Observe hosted native processes without an app build
  * Upload bounded process-probe evidence
  * Verify process-probe cleanup and uploaded custody
  * Upload process-probe cleanup receipt
  * Claim fresh verification output ownership
  * Claim apple-aggregate native resource ownership
  * Record Xcode toolchain and exact source
  * Run iOS simulator tests, Apple static analysis, and release linkage gates
  * Stop Gradle after apple-aggregate and retire owned Apple resources
  * Validate iOS plist and privacy manifest
  * Claim apple-ui native resource ownership
  * Verify effective Debug and Release application identities
  * Launch Swift host and Compose root on iOS Simulator
  * Stop Gradle after apple-ui and retire owned Apple resources
  * Claim apple-wrapper native resource ownership
  * Build unsigned Swift Release wrapper
  * Stop Gradle after apple-wrapper and retire owned Apple resources
  * Inspect complete unsigned iOS Release package
  * Upload Apple verification evidence
  * Clean only attested verification outputs
  * Upload verification cleanup receipt
  * Post Set up JDK 21
  * Post Check out source
- Desktop, Kotlin Native, and Android resources strict verification (Windows x64) (ID 102316314201)
- Common, desktop, and Android release (ID 102316314271)
- Desktop strict verification (Linux arm64) (ID 102316314392)
- Desktop and Kotlin Native strict verification (macOS x64) (ID 102316314469)
Refreshing run status every 120 seconds. Press Ctrl+C to quit.

* fix/local-readiness-2026-09-07 Production verification · 34303850578
Triggered via workflow_dispatch about 11 minutes ago

JOBS
* iOS tests, release frameworks, and Swift wrapper (ID 102316312942)
  ✓ Set up job
  ✓ Start focused native job clock
  ✓ Check out source
  ✓ Validate verification scope
  ✓ Set up JDK 21
  * Run focused native continuation
  * Upload focused native evidence
  * Verify focused native cleanup and uploaded custody
  * Upload native continuation cleanup receipt
  * Observe hosted native processes without an app build
  * Upload bounded process-probe evidence
  * Verify process-probe cleanup and uploaded custody
  * Upload process-probe cleanup receipt
  * Claim fresh verification output ownership
  * Claim apple-aggregate native resource ownership
  * Record Xcode toolchain and exact source
  * Run iOS simulator tests, Apple static analysis, and release linkage gates
  * Stop Gradle after apple-aggregate and retire owned Apple resources
  * Validate iOS plist and privacy manifest
  * Claim apple-ui native resource ownership
  * Verify effective Debug and Release application identities
  * Launch Swift host and Compose root on iOS Simulator
  * Stop Gradle after apple-ui and retire owned Apple resources
  * Claim apple-wrapper native resource ownership
  * Build unsigned Swift Release wrapper
  * Stop Gradle after apple-wrapper and retire owned Apple resources
  * Inspect complete unsigned iOS Release package
  * Upload Apple verification evidence
  * Clean only attested verification outputs
  * Upload verification cleanup receipt
  * Post Set up JDK 21
  * Post Check out source
- Desktop, Kotlin Native, and Android resources strict verification (Windows x64) (ID 102316314201)
- Common, desktop, and Android release (ID 102316314271)
- Desktop strict verification (Linux arm64) (ID 102316314392)
- Desktop and Kotlin Native strict verification (macOS x64) (ID 102316314469)
Refreshing run status every 120 seconds. Press Ctrl+C to quit.

* fix/local-readiness-2026-09-07 Production verification · 34303850578
Triggered via workflow_dispatch about 13 minutes ago

JOBS
* iOS tests, release frameworks, and Swift wrapper (ID 102316312942)
  ✓ Set up job
  ✓ Start focused native job clock
  ✓ Check out source
  ✓ Validate verification scope
  ✓ Set up JDK 21
  * Run focused native continuation
  * Upload focused native evidence
  * Verify focused native cleanup and uploaded custody
  * Upload native continuation cleanup receipt
  * Observe hosted native processes without an app build
  * Upload bounded process-probe evidence
  * Verify process-probe cleanup and uploaded custody
  * Upload process-probe cleanup receipt
  * Claim fresh verification output ownership
  * Claim apple-aggregate native resource ownership
  * Record Xcode toolchain and exact source
  * Run iOS simulator tests, Apple static analysis, and release linkage gates
  * Stop Gradle after apple-aggregate and retire owned Apple resources
  * Validate iOS plist and privacy manifest
  * Claim apple-ui native resource ownership
  * Verify effective Debug and Release application identities
  * Launch Swift host and Compose root on iOS Simulator
  * Stop Gradle after apple-ui and retire owned Apple resources
  * Claim apple-wrapper native resource ownership
  * Build unsigned Swift Release wrapper
  * Stop Gradle after apple-wrapper and retire owned Apple resources
  * Inspect complete unsigned iOS Release package
  * Upload Apple verification evidence
  * Clean only attested verification outputs
  * Upload verification cleanup receipt
  * Post Set up JDK 21
  * Post Check out source
- Desktop, Kotlin Native, and Android resources strict verification (Windows x64) (ID 102316314201)
- Common, desktop, and Android release (ID 102316314271)
- Desktop strict verification (Linux arm64) (ID 102316314392)
- Desktop and Kotlin Native strict verification (macOS x64) (ID 102316314469)
Refreshing run status every 120 seconds. Press Ctrl+C to quit.

* fix/local-readiness-2026-09-07 Production verification · 34303850578
Triggered via workflow_dispatch about 15 minutes ago

JOBS
* iOS tests, release frameworks, and Swift wrapper (ID 102316312942)
  ✓ Set up job
  ✓ Start focused native job clock
  ✓ Check out source
  ✓ Validate verification scope
  ✓ Set up JDK 21
  * Run focused native continuation
  * Upload focused native evidence
  * Verify focused native cleanup and uploaded custody
  * Upload native continuation cleanup receipt
  * Observe hosted native processes without an app build
  * Upload bounded process-probe evidence
  * Verify process-probe cleanup and uploaded custody
  * Upload process-probe cleanup receipt
  * Claim fresh verification output ownership
  * Claim apple-aggregate native resource ownership
  * Record Xcode toolchain and exact source
  * Run iOS simulator tests, Apple static analysis, and release linkage gates
  * Stop Gradle after apple-aggregate and retire owned Apple resources
  * Validate iOS plist and privacy manifest
  * Claim apple-ui native resource ownership
  * Verify effective Debug and Release application identities
  * Launch Swift host and Compose root on iOS Simulator
  * Stop Gradle after apple-ui and retire owned Apple resources
  * Claim apple-wrapper native resource ownership
  * Build unsigned Swift Release wrapper
  * Stop Gradle after apple-wrapper and retire owned Apple resources
  * Inspect complete unsigned iOS Release package
  * Upload Apple verification evidence
  * Clean only attested verification outputs
  * Upload verification cleanup receipt
  * Post Set up JDK 21
  * Post Check out source
- Desktop, Kotlin Native, and Android resources strict verification (Windows x64) (ID 102316314201)
- Common, desktop, and Android release (ID 102316314271)
- Desktop strict verification (Linux arm64) (ID 102316314392)
- Desktop and Kotlin Native strict verification (macOS x64) (ID 102316314469)
Refreshing run status every 120 seconds. Press Ctrl+C to quit.

* fix/local-readiness-2026-09-07 Production verification · 34303850578
Triggered via workflow_dispatch about 17 minutes ago

JOBS
* iOS tests, release frameworks, and Swift wrapper (ID 102316312942)
  ✓ Set up job
  ✓ Start focused native job clock
  ✓ Check out source
  ✓ Validate verification scope
  ✓ Set up JDK 21
  * Run focused native continuation
  * Upload focused native evidence
  * Verify focused native cleanup and uploaded custody
  * Upload native continuation cleanup receipt
  * Observe hosted native processes without an app build
  * Upload bounded process-probe evidence
  * Verify process-probe cleanup and uploaded custody
  * Upload process-probe cleanup receipt
  * Claim fresh verification output ownership
  * Claim apple-aggregate native resource ownership
  * Record Xcode toolchain and exact source
  * Run iOS simulator tests, Apple static analysis, and release linkage gates
  * Stop Gradle after apple-aggregate and retire owned Apple resources
  * Validate iOS plist and privacy manifest
  * Claim apple-ui native resource ownership
  * Verify effective Debug and Release application identities
  * Launch Swift host and Compose root on iOS Simulator
  * Stop Gradle after apple-ui and retire owned Apple resources
  * Claim apple-wrapper native resource ownership
  * Build unsigned Swift Release wrapper
  * Stop Gradle after apple-wrapper and retire owned Apple resources
  * Inspect complete unsigned iOS Release package
  * Upload Apple verification evidence
  * Clean only attested verification outputs
  * Upload verification cleanup receipt
  * Post Set up JDK 21
  * Post Check out source
- Desktop, Kotlin Native, and Android resources strict verification (Windows x64) (ID 102316314201)
- Common, desktop, and Android release (ID 102316314271)
- Desktop strict verification (Linux arm64) (ID 102316314392)
- Desktop and Kotlin Native strict verification (macOS x64) (ID 102316314469)
Refreshing run status every 120 seconds. Press Ctrl+C to quit.

* fix/local-readiness-2026-09-07 Production verification · 34303850578
Triggered via workflow_dispatch about 19 minutes ago

JOBS
* iOS tests, release frameworks, and Swift wrapper (ID 102316312942)
  ✓ Set up job
  ✓ Start focused native job clock
  ✓ Check out source
  ✓ Validate verification scope
  ✓ Set up JDK 21
  * Run focused native continuation
  * Upload focused native evidence
  * Verify focused native cleanup and uploaded custody
  * Upload native continuation cleanup receipt
  * Observe hosted native processes without an app build
  * Upload bounded process-probe evidence
  * Verify process-probe cleanup and uploaded custody
  * Upload process-probe cleanup receipt
  * Claim fresh verification output ownership
  * Claim apple-aggregate native resource ownership
  * Record Xcode toolchain and exact source
  * Run iOS simulator tests, Apple static analysis, and release linkage gates
  * Stop Gradle after apple-aggregate and retire owned Apple resources
  * Validate iOS plist and privacy manifest
  * Claim apple-ui native resource ownership
  * Verify effective Debug and Release application identities
  * Launch Swift host and Compose root on iOS Simulator
  * Stop Gradle after apple-ui and retire owned Apple resources
  * Claim apple-wrapper native resource ownership
  * Build unsigned Swift Release wrapper
  * Stop Gradle after apple-wrapper and retire owned Apple resources
  * Inspect complete unsigned iOS Release package
  * Upload Apple verification evidence
  * Clean only attested verification outputs
  * Upload verification cleanup receipt
  * Post Set up JDK 21
  * Post Check out source
- Desktop, Kotlin Native, and Android resources strict verification (Windows x64) (ID 102316314201)
- Common, desktop, and Android release (ID 102316314271)
- Desktop strict verification (Linux arm64) (ID 102316314392)
- Desktop and Kotlin Native strict verification (macOS x64) (ID 102316314469)
Refreshing run status every 120 seconds. Press Ctrl+C to quit.

* fix/local-readiness-2026-09-07 Production verification · 34303850578
Triggered via workflow_dispatch about 21 minutes ago

JOBS
* iOS tests, release frameworks, and Swift wrapper (ID 102316312942)
  ✓ Set up job
  ✓ Start focused native job clock
  ✓ Check out source
  ✓ Validate verification scope
  ✓ Set up JDK 21
  * Run focused native continuation
  * Upload focused native evidence
  * Verify focused native cleanup and uploaded custody
  * Upload native continuation cleanup receipt
  * Observe hosted native processes without an app build
  * Upload bounded process-probe evidence
  * Verify process-probe cleanup and uploaded custody
  * Upload process-probe cleanup receipt
  * Claim fresh verification output ownership
  * Claim apple-aggregate native resource ownership
  * Record Xcode toolchain and exact source
  * Run iOS simulator tests, Apple static analysis, and release linkage gates
  * Stop Gradle after apple-aggregate and retire owned Apple resources
  * Validate iOS plist and privacy manifest
  * Claim apple-ui native resource ownership
  * Verify effective Debug and Release application identities
  * Launch Swift host and Compose root on iOS Simulator
  * Stop Gradle after apple-ui and retire owned Apple resources
  * Claim apple-wrapper native resource ownership
  * Build unsigned Swift Release wrapper
  * Stop Gradle after apple-wrapper and retire owned Apple resources
  * Inspect complete unsigned iOS Release package
  * Upload Apple verification evidence
  * Clean only attested verification outputs
  * Upload verification cleanup receipt
  * Post Set up JDK 21
  * Post Check out source
- Desktop, Kotlin Native, and Android resources strict verification (Windows x64) (ID 102316314201)
- Common, desktop, and Android release (ID 102316314271)
- Desktop strict verification (Linux arm64) (ID 102316314392)
- Desktop and Kotlin Native strict verification (macOS x64) (ID 102316314469)
Refreshing run status every 120 seconds. Press Ctrl+C to quit.

* fix/local-readiness-2026-09-07 Production verification · 34303850578
Triggered via workflow_dispatch about 23 minutes ago

JOBS
* iOS tests, release frameworks, and Swift wrapper (ID 102316312942)
  ✓ Set up job
  ✓ Start focused native job clock
  ✓ Check out source
  ✓ Validate verification scope
  ✓ Set up JDK 21
  * Run focused native continuation
  * Upload focused native evidence
  * Verify focused native cleanup and uploaded custody
  * Upload native continuation cleanup receipt
  * Observe hosted native processes without an app build
  * Upload bounded process-probe evidence
  * Verify process-probe cleanup and uploaded custody
  * Upload process-probe cleanup receipt
  * Claim fresh verification output ownership
  * Claim apple-aggregate native resource ownership
  * Record Xcode toolchain and exact source
  * Run iOS simulator tests, Apple static analysis, and release linkage gates
  * Stop Gradle after apple-aggregate and retire owned Apple resources
  * Validate iOS plist and privacy manifest
  * Claim apple-ui native resource ownership
  * Verify effective Debug and Release application identities
  * Launch Swift host and Compose root on iOS Simulator
  * Stop Gradle after apple-ui and retire owned Apple resources
  * Claim apple-wrapper native resource ownership
  * Build unsigned Swift Release wrapper
  * Stop Gradle after apple-wrapper and retire owned Apple resources
  * Inspect complete unsigned iOS Release package
  * Upload Apple verification evidence
  * Clean only attested verification outputs
  * Upload verification cleanup receipt
  * Post Set up JDK 21
  * Post Check out source
- Desktop, Kotlin Native, and Android resources strict verification (Windows x64) (ID 102316314201)
- Common, desktop, and Android release (ID 102316314271)
- Desktop strict verification (Linux arm64) (ID 102316314392)
- Desktop and Kotlin Native strict verification (macOS x64) (ID 102316314469)
Refreshing run status every 120 seconds. Press Ctrl+C to quit.

* fix/local-readiness-2026-09-07 Production verification · 34303850578
Triggered via workflow_dispatch about 25 minutes ago

JOBS
* iOS tests, release frameworks, and Swift wrapper (ID 102316312942)
  ✓ Set up job
  ✓ Start focused native job clock
  ✓ Check out source
  ✓ Validate verification scope
  ✓ Set up JDK 21
  * Run focused native continuation
  * Upload focused native evidence
  * Verify focused native cleanup and uploaded custody
  * Upload native continuation cleanup receipt
  * Observe hosted native processes without an app build
  * Upload bounded process-probe evidence
  * Verify process-probe cleanup and uploaded custody
  * Upload process-probe cleanup receipt
  * Claim fresh verification output ownership
  * Claim apple-aggregate native resource ownership
  * Record Xcode toolchain and exact source
  * Run iOS simulator tests, Apple static analysis, and release linkage gates
  * Stop Gradle after apple-aggregate and retire owned Apple resources
  * Validate iOS plist and privacy manifest
  * Claim apple-ui native resource ownership
  * Verify effective Debug and Release application identities
  * Launch Swift host and Compose root on iOS Simulator
  * Stop Gradle after apple-ui and retire owned Apple resources
  * Claim apple-wrapper native resource ownership
  * Build unsigned Swift Release wrapper
  * Stop Gradle after apple-wrapper and retire owned Apple resources
  * Inspect complete unsigned iOS Release package
  * Upload Apple verification evidence
  * Clean only attested verification outputs
  * Upload verification cleanup receipt
  * Post Set up JDK 21
  * Post Check out source
- Desktop, Kotlin Native, and Android resources strict verification (Windows x64) (ID 102316314201)
- Common, desktop, and Android release (ID 102316314271)
- Desktop strict verification (Linux arm64) (ID 102316314392)
- Desktop and Kotlin Native strict verification (macOS x64) (ID 102316314469)
Refreshing run status every 120 seconds. Press Ctrl+C to quit.

* fix/local-readiness-2026-09-07 Production verification · 34303850578
Triggered via workflow_dispatch about 27 minutes ago

JOBS
* iOS tests, release frameworks, and Swift wrapper (ID 102316312942)
  ✓ Set up job
  ✓ Start focused native job clock
  ✓ Check out source
  ✓ Validate verification scope
  ✓ Set up JDK 21
  * Run focused native continuation
  * Upload focused native evidence
  * Verify focused native cleanup and uploaded custody
  * Upload native continuation cleanup receipt
  * Observe hosted native processes without an app build
  * Upload bounded process-probe evidence
  * Verify process-probe cleanup and uploaded custody
  * Upload process-probe cleanup receipt
  * Claim fresh verification output ownership
  * Claim apple-aggregate native resource ownership
  * Record Xcode toolchain and exact source
  * Run iOS simulator tests, Apple static analysis, and release linkage gates
  * Stop Gradle after apple-aggregate and retire owned Apple resources
  * Validate iOS plist and privacy manifest
  * Claim apple-ui native resource ownership
  * Verify effective Debug and Release application identities
  * Launch Swift host and Compose root on iOS Simulator
  * Stop Gradle after apple-ui and retire owned Apple resources
  * Claim apple-wrapper native resource ownership
  * Build unsigned Swift Release wrapper
  * Stop Gradle after apple-wrapper and retire owned Apple resources
  * Inspect complete unsigned iOS Release package
  * Upload Apple verification evidence
  * Clean only attested verification outputs
  * Upload verification cleanup receipt
  * Post Set up JDK 21
  * Post Check out source
- Desktop, Kotlin Native, and Android resources strict verification (Windows x64) (ID 102316314201)
- Common, desktop, and Android release (ID 102316314271)
- Desktop strict verification (Linux arm64) (ID 102316314392)
- Desktop and Kotlin Native strict verification (macOS x64) (ID 102316314469)
Refreshing run status every 120 seconds. Press Ctrl+C to quit.

* fix/local-readiness-2026-09-07 Production verification · 34303850578
Triggered via workflow_dispatch about 29 minutes ago

JOBS
* iOS tests, release frameworks, and Swift wrapper (ID 102316312942)
  ✓ Set up job
  ✓ Start focused native job clock
  ✓ Check out source
  ✓ Validate verification scope
  ✓ Set up JDK 21
  * Run focused native continuation
  * Upload focused native evidence
  * Verify focused native cleanup and uploaded custody
  * Upload native continuation cleanup receipt
  * Observe hosted native processes without an app build
  * Upload bounded process-probe evidence
  * Verify process-probe cleanup and uploaded custody
  * Upload process-probe cleanup receipt
  * Claim fresh verification output ownership
  * Claim apple-aggregate native resource ownership
  * Record Xcode toolchain and exact source
  * Run iOS simulator tests, Apple static analysis, and release linkage gates
  * Stop Gradle after apple-aggregate and retire owned Apple resources
  * Validate iOS plist and privacy manifest
  * Claim apple-ui native resource ownership
  * Verify effective Debug and Release application identities
  * Launch Swift host and Compose root on iOS Simulator
  * Stop Gradle after apple-ui and retire owned Apple resources
  * Claim apple-wrapper native resource ownership
  * Build unsigned Swift Release wrapper
  * Stop Gradle after apple-wrapper and retire owned Apple resources
  * Inspect complete unsigned iOS Release package
  * Upload Apple verification evidence
  * Clean only attested verification outputs
  * Upload verification cleanup receipt
  * Post Set up JDK 21
  * Post Check out source
- Desktop, Kotlin Native, and Android resources strict verification (Windows x64) (ID 102316314201)
- Common, desktop, and Android release (ID 102316314271)
- Desktop strict verification (Linux arm64) (ID 102316314392)
- Desktop and Kotlin Native strict verification (macOS x64) (ID 102316314469)
Refreshing run status every 120 seconds. Press Ctrl+C to quit.

* fix/local-readiness-2026-09-07 Production verification · 34303850578
Triggered via workflow_dispatch about 31 minutes ago

JOBS
* iOS tests, release frameworks, and Swift wrapper (ID 102316312942)
  ✓ Set up job
  ✓ Start focused native job clock
  ✓ Check out source
  ✓ Validate verification scope
  ✓ Set up JDK 21
  * Run focused native continuation
  * Upload focused native evidence
  * Verify focused native cleanup and uploaded custody
  * Upload native continuation cleanup receipt
  * Observe hosted native processes without an app build
  * Upload bounded process-probe evidence
  * Verify process-probe cleanup and uploaded custody
  * Upload process-probe cleanup receipt
  * Claim fresh verification output ownership
  * Claim apple-aggregate native resource ownership
  * Record Xcode toolchain and exact source
  * Run iOS simulator tests, Apple static analysis, and release linkage gates
  * Stop Gradle after apple-aggregate and retire owned Apple resources
  * Validate iOS plist and privacy manifest
  * Claim apple-ui native resource ownership
  * Verify effective Debug and Release application identities
  * Launch Swift host and Compose root on iOS Simulator
  * Stop Gradle after apple-ui and retire owned Apple resources
  * Claim apple-wrapper native resource ownership
  * Build unsigned Swift Release wrapper
  * Stop Gradle after apple-wrapper and retire owned Apple resources
  * Inspect complete unsigned iOS Release package
  * Upload Apple verification evidence
  * Clean only attested verification outputs
  * Upload verification cleanup receipt
  * Post Set up JDK 21
  * Post Check out source
- Desktop, Kotlin Native, and Android resources strict verification (Windows x64) (ID 102316314201)
- Common, desktop, and Android release (ID 102316314271)
- Desktop strict verification (Linux arm64) (ID 102316314392)
- Desktop and Kotlin Native strict verification (macOS x64) (ID 102316314469)
Refreshing run status every 120 seconds. Press Ctrl+C to quit.

* fix/local-readiness-2026-09-07 Production verification · 34303850578
Triggered via workflow_dispatch about 33 minutes ago

JOBS
* iOS tests, release frameworks, and Swift wrapper (ID 102316312942)
  ✓ Set up job
  ✓ Start focused native job clock
  ✓ Check out source
  ✓ Validate verification scope
  ✓ Set up JDK 21
  * Run focused native continuation
  * Upload focused native evidence
  * Verify focused native cleanup and uploaded custody
  * Upload native continuation cleanup receipt
  * Observe hosted native processes without an app build
  * Upload bounded process-probe evidence
  * Verify process-probe cleanup and uploaded custody
  * Upload process-probe cleanup receipt
  * Claim fresh verification output ownership
  * Claim apple-aggregate native resource ownership
  * Record Xcode toolchain and exact source
  * Run iOS simulator tests, Apple static analysis, and release linkage gates
  * Stop Gradle after apple-aggregate and retire owned Apple resources
  * Validate iOS plist and privacy manifest
  * Claim apple-ui native resource ownership
  * Verify effective Debug and Release application identities
  * Launch Swift host and Compose root on iOS Simulator
  * Stop Gradle after apple-ui and retire owned Apple resources
  * Claim apple-wrapper native resource ownership
  * Build unsigned Swift Release wrapper
  * Stop Gradle after apple-wrapper and retire owned Apple resources
  * Inspect complete unsigned iOS Release package
  * Upload Apple verification evidence
  * Clean only attested verification outputs
  * Upload verification cleanup receipt
  * Post Set up JDK 21
  * Post Check out source
- Desktop, Kotlin Native, and Android resources strict verification (Windows x64) (ID 102316314201)
- Common, desktop, and Android release (ID 102316314271)
- Desktop strict verification (Linux arm64) (ID 102316314392)
- Desktop and Kotlin Native strict verification (macOS x64) (ID 102316314469)
Refreshing run status every 120 seconds. Press Ctrl+C to quit.

* fix/local-readiness-2026-09-07 Production verification · 34303850578
Triggered via workflow_dispatch about 35 minutes ago

JOBS
* iOS tests, release frameworks, and Swift wrapper (ID 102316312942)
  ✓ Set up job
  ✓ Start focused native job clock
  ✓ Check out source
  ✓ Validate verification scope
  ✓ Set up JDK 21
  * Run focused native continuation
  * Upload focused native evidence
  * Verify focused native cleanup and uploaded custody
  * Upload native continuation cleanup receipt
  * Observe hosted native processes without an app build
  * Upload bounded process-probe evidence
  * Verify process-probe cleanup and uploaded custody
  * Upload process-probe cleanup receipt
  * Claim fresh verification output ownership
  * Claim apple-aggregate native resource ownership
  * Record Xcode toolchain and exact source
  * Run iOS simulator tests, Apple static analysis, and release linkage gates
  * Stop Gradle after apple-aggregate and retire owned Apple resources
  * Validate iOS plist and privacy manifest
  * Claim apple-ui native resource ownership
  * Verify effective Debug and Release application identities
  * Launch Swift host and Compose root on iOS Simulator
  * Stop Gradle after apple-ui and retire owned Apple resources
  * Claim apple-wrapper native resource ownership
  * Build unsigned Swift Release wrapper
  * Stop Gradle after apple-wrapper and retire owned Apple resources
  * Inspect complete unsigned iOS Release package
  * Upload Apple verification evidence
  * Clean only attested verification outputs
  * Upload verification cleanup receipt
  * Post Set up JDK 21
  * Post Check out source
- Desktop, Kotlin Native, and Android resources strict verification (Windows x64) (ID 102316314201)
- Common, desktop, and Android release (ID 102316314271)
- Desktop strict verification (Linux arm64) (ID 102316314392)
- Desktop and Kotlin Native strict verification (macOS x64) (ID 102316314469)
Refreshing run status every 120 seconds. Press Ctrl+C to quit.

* fix/local-readiness-2026-09-07 Production verification · 34303850578
Triggered via workflow_dispatch about 38 minutes ago

JOBS
* iOS tests, release frameworks, and Swift wrapper (ID 102316312942)
  ✓ Set up job
  ✓ Start focused native job clock
  ✓ Check out source
  ✓ Validate verification scope
  ✓ Set up JDK 21
  * Run focused native continuation
  * Upload focused native evidence
  * Verify focused native cleanup and uploaded custody
  * Upload native continuation cleanup receipt
  * Observe hosted native processes without an app build
  * Upload bounded process-probe evidence
  * Verify process-probe cleanup and uploaded custody
  * Upload process-probe cleanup receipt
  * Claim fresh verification output ownership
  * Claim apple-aggregate native resource ownership
  * Record Xcode toolchain and exact source
  * Run iOS simulator tests, Apple static analysis, and release linkage gates
  * Stop Gradle after apple-aggregate and retire owned Apple resources
  * Validate iOS plist and privacy manifest
  * Claim apple-ui native resource ownership
  * Verify effective Debug and Release application identities
  * Launch Swift host and Compose root on iOS Simulator
  * Stop Gradle after apple-ui and retire owned Apple resources
  * Claim apple-wrapper native resource ownership
  * Build unsigned Swift Release wrapper
  * Stop Gradle after apple-wrapper and retire owned Apple resources
  * Inspect complete unsigned iOS Release package
  * Upload Apple verification evidence
  * Clean only attested verification outputs
  * Upload verification cleanup receipt
  * Post Set up JDK 21
  * Post Check out source
- Desktop, Kotlin Native, and Android resources strict verification (Windows x64) (ID 102316314201)
- Common, desktop, and Android release (ID 102316314271)
- Desktop strict verification (Linux arm64) (ID 102316314392)
- Desktop and Kotlin Native strict verification (macOS x64) (ID 102316314469)
Refreshing run status every 120 seconds. Press Ctrl+C to quit.

* fix/local-readiness-2026-09-07 Production verification · 34303850578
Triggered via workflow_dispatch about 40 minutes ago

JOBS
* iOS tests, release frameworks, and Swift wrapper (ID 102316312942)
  ✓ Set up job
  ✓ Start focused native job clock
  ✓ Check out source
  ✓ Validate verification scope
  ✓ Set up JDK 21
  * Run focused native continuation
  * Upload focused native evidence
  * Verify focused native cleanup and uploaded custody
  * Upload native continuation cleanup receipt
  * Observe hosted native processes without an app build
  * Upload bounded process-probe evidence
  * Verify process-probe cleanup and uploaded custody
  * Upload process-probe cleanup receipt
  * Claim fresh verification output ownership
  * Claim apple-aggregate native resource ownership
  * Record Xcode toolchain and exact source
  * Run iOS simulator tests, Apple static analysis, and release linkage gates
  * Stop Gradle after apple-aggregate and retire owned Apple resources
  * Validate iOS plist and privacy manifest
  * Claim apple-ui native resource ownership
  * Verify effective Debug and Release application identities
  * Launch Swift host and Compose root on iOS Simulator
  * Stop Gradle after apple-ui and retire owned Apple resources
  * Claim apple-wrapper native resource ownership
  * Build unsigned Swift Release wrapper
  * Stop Gradle after apple-wrapper and retire owned Apple resources
  * Inspect complete unsigned iOS Release package
  * Upload Apple verification evidence
  * Clean only attested verification outputs
  * Upload verification cleanup receipt
  * Post Set up JDK 21
  * Post Check out source
- Desktop, Kotlin Native, and Android resources strict verification (Windows x64) (ID 102316314201)
- Common, desktop, and Android release (ID 102316314271)
- Desktop strict verification (Linux arm64) (ID 102316314392)
- Desktop and Kotlin Native strict verification (macOS x64) (ID 102316314469)
Refreshing run status every 120 seconds. Press Ctrl+C to quit.

* fix/local-readiness-2026-09-07 Production verification · 34303850578
Triggered via workflow_dispatch about 42 minutes ago

JOBS
* iOS tests, release frameworks, and Swift wrapper (ID 102316312942)
  ✓ Set up job
  ✓ Start focused native job clock
  ✓ Check out source
  ✓ Validate verification scope
  ✓ Set up JDK 21
  * Run focused native continuation
  * Upload focused native evidence
  * Verify focused native cleanup and uploaded custody
  * Upload native continuation cleanup receipt
  * Observe hosted native processes without an app build
  * Upload bounded process-probe evidence
  * Verify process-probe cleanup and uploaded custody
  * Upload process-probe cleanup receipt
  * Claim fresh verification output ownership
  * Claim apple-aggregate native resource ownership
  * Record Xcode toolchain and exact source
  * Run iOS simulator tests, Apple static analysis, and release linkage gates
  * Stop Gradle after apple-aggregate and retire owned Apple resources
  * Validate iOS plist and privacy manifest
  * Claim apple-ui native resource ownership
  * Verify effective Debug and Release application identities
  * Launch Swift host and Compose root on iOS Simulator
  * Stop Gradle after apple-ui and retire owned Apple resources
  * Claim apple-wrapper native resource ownership
  * Build unsigned Swift Release wrapper
  * Stop Gradle after apple-wrapper and retire owned Apple resources
  * Inspect complete unsigned iOS Release package
  * Upload Apple verification evidence
  * Clean only attested verification outputs
  * Upload verification cleanup receipt
  * Post Set up JDK 21
  * Post Check out source
- Desktop, Kotlin Native, and Android resources strict verification (Windows x64) (ID 102316314201)
- Common, desktop, and Android release (ID 102316314271)
- Desktop strict verification (Linux arm64) (ID 102316314392)
- Desktop and Kotlin Native strict verification (macOS x64) (ID 102316314469)
Refreshing run status every 120 seconds. Press Ctrl+C to quit.

* fix/local-readiness-2026-09-07 Production verification · 34303850578
Triggered via workflow_dispatch about 44 minutes ago

JOBS
* iOS tests, release frameworks, and Swift wrapper (ID 102316312942)
  ✓ Set up job
  ✓ Start focused native job clock
  ✓ Check out source
  ✓ Validate verification scope
  ✓ Set up JDK 21
  * Run focused native continuation
  * Upload focused native evidence
  * Verify focused native cleanup and uploaded custody
  * Upload native continuation cleanup receipt
  * Observe hosted native processes without an app build
  * Upload bounded process-probe evidence
  * Verify process-probe cleanup and uploaded custody
  * Upload process-probe cleanup receipt
  * Claim fresh verification output ownership
  * Claim apple-aggregate native resource ownership
  * Record Xcode toolchain and exact source
  * Run iOS simulator tests, Apple static analysis, and release linkage gates
  * Stop Gradle after apple-aggregate and retire owned Apple resources
  * Validate iOS plist and privacy manifest
  * Claim apple-ui native resource ownership
  * Verify effective Debug and Release application identities
  * Launch Swift host and Compose root on iOS Simulator
  * Stop Gradle after apple-ui and retire owned Apple resources
  * Claim apple-wrapper native resource ownership
  * Build unsigned Swift Release wrapper
  * Stop Gradle after apple-wrapper and retire owned Apple resources
  * Inspect complete unsigned iOS Release package
  * Upload Apple verification evidence
  * Clean only attested verification outputs
  * Upload verification cleanup receipt
  * Post Set up JDK 21
  * Post Check out source
- Desktop, Kotlin Native, and Android resources strict verification (Windows x64) (ID 102316314201)
- Common, desktop, and Android release (ID 102316314271)
- Desktop strict verification (Linux arm64) (ID 102316314392)
- Desktop and Kotlin Native strict verification (macOS x64) (ID 102316314469)
Refreshing run status every 120 seconds. Press Ctrl+C to quit.

* fix/local-readiness-2026-09-07 Production verification · 34303850578
Triggered via workflow_dispatch about 46 minutes ago

JOBS
* iOS tests, release frameworks, and Swift wrapper (ID 102316312942)
  ✓ Set up job
  ✓ Start focused native job clock
  ✓ Check out source
  ✓ Validate verification scope
  ✓ Set up JDK 21
  * Run focused native continuation
  * Upload focused native evidence
  * Verify focused native cleanup and uploaded custody
  * Upload native continuation cleanup receipt
  * Observe hosted native processes without an app build
  * Upload bounded process-probe evidence
  * Verify process-probe cleanup and uploaded custody
  * Upload process-probe cleanup receipt
  * Claim fresh verification output ownership
  * Claim apple-aggregate native resource ownership
  * Record Xcode toolchain and exact source
  * Run iOS simulator tests, Apple static analysis, and release linkage gates
  * Stop Gradle after apple-aggregate and retire owned Apple resources
  * Validate iOS plist and privacy manifest
  * Claim apple-ui native resource ownership
  * Verify effective Debug and Release application identities
  * Launch Swift host and Compose root on iOS Simulator
  * Stop Gradle after apple-ui and retire owned Apple resources
  * Claim apple-wrapper native resource ownership
  * Build unsigned Swift Release wrapper
  * Stop Gradle after apple-wrapper and retire owned Apple resources
  * Inspect complete unsigned iOS Release package
  * Upload Apple verification evidence
  * Clean only attested verification outputs
  * Upload verification cleanup receipt
  * Post Set up JDK 21
  * Post Check out source
- Desktop, Kotlin Native, and Android resources strict verification (Windows x64) (ID 102316314201)
- Common, desktop, and Android release (ID 102316314271)
- Desktop strict verification (Linux arm64) (ID 102316314392)
- Desktop and Kotlin Native strict verification (macOS x64) (ID 102316314469)
Refreshing run status every 120 seconds. Press Ctrl+C to quit.

* fix/local-readiness-2026-09-07 Production verification · 34303850578
Triggered via workflow_dispatch about 48 minutes ago

JOBS
* iOS tests, release frameworks, and Swift wrapper (ID 102316312942)
  ✓ Set up job
  ✓ Start focused native job clock
  ✓ Check out source
  ✓ Validate verification scope
  ✓ Set up JDK 21
  * Run focused native continuation
  * Upload focused native evidence
  * Verify focused native cleanup and uploaded custody
  * Upload native continuation cleanup receipt
  * Observe hosted native processes without an app build
  * Upload bounded process-probe evidence
  * Verify process-probe cleanup and uploaded custody
  * Upload process-probe cleanup receipt
  * Claim fresh verification output ownership
  * Claim apple-aggregate native resource ownership
  * Record Xcode toolchain and exact source
  * Run iOS simulator tests, Apple static analysis, and release linkage gates
  * Stop Gradle after apple-aggregate and retire owned Apple resources
  * Validate iOS plist and privacy manifest
  * Claim apple-ui native resource ownership
  * Verify effective Debug and Release application identities
  * Launch Swift host and Compose root on iOS Simulator
  * Stop Gradle after apple-ui and retire owned Apple resources
  * Claim apple-wrapper native resource ownership
  * Build unsigned Swift Release wrapper
  * Stop Gradle after apple-wrapper and retire owned Apple resources
  * Inspect complete unsigned iOS Release package
  * Upload Apple verification evidence
  * Clean only attested verification outputs
  * Upload verification cleanup receipt
  * Post Set up JDK 21
  * Post Check out source
- Desktop, Kotlin Native, and Android resources strict verification (Windows x64) (ID 102316314201)
- Common, desktop, and Android release (ID 102316314271)
- Desktop strict verification (Linux arm64) (ID 102316314392)
- Desktop and Kotlin Native strict verification (macOS x64) (ID 102316314469)
Refreshing run status every 120 seconds. Press Ctrl+C to quit.

* fix/local-readiness-2026-09-07 Production verification · 34303850578
Triggered via workflow_dispatch about 50 minutes ago

JOBS
* iOS tests, release frameworks, and Swift wrapper (ID 102316312942)
  ✓ Set up job
  ✓ Start focused native job clock
  ✓ Check out source
  ✓ Validate verification scope
  ✓ Set up JDK 21
  * Run focused native continuation
  * Upload focused native evidence
  * Verify focused native cleanup and uploaded custody
  * Upload native continuation cleanup receipt
  * Observe hosted native processes without an app build
  * Upload bounded process-probe evidence
  * Verify process-probe cleanup and uploaded custody
  * Upload process-probe cleanup receipt
  * Claim fresh verification output ownership
  * Claim apple-aggregate native resource ownership
  * Record Xcode toolchain and exact source
  * Run iOS simulator tests, Apple static analysis, and release linkage gates
  * Stop Gradle after apple-aggregate and retire owned Apple resources
  * Validate iOS plist and privacy manifest
  * Claim apple-ui native resource ownership
  * Verify effective Debug and Release application identities
  * Launch Swift host and Compose root on iOS Simulator
  * Stop Gradle after apple-ui and retire owned Apple resources
  * Claim apple-wrapper native resource ownership
  * Build unsigned Swift Release wrapper
  * Stop Gradle after apple-wrapper and retire owned Apple resources
  * Inspect complete unsigned iOS Release package
  * Upload Apple verification evidence
  * Clean only attested verification outputs
  * Upload verification cleanup receipt
  * Post Set up JDK 21
  * Post Check out source
- Desktop, Kotlin Native, and Android resources strict verification (Windows x64) (ID 102316314201)
- Common, desktop, and Android release (ID 102316314271)
- Desktop strict verification (Linux arm64) (ID 102316314392)
- Desktop and Kotlin Native strict verification (macOS x64) (ID 102316314469)
Refreshing run status every 120 seconds. Press Ctrl+C to quit.

* fix/local-readiness-2026-09-07 Production verification · 34303850578
Triggered via workflow_dispatch about 52 minutes ago

JOBS
* iOS tests, release frameworks, and Swift wrapper (ID 102316312942)
  ✓ Set up job
  ✓ Start focused native job clock
  ✓ Check out source
  ✓ Validate verification scope
  ✓ Set up JDK 21
  * Run focused native continuation
  * Upload focused native evidence
  * Verify focused native cleanup and uploaded custody
  * Upload native continuation cleanup receipt
  * Observe hosted native processes without an app build
  * Upload bounded process-probe evidence
  * Verify process-probe cleanup and uploaded custody
  * Upload process-probe cleanup receipt
  * Claim fresh verification output ownership
  * Claim apple-aggregate native resource ownership
  * Record Xcode toolchain and exact source
  * Run iOS simulator tests, Apple static analysis, and release linkage gates
  * Stop Gradle after apple-aggregate and retire owned Apple resources
  * Validate iOS plist and privacy manifest
  * Claim apple-ui native resource ownership
  * Verify effective Debug and Release application identities
  * Launch Swift host and Compose root on iOS Simulator
  * Stop Gradle after apple-ui and retire owned Apple resources
  * Claim apple-wrapper native resource ownership
  * Build unsigned Swift Release wrapper
  * Stop Gradle after apple-wrapper and retire owned Apple resources
  * Inspect complete unsigned iOS Release package
  * Upload Apple verification evidence
  * Clean only attested verification outputs
  * Upload verification cleanup receipt
  * Post Set up JDK 21
  * Post Check out source
- Desktop, Kotlin Native, and Android resources strict verification (Windows x64) (ID 102316314201)
- Common, desktop, and Android release (ID 102316314271)
- Desktop strict verification (Linux arm64) (ID 102316314392)
- Desktop and Kotlin Native strict verification (macOS x64) (ID 102316314469)
Refreshing run status every 120 seconds. Press Ctrl+C to quit.

* fix/local-readiness-2026-09-07 Production verification · 34303850578
Triggered via workflow_dispatch about 54 minutes ago

JOBS
* iOS tests, release frameworks, and Swift wrapper (ID 102316312942)
  ✓ Set up job
  ✓ Start focused native job clock
  ✓ Check out source
  ✓ Validate verification scope
  ✓ Set up JDK 21
  * Run focused native continuation
  * Upload focused native evidence
  * Verify focused native cleanup and uploaded custody
  * Upload native continuation cleanup receipt
  * Observe hosted native processes without an app build
  * Upload bounded process-probe evidence
  * Verify process-probe cleanup and uploaded custody
  * Upload process-probe cleanup receipt
  * Claim fresh verification output ownership
  * Claim apple-aggregate native resource ownership
  * Record Xcode toolchain and exact source
  * Run iOS simulator tests, Apple static analysis, and release linkage gates
  * Stop Gradle after apple-aggregate and retire owned Apple resources
  * Validate iOS plist and privacy manifest
  * Claim apple-ui native resource ownership
  * Verify effective Debug and Release application identities
  * Launch Swift host and Compose root on iOS Simulator
  * Stop Gradle after apple-ui and retire owned Apple resources
  * Claim apple-wrapper native resource ownership
  * Build unsigned Swift Release wrapper
  * Stop Gradle after apple-wrapper and retire owned Apple resources
  * Inspect complete unsigned iOS Release package
  * Upload Apple verification evidence
  * Clean only attested verification outputs
  * Upload verification cleanup receipt
  * Post Set up JDK 21
  * Post Check out source
- Desktop, Kotlin Native, and Android resources strict verification (Windows x64) (ID 102316314201)
- Common, desktop, and Android release (ID 102316314271)
- Desktop strict verification (Linux arm64) (ID 102316314392)
- Desktop and Kotlin Native strict verification (macOS x64) (ID 102316314469)
X fix/local-readiness-2026-09-07 Production verification · 34303850578
Triggered via workflow_dispatch about 56 minutes ago

JOBS
X iOS tests, release frameworks, and Swift wrapper in 55m34s (ID 102316312942)
  ✓ Set up job
  ✓ Start focused native job clock
  ✓ Check out source
  ✓ Validate verification scope
  ✓ Set up JDK 21
  X Run focused native continuation
  ✓ Upload focused native evidence
  ✓ Verify focused native cleanup and uploaded custody
  ✓ Upload native continuation cleanup receipt
  - Observe hosted native processes without an app build
  - Upload bounded process-probe evidence
  - Verify process-probe cleanup and uploaded custody
  - Upload process-probe cleanup receipt
  - Claim fresh verification output ownership
  - Claim apple-aggregate native resource ownership
  - Record Xcode toolchain and exact source
  - Run iOS simulator tests, Apple static analysis, and release linkage gates
  - Stop Gradle after apple-aggregate and retire owned Apple resources
  - Validate iOS plist and privacy manifest
  - Claim apple-ui native resource ownership
  - Verify effective Debug and Release application identities
  - Launch Swift host and Compose root on iOS Simulator
  - Stop Gradle after apple-ui and retire owned Apple resources
  - Claim apple-wrapper native resource ownership
  - Build unsigned Swift Release wrapper
  - Stop Gradle after apple-wrapper and retire owned Apple resources
  - Inspect complete unsigned iOS Release package
  - Upload Apple verification evidence
  - Clean only attested verification outputs
  - Upload verification cleanup receipt
  ✓ Post Set up JDK 21
  ✓ Post Check out source
  ✓ Complete job
- Desktop, Kotlin Native, and Android resources strict verification (Windows x64) (ID 102316314201)
- Common, desktop, and Android release (ID 102316314271)
- Desktop strict verification (Linux arm64) (ID 102316314392)
- Desktop and Kotlin Native strict verification (macOS x64) (ID 102316314469)
