626a5096b4aab37ee449abe45ec8f6d4d8c0d4801fb2acb8c83b1e17e8a3f3ed  scripts/verification/ios-settings-sheet/settings_sheet_probe.py
1f3716f315f990a02b9e21e7b71f7db91833de852f4cd3f97530d6c1d4db9292  scripts/verification/ios-settings-sheet/test_settings_sheet_probe.py
87afd5bc709a5bf83a672e6acc43983783cb38b878beac00722233c6b93777d1  remediation-runs/2026-09-08-continuation/reviews/windows-targeted-collector-01/collect_windows.py
86ba36a466b82a57af610cafaddb4d28e979ed96978f6c703abe9bf6e0ecb53d  remediation-runs/2026-09-08-continuation/reviews/windows-targeted-collector-01/test_collect_windows.py
test_exact_capture_rejects_forgery_excess_labels_and_wrong_actual_test (test_settings_sheet_probe.SettingsSheetControlsTest.test_exact_capture_rejects_forgery_excess_labels_and_wrong_actual_test) ... ok
test_failed_swift_build_marks_real_barrier_stops_and_preserves_before_reraising (test_settings_sheet_probe.SettingsSheetControlsTest.test_failed_swift_build_marks_real_barrier_stops_and_preserves_before_reraising) ... ok
test_missing_results_are_retention_only_and_failed_ack_is_not_cleanup_permission (test_settings_sheet_probe.SettingsSheetControlsTest.test_missing_results_are_retention_only_and_failed_ack_is_not_cleanup_permission) ... ok
test_private_binding_includes_every_unchanged_normal_control (test_settings_sheet_probe.SettingsSheetControlsTest.test_private_binding_includes_every_unchanged_normal_control) ... ok
test_project_and_scheme_build_only_existing_test_target_and_reject_drift (test_settings_sheet_probe.SettingsSheetControlsTest.test_project_and_scheme_build_only_existing_test_target_and_reject_drift) ... ok

----------------------------------------------------------------------
Ran 5 tests in 0.076s

OK
test_failed_windows_never_turns_historical_or_unattested_xml_into_current (__main__.WindowsCollectorShapeTests.test_failed_windows_never_turns_historical_or_unattested_xml_into_current) ... ok
test_one_windows_job_accepts_four_skipped_jobs_without_checkout_steps (__main__.WindowsCollectorShapeTests.test_one_windows_job_accepts_four_skipped_jobs_without_checkout_steps) ... ok
test_wrong_scope_or_active_job_shape_fails_before_side_effects (__main__.WindowsCollectorShapeTests.test_wrong_scope_or_active_job_shape_fails_before_side_effects) ... ok

----------------------------------------------------------------------
Ran 3 tests in 0.004s

OK
626a5096b4aab37ee449abe45ec8f6d4d8c0d4801fb2acb8c83b1e17e8a3f3ed  scripts/verification/ios-settings-sheet/settings_sheet_probe.py
1f3716f315f990a02b9e21e7b71f7db91833de852f4cd3f97530d6c1d4db9292  scripts/verification/ios-settings-sheet/test_settings_sheet_probe.py
87afd5bc709a5bf83a672e6acc43983783cb38b878beac00722233c6b93777d1  remediation-runs/2026-09-08-continuation/reviews/windows-targeted-collector-01/collect_windows.py
86ba36a466b82a57af610cafaddb4d28e979ed96978f6c703abe9bf6e0ecb53d  remediation-runs/2026-09-08-continuation/reviews/windows-targeted-collector-01/test_collect_windows.py
