test_actual_compiler_rejects_wrong_duplicate_or_missing_major (__main__.GradleLanePortabilityTests.test_actual_compiler_rejects_wrong_duplicate_or_missing_major) ... ok
test_actual_probe_failure_and_oversized_output_are_rejected (__main__.GradleLanePortabilityTests.test_actual_probe_failure_and_oversized_output_are_rejected) ... ok
test_actual_runtime_and_compiler_are_owned_bounded_and_recorded (__main__.GradleLanePortabilityTests.test_actual_runtime_and_compiler_are_owned_bounded_and_recorded) ... ok
test_actual_runtime_rejects_wrong_duplicate_or_missing_major (__main__.GradleLanePortabilityTests.test_actual_runtime_rejects_wrong_duplicate_or_missing_major) ... ok
test_actual_runtime_requires_matching_unique_home (__main__.GradleLanePortabilityTests.test_actual_runtime_requires_matching_unique_home) ... ok
test_explicit_java_home_alias_is_canonicalized (__main__.GradleLanePortabilityTests.test_explicit_java_home_alias_is_canonicalized) ... ok
test_jdk_requires_executable_java_and_javac (__main__.GradleLanePortabilityTests.test_jdk_requires_executable_java_and_javac) ... ok
test_linux_java_home_must_be_absolute (__main__.GradleLanePortabilityTests.test_linux_java_home_must_be_absolute) ... ok
test_linux_requires_explicit_java_home_without_path_fallback (__main__.GradleLanePortabilityTests.test_linux_requires_explicit_java_home_without_path_fallback) ... ok
test_linux_sdk_has_no_implicit_or_relative_fallback (__main__.GradleLanePortabilityTests.test_linux_sdk_has_no_implicit_or_relative_fallback) ... ok
test_linux_static_preflight_spawns_nothing (__main__.GradleLanePortabilityTests.test_linux_static_preflight_spawns_nothing) ... ok
test_macos_retains_bounded_java_home_selector (__main__.GradleLanePortabilityTests.test_macos_retains_bounded_java_home_selector) ... ok
test_macos_retains_existing_sdk_location_without_env_override (__main__.GradleLanePortabilityTests.test_macos_retains_existing_sdk_location_without_env_override) ... ok
test_missing_or_oversized_release_is_rejected (__main__.GradleLanePortabilityTests.test_missing_or_oversized_release_is_rejected) ... ok
test_other_hosts_are_rejected (__main__.GradleLanePortabilityTests.test_other_hosts_are_rejected) ... ok
test_release_requires_exact_major21_and_unique_declaration (__main__.GradleLanePortabilityTests.test_release_requires_exact_major21_and_unique_declaration) ... ok
test_runtime_probe_failure_still_stops_and_cleans_owned_lane (__main__.GradleLanePortabilityTests.test_runtime_probe_failure_still_stops_and_cleans_owned_lane) ... ok
test_sdk_never_falls_back_to_another_tool_version (__main__.GradleLanePortabilityTests.test_sdk_never_falls_back_to_another_tool_version) ... ok
test_sdk_roots_must_agree_after_canonicalization (__main__.GradleLanePortabilityTests.test_sdk_roots_must_agree_after_canonicalization) ... ok
test_sdk_tool_must_be_executable (__main__.GradleLanePortabilityTests.test_sdk_tool_must_be_executable) ... ok
test_static_preflight_failure_allocates_no_evidence_or_scratch (__main__.GradleLanePortabilityTests.test_static_preflight_failure_allocates_no_evidence_or_scratch) ... ok

----------------------------------------------------------------------
Ran 21 tests in 0.037s

OK
