FOCUSED_COMMAND native-route-workflow-python
test_actual_run_native_requests_mode_and_refuses_unsafe_evidence_before_a_second_lane (scripts.release.tests.test_native_continuation.DirectLifecycleAdapterTest.test_actual_run_native_requests_mode_and_refuses_unsafe_evidence_before_a_second_lane) ... ok
test_complete_synthetic_cleanup_is_not_runtime_pass_and_legacy_is_not_new_authority (scripts.release.tests.test_native_continuation.DirectLifecycleAdapterTest.test_complete_synthetic_cleanup_is_not_runtime_pass_and_legacy_is_not_new_authority) ... ok
test_l08_only_uses_actual_a_adapter_guards_without_b_claim_or_directory (scripts.release.tests.test_native_continuation.DirectLifecycleAdapterTest.test_l08_only_uses_actual_a_adapter_guards_without_b_claim_or_directory) ... ok
test_prebuild_cleanup_requires_explicit_matching_no_build_marker_not_missing_log_inference (scripts.release.tests.test_native_continuation.DirectLifecycleAdapterTest.test_prebuild_cleanup_requires_explicit_matching_no_build_marker_not_missing_log_inference) ... ok
test_rehashed_journal_cannot_change_custody_intent_order_source_or_absence (scripts.release.tests.test_native_continuation.DirectLifecycleAdapterTest.test_rehashed_journal_cannot_change_custody_intent_order_source_or_absence) ... ok
test_schema_malformed_missing_mode_reap_barrier_identity_and_preservation_fail_closed (scripts.release.tests.test_native_continuation.DirectLifecycleAdapterTest.test_schema_malformed_missing_mode_reap_barrier_identity_and_preservation_fail_closed) ... ok
test_artifact_cannot_come_from_another_repository_or_run (scripts.release.tests.test_native_continuation.NativeArtifactTest.test_artifact_cannot_come_from_another_repository_or_run) ... ok
test_authenticated_api_is_read_only_and_fixed_to_the_same_repository (scripts.release.tests.test_native_continuation.NativeArtifactTest.test_authenticated_api_is_read_only_and_fixed_to_the_same_repository) ... ok
test_download_rejects_untrusted_or_plaintext_redirects (scripts.release.tests.test_native_continuation.NativeArtifactTest.test_download_rejects_untrusted_or_plaintext_redirects) ... ok
test_exact_preflight_zip_and_package_are_accepted_without_execution (scripts.release.tests.test_native_continuation.NativeArtifactTest.test_exact_preflight_zip_and_package_are_accepted_without_execution) ... ok
test_package_cannot_claim_runtime_pass_or_accept_duplicate_json_keys (scripts.release.tests.test_native_continuation.NativeArtifactTest.test_package_cannot_claim_runtime_pass_or_accept_duplicate_json_keys) ... ok
test_package_rejects_root_source_attempt_binding_or_review_hash_drift (scripts.release.tests.test_native_continuation.NativeArtifactTest.test_package_rejects_root_source_attempt_binding_or_review_hash_drift) ... ok
test_producer_requires_exact_successful_attempt_source_workflow_and_artifact (scripts.release.tests.test_native_continuation.NativeArtifactTest.test_producer_requires_exact_successful_attempt_source_workflow_and_artifact) ... ok
test_retained_api_observation_supports_offline_validation_without_urls_or_actor_data (scripts.release.tests.test_native_continuation.NativeArtifactTest.test_retained_api_observation_supports_offline_validation_without_urls_or_actor_data) ... ok
test_signed_download_never_forwards_the_api_token (scripts.release.tests.test_native_continuation.NativeArtifactTest.test_signed_download_never_forwards_the_api_token) ... ok
test_zip_has_independent_archive_and_member_size_limits (scripts.release.tests.test_native_continuation.NativeArtifactTest.test_zip_has_independent_archive_and_member_size_limits) ... ok
test_zip_refuses_path_traversal_extras_duplicates_and_missing_entries (scripts.release.tests.test_native_continuation.NativeArtifactTest.test_zip_refuses_path_traversal_extras_duplicates_and_missing_entries) ... ok
test_zip_refuses_symlink_fifo_and_encrypted_members (scripts.release.tests.test_native_continuation.NativeArtifactTest.test_zip_refuses_symlink_fifo_and_encrypted_members) ... ok
test_archived_a16_and_b15_actual_cleanup_shapes_remain_compatible (scripts.release.tests.test_native_continuation.NativeCleanupTest.test_archived_a16_and_b15_actual_cleanup_shapes_remain_compatible) ... ok
test_changed_hash_inode_or_symlink_prevents_any_cleanup_deletion (scripts.release.tests.test_native_continuation.NativeCleanupTest.test_changed_hash_inode_or_symlink_prevents_any_cleanup_deletion) ... ok
test_cleanup_refuses_contradictory_worker_holder_source_or_stop_receipts (scripts.release.tests.test_native_continuation.NativeCleanupTest.test_cleanup_refuses_contradictory_worker_holder_source_or_stop_receipts) ... ok
test_cleanup_removes_only_owned_outputs_after_successful_upload (scripts.release.tests.test_native_continuation.NativeCleanupTest.test_cleanup_removes_only_owned_outputs_after_successful_upload) ... ok
test_directory_read_failure_cannot_be_silently_omitted_from_preservation (scripts.release.tests.test_native_continuation.NativeCleanupTest.test_directory_read_failure_cannot_be_silently_omitted_from_preservation) ... ok
test_failed_missing_upload_or_unsafe_cleanup_preserves_last_local_custody (scripts.release.tests.test_native_continuation.NativeCleanupTest.test_failed_missing_upload_or_unsafe_cleanup_preserves_last_local_custody) ... ok
test_failed_strict_receipt_can_be_cleanup_safe_without_becoming_pass (scripts.release.tests.test_native_continuation.NativeCleanupTest.test_failed_strict_receipt_can_be_cleanup_safe_without_becoming_pass) ... ok
test_l08_only_cleanup_binds_selection_and_removes_only_its_exact_a_directory (scripts.release.tests.test_native_continuation.NativeCleanupTest.test_l08_only_cleanup_binds_selection_and_removes_only_its_exact_a_directory) ... ok
test_l08_only_status_never_synthesizes_combined_pass_or_invokes_b (scripts.release.tests.test_native_continuation.NativeCleanupTest.test_l08_only_status_never_synthesizes_combined_pass_or_invokes_b) ... ok
test_malformed_native_receipt_is_preserved_before_parsing (scripts.release.tests.test_native_continuation.NativeCleanupTest.test_malformed_native_receipt_is_preserved_before_parsing) ... ok
test_missing_receipt_and_partial_preservation_retain_available_raw_logs (scripts.release.tests.test_native_continuation.NativeCleanupTest.test_missing_receipt_and_partial_preservation_retain_available_raw_logs) ... ok
test_native_a_partial_runs_b_but_unsafe_cleanup_does_not (scripts.release.tests.test_native_continuation.NativeCleanupTest.test_native_a_partial_runs_b_but_unsafe_cleanup_does_not) ... ok
test_native_timeout_sends_term_and_waits_for_finalizer_without_kill (scripts.release.tests.test_native_continuation.NativeCleanupTest.test_native_timeout_sends_term_and_waits_for_finalizer_without_kill) ... ok
test_native_unfinished_finalizer_keeps_cleanup_unsafe_and_does_not_kill (scripts.release.tests.test_native_continuation.NativeCleanupTest.test_native_unfinished_finalizer_keeps_cleanup_unsafe_and_does_not_kill) ... ok
test_post_descriptor_hardlink_or_mode_change_is_not_hidden_by_stable_path_inode (scripts.release.tests.test_native_continuation.NativeCleanupTest.test_post_descriptor_hardlink_or_mode_change_is_not_hidden_by_stable_path_inode) ... ok
test_postqualification_deletion_failure_is_not_reported_as_pass (scripts.release.tests.test_native_continuation.NativeCleanupTest.test_postqualification_deletion_failure_is_not_reported_as_pass) ... ok
test_prebuild_toolchain_failure_does_not_invent_a_gradle_attempt (scripts.release.tests.test_native_continuation.NativeCleanupTest.test_prebuild_toolchain_failure_does_not_invent_a_gradle_attempt) ... ok
test_signal_during_popen_assignment_is_forwarded_after_exact_child_is_known (scripts.release.tests.test_native_continuation.NativeCleanupTest.test_signal_during_popen_assignment_is_forwarded_after_exact_child_is_known) ... ok
test_unsafe_file_descriptor_or_symlink_is_rejected (scripts.release.tests.test_native_continuation.NativeCleanupTest.test_unsafe_file_descriptor_or_symlink_is_rejected) ... ok
test_unselected_b_claims_or_scope_selection_status_drift_refuse_all_cleanup_deletion (scripts.release.tests.test_native_continuation.NativeCleanupTest.test_unselected_b_claims_or_scope_selection_status_drift_refuse_all_cleanup_deletion) ... ok
test_a21_shaped_timeout_negative_exit_and_unreached_xcode_exit_assignment_still_block_b (scripts.release.tests.test_native_continuation.NativeInnerFailureAdmissionTest.test_a21_shaped_timeout_negative_exit_and_unreached_xcode_exit_assignment_still_block_b) ... ok
test_b_admission_oracle_detects_a_mutant_that_ignores_inner_execution_failure (scripts.release.tests.test_native_continuation.NativeInnerFailureAdmissionTest.test_b_admission_oracle_detects_a_mutant_that_ignores_inner_execution_failure) ... ok
test_b_budget_denial_after_actual_safe_a_keeps_a_cleanup_authority_and_has_no_b_child_or_receipt (scripts.release.tests.test_native_continuation.NativeInnerFailureAdmissionTest.test_b_budget_denial_after_actual_safe_a_keeps_a_cleanup_authority_and_has_no_b_child_or_receipt) ... ok
test_direct_runtimeerror_timeout_code_refuses_b_after_truthful_prebuild_cleanup (scripts.release.tests.test_native_continuation.NativeInnerFailureAdmissionTest.test_direct_runtimeerror_timeout_code_refuses_b_after_truthful_prebuild_cleanup) ... ok
test_independent_command_type_and_code_oracles_kill_only_their_actual_classifier_guard_mutant (scripts.release.tests.test_native_continuation.NativeInnerFailureAdmissionTest.test_independent_command_type_and_code_oracles_kill_only_their_actual_classifier_guard_mutant) ... ok
test_inner_command_timeout_or_cancellation_refuses_b_even_when_top_error_is_ordinary (scripts.release.tests.test_native_continuation.NativeInnerFailureAdmissionTest.test_inner_command_timeout_or_cancellation_refuses_b_even_when_top_error_is_ordinary) ... ok
test_inner_markers_and_deferred_signal_shapes_are_exact_not_truthy (scripts.release.tests.test_native_continuation.NativeInnerFailureAdmissionTest.test_inner_markers_and_deferred_signal_shapes_are_exact_not_truthy) ... ok
test_inner_receipt_timeout_or_cancellation_refuses_b_despite_complete_cleanup_and_no_outer_signal (scripts.release.tests.test_native_continuation.NativeInnerFailureAdmissionTest.test_inner_receipt_timeout_or_cancellation_refuses_b_despite_complete_cleanup_and_no_outer_signal) ... ok
test_malformed_command_collections_are_refused_before_b_and_preserved_raw (scripts.release.tests.test_native_continuation.NativeInnerFailureAdmissionTest.test_malformed_command_collections_are_refused_before_b_and_preserved_raw) ... ok
test_ordinary_strict_failure_still_admits_independent_b_without_reclassifying_a (scripts.release.tests.test_native_continuation.NativeInnerFailureAdmissionTest.test_ordinary_strict_failure_still_admits_independent_b_without_reclassifying_a) ... ok
test_outer_signaled_or_malformed_exit_denies_b_even_when_inner_execution_and_cleanup_are_valid (scripts.release.tests.test_native_continuation.NativeInnerFailureAdmissionTest.test_outer_signaled_or_malformed_exit_denies_b_even_when_inner_execution_and_cleanup_are_valid) ... ok
test_present_malformed_inner_error_shapes_never_become_absent_error_success (scripts.release.tests.test_native_continuation.NativeInnerFailureAdmissionTest.test_present_malformed_inner_error_shapes_never_become_absent_error_success) ... ok
test_secondary_and_raw_preservation_interruptions_or_bad_shapes_deny_b_separately (scripts.release.tests.test_native_continuation.NativeInnerFailureAdmissionTest.test_secondary_and_raw_preservation_interruptions_or_bad_shapes_deny_b_separately) ... ok
test_semantic_direct_timeout_codes_are_rejected_independently_of_negative_exit_guard (scripts.release.tests.test_native_continuation.NativeInnerFailureAdmissionTest.test_semantic_direct_timeout_codes_are_rejected_independently_of_negative_exit_guard) ... ok
test_signaled_or_malformed_command_exit_without_a_python_primary_cannot_admit_b (scripts.release.tests.test_native_continuation.NativeInnerFailureAdmissionTest.test_signaled_or_malformed_command_exit_without_a_python_primary_cannot_admit_b) ... ok
test_actual_consumer_uses_shared_raw_kernel_clock_not_python_process_or_wall_clock (scripts.release.tests.test_native_continuation.NativeJobBudgetAdmissionTest.test_actual_consumer_uses_shared_raw_kernel_clock_not_python_process_or_wall_clock) ... ok
test_clock_context_schema_and_start_are_exact_not_coercible (scripts.release.tests.test_native_continuation.NativeJobBudgetAdmissionTest.test_clock_context_schema_and_start_are_exact_not_coercible) ... ok
test_fresh_a_and_b_require_complete_unchanged_child_grace_and_cleanup_reserve (scripts.release.tests.test_native_continuation.NativeJobBudgetAdmissionTest.test_fresh_a_and_b_require_complete_unchanged_child_grace_and_cleanup_reserve) ... ok
test_full_budget_boundary_is_nanosecond_exact_without_shrinking_wait_or_grace (scripts.release.tests.test_native_continuation.NativeJobBudgetAdmissionTest.test_full_budget_boundary_is_nanosecond_exact_without_shrinking_wait_or_grace) ... ok
test_future_clock_and_non_evidence_scope_fail_closed (scripts.release.tests.test_native_continuation.NativeJobBudgetAdmissionTest.test_future_clock_and_non_evidence_scope_fail_closed) ... ok
test_l08_only_never_admits_unselected_b_or_bypasses_a_budget (scripts.release.tests.test_native_continuation.NativeJobBudgetAdmissionTest.test_l08_only_never_admits_unselected_b_or_bypasses_a_budget) ... ok
test_missing_malformed_duplicated_or_unbounded_clock_denies_before_any_ownership_reset (scripts.release.tests.test_native_continuation.NativeJobBudgetAdmissionTest.test_missing_malformed_duplicated_or_unbounded_clock_denies_before_any_ownership_reset) ... ok
test_preownership_denial_oracle_detects_mutant_that_skips_budget_admission (scripts.release.tests.test_native_continuation.NativeJobBudgetAdmissionTest.test_preownership_denial_oracle_detects_mutant_that_skips_budget_admission) ... ok
test_unavailable_kernel_clock_is_durably_denied_without_creating_a_run (scripts.release.tests.test_native_continuation.NativeJobBudgetAdmissionTest.test_unavailable_kernel_clock_is_durably_denied_without_creating_a_run) ... ok
test_fetch_rejects_zip_digest_before_install_and_live_control_drift_before_build (scripts.release.tests.test_native_continuation.NativePreflightTest.test_fetch_rejects_zip_digest_before_install_and_live_control_drift_before_build) ... ok
test_preflight_only_binds_and_observes_exact_selected_package (scripts.release.tests.test_native_continuation.NativePreflightTest.test_preflight_only_binds_and_observes_exact_selected_package) ... ok
test_frozen_context_requires_source_branch_workflow_and_full_history (scripts.release.tests.test_native_continuation.NativeScopeTest.test_frozen_context_requires_source_branch_workflow_and_full_history) ... ok
test_invalid_selection_is_rejected_by_cli_and_constructor_before_native_resources (scripts.release.tests.test_native_continuation.NativeScopeTest.test_invalid_selection_is_rejected_by_cli_and_constructor_before_native_resources) ... ok
test_l08_only_selection_and_b_not_run_are_bound_even_when_a_fails (scripts.release.tests.test_native_continuation.NativeScopeTest.test_l08_only_selection_and_b_not_run_are_bound_even_when_a_fails) ... ok
test_native_selection_defaults_to_paired_and_is_closed (scripts.release.tests.test_native_continuation.NativeScopeTest.test_native_selection_defaults_to_paired_and_is_closed) ... ok
test_only_explicit_supported_dispatch_scopes_are_accepted (scripts.release.tests.test_native_continuation.NativeScopeTest.test_only_explicit_supported_dispatch_scopes_are_accepted) ... ok
test_probe_executor_is_injected_without_replacing_default_commands (scripts.release.tests.test_native_continuation.NativeScopeTest.test_probe_executor_is_injected_without_replacing_default_commands) ... ok
test_push_and_pr_always_select_full_even_if_input_is_present (scripts.release.tests.test_native_continuation.NativeScopeTest.test_push_and_pr_always_select_full_even_if_input_is_present) ... ok
test_actual_os_adapter_retains_bootstrap_failure_and_never_bypasses_inner_or_cleanup_failure (scripts.release.tests.test_native_continuation.OSRecoverySelectionTest.test_actual_os_adapter_retains_bootstrap_failure_and_never_bypasses_inner_or_cleanup_failure) ... ok
test_actual_xcode_exit_cannot_be_hidden_by_stage_status_or_exit (scripts.release.tests.test_native_continuation.OSRecoverySelectionTest.test_actual_xcode_exit_cannot_be_hidden_by_stage_status_or_exit) ... ok
test_no_build_has_no_invented_stops_or_runtime_success (scripts.release.tests.test_native_continuation.OSRecoverySelectionTest.test_no_build_has_no_invented_stops_or_runtime_success) ... ok
test_os_cleanup_requires_exact_attempted_prefix_and_does_not_relax_old_two_stops (scripts.release.tests.test_native_continuation.OSRecoverySelectionTest.test_os_cleanup_requires_exact_attempted_prefix_and_does_not_relax_old_two_stops) ... ok
test_os_native_wait_job_and_unselected_lanes_are_exact (scripts.release.tests.test_native_continuation.OSRecoverySelectionTest.test_os_native_wait_job_and_unselected_lanes_are_exact) ... ok
test_os_preflight_domain_cannot_consume_settings_or_paired_packages (scripts.release.tests.test_native_continuation.OSRecoverySelectionTest.test_os_preflight_domain_cannot_consume_settings_or_paired_packages) ... ok
test_os_requires_its_explicit_probe_hash_before_any_api_or_native_work (scripts.release.tests.test_native_continuation.OSRecoverySelectionTest.test_os_requires_its_explicit_probe_hash_before_any_api_or_native_work) ... ok
test_stage_pass_needs_real_zero_exit_and_unique_non_ab_success_status (scripts.release.tests.test_native_continuation.OSRecoverySelectionTest.test_stage_pass_needs_real_zero_exit_and_unique_non_ab_success_status) ... ok
test_actual_adapter_preserves_strict_results_without_promoting_or_bypassing_existing_guards (scripts.release.tests.test_native_continuation.ProtectionApplicationSelectionTest.test_actual_adapter_preserves_strict_results_without_promoting_or_bypassing_existing_guards) ... ok
test_application_admission_and_bounded_wait_use_only_the_approved_ninety_minute_budget (scripts.release.tests.test_native_continuation.ProtectionApplicationSelectionTest.test_application_admission_and_bounded_wait_use_only_the_approved_ninety_minute_budget) ... ok
test_application_preflight_and_approval_cannot_reuse_another_lane_domain (scripts.release.tests.test_native_continuation.ProtectionApplicationSelectionTest.test_application_preflight_and_approval_cannot_reuse_another_lane_domain) ... ok
test_explicit_application_probe_approval_and_separate_preflight_are_required_before_api (scripts.release.tests.test_native_continuation.ProtectionApplicationSelectionTest.test_explicit_application_probe_approval_and_separate_preflight_are_required_before_api) ... ok
test_capture_is_not_a_b_or_combined_pass_and_has_one_short_admission (scripts.release.tests.test_native_continuation.SettingsSheetSelectionTest.test_capture_is_not_a_b_or_combined_pass_and_has_one_short_admission) ... ok
test_disjoint_package_and_approval_domain_before_native_work (scripts.release.tests.test_native_continuation.SettingsSheetSelectionTest.test_disjoint_package_and_approval_domain_before_native_work) ... ok
test_actual_struct_layout_and_self_fields_are_observed_without_task_or_argv_api (scripts.release.tests.test_native_process_probe.NativeMetadataObservationTest.test_actual_struct_layout_and_self_fields_are_observed_without_task_or_argv_api) ... ok
test_permission_denial_is_explicit_partial_not_a_missing_or_cleaned_worker (scripts.release.tests.test_native_process_probe.NativeMetadataObservationTest.test_permission_denial_is_explicit_partial_not_a_missing_or_cleaned_worker) ... ok
test_pid_enumeration_truncation_or_duplicate_rows_fail_closed (scripts.release.tests.test_native_process_probe.NativeMetadataObservationTest.test_pid_enumeration_truncation_or_duplicate_rows_fail_closed) ... ok
test_short_self_metadata_cannot_be_a_successful_observation (scripts.release.tests.test_native_process_probe.NativeMetadataObservationTest.test_short_self_metadata_cannot_be_a_successful_observation) ... ok
test_budget_refuses_launch_rather_than_shortening_fifteen_seconds (scripts.release.tests.test_native_process_probe.ProbeBoundedCaptureTest.test_budget_refuses_launch_rather_than_shortening_fifteen_seconds) ... ok
test_capture_drains_bounded_pipes_and_never_persists_raw_bytes (scripts.release.tests.test_native_process_probe.ProbeBoundedCaptureTest.test_capture_drains_bounded_pipes_and_never_persists_raw_bytes) ... ok
test_cleanup_capture_continues_when_receipt_writes_fail (scripts.release.tests.test_native_process_probe.ProbeBoundedCaptureTest.test_cleanup_capture_continues_when_receipt_writes_fail) ... ok
test_explicit_command_timeout_is_honored_or_rejected_not_silently_capped (scripts.release.tests.test_native_process_probe.ProbeBoundedCaptureTest.test_explicit_command_timeout_is_honored_or_rejected_not_silently_capped) ... ok
test_failed_durable_intent_prevents_launch_and_never_exports_exception_text (scripts.release.tests.test_native_process_probe.ProbeBoundedCaptureTest.test_failed_durable_intent_prevents_launch_and_never_exports_exception_text) ... ok
test_failed_or_unreaped_sample_cannot_claim_usable_frames (scripts.release.tests.test_native_process_probe.ProbeBoundedCaptureTest.test_failed_or_unreaped_sample_cannot_claim_usable_frames) ... ok
test_only_exact_qualified_simulator_enumerations_restore_one_hundred_twenty_seconds (scripts.release.tests.test_native_process_probe.ProbeBoundedCaptureTest.test_only_exact_qualified_simulator_enumerations_restore_one_hundred_twenty_seconds) ... ok
test_only_original_ps_may_be_sampled (scripts.release.tests.test_native_process_probe.ProbeBoundedCaptureTest.test_only_original_ps_may_be_sampled) ... ok
test_output_limit_is_enforced_before_unbounded_accumulation (scripts.release.tests.test_native_process_probe.ProbeBoundedCaptureTest.test_output_limit_is_enforced_before_unbounded_accumulation) ... ok
test_postlaunch_and_final_write_failures_still_retire_direct_child (scripts.release.tests.test_native_process_probe.ProbeBoundedCaptureTest.test_postlaunch_and_final_write_failures_still_retire_direct_child) ... ok
test_qualified_enumeration_timeout_with_partial_bytes_stays_failed_without_retry (scripts.release.tests.test_native_process_probe.ProbeBoundedCaptureTest.test_qualified_enumeration_timeout_with_partial_bytes_stays_failed_without_retry) ... ok
test_qualified_enumeration_without_full_budget_is_skipped_not_shortened_or_retried (scripts.release.tests.test_native_process_probe.ProbeBoundedCaptureTest.test_qualified_enumeration_without_full_budget_is_skipped_not_shortened_or_retried) ... ok
test_real_qualifier_routes_both_enumeration_budgets_and_rejects_timeout_at_either_seam (scripts.release.tests.test_native_process_probe.ProbeBoundedCaptureTest.test_real_qualifier_routes_both_enumeration_budgets_and_rejects_timeout_at_either_seam) ... ok
test_required_reconciliation_commands_fit_twenty_second_cleanup_stage (scripts.release.tests.test_native_process_probe.ProbeBoundedCaptureTest.test_required_reconciliation_commands_fit_twenty_second_cleanup_stage) ... ok
test_sample_exception_cannot_mask_primary_timeout_or_disclose_text (scripts.release.tests.test_native_process_probe.ProbeBoundedCaptureTest.test_sample_exception_cannot_mask_primary_timeout_or_disclose_text) ... ok
test_signal_before_launch_does_not_launch_or_block_child_masks (scripts.release.tests.test_native_process_probe.ProbeBoundedCaptureTest.test_signal_before_launch_does_not_launch_or_block_child_masks) ... ok
test_timeout_is_latched_before_owned_sample_even_if_ps_exits_during_sample (scripts.release.tests.test_native_process_probe.ProbeBoundedCaptureTest.test_timeout_is_latched_before_owned_sample_even_if_ps_exits_during_sample) ... ok
test_cleanup_receipt_write_failures_do_not_abort_later_independent_finalizers (scripts.release.tests.test_native_process_probe.ProbeLifecycleTest.test_cleanup_receipt_write_failures_do_not_abort_later_independent_finalizers) ... ok
test_complete_synthetic_glue_is_observation_only_not_an_always_fail_fixture (scripts.release.tests.test_native_process_probe.ProbeLifecycleTest.test_complete_synthetic_glue_is_observation_only_not_an_always_fail_fixture) ... ok
test_constructor_failure_is_signal_protected_and_retires_owned_handle (scripts.release.tests.test_native_process_probe.ProbeLifecycleTest.test_constructor_failure_is_signal_protected_and_retires_owned_handle) ... ok
test_failed_qualification_is_named_and_blocks_all_observations_without_skipping_cleanup (scripts.release.tests.test_native_process_probe.ProbeLifecycleTest.test_failed_qualification_is_named_and_blocks_all_observations_without_skipping_cleanup) ... ok
test_initial_checkpoint_failure_is_inside_resource_finalizer (scripts.release.tests.test_native_process_probe.ProbeLifecycleTest.test_initial_checkpoint_failure_is_inside_resource_finalizer) ... ok
test_partial_metadata_deliberately_fails_even_with_all_commands_and_cleanup_complete (scripts.release.tests.test_native_process_probe.ProbeLifecycleTest.test_partial_metadata_deliberately_fails_even_with_all_commands_and_cleanup_complete) ... ok
test_settings_tail_wait_notices_signal_without_waiting_sixty_seconds (scripts.release.tests.test_native_process_probe.ProbeLifecycleTest.test_settings_tail_wait_notices_signal_without_waiting_sixty_seconds) ... ok
test_changed_source_controls_custody_or_preservation_refuses_evidence_deletion (scripts.release.tests.test_native_process_probe.ProbePrivacyAndCustodyTest.test_changed_source_controls_custody_or_preservation_refuses_evidence_deletion) ... ok
test_confirmed_upload_allows_deletion_but_preserves_failed_probe_verdict (scripts.release.tests.test_native_process_probe.ProbePrivacyAndCustodyTest.test_confirmed_upload_allows_deletion_but_preserves_failed_probe_verdict) ... ok
test_every_lsof_warning_holder_or_invalid_empty_success_preserves_resources (scripts.release.tests.test_native_process_probe.ProbePrivacyAndCustodyTest.test_every_lsof_warning_holder_or_invalid_empty_success_preserves_resources) ... ok
test_mutated_uploaded_bundle_or_unretired_resources_block_staging_deletion (scripts.release.tests.test_native_process_probe.ProbePrivacyAndCustodyTest.test_mutated_uploaded_bundle_or_unretired_resources_block_staging_deletion) ... ok
test_no_upload_id_digest_or_success_preserves_last_evidence (scripts.release.tests.test_native_process_probe.ProbePrivacyAndCustodyTest.test_no_upload_id_digest_or_success_preserves_last_evidence) ... ok
test_numeric_summary_cannot_export_argv_or_promote_a_timed_out_partial_table (scripts.release.tests.test_native_process_probe.ProbePrivacyAndCustodyTest.test_numeric_summary_cannot_export_argv_or_promote_a_timed_out_partial_table) ... ok
test_stack_filter_drops_headers_private_paths_and_unbounded_or_unknown_lines (scripts.release.tests.test_native_process_probe.ProbePrivacyAndCustodyTest.test_stack_filter_drops_headers_private_paths_and_unbounded_or_unknown_lines) ... ok
test_unreaped_or_cleanup_failed_lsof_cannot_authorize_resource_deletion (scripts.release.tests.test_native_process_probe.ProbePrivacyAndCustodyTest.test_unreaped_or_cleanup_failed_lsof_cannot_authorize_resource_deletion) ... ok
test_bootstatus_uses_evidence_based_bound_without_changing_original_ps (scripts.release.tests.test_native_process_probe.ProbeSimulatorGlueTest.test_bootstatus_uses_evidence_based_bound_without_changing_original_ps) ... ok
test_exact_qualified_simulator_is_journaled_once_before_boot_and_retired_by_uuid (scripts.release.tests.test_native_process_probe.ProbeSimulatorGlueTest.test_exact_qualified_simulator_is_journaled_once_before_boot_and_retired_by_uuid) ... ok
test_failed_plan_write_never_creates_and_interrupted_create_reuses_only_attested_intent (scripts.release.tests.test_native_process_probe.ProbeSimulatorGlueTest.test_failed_plan_write_never_creates_and_interrupted_create_reuses_only_attested_intent) ... ok
test_changed_original_timeout_or_fields_cannot_be_silently_compared (scripts.release.tests.test_native_process_probe.ProbeSourceContractTest.test_changed_original_timeout_or_fields_cannot_be_silently_compared) ... ok
test_complete_runtime_closure_and_control_hash_are_explicit (scripts.release.tests.test_native_process_probe.ProbeSourceContractTest.test_complete_runtime_closure_and_control_hash_are_explicit) ... ok
test_environment_is_an_allowlist_not_only_one_token_exclusion (scripts.release.tests.test_native_process_probe.ProbeSourceContractTest.test_environment_is_an_allowlist_not_only_one_token_exclusion) ... ok
test_full_non_app_scope_is_explicit_and_cycles_do_not_reuse_failed_labels (scripts.release.tests.test_native_process_probe.ProbeSourceContractTest.test_full_non_app_scope_is_explicit_and_cycles_do_not_reuse_failed_labels) ... ok
test_nonbuilding_xcode_arguments_have_no_build_or_test_action (scripts.release.tests.test_native_process_probe.ProbeSourceContractTest.test_nonbuilding_xcode_arguments_have_no_build_or_test_action) ... ok
test_original_command_and_timeout_are_bound_without_importing_runner (scripts.release.tests.test_native_process_probe.ProbeSourceContractTest.test_original_command_and_timeout_are_bound_without_importing_runner) ... ok
test_actual_first_step_clock_producer_emits_exact_shared_kernel_and_run_source_token (scripts.release.tests.test_workflow_contract.WorkflowContractTest.test_actual_first_step_clock_producer_emits_exact_shared_kernel_and_run_source_token) ... ok
test_all_release_temporary_directories_use_signal_safe_cleanup (scripts.release.tests.test_workflow_contract.WorkflowContractTest.test_all_release_temporary_directories_use_signal_safe_cleanup) ... ok
test_android_and_ios_release_packages_must_verify_notice_bytes (scripts.release.tests.test_workflow_contract.WorkflowContractTest.test_android_and_ios_release_packages_must_verify_notice_bytes) ... ok
test_android_cleanup_admission_is_bound_and_before_sdk_and_ownership (scripts.release.tests.test_workflow_contract.WorkflowContractTest.test_android_cleanup_admission_is_bound_and_before_sdk_and_ownership) ... ok
test_android_cleanup_scope_runs_only_managed_runtime_and_standard_custody (scripts.release.tests.test_workflow_contract.WorkflowContractTest.test_android_cleanup_scope_runs_only_managed_runtime_and_standard_custody) ... ok
test_apple_signing_and_upload_scripts_require_identity_approval (scripts.release.tests.test_workflow_contract.WorkflowContractTest.test_apple_signing_and_upload_scripts_require_identity_approval) ... ok
test_candidate_build_number_claim_cannot_be_removed (scripts.release.tests.test_workflow_contract.WorkflowContractTest.test_candidate_build_number_claim_cannot_be_removed) ... ok
test_candidate_bundletool_download_must_be_bounded (scripts.release.tests.test_workflow_contract.WorkflowContractTest.test_candidate_bundletool_download_must_be_bounded) ... ok
test_candidate_claim_requires_a_secretless_protected_environment (scripts.release.tests.test_workflow_contract.WorkflowContractTest.test_candidate_claim_requires_a_secretless_protected_environment) ... ok
test_candidate_claim_transaction_cannot_be_scoped_per_sha (scripts.release.tests.test_workflow_contract.WorkflowContractTest.test_candidate_claim_transaction_cannot_be_scoped_per_sha) ... ok
test_candidate_dependency_and_validation_evidence_must_be_retained (scripts.release.tests.test_workflow_contract.WorkflowContractTest.test_candidate_dependency_and_validation_evidence_must_be_retained) ... ok
test_candidate_dependency_report_must_use_release_runtime (scripts.release.tests.test_workflow_contract.WorkflowContractTest.test_candidate_dependency_report_must_use_release_runtime) ... ok
test_candidate_preflight_requires_reviewed_managed_device_image (scripts.release.tests.test_workflow_contract.WorkflowContractTest.test_candidate_preflight_requires_reviewed_managed_device_image) ... ok
test_complete_ios_inventory_requires_successful_build_and_cleanup (scripts.release.tests.test_workflow_contract.WorkflowContractTest.test_complete_ios_inventory_requires_successful_build_and_cleanup) ... ok
test_each_apple_cleanup_binds_only_its_two_actual_cycles (scripts.release.tests.test_workflow_contract.WorkflowContractTest.test_each_apple_cleanup_binds_only_its_two_actual_cycles) ... ok
test_each_apple_job_requires_its_own_checkout_jdk_and_common_cleanup_commands (scripts.release.tests.test_workflow_contract.WorkflowContractTest.test_each_apple_job_requires_its_own_checkout_jdk_and_common_cleanup_commands) ... ok
test_each_apple_job_requires_its_own_exact_source_and_toolchain_guard_body (scripts.release.tests.test_workflow_contract.WorkflowContractTest.test_each_apple_job_requires_its_own_exact_source_and_toolchain_guard_body) ... ok
test_every_store_workflow_job_is_repository_disabled (scripts.release.tests.test_workflow_contract.WorkflowContractTest.test_every_store_workflow_job_is_repository_disabled) ... ok
test_external_partial_rerun_evidence_cannot_be_removed (scripts.release.tests.test_workflow_contract.WorkflowContractTest.test_external_partial_rerun_evidence_cannot_be_removed) ... ok
test_focused_native_modes_do_not_weaken_full_verification (scripts.release.tests.test_workflow_contract.WorkflowContractTest.test_focused_native_modes_do_not_weaken_full_verification) ... ok
test_ios_app_launch_cannot_delay_finalization_or_claim_ownership_after_launch (scripts.release.tests.test_workflow_contract.WorkflowContractTest.test_ios_app_launch_cannot_delay_finalization_or_claim_ownership_after_launch) ... ok
test_ios_app_launch_requires_its_own_preparation_and_finalization (scripts.release.tests.test_workflow_contract.WorkflowContractTest.test_ios_app_launch_requires_its_own_preparation_and_finalization) ... ok
test_ios_app_launch_requires_owned_simulator_and_nonparallel_execution (scripts.release.tests.test_workflow_contract.WorkflowContractTest.test_ios_app_launch_requires_owned_simulator_and_nonparallel_execution) ... ok
test_ios_app_launch_ui_test_cannot_be_replaced_with_a_build (scripts.release.tests.test_workflow_contract.WorkflowContractTest.test_ios_app_launch_ui_test_cannot_be_replaced_with_a_build) ... ok
test_ios_artifact_validator_enforces_pinned_store_toolchain (scripts.release.tests.test_workflow_contract.WorkflowContractTest.test_ios_artifact_validator_enforces_pinned_store_toolchain) ... ok
test_ios_build_phases_do_not_inherit_source_signing_secrets (scripts.release.tests.test_workflow_contract.WorkflowContractTest.test_ios_build_phases_do_not_inherit_source_signing_secrets) ... ok
test_ios_profile_refusal_cannot_delete_a_preexisting_profile (scripts.release.tests.test_workflow_contract.WorkflowContractTest.test_ios_profile_refusal_cannot_delete_a_preexisting_profile) ... ok
test_ios_signing_cleanup_is_fail_closed (scripts.release.tests.test_workflow_contract.WorkflowContractTest.test_ios_signing_cleanup_is_fail_closed) ... ok
test_ios_upload_uses_scoped_key_directory_and_removes_raw_response (scripts.release.tests.test_workflow_contract.WorkflowContractTest.test_ios_upload_uses_scoped_key_directory_and_removes_raw_response) ... ok
test_linux_full_cleanup_reader_is_explicit_and_cannot_leak_to_other_jobs (scripts.release.tests.test_workflow_contract.WorkflowContractTest.test_linux_full_cleanup_reader_is_explicit_and_cannot_leak_to_other_jobs) ... ok
test_linux_probe_cannot_run_full_work_or_other_hosts (scripts.release.tests.test_workflow_contract.WorkflowContractTest.test_linux_probe_cannot_run_full_work_or_other_hosts) ... ok
test_linux_probe_emulator_package_prerequisite_is_bounded_and_after_admission (scripts.release.tests.test_workflow_contract.WorkflowContractTest.test_linux_probe_emulator_package_prerequisite_is_bounded_and_after_admission) ... ok
test_linux_probe_requires_bound_inputs_and_exact_compact_uploads (scripts.release.tests.test_workflow_contract.WorkflowContractTest.test_linux_probe_requires_bound_inputs_and_exact_compact_uploads) ... ok
test_managed_device_runner_cannot_use_production_signing_material (scripts.release.tests.test_workflow_contract.WorkflowContractTest.test_managed_device_runner_cannot_use_production_signing_material) ... ok
test_missing_shared_store_lock_is_rejected (scripts.release.tests.test_workflow_contract.WorkflowContractTest.test_missing_shared_store_lock_is_rejected) ... ok
test_mobile_release_kit_android_signing_fallbacks_remain_bounded (scripts.release.tests.test_workflow_contract.WorkflowContractTest.test_mobile_release_kit_android_signing_fallbacks_remain_bounded) ... ok
test_mobile_release_kit_ios_signing_mapping_is_release_target_only (scripts.release.tests.test_workflow_contract.WorkflowContractTest.test_mobile_release_kit_ios_signing_mapping_is_release_target_only) ... ok
test_mutable_action_reference_is_rejected (scripts.release.tests.test_workflow_contract.WorkflowContractTest.test_mutable_action_reference_is_rejected) ... ok
test_native_clock_cannot_be_restarted_later_or_moved_after_checkout (scripts.release.tests.test_workflow_contract.WorkflowContractTest.test_native_clock_cannot_be_restarted_later_or_moved_after_checkout) ... ok
test_native_clock_step_rejects_unshared_clocks_extra_code_fields_and_context_weakening (scripts.release.tests.test_workflow_contract.WorkflowContractTest.test_native_clock_step_rejects_unshared_clocks_extra_code_fields_and_context_weakening) ... ok
test_native_evidence_only_job_budget_and_all_other_scope_ceilings_are_exact (scripts.release.tests.test_workflow_contract.WorkflowContractTest.test_native_evidence_only_job_budget_and_all_other_scope_ceilings_are_exact) ... ok
test_native_selection_is_closed_paired_default_and_cannot_be_duplicated (scripts.release.tests.test_workflow_contract.WorkflowContractTest.test_native_selection_is_closed_paired_default_and_cannot_be_duplicated) ... ok
test_native_selection_validation_execution_and_cleanup_use_identical_input (scripts.release.tests.test_workflow_contract.WorkflowContractTest.test_native_selection_validation_execution_and_cleanup_use_identical_input) ... ok
test_new_store_workflow_job_cannot_omit_the_release_stop (scripts.release.tests.test_workflow_contract.WorkflowContractTest.test_new_store_workflow_job_cannot_omit_the_release_stop) ... ok
test_non_app_probe_requires_explicit_review_no_token_and_uploaded_custody (scripts.release.tests.test_workflow_contract.WorkflowContractTest.test_non_app_probe_requires_explicit_review_no_token_and_uploaded_custody) ... ok
test_probe_cannot_precede_scope_validation_or_upload (scripts.release.tests.test_workflow_contract.WorkflowContractTest.test_probe_cannot_precede_scope_validation_or_upload) ... ok
test_probe_cleanup_binding_timeout_and_artifact_paths_are_exact (scripts.release.tests.test_workflow_contract.WorkflowContractTest.test_probe_cleanup_binding_timeout_and_artifact_paths_are_exact) ... ok
test_production_build_command_is_rejected (scripts.release.tests.test_workflow_contract.WorkflowContractTest.test_production_build_command_is_rejected) ... ok
test_production_push_trigger_is_rejected (scripts.release.tests.test_workflow_contract.WorkflowContractTest.test_production_push_trigger_is_rejected) ... ok
test_production_without_external_receipt_attestation_is_rejected (scripts.release.tests.test_workflow_contract.WorkflowContractTest.test_production_without_external_receipt_attestation_is_rejected) ... ok
test_production_without_its_own_receipt_attestations_is_rejected (scripts.release.tests.test_workflow_contract.WorkflowContractTest.test_production_without_its_own_receipt_attestations_is_rejected) ... ok
test_promotion_without_candidate_attestation_is_rejected (scripts.release.tests.test_workflow_contract.WorkflowContractTest.test_promotion_without_candidate_attestation_is_rejected) ... ok
test_protection_assertion_rebinds_main_custody_instead_of_inheriting_cleanup_step_env (scripts.release.tests.test_workflow_contract.WorkflowContractTest.test_protection_assertion_rebinds_main_custody_instead_of_inheriting_cleanup_step_env) ... ok
test_protection_probe_artifacts_are_strict_compact_and_run_bound (scripts.release.tests.test_workflow_contract.WorkflowContractTest.test_protection_probe_artifacts_are_strict_compact_and_run_bound) ... ok
test_protection_probe_finalizers_bind_actual_upload_run_and_cleanup_outcomes (scripts.release.tests.test_workflow_contract.WorkflowContractTest.test_protection_probe_finalizers_bind_actual_upload_run_and_cleanup_outcomes) ... ok
test_protection_probe_is_opt_in_and_excluded_from_every_full_job (scripts.release.tests.test_workflow_contract.WorkflowContractTest.test_protection_probe_is_opt_in_and_excluded_from_every_full_job) ... ok
test_protection_probe_requires_exact_reviewed_source_control_toolchain_and_jdk (scripts.release.tests.test_workflow_contract.WorkflowContractTest.test_protection_probe_requires_exact_reviewed_source_control_toolchain_and_jdk) ... ok
test_protection_probe_requires_only_the_standalone_commands_and_order (scripts.release.tests.test_workflow_contract.WorkflowContractTest.test_protection_probe_requires_only_the_standalone_commands_and_order) ... ok
test_release_policy_includes_the_candidate_control_environment (scripts.release.tests.test_workflow_contract.WorkflowContractTest.test_release_policy_includes_the_candidate_control_environment) ... ok
test_release_system_enforces_review_inventory_freshness (scripts.release.tests.test_workflow_contract.WorkflowContractTest.test_release_system_enforces_review_inventory_freshness) ... ok
test_release_tool_download_failure_cannot_false_pass (scripts.release.tests.test_workflow_contract.WorkflowContractTest.test_release_tool_download_failure_cannot_false_pass) ... ok
test_repository_workflows_satisfy_release_contract (scripts.release.tests.test_workflow_contract.WorkflowContractTest.test_repository_workflows_satisfy_release_contract) ... ok
test_review_inventory_gate_has_full_git_history (scripts.release.tests.test_workflow_contract.WorkflowContractTest.test_review_inventory_gate_has_full_git_history) ... ok
test_scoped_full_finalizers_reject_every_nonexact_predicate (scripts.release.tests.test_workflow_contract.WorkflowContractTest.test_scoped_full_finalizers_reject_every_nonexact_predicate) ... ok
test_settings_os_and_protection_selections_require_the_explicit_shared_probe_hash_binding (scripts.release.tests.test_workflow_contract.WorkflowContractTest.test_settings_os_and_protection_selections_require_the_explicit_shared_probe_hash_binding) ... ok
test_split_apple_aggregates_cannot_drop_static_analysis_or_duplicate_runtime (scripts.release.tests.test_workflow_contract.WorkflowContractTest.test_split_apple_aggregates_cannot_drop_static_analysis_or_duplicate_runtime) ... ok
test_split_apple_evidence_names_reports_and_cleanup_paths_are_job_bound (scripts.release.tests.test_workflow_contract.WorkflowContractTest.test_split_apple_evidence_names_reports_and_cleanup_paths_are_job_bound) ... ok
test_split_apple_jobs_are_six_full_jobs_plus_one_opt_in_probe (scripts.release.tests.test_workflow_contract.WorkflowContractTest.test_split_apple_jobs_are_six_full_jobs_plus_one_opt_in_probe) ... ok
test_store_workflow_without_identity_ownership_gate_is_rejected (scripts.release.tests.test_workflow_contract.WorkflowContractTest.test_store_workflow_without_identity_ownership_gate_is_rejected) ... ok
test_unreviewed_workflow_file_is_rejected (scripts.release.tests.test_workflow_contract.WorkflowContractTest.test_unreviewed_workflow_file_is_rejected) ... ok
test_unsigned_android_inventory_is_required_and_tool_cleanup_is_scoped (scripts.release.tests.test_workflow_contract.WorkflowContractTest.test_unsigned_android_inventory_is_required_and_tool_cleanup_is_scoped) ... ok
test_validation_requires_release_managed_device_runtime_gate (scripts.release.tests.test_workflow_contract.WorkflowContractTest.test_validation_requires_release_managed_device_runtime_gate) ... ok
test_windows_checkout_long_paths_and_exact_source_are_required_before_checkout (scripts.release.tests.test_workflow_contract.WorkflowContractTest.test_windows_checkout_long_paths_and_exact_source_are_required_before_checkout) ... ok
test_windows_only_selection_cannot_skip_full_or_run_other_jobs (scripts.release.tests.test_workflow_contract.WorkflowContractTest.test_windows_only_selection_cannot_skip_full_or_run_other_jobs) ... ok
test_xcode_identity_guard_matches_the_exact_build_setting (scripts.release.tests.test_workflow_contract.WorkflowContractTest.test_xcode_identity_guard_matches_the_exact_build_setting) ... ok

----------------------------------------------------------------------
Ran 205 tests in 5.053s

OK
{"kind": "NATIVE_PROCESS_PROBE_NOT_APP_EVIDENCE", "status": "OBSERVATIONS_WITH_FAILURES_NOT_RUNTIME_EVIDENCE", "cleanup_safe": true, "preservation": {"failures": 10, "errors": [{"operation": "state-checkpoint", "error_type": "OSError"}, {"operation": "state-checkpoint", "error_type": "OSError"}, {"operation": "state-checkpoint", "error_type": "OSError"}, {"operation": "state-checkpoint", "error_type": "OSError"}, {"operation": "state-checkpoint", "error_type": "OSError"}, {"operation": "state-checkpoint", "error_type": "OSError"}, {"operation": "state-checkpoint", "error_type": "OSError"}, {"operation": "state-checkpoint", "error_type": "OSError"}, {"operation": "state-checkpoint", "error_type": "OSError"}, {"operation": "state-checkpoint", "error_type": "OSError"}]}}
{"kind": "NATIVE_PROCESS_PROBE_NOT_APP_EVIDENCE", "status": "OBSERVATIONS_COLLECTED_NOT_RUNTIME_EVIDENCE", "cleanup_safe": true, "preservation": {"failures": 0, "errors": []}}
{"kind": "NATIVE_PROCESS_PROBE_NOT_APP_EVIDENCE", "status": "OBSERVATIONS_WITH_FAILURES_NOT_RUNTIME_EVIDENCE", "cleanup_safe": true, "preservation": {"failures": 0, "errors": []}}
{"kind": "NATIVE_PROCESS_PROBE_NOT_APP_EVIDENCE", "status": "OBSERVATIONS_WITH_FAILURES_NOT_RUNTIME_EVIDENCE", "cleanup_safe": true, "preservation": {"failures": 8, "errors": [{"operation": "state-checkpoint", "error_type": "OSError"}, {"operation": "state-checkpoint", "error_type": "OSError"}, {"operation": "state-checkpoint", "error_type": "OSError"}, {"operation": "state-checkpoint", "error_type": "OSError"}, {"operation": "state-checkpoint", "error_type": "OSError"}, {"operation": "state-checkpoint", "error_type": "OSError"}, {"operation": "state-checkpoint", "error_type": "OSError"}, {"operation": "state-checkpoint", "error_type": "OSError"}]}}
{"kind": "NATIVE_PROCESS_PROBE_NOT_APP_EVIDENCE", "status": "OBSERVATIONS_WITH_FAILURES_NOT_RUNTIME_EVIDENCE", "cleanup_safe": true, "preservation": {"failures": 0, "errors": []}}
{"schema_version": 1, "context": {"head_sha": "aaaaaaaaaaaaaaaaaaaaaaaaaaaaaaaaaaaaaaaa"}, "kind": "PROCESS_PROBE_CUSTODY_CLEANUP", "status": "FAILED", "started_at": "2026-09-10T19:47:18.710274+00:00", "error_type": "RuntimeError", "finished_at": "2026-09-10T19:47:18.710561+00:00"}
{"schema_version": 1, "context": {"head_sha": "aaaaaaaaaaaaaaaaaaaaaaaaaaaaaaaaaaaaaaaa"}, "kind": "PROCESS_PROBE_CUSTODY_CLEANUP", "status": "FAILED", "started_at": "2026-09-10T19:47:18.715246+00:00", "error_type": "RuntimeError", "finished_at": "2026-09-10T19:47:18.715541+00:00"}
{"schema_version": 1, "context": {"head_sha": "aaaaaaaaaaaaaaaaaaaaaaaaaaaaaaaaaaaaaaaa"}, "kind": "PROCESS_PROBE_CUSTODY_CLEANUP", "status": "FAILED", "started_at": "2026-09-10T19:47:18.719285+00:00", "error_type": "RuntimeError", "finished_at": "2026-09-10T19:47:18.719661+00:00"}
{"schema_version": 1, "context": {"head_sha": "aaaaaaaaaaaaaaaaaaaaaaaaaaaaaaaaaaaaaaaa"}, "kind": "PROCESS_PROBE_CUSTODY_CLEANUP", "status": "FAILED", "started_at": "2026-09-10T19:47:18.722960+00:00", "upload": {"artifact_id": "100", "sha256": "cccccccccccccccccccccccccccccccccccccccccccccccccccccccccccccccc"}, "error_type": "RuntimeError", "finished_at": "2026-09-10T19:47:18.723332+00:00"}
{"schema_version": 1, "context": {"head_sha": "aaaaaaaaaaaaaaaaaaaaaaaaaaaaaaaaaaaaaaaa"}, "kind": "PROCESS_PROBE_CUSTODY_CLEANUP", "status": "COMPLETE", "started_at": "2026-09-10T19:47:18.729080+00:00", "upload": {"artifact_id": "100", "sha256": "cccccccccccccccccccccccccccccccccccccccccccccccccccccccccccccccc"}, "removed_owned_staging": true, "probe_status": "OBSERVATIONS_WITH_FAILURES_NOT_RUNTIME_EVIDENCE", "scope": "Custody cleanup only; probe status is preserved, not an application result.", "finished_at": "2026-09-10T19:47:18.730105+00:00"}
{"schema_version": 1, "context": {"head_sha": "aaaaaaaaaaaaaaaaaaaaaaaaaaaaaaaaaaaaaaaa"}, "kind": "PROCESS_PROBE_CUSTODY_CLEANUP", "status": "FAILED", "started_at": "2026-09-10T19:47:18.739774+00:00", "upload": {"artifact_id": "100", "sha256": "cccccccccccccccccccccccccccccccccccccccccccccccccccccccccccccccc"}, "error_type": "RuntimeError", "finished_at": "2026-09-10T19:47:18.740598+00:00"}
{"schema_version": 1, "context": {"head_sha": "aaaaaaaaaaaaaaaaaaaaaaaaaaaaaaaaaaaaaaaa"}, "kind": "PROCESS_PROBE_CUSTODY_CLEANUP", "status": "FAILED", "started_at": "2026-09-10T19:47:18.746836+00:00", "upload": {"artifact_id": "100", "sha256": "cccccccccccccccccccccccccccccccccccccccccccccccccccccccccccccccc"}, "error_type": "RuntimeError", "finished_at": "2026-09-10T19:47:18.747172+00:00"}
{"schema_version": 1, "context": {"head_sha": "aaaaaaaaaaaaaaaaaaaaaaaaaaaaaaaaaaaaaaaa"}, "kind": "PROCESS_PROBE_CUSTODY_CLEANUP", "status": "FAILED", "started_at": "2026-09-10T19:47:18.751998+00:00", "upload": {"artifact_id": "100", "sha256": "cccccccccccccccccccccccccccccccccccccccccccccccccccccccccccccccc"}, "error_type": "RuntimeError", "finished_at": "2026-09-10T19:47:18.752820+00:00"}
{"schema_version": 1, "context": {"head_sha": "aaaaaaaaaaaaaaaaaaaaaaaaaaaaaaaaaaaaaaaa"}, "kind": "PROCESS_PROBE_CUSTODY_CLEANUP", "status": "FAILED", "started_at": "2026-09-10T19:47:18.758041+00:00", "error_type": "RuntimeError", "finished_at": "2026-09-10T19:47:18.758406+00:00"}
{"schema_version": 1, "context": {"head_sha": "aaaaaaaaaaaaaaaaaaaaaaaaaaaaaaaaaaaaaaaa"}, "kind": "PROCESS_PROBE_CUSTODY_CLEANUP", "status": "FAILED", "started_at": "2026-09-10T19:47:18.761826+00:00", "error_type": "RuntimeError", "finished_at": "2026-09-10T19:47:18.762179+00:00"}
{"schema_version": 1, "context": {"head_sha": "aaaaaaaaaaaaaaaaaaaaaaaaaaaaaaaaaaaaaaaa"}, "kind": "PROCESS_PROBE_CUSTODY_CLEANUP", "status": "FAILED", "started_at": "2026-09-10T19:47:18.769197+00:00", "error_type": "RuntimeError", "finished_at": "2026-09-10T19:47:18.769631+00:00"}
release workflow contract: PASS
FOCUSED_COMMAND native-protection-python
test_controls_bind_each_owned_and_transitive_input (test_probe.AdmissionTests.test_controls_bind_each_owned_and_transitive_input) ... ok
test_exact_job_and_source_admission (test_probe.AdmissionTests.test_exact_job_and_source_admission) ... ok
test_unknown_cli_cannot_allocate (test_probe.AdmissionTests.test_unknown_cli_cannot_allocate) ... ok
test_upload_failure_and_missing_identity_rejected (test_probe.AdmissionTests.test_upload_failure_and_missing_identity_rejected) ... ok
test_attr_missing_bit_is_not_class_zero (test_probe.ReportTests.test_attr_missing_bit_is_not_class_zero) ... ok
test_attr_positive_return_is_invalid (test_probe.ReportTests.test_attr_positive_return_is_invalid) ... ok
test_attr_unrequested_bit (test_probe.ReportTests.test_attr_unrequested_bit) ... ok
test_available_attr_class_zero_remains_observation (test_probe.ReportTests.test_available_attr_class_zero_remains_observation) ... ok
test_capability_claim_must_match_flag (test_probe.ReportTests.test_capability_claim_must_match_flag) ... ok
test_changed_fd_witness (test_probe.ReportTests.test_changed_fd_witness) ... ok
test_collection_is_not_strict_or_application_pass (test_probe.ReportTests.test_collection_is_not_strict_or_application_pass) ... ok
test_duplicate_json_key (test_probe.ReportTests.test_duplicate_json_key) ... ok
test_fcntl_bool_is_not_integer_class (test_probe.ReportTests.test_fcntl_bool_is_not_integer_class) ... ok
test_fcntl_errno_cannot_be_class (test_probe.ReportTests.test_fcntl_errno_cannot_be_class) ... ok
test_filesystem_bool_return_rejected (test_probe.ReportTests.test_filesystem_bool_return_rejected) ... ok
test_getter_imp_changes (test_probe.ReportTests.test_getter_imp_changes) ... ok
test_getter_selector_not_class_image (test_probe.ReportTests.test_getter_selector_not_class_image) ... ok
test_missing_event (test_probe.ReportTests.test_missing_event) ... ok
test_observer_must_not_hold_fd_across_write (test_probe.ReportTests.test_observer_must_not_hold_fd_across_write) ... ok
test_reordered_events (test_probe.ReportTests.test_reordered_events) ... ok
test_stale_source (test_probe.ReportTests.test_stale_source) ... ok
test_strict_failure_cannot_be_promoted (test_probe.ReportTests.test_strict_failure_cannot_be_promoted) ... ok
test_unavailable_api_cannot_supply_class (test_probe.ReportTests.test_unavailable_api_cannot_supply_class) ... ok
test_unclosed_fd (test_probe.ReportTests.test_unclosed_fd) ... ok
test_wrong_main_uuid (test_probe.ReportTests.test_wrong_main_uuid) ... ok
test_wrong_runtime (test_probe.ReportTests.test_wrong_runtime) ... ok
test_wrong_write_options (test_probe.ReportTests.test_wrong_write_options) ... ok

----------------------------------------------------------------------
Ran 27 tests in 0.059s

OK
FOCUSED_COMMAND focused-actionlint
/root/projects/Parlor/parlor/remediation-runs/2026-09-07-local-readiness/evidence/continuation-protection-route-controls-01/scratch/tmp/parlor-release-tools.4jr81X/shellcheck.tar.gz: OK
/root/projects/Parlor/parlor/remediation-runs/2026-09-07-local-readiness/evidence/continuation-protection-route-controls-01/scratch/tmp/parlor-release-tools.4jr81X/actionlint.tar.gz: OK
