test_cancel_and_owner_loss_fail_without_changing_installed_sdk (test_owned_sdk_image.SdkRootTests) ... ok
test_clone_records_all_files_with_equal_bytes_and_distinct_inodes (test_owned_sdk_image.SdkRootTests) ... ok
test_error_propagates_without_copy_fallback_or_source_cleanup (test_owned_sdk_image.SdkRootTests) ... ok
test_existing_owned_sdk_is_never_reused (test_owned_sdk_image.SdkRootTests) ... ok
test_explicit_java_sdk_and_environment_are_not_shell_parsed (test_owned_sdk_image.SdkRootTests) ... ok
test_incorrect_clone_bytes_fail (test_owned_sdk_image.SdkRootTests) ... ok
test_low_disk_fails_before_destination_creation (test_owned_sdk_image.SdkRootTests) ... ok
test_metadata_drift_and_missing_metadata_fail_closed (test_owned_sdk_image.SdkRootTests) ... ok
test_missing_metadata_fails_instead_of_accepting_partial_tree (test_owned_sdk_image.SdkRootTests) ... ok
test_native_abi_is_exact_and_error_has_no_fallback (test_owned_sdk_image.SdkRootTests) ... ok
test_source_mutation_during_clone_fails (test_owned_sdk_image.SdkRootTests) ... ok
test_special_file_and_unbounded_inventory_are_rejected (test_owned_sdk_image.SdkRootTests) ... ok
test_symlinks_and_hardlinks_in_source_are_rejected_before_clone (test_owned_sdk_image.SdkRootTests) ... ok
test_unexpected_config_paths_rejected_not_rewritten (test_owned_sdk_image.SdkRootTests) ... ok
test_binding_includes_derived_runner_adapter_and_native_owner (test_root_integration.RootIntegrationTests) ... ok
test_checkpoint_preserves_cancellation_without_starting_commands (test_root_integration.RootIntegrationTests) ... ok
test_metadata_observation_is_read_only_and_records_absence_and_change (test_root_integration.RootIntegrationTests) ... ok
test_mid_clone_cancellation_preserves_source_and_owned_finalizer_removes_partial_copy (test_root_integration.RootIntegrationTests) ... ok
test_native_probe_closes_both_descriptors_if_clone_fails (test_root_integration.RootIntegrationTests) ... ok
test_native_probe_closes_source_if_directory_open_fails (test_root_integration.RootIntegrationTests) ... ok
test_preserved_shared_runner_stays_exactly_bound (test_root_integration.RootIntegrationTests) ... ok
test_same_method_matrix_and_owned_shutdown_remain_in_actual_run (test_root_integration.RootIntegrationTests) ... ok

----------------------------------------------------------------------
Ran 22 tests in 0.064s

OK
