Executable=/private/var/folders/6m/vxwlbjsn7vs6h80_98w6x7p40000gn/T/parlor-audit-ios-readiness-05-w6sf575k/DerivedData/Build/Products/Debug-iphonesimulator/Parlor.app/Parlor.debug.dylib
Identifier=Parlor.debug
Format=Mach-O thin (arm64)
CodeDirectory v=20400 size=1957 flags=0x2(adhoc) hashes=56+2 location=embedded
VersionPlatform=7
VersionMin=1048576
VersionSDK=1705216
Hash type=sha256 size=32
CandidateCDHash sha256=9e1f633f929a7a7971332410b183dace7159afa3
CandidateCDHashFull sha256=9e1f633f929a7a7971332410b183dace7159afa3b84d49e10862d70ff5805a85
Hash choices=sha256
CMSDigest=9e1f633f929a7a7971332410b183dace7159afa3b84d49e10862d70ff5805a85
CMSDigestType=2
Executable Segment base=0
Executable Segment limit=393216
Executable Segment flags=0x0
Page size=16384
CDHash=9e1f633f929a7a7971332410b183dace7159afa3
Signature=adhoc
Info.plist=not bound
TeamIdentifier=not set
Sealed Resources=none
Internal requirements count=0 size=12
