Executable=/private/var/folders/6m/vxwlbjsn7vs6h80_98w6x7p40000gn/T/parlor-audit-ios-readiness-05-w6sf575k/DerivedData/Build/Products/Debug-iphonesimulator/Parlor.app/Frameworks/ComposeApp.framework/ComposeApp
Identifier=com.parlor.ComposeApp
Format=bundle with Mach-O thin (arm64)
CodeDirectory v=20400 size=162990 flags=0x2(adhoc) hashes=5087+3 location=embedded
VersionPlatform=7
VersionMin=983040
VersionSDK=1704960
Hash type=sha256 size=32
CandidateCDHash sha256=c368b6cdb8e59ad1736b0847543c2cbde098cb69
CandidateCDHashFull sha256=c368b6cdb8e59ad1736b0847543c2cbde098cb699f8fe25cf39c36ec194723a2
Hash choices=sha256
CMSDigest=c368b6cdb8e59ad1736b0847543c2cbde098cb699f8fe25cf39c36ec194723a2
CMSDigestType=2
Executable Segment base=0
Executable Segment limit=43466752
Executable Segment flags=0x0
Page size=16384
CDHash=c368b6cdb8e59ad1736b0847543c2cbde098cb69
Signature=adhoc
Info.plist entries=10
TeamIdentifier=not set
Sealed Resources version=2 rules=10 files=2
Internal requirements count=0 size=12
