test_all_new_python_controls_parse_without_launching_any_worker (test_l08_functional_copy.L08FunctionalCopyTests.test_all_new_python_controls_parse_without_launching_any_worker) ... ok
test_all_original_controls_and_exact_clone_allowlist_are_preserved (test_l08_functional_copy.L08FunctionalCopyTests.test_all_original_controls_and_exact_clone_allowlist_are_preserved) ... 
  test_all_original_controls_and_exact_clone_allowlist_are_preserved (test_l08_functional_copy.L08FunctionalCopyTests.test_all_original_controls_and_exact_clone_allowlist_are_preserved) (path='README.md') ... FAIL
test_continuation_diagnostics_cannot_hide_removed_guards_or_dynamic_private_stages (test_l08_functional_copy.L08FunctionalCopyTests.test_continuation_diagnostics_cannot_hide_removed_guards_or_dynamic_private_stages) ... ok
test_continuation_stages_are_closed_and_all_mafia_guards_actions_remain_identical (test_l08_functional_copy.L08FunctionalCopyTests.test_continuation_stages_are_closed_and_all_mafia_guards_actions_remain_identical) ... ok
test_current_source_transforms_once_with_single_bridge_and_shared_context (test_l08_functional_copy.L08FunctionalCopyTests.test_current_source_transforms_once_with_single_bridge_and_shared_context) ... ok
test_each_source_boundary_mutation_is_rejected_not_just_missing_check_names (test_l08_functional_copy.L08FunctionalCopyTests.test_each_source_boundary_mutation_is_rejected_not_just_missing_check_names) ... ok
test_functional_probe_preserves_complete_nonmetadata_execution_regions (test_l08_functional_copy.L08FunctionalCopyTests.test_functional_probe_preserves_complete_nonmetadata_execution_regions) ... ok
test_home_list_tag_preserves_every_other_production_character (test_l08_functional_copy.L08FunctionalCopyTests.test_home_list_tag_preserves_every_other_production_character) ... ok
test_home_scrolling_and_diagnostics_preserve_strict_public_activation (test_l08_functional_copy.L08FunctionalCopyTests.test_home_scrolling_and_diagnostics_preserve_strict_public_activation) ... ok
test_only_the_new_probe_registration_replaces_the_strict_probe_in_owned_copy (test_l08_functional_copy.L08FunctionalCopyTests.test_only_the_new_probe_registration_replaces_the_strict_probe_in_owned_copy) ... ok
test_scroll_contract_rejects_bypass_ambiguity_unbounded_or_private_diagnostics (test_l08_functional_copy.L08FunctionalCopyTests.test_scroll_contract_rejects_bypass_ambiguity_unbounded_or_private_diagnostics) ... ok
test_swift_namespace_preserves_shared_host_helpers_and_exact_distinct_test (test_l08_functional_copy.L08FunctionalCopyTests.test_swift_namespace_preserves_shared_host_helpers_and_exact_distinct_test) ... ok

======================================================================
FAIL: test_all_original_controls_and_exact_clone_allowlist_are_preserved (test_l08_functional_copy.L08FunctionalCopyTests.test_all_original_controls_and_exact_clone_allowlist_are_preserved) (path='README.md')
----------------------------------------------------------------------
Traceback (most recent call last):
  File "/root/projects/Parlor/parlor/remediation-runs/2026-09-07-local-readiness/l08-storage-functional-companion-02/test_l08_functional_copy.py", line 238, in test_all_original_controls_and_exact_clone_allowlist_are_preserved
    self.assertEqual(sha(HERE / row['path']), row['original_sha256'])
AssertionError: '911f1b73bba672da8b344c1523723d4b9ced77b0ca200901230a48ad1aca448f' != '69afd6136fdeecf9cca3426a523e130de01389b463db60ffd25254de87294142'
- 911f1b73bba672da8b344c1523723d4b9ced77b0ca200901230a48ad1aca448f
+ 69afd6136fdeecf9cca3426a523e130de01389b463db60ffd25254de87294142


----------------------------------------------------------------------
Ran 12 tests in 0.097s

FAILED (failures=1)
