test_cli_has_no_arbitrary_command_or_unpinned_binding_mode (__main__.SchemaBaseBootstrapTests.test_cli_has_no_arbitrary_command_or_unpinned_binding_mode) ... ok
test_context_cleans_after_exception_or_keyboard_interrupt (__main__.SchemaBaseBootstrapTests.test_context_cleans_after_exception_or_keyboard_interrupt) ... ok
test_context_cleanup_failure_remains_failure_with_owned_tree_retained (__main__.SchemaBaseBootstrapTests.test_context_cleanup_failure_remains_failure_with_owned_tree_retained) ... ok
test_context_defers_package_import_and_restores_path_and_cleans (__main__.SchemaBaseBootstrapTests.test_context_defers_package_import_and_restores_path_and_cleans) ... ok
test_context_final_integrity_is_mandatory_before_success (__main__.SchemaBaseBootstrapTests.test_context_final_integrity_is_mandatory_before_success) ... ok
test_context_refuses_cleanup_after_directory_identity_replacement (__main__.SchemaBaseBootstrapTests.test_context_refuses_cleanup_after_directory_identity_replacement) ... ok
test_context_rejects_preloaded_schema_library_without_allocating (__main__.SchemaBaseBootstrapTests.test_context_rejects_preloaded_schema_library_without_allocating) ... ok
test_context_rejects_wrong_or_ambient_distribution_and_still_cleans (__main__.SchemaBaseBootstrapTests.test_context_rejects_wrong_or_ambient_distribution_and_still_cleans) ... ok
test_coupled_candidate_requires_both_results_and_ephemeral_cleanup (__main__.SchemaBaseBootstrapTests.test_coupled_candidate_requires_both_results_and_ephemeral_cleanup) ... ok
test_coupled_controls_reject_skips_errors_wrong_count_and_cleanup_failure (__main__.SchemaBaseBootstrapTests.test_coupled_controls_reject_skips_errors_wrong_count_and_cleanup_failure) ... ok
test_extraction_aggregate_expansion_is_bounded (__main__.SchemaBaseBootstrapTests.test_extraction_aggregate_expansion_is_bounded) ... ok
test_extraction_member_size_and_count_are_bounded (__main__.SchemaBaseBootstrapTests.test_extraction_member_size_and_count_are_bounded) ... ok
test_extraction_rejects_duplicate_directory_and_symlink_members (__main__.SchemaBaseBootstrapTests.test_extraction_rejects_duplicate_directory_and_symlink_members) ... ok
test_extraction_rejects_unsafe_foreign_or_pth_paths (__main__.SchemaBaseBootstrapTests.test_extraction_rejects_unsafe_foreign_or_pth_paths) ... ok
test_extraction_rejects_unverified_bytes (__main__.SchemaBaseBootstrapTests.test_extraction_rejects_unverified_bytes) ... ok
test_fetch_requires_exact_origin_status_length_and_digest (__main__.SchemaBaseBootstrapTests.test_fetch_requires_exact_origin_status_length_and_digest) ... ok
test_fixed_entrypoint_restores_argv_on_interruption (__main__.SchemaBaseBootstrapTests.test_fixed_entrypoint_restores_argv_on_interruption) ... ok
test_fixed_entrypoint_selects_only_pinned_adapter_or_control_driver_and_restores_argv (__main__.SchemaBaseBootstrapTests.test_fixed_entrypoint_selects_only_pinned_adapter_or_control_driver_and_restores_argv) ... ok
test_fixed_metadata_pins_match_retained_official_byte_research (__main__.SchemaBaseBootstrapTests.test_fixed_metadata_pins_match_retained_official_byte_research) ... ok
test_import_verification_requires_actual_owned_modules_including_native_rpds (__main__.SchemaBaseBootstrapTests.test_import_verification_requires_actual_owned_modules_including_native_rpds) ... ok
test_main_cannot_convert_failed_inner_or_cleanup_or_drift_into_pass (__main__.SchemaBaseBootstrapTests.test_main_cannot_convert_failed_inner_or_cleanup_or_drift_into_pass) ... ok
test_main_retains_scoped_success_and_refuses_receipt_overwrite (__main__.SchemaBaseBootstrapTests.test_main_retains_scoped_success_and_refuses_receipt_overwrite) ... ok
test_package_recheck_rejects_late_mutation_extra_missing_or_symlink (__main__.SchemaBaseBootstrapTests.test_package_recheck_rejects_late_mutation_extra_missing_or_symlink) ... ok
test_platform_rejects_wrong_host_python_libc_and_bytecode_policy (__main__.SchemaBaseBootstrapTests.test_platform_rejects_wrong_host_python_libc_and_bytecode_policy) ... ok
test_redirect_handler_never_follows_other_origin (__main__.SchemaBaseBootstrapTests.test_redirect_handler_never_follows_other_origin) ... ok
test_requires_canonical_outer_lane_tmpdir (__main__.SchemaBaseBootstrapTests.test_requires_canonical_outer_lane_tmpdir) ... ok

----------------------------------------------------------------------
Ran 26 tests in 0.285s

OK
