test_actual_swift_matches_independently_reviewed_contract (__main__.SingleTapFixtureContractTests.test_actual_swift_matches_independently_reviewed_contract) ... ERROR
test_after_tap_polling_cannot_reactivate_or_be_unbounded (__main__.SingleTapFixtureContractTests.test_after_tap_polling_cannot_reactivate_or_be_unbounded) ... ok
test_all_thirteen_boot_callers_and_storage_assertions_are_unchanged (__main__.SingleTapFixtureContractTests.test_all_thirteen_boot_callers_and_storage_assertions_are_unchanged) ... ok
test_counter_freshness_and_schema_mutations_rejected (__main__.SingleTapFixtureContractTests.test_counter_freshness_and_schema_mutations_rejected) ... ok
test_geometry_visibility_uniqueness_and_bounds_mutations_rejected (__main__.SingleTapFixtureContractTests.test_geometry_visibility_uniqueness_and_bounds_mutations_rejected) ... ok
test_pre_scroll_zero_and_missing_fresh_resample_mutations_rejected (__main__.SingleTapFixtureContractTests.test_pre_scroll_zero_and_missing_fresh_resample_mutations_rejected) ... ok
test_private_or_unbounded_or_overclaiming_diagnostic_mutations_rejected (__main__.SingleTapFixtureContractTests.test_private_or_unbounded_or_overclaiming_diagnostic_mutations_rejected) ... ok
test_repeat_activation_and_direct_callback_mutations_rejected (__main__.SingleTapFixtureContractTests.test_repeat_activation_and_direct_callback_mutations_rejected) ... ok
test_shared_geometry_helpers_have_strict_tolerance_and_runloop_wait (__main__.SingleTapFixtureContractTests.test_shared_geometry_helpers_have_strict_tolerance_and_runloop_wait) ... ok
test_actual_counter_seam_and_observer_stay_byte_identical (__main__.UnchangedApplicationBoundaryTests.test_actual_counter_seam_and_observer_stay_byte_identical) ... ok
test_counter_guard_precedes_actual_controller_attachment (__main__.UnchangedApplicationBoundaryTests.test_counter_guard_precedes_actual_controller_attachment) ... ok
test_shipping_home_callback_and_card_are_not_replaced (__main__.UnchangedApplicationBoundaryTests.test_shipping_home_callback_and_card_are_not_replaced) ... ok
test_source_scanner_does_not_accept_comment_laundering (__main__.UnchangedApplicationBoundaryTests.test_source_scanner_does_not_accept_comment_laundering) ... ok

======================================================================
ERROR: test_actual_swift_matches_independently_reviewed_contract (__main__.SingleTapFixtureContractTests.test_actual_swift_matches_independently_reviewed_contract)
----------------------------------------------------------------------
Traceback (most recent call last):
  File "/root/projects/Parlor/parlor/remediation-runs/2026-09-08-continuation/controls/test_single_tap_fixture_review.py", line 260, in test_actual_swift_matches_independently_reviewed_contract
    assert_fixture_contract(self.source)
  File "/root/projects/Parlor/parlor/remediation-runs/2026-09-08-continuation/controls/test_single_tap_fixture_review.py", line 141, in assert_fixture_contract
    require(main_tokens.count("for") == 1 and "while" not in main_tokens and "repeat" not in main_tokens,
  File "/root/projects/Parlor/parlor/remediation-runs/2026-09-08-continuation/controls/test_single_tap_fixture_review.py", line 95, in require
    raise ValueError(reason)
ValueError: No hidden activation retry loop

----------------------------------------------------------------------
Ran 13 tests in 1.061s

FAILED (errors=1)
