test_actual_a23_trajectory_is_conditional_geometry_not_callback_proof (__main__.ScrollCorrectionDraftTests.test_actual_a23_trajectory_is_conditional_geometry_not_callback_proof) ... ok
test_direction_policy_mutations_are_source_bound (__main__.ScrollCorrectionDraftTests.test_direction_policy_mutations_are_source_bound) ... ok
test_every_home_hittability_site_follows_geometry_without_fabricated_false (__main__.ScrollCorrectionDraftTests.test_every_home_hittability_site_follows_geometry_without_fabricated_false) ... ok
test_final_six_anchor_zero_one_recovery_parameter_body_bytes_match_frozen_baseline (__main__.ScrollCorrectionDraftTests.test_final_six_anchor_zero_one_recovery_parameter_body_bytes_match_frozen_baseline) ... ok
test_geometry_policy_rejects_nonfinite_overflow_and_malformed_containment (__main__.ScrollCorrectionDraftTests.test_geometry_policy_rejects_nonfinite_overflow_and_malformed_containment) ... ok
test_only_reviewed_main_scrolling_sites_allow_downward_gestures (__main__.ScrollCorrectionDraftTests.test_only_reviewed_main_scrolling_sites_allow_downward_gestures) ... ok
test_overlay_requires_whole_card_band_and_never_chooses_tap_point (__main__.ScrollCorrectionDraftTests.test_overlay_requires_whole_card_band_and_never_chooses_tap_point) ... ok
test_scroll_bounds_and_single_activation_retries_remain_rejected (__main__.ScrollCorrectionDraftTests.test_scroll_bounds_and_single_activation_retries_remain_rejected) ... ok
test_settling_cannot_guess_ambiguous_invalid_or_disappeared_target (__main__.ScrollCorrectionDraftTests.test_settling_cannot_guess_ambiguous_invalid_or_disappeared_target) ... ok
test_settling_nil_resets_and_complete_window_is_bounded (__main__.ScrollCorrectionDraftTests.test_settling_nil_resets_and_complete_window_is_bounded) ... ok
test_transient_visibility_and_drift_cannot_trigger_next_gesture (__main__.ScrollCorrectionDraftTests.test_transient_visibility_and_drift_cannot_trigger_next_gesture) ... ok
test_actual_swift_matches_independently_reviewed_contract (__main__.SingleTapFixtureContractTests.test_actual_swift_matches_independently_reviewed_contract) ... ok
test_after_tap_polling_cannot_reactivate_or_be_unbounded (__main__.SingleTapFixtureContractTests.test_after_tap_polling_cannot_reactivate_or_be_unbounded) ... ok
test_all_thirteen_boot_callers_and_storage_assertions_are_unchanged (__main__.SingleTapFixtureContractTests.test_all_thirteen_boot_callers_and_storage_assertions_are_unchanged) ... ok
test_counter_freshness_and_schema_mutations_rejected (__main__.SingleTapFixtureContractTests.test_counter_freshness_and_schema_mutations_rejected) ... ok
test_geometry_visibility_uniqueness_and_bounds_mutations_rejected (__main__.SingleTapFixtureContractTests.test_geometry_visibility_uniqueness_and_bounds_mutations_rejected) ... ok
test_pre_scroll_zero_and_missing_fresh_resample_mutations_rejected (__main__.SingleTapFixtureContractTests.test_pre_scroll_zero_and_missing_fresh_resample_mutations_rejected) ... ok
test_private_or_unbounded_or_overclaiming_diagnostic_mutations_rejected (__main__.SingleTapFixtureContractTests.test_private_or_unbounded_or_overclaiming_diagnostic_mutations_rejected) ... ok
test_repeat_activation_and_direct_callback_mutations_rejected (__main__.SingleTapFixtureContractTests.test_repeat_activation_and_direct_callback_mutations_rejected) ... ok
test_shared_geometry_helpers_have_strict_tolerance_and_runloop_wait (__main__.SingleTapFixtureContractTests.test_shared_geometry_helpers_have_strict_tolerance_and_runloop_wait) ... ok
test_swift_for_argument_label_is_not_an_activation_loop (__main__.SingleTapFixtureContractTests.test_swift_for_argument_label_is_not_an_activation_loop) ... ok
test_actual_counter_seam_and_observer_stay_byte_identical (__main__.UnchangedApplicationBoundaryTests.test_actual_counter_seam_and_observer_stay_byte_identical) ... ok
test_counter_guard_precedes_actual_controller_attachment (__main__.UnchangedApplicationBoundaryTests.test_counter_guard_precedes_actual_controller_attachment) ... ok
test_shipping_home_callback_and_card_are_not_replaced (__main__.UnchangedApplicationBoundaryTests.test_shipping_home_callback_and_card_are_not_replaced) ... ok
test_source_scanner_does_not_accept_comment_laundering (__main__.UnchangedApplicationBoundaryTests.test_source_scanner_does_not_accept_comment_laundering) ... ok

----------------------------------------------------------------------
Ran 25 tests in 9.946s

OK
