{
  "devices" : {
    "com.apple.CoreSimulator.SimRuntime.iOS-26-5" : [
      {
        "lastBootedAt" : "2026-09-08T01:28:49Z",
        "dataPath" : "\/private\/tmp\/parlor-foundation-control-_s76dmyo\/devices\/53BA124E-5DA8-491F-8157-211CA6CCC857\/data",
        "dataPathSize" : 377151488,
        "logPath" : "\/Users\/abdelrahman\/Library\/Logs\/CoreSimulator\/53BA124E-5DA8-491F-8157-211CA6CCC857",
        "udid" : "53BA124E-5DA8-491F-8157-211CA6CCC857",
        "isAvailable" : true,
        "logPathSize" : 69632,
        "deviceTypeIdentifier" : "com.apple.CoreSimulator.SimDeviceType.iPhone-17-Pro",
        "state" : "Shutdown",
        "name" : "ParlorFoundationControl-565c48a1cf244bafaf506fcff4263453"
      }
    ],
    "com.apple.CoreSimulator.SimRuntime.iOS-26-2" : [

    ]
  }
}
