test_artifact_cannot_come_from_another_repository_or_run (scripts.release.tests.test_native_continuation.NativeArtifactTest.test_artifact_cannot_come_from_another_repository_or_run) ... ok
test_authenticated_api_is_read_only_and_fixed_to_the_same_repository (scripts.release.tests.test_native_continuation.NativeArtifactTest.test_authenticated_api_is_read_only_and_fixed_to_the_same_repository) ... ok
test_download_rejects_untrusted_or_plaintext_redirects (scripts.release.tests.test_native_continuation.NativeArtifactTest.test_download_rejects_untrusted_or_plaintext_redirects) ... ok
test_exact_preflight_zip_and_package_are_accepted_without_execution (scripts.release.tests.test_native_continuation.NativeArtifactTest.test_exact_preflight_zip_and_package_are_accepted_without_execution) ... ok
test_package_cannot_claim_runtime_pass_or_accept_duplicate_json_keys (scripts.release.tests.test_native_continuation.NativeArtifactTest.test_package_cannot_claim_runtime_pass_or_accept_duplicate_json_keys) ... ok
test_package_rejects_root_source_attempt_binding_or_review_hash_drift (scripts.release.tests.test_native_continuation.NativeArtifactTest.test_package_rejects_root_source_attempt_binding_or_review_hash_drift) ... ok
test_producer_requires_exact_successful_attempt_source_workflow_and_artifact (scripts.release.tests.test_native_continuation.NativeArtifactTest.test_producer_requires_exact_successful_attempt_source_workflow_and_artifact) ... ok
test_retained_api_observation_supports_offline_validation_without_urls_or_actor_data (scripts.release.tests.test_native_continuation.NativeArtifactTest.test_retained_api_observation_supports_offline_validation_without_urls_or_actor_data) ... ok
test_signed_download_never_forwards_the_api_token (scripts.release.tests.test_native_continuation.NativeArtifactTest.test_signed_download_never_forwards_the_api_token) ... ok
test_zip_has_independent_archive_and_member_size_limits (scripts.release.tests.test_native_continuation.NativeArtifactTest.test_zip_has_independent_archive_and_member_size_limits) ... ok
test_zip_refuses_path_traversal_extras_duplicates_and_missing_entries (scripts.release.tests.test_native_continuation.NativeArtifactTest.test_zip_refuses_path_traversal_extras_duplicates_and_missing_entries) ... ok
test_zip_refuses_symlink_fifo_and_encrypted_members (scripts.release.tests.test_native_continuation.NativeArtifactTest.test_zip_refuses_symlink_fifo_and_encrypted_members) ... ok
test_archived_a16_and_b15_actual_cleanup_shapes_remain_compatible (scripts.release.tests.test_native_continuation.NativeCleanupTest.test_archived_a16_and_b15_actual_cleanup_shapes_remain_compatible) ... ok
test_changed_hash_inode_or_symlink_prevents_any_cleanup_deletion (scripts.release.tests.test_native_continuation.NativeCleanupTest.test_changed_hash_inode_or_symlink_prevents_any_cleanup_deletion) ... ok
test_cleanup_refuses_contradictory_worker_holder_source_or_stop_receipts (scripts.release.tests.test_native_continuation.NativeCleanupTest.test_cleanup_refuses_contradictory_worker_holder_source_or_stop_receipts) ... ok
test_cleanup_removes_only_owned_outputs_after_successful_upload (scripts.release.tests.test_native_continuation.NativeCleanupTest.test_cleanup_removes_only_owned_outputs_after_successful_upload) ... ok
test_directory_read_failure_cannot_be_silently_omitted_from_preservation (scripts.release.tests.test_native_continuation.NativeCleanupTest.test_directory_read_failure_cannot_be_silently_omitted_from_preservation) ... ok
test_failed_missing_upload_or_unsafe_cleanup_preserves_last_local_custody (scripts.release.tests.test_native_continuation.NativeCleanupTest.test_failed_missing_upload_or_unsafe_cleanup_preserves_last_local_custody) ... ok
test_failed_strict_receipt_can_be_cleanup_safe_without_becoming_pass (scripts.release.tests.test_native_continuation.NativeCleanupTest.test_failed_strict_receipt_can_be_cleanup_safe_without_becoming_pass) ... ok
test_malformed_native_receipt_is_preserved_before_parsing (scripts.release.tests.test_native_continuation.NativeCleanupTest.test_malformed_native_receipt_is_preserved_before_parsing) ... ok
test_missing_receipt_and_partial_preservation_retain_available_raw_logs (scripts.release.tests.test_native_continuation.NativeCleanupTest.test_missing_receipt_and_partial_preservation_retain_available_raw_logs) ... ok
test_native_a_partial_runs_b_but_unsafe_cleanup_does_not (scripts.release.tests.test_native_continuation.NativeCleanupTest.test_native_a_partial_runs_b_but_unsafe_cleanup_does_not) ... ok
test_native_timeout_sends_term_and_waits_for_finalizer_without_kill (scripts.release.tests.test_native_continuation.NativeCleanupTest.test_native_timeout_sends_term_and_waits_for_finalizer_without_kill) ... ok
test_native_unfinished_finalizer_keeps_cleanup_unsafe_and_does_not_kill (scripts.release.tests.test_native_continuation.NativeCleanupTest.test_native_unfinished_finalizer_keeps_cleanup_unsafe_and_does_not_kill) ... ok
test_post_descriptor_hardlink_or_mode_change_is_not_hidden_by_stable_path_inode (scripts.release.tests.test_native_continuation.NativeCleanupTest.test_post_descriptor_hardlink_or_mode_change_is_not_hidden_by_stable_path_inode) ... ok
test_postqualification_deletion_failure_is_not_reported_as_pass (scripts.release.tests.test_native_continuation.NativeCleanupTest.test_postqualification_deletion_failure_is_not_reported_as_pass) ... ok
test_prebuild_toolchain_failure_does_not_invent_a_gradle_attempt (scripts.release.tests.test_native_continuation.NativeCleanupTest.test_prebuild_toolchain_failure_does_not_invent_a_gradle_attempt) ... ok
test_signal_during_popen_assignment_is_forwarded_after_exact_child_is_known (scripts.release.tests.test_native_continuation.NativeCleanupTest.test_signal_during_popen_assignment_is_forwarded_after_exact_child_is_known) ... ok
test_unsafe_file_descriptor_or_symlink_is_rejected (scripts.release.tests.test_native_continuation.NativeCleanupTest.test_unsafe_file_descriptor_or_symlink_is_rejected) ... ok
test_fetch_rejects_zip_digest_before_install_and_live_control_drift_before_build (scripts.release.tests.test_native_continuation.NativePreflightTest.test_fetch_rejects_zip_digest_before_install_and_live_control_drift_before_build) ... ok
test_preflight_only_binds_and_observes_exact_four_file_package (scripts.release.tests.test_native_continuation.NativePreflightTest.test_preflight_only_binds_and_observes_exact_four_file_package) ... ok
test_frozen_context_requires_source_branch_workflow_and_full_history (scripts.release.tests.test_native_continuation.NativeScopeTest.test_frozen_context_requires_source_branch_workflow_and_full_history) ... ok
test_only_explicit_supported_dispatch_scopes_are_accepted (scripts.release.tests.test_native_continuation.NativeScopeTest.test_only_explicit_supported_dispatch_scopes_are_accepted) ... ok
test_push_and_pr_always_select_full_even_if_input_is_present (scripts.release.tests.test_native_continuation.NativeScopeTest.test_push_and_pr_always_select_full_even_if_input_is_present) ... ok
test_all_release_temporary_directories_use_signal_safe_cleanup (scripts.release.tests.test_workflow_contract.WorkflowContractTest.test_all_release_temporary_directories_use_signal_safe_cleanup) ... ok
test_android_and_ios_release_packages_must_verify_notice_bytes (scripts.release.tests.test_workflow_contract.WorkflowContractTest.test_android_and_ios_release_packages_must_verify_notice_bytes) ... ok
test_apple_signing_and_upload_scripts_require_identity_approval (scripts.release.tests.test_workflow_contract.WorkflowContractTest.test_apple_signing_and_upload_scripts_require_identity_approval) ... ok
test_candidate_build_number_claim_cannot_be_removed (scripts.release.tests.test_workflow_contract.WorkflowContractTest.test_candidate_build_number_claim_cannot_be_removed) ... ok
test_candidate_bundletool_download_must_be_bounded (scripts.release.tests.test_workflow_contract.WorkflowContractTest.test_candidate_bundletool_download_must_be_bounded) ... ok
test_candidate_claim_requires_a_secretless_protected_environment (scripts.release.tests.test_workflow_contract.WorkflowContractTest.test_candidate_claim_requires_a_secretless_protected_environment) ... ok
test_candidate_claim_transaction_cannot_be_scoped_per_sha (scripts.release.tests.test_workflow_contract.WorkflowContractTest.test_candidate_claim_transaction_cannot_be_scoped_per_sha) ... ok
test_candidate_dependency_and_validation_evidence_must_be_retained (scripts.release.tests.test_workflow_contract.WorkflowContractTest.test_candidate_dependency_and_validation_evidence_must_be_retained) ... ok
test_candidate_dependency_report_must_use_release_runtime (scripts.release.tests.test_workflow_contract.WorkflowContractTest.test_candidate_dependency_report_must_use_release_runtime) ... ok
test_candidate_preflight_requires_reviewed_managed_device_image (scripts.release.tests.test_workflow_contract.WorkflowContractTest.test_candidate_preflight_requires_reviewed_managed_device_image) ... ok
test_complete_ios_inventory_requires_successful_build_and_cleanup (scripts.release.tests.test_workflow_contract.WorkflowContractTest.test_complete_ios_inventory_requires_successful_build_and_cleanup) ... ok
test_every_store_workflow_job_is_repository_disabled (scripts.release.tests.test_workflow_contract.WorkflowContractTest.test_every_store_workflow_job_is_repository_disabled) ... ok
test_external_partial_rerun_evidence_cannot_be_removed (scripts.release.tests.test_workflow_contract.WorkflowContractTest.test_external_partial_rerun_evidence_cannot_be_removed) ... ok
test_focused_native_modes_do_not_weaken_full_verification (scripts.release.tests.test_workflow_contract.WorkflowContractTest.test_focused_native_modes_do_not_weaken_full_verification) ... ok
test_ios_app_launch_cannot_delay_finalization_or_claim_ownership_after_launch (scripts.release.tests.test_workflow_contract.WorkflowContractTest.test_ios_app_launch_cannot_delay_finalization_or_claim_ownership_after_launch) ... ok
test_ios_app_launch_requires_its_own_preparation_and_finalization (scripts.release.tests.test_workflow_contract.WorkflowContractTest.test_ios_app_launch_requires_its_own_preparation_and_finalization) ... ok
test_ios_app_launch_requires_owned_simulator_and_nonparallel_execution (scripts.release.tests.test_workflow_contract.WorkflowContractTest.test_ios_app_launch_requires_owned_simulator_and_nonparallel_execution) ... ok
test_ios_app_launch_ui_test_cannot_be_replaced_with_a_build (scripts.release.tests.test_workflow_contract.WorkflowContractTest.test_ios_app_launch_ui_test_cannot_be_replaced_with_a_build) ... ok
test_ios_artifact_validator_enforces_pinned_store_toolchain (scripts.release.tests.test_workflow_contract.WorkflowContractTest.test_ios_artifact_validator_enforces_pinned_store_toolchain) ... ok
test_ios_build_phases_do_not_inherit_source_signing_secrets (scripts.release.tests.test_workflow_contract.WorkflowContractTest.test_ios_build_phases_do_not_inherit_source_signing_secrets) ... ok
test_ios_profile_refusal_cannot_delete_a_preexisting_profile (scripts.release.tests.test_workflow_contract.WorkflowContractTest.test_ios_profile_refusal_cannot_delete_a_preexisting_profile) ... ok
test_ios_signing_cleanup_is_fail_closed (scripts.release.tests.test_workflow_contract.WorkflowContractTest.test_ios_signing_cleanup_is_fail_closed) ... ok
test_ios_upload_uses_scoped_key_directory_and_removes_raw_response (scripts.release.tests.test_workflow_contract.WorkflowContractTest.test_ios_upload_uses_scoped_key_directory_and_removes_raw_response) ... ok
test_managed_device_runner_cannot_use_production_signing_material (scripts.release.tests.test_workflow_contract.WorkflowContractTest.test_managed_device_runner_cannot_use_production_signing_material) ... ok
test_missing_shared_store_lock_is_rejected (scripts.release.tests.test_workflow_contract.WorkflowContractTest.test_missing_shared_store_lock_is_rejected) ... ok
test_mobile_release_kit_android_signing_fallbacks_remain_bounded (scripts.release.tests.test_workflow_contract.WorkflowContractTest.test_mobile_release_kit_android_signing_fallbacks_remain_bounded) ... ok
test_mobile_release_kit_ios_signing_mapping_is_release_target_only (scripts.release.tests.test_workflow_contract.WorkflowContractTest.test_mobile_release_kit_ios_signing_mapping_is_release_target_only) ... ok
test_mutable_action_reference_is_rejected (scripts.release.tests.test_workflow_contract.WorkflowContractTest.test_mutable_action_reference_is_rejected) ... ok
test_new_store_workflow_job_cannot_omit_the_release_stop (scripts.release.tests.test_workflow_contract.WorkflowContractTest.test_new_store_workflow_job_cannot_omit_the_release_stop) ... ok
test_production_build_command_is_rejected (scripts.release.tests.test_workflow_contract.WorkflowContractTest.test_production_build_command_is_rejected) ... ok
test_production_push_trigger_is_rejected (scripts.release.tests.test_workflow_contract.WorkflowContractTest.test_production_push_trigger_is_rejected) ... ok
test_production_without_external_receipt_attestation_is_rejected (scripts.release.tests.test_workflow_contract.WorkflowContractTest.test_production_without_external_receipt_attestation_is_rejected) ... ok
test_production_without_its_own_receipt_attestations_is_rejected (scripts.release.tests.test_workflow_contract.WorkflowContractTest.test_production_without_its_own_receipt_attestations_is_rejected) ... ok
test_promotion_without_candidate_attestation_is_rejected (scripts.release.tests.test_workflow_contract.WorkflowContractTest.test_promotion_without_candidate_attestation_is_rejected) ... ok
test_release_policy_includes_the_candidate_control_environment (scripts.release.tests.test_workflow_contract.WorkflowContractTest.test_release_policy_includes_the_candidate_control_environment) ... ok
test_release_system_enforces_review_inventory_freshness (scripts.release.tests.test_workflow_contract.WorkflowContractTest.test_release_system_enforces_review_inventory_freshness) ... ok
test_release_tool_download_failure_cannot_false_pass (scripts.release.tests.test_workflow_contract.WorkflowContractTest.test_release_tool_download_failure_cannot_false_pass) ... ok
test_repository_workflows_satisfy_release_contract (scripts.release.tests.test_workflow_contract.WorkflowContractTest.test_repository_workflows_satisfy_release_contract) ... ok
test_review_inventory_gate_has_full_git_history (scripts.release.tests.test_workflow_contract.WorkflowContractTest.test_review_inventory_gate_has_full_git_history) ... ok
test_scoped_full_finalizers_reject_every_nonexact_predicate (scripts.release.tests.test_workflow_contract.WorkflowContractTest.test_scoped_full_finalizers_reject_every_nonexact_predicate) ... ok
test_store_workflow_without_identity_ownership_gate_is_rejected (scripts.release.tests.test_workflow_contract.WorkflowContractTest.test_store_workflow_without_identity_ownership_gate_is_rejected) ... ok
test_unreviewed_workflow_file_is_rejected (scripts.release.tests.test_workflow_contract.WorkflowContractTest.test_unreviewed_workflow_file_is_rejected) ... ok
test_unsigned_android_inventory_is_required_and_tool_cleanup_is_scoped (scripts.release.tests.test_workflow_contract.WorkflowContractTest.test_unsigned_android_inventory_is_required_and_tool_cleanup_is_scoped) ... ok
test_validation_requires_release_managed_device_runtime_gate (scripts.release.tests.test_workflow_contract.WorkflowContractTest.test_validation_requires_release_managed_device_runtime_gate) ... ok
test_xcode_identity_guard_matches_the_exact_build_setting (scripts.release.tests.test_workflow_contract.WorkflowContractTest.test_xcode_identity_guard_matches_the_exact_build_setting) ... ok

----------------------------------------------------------------------
Ran 79 tests in 0.162s

OK
release workflow contract: PASS
