test_duplicate_members_and_file_or_link_ancestors_are_rejected (test_linux_vz_controls.ArchiveBoundaryTests) ... ok
test_expansion_ceiling_and_symlink_destination_parent_are_rejected (test_linux_vz_controls.ArchiveBoundaryTests) ... ok
test_regular_files_and_bounded_internal_jdk_link_are_accepted (test_linux_vz_controls.ArchiveBoundaryTests) ... ok
test_symlinks_require_opt_in_and_never_escape (test_linux_vz_controls.ArchiveBoundaryTests) ... ok
test_traversal_absolute_and_unsafe_nodes_are_rejected (test_linux_vz_controls.ArchiveBoundaryTests) ... ok
test_actual_disabled_ssh_rendering_with_omitted_fields_is_accepted (test_linux_vz_controls.EnvironmentAndOwnershipTests) ... ok
test_approval_requires_exact_local_and_shared_controls_and_root_selected_hash (test_linux_vz_controls.EnvironmentAndOwnershipTests) ... ok
test_approved_import_compiles_current_bytes_without_pyc_or_old_module (test_linux_vz_controls.EnvironmentAndOwnershipTests) ... ok
test_finalizer_preserves_failures_and_does_not_skip_second_shutdown (test_linux_vz_controls.EnvironmentAndOwnershipTests) ... ok
test_finalizer_stops_vm_before_source_probes_and_cleans_probe_workers (test_linux_vz_controls.EnvironmentAndOwnershipTests) ... ok
test_footprint_failure_does_not_block_finalizer_checks (test_linux_vz_controls.EnvironmentAndOwnershipTests) ... ok
test_graceful_stop_rejects_exec_or_lifetime_change_before_signal (test_linux_vz_controls.EnvironmentAndOwnershipTests) ... ok
test_graceful_stop_uses_exact_attested_token_not_pidfile (test_linux_vz_controls.EnvironmentAndOwnershipTests) ... ok
test_holder_probe_requires_empty_exit_one_and_never_signals (test_linux_vz_controls.EnvironmentAndOwnershipTests) ... ok
test_low_free_space_stops_before_a_build (test_linux_vz_controls.EnvironmentAndOwnershipTests) ... ok
test_persistence_zero_yes_missing_or_ambiguous_ssh_fields_are_rejected (test_linux_vz_controls.EnvironmentAndOwnershipTests) ... ok
test_private_environment_wraps_ssh_and_scp_without_inheriting_secrets (test_linux_vz_controls.EnvironmentAndOwnershipTests) ... ok
test_cancel_before_creation_never_launches_a_child (test_linux_vz_controls.GuestCommandTests) ... ok
test_completed_command_cannot_bypass_the_log_ceiling_by_exiting_quickly (test_linux_vz_controls.GuestCommandTests) ... ok
test_completed_foreground_command_has_actual_exit_and_log_hash (test_linux_vz_controls.GuestCommandTests) ... ok
test_group_cleanup_failure_remains_explicit (test_linux_vz_controls.GuestCommandTests) ... ok
test_guest_group_is_attested_waitable_before_signaling_or_reaping (test_linux_vz_controls.GuestCommandTests) ... ok
test_lost_waitable_authority_prevents_all_group_signals (test_linux_vz_controls.GuestCommandTests) ... ok
test_natural_group_exit_between_check_and_signal_is_tolerated_only_with_owned_leader (test_linux_vz_controls.GuestCommandTests) ... ok
test_timeout_runs_group_cleanup_and_retains_failure_receipt (test_linux_vz_controls.GuestCommandTests) ... ok
test_complete_bound_receipts_pass_both_narrow_gates (test_linux_vz_controls.GuestEvidenceTests) ... ok
test_log_hash_or_xml_summary_tamper_is_rejected (test_linux_vz_controls.GuestEvidenceTests) ... ok
test_missing_immediate_stop_filtered_build_or_failed_stop_cannot_pass_desktop (test_linux_vz_controls.GuestEvidenceTests) ... ok
test_python_pass_survives_a_blocked_uninvoked_desktop_gate (test_linux_vz_controls.GuestEvidenceTests) ... ok
test_python_pass_survives_a_later_real_desktop_command_failure (test_linux_vz_controls.GuestEvidenceTests) ... ok
test_python_wrong_invocation_or_skipped_test_cannot_pass (test_linux_vz_controls.GuestEvidenceTests) ... ok
test_source_or_cleanup_failure_prevents_gate_passes (test_linux_vz_controls.GuestEvidenceTests) ... ok
test_wrong_source_control_token_or_platform_is_rejected (test_linux_vz_controls.GuestEvidenceTests) ... ok
test_control_leaf_and_ancestor_symlinks_are_rejected (test_linux_vz_controls.SourceBoundaryTests) ... ok
test_control_receipts_cannot_escape_the_selected_scope (test_linux_vz_controls.SourceBoundaryTests) ... ok
test_control_size_owner_and_concurrent_metadata_changes_fail_closed (test_linux_vz_controls.SourceBoundaryTests) ... ok
test_current_source_check_binds_git_identity_inventory_modes_and_cleanup_probes (test_linux_vz_controls.SourceBoundaryTests) ... ok
test_descriptor_relative_source_reads_reject_ancestor_and_leaf_links (test_linux_vz_controls.SourceBoundaryTests) ... ok
test_duplicate_json_fields_are_rejected (test_linux_vz_controls.SourceBoundaryTests) ... ok
test_generated_cleanup_is_precise_and_refuses_symlink_ancestors (test_linux_vz_controls.SourceBoundaryTests) ... ok
test_manifest_requires_exact_nonduplicate_digest_and_full_source_identity (test_linux_vz_controls.SourceBoundaryTests) ... ok
test_only_known_gradle_cache_parents_may_be_ignored_after_cleanup (test_linux_vz_controls.SourceBoundaryTests) ... ok
test_protected_generated_or_escaping_paths_are_rejected (test_linux_vz_controls.SourceBoundaryTests) ... ok
test_public_source_including_credential_store_is_allowed (test_linux_vz_controls.SourceBoundaryTests) ... ok
test_root_receipt_requires_digest_completed_cycle_and_unchanged_source (test_linux_vz_controls.SourceBoundaryTests) ... ok
test_source_inventory_detects_extra_missing_and_changed_files (test_linux_vz_controls.SourceBoundaryTests) ... ok
test_source_inventory_never_follows_symlink_directories (test_linux_vz_controls.SourceBoundaryTests) ... ok
test_staging_preserves_bytes_executable_modes_and_manifest_hashes (test_linux_vz_controls.SourceBoundaryTests) ... ok
test_desktop_accepts_only_exact_known_physical_skips_and_real_discovery (test_linux_vz_controls.TestReceiptTests) ... ok
test_desktop_rejects_duplicate_skip_manifestations_missing_modules_and_missing_discovery (test_linux_vz_controls.TestReceiptTests) ... ok
test_generated_python_harness_cannot_pass_zero_discovery (test_linux_vz_controls.TestReceiptTests) ... ok
test_generated_python_harness_executes_a_real_synthetic_test (test_linux_vz_controls.TestReceiptTests) ... ok
test_python_positive_receipt_requires_all_executed_descriptors (test_linux_vz_controls.TestReceiptTests) ... ok
test_python_zero_skipped_expected_failure_count_or_duplicate_is_not_green (test_linux_vz_controls.TestReceiptTests) ... ok
test_skips_and_discovery_cannot_be_spoofed_from_another_module (test_linux_vz_controls.TestReceiptTests) ... ok
test_xml_counts_and_cases_are_independently_checked (test_linux_vz_controls.TestReceiptTests) ... ok
test_xml_entities_duplicate_or_ambiguous_descriptors_are_rejected (test_linux_vz_controls.TestReceiptTests) ... ok

----------------------------------------------------------------------
Ran 57 tests in 0.091s

OK
