test_failed_build_with_stale_output_stops_and_never_normalizes (test_harness_contract.CopiedPhaseContractTest) ... ok
test_failed_directory_change_never_builds_or_normalizes (test_harness_contract.CopiedPhaseContractTest) ... ok
test_failed_stop_cannot_normalize_or_look_green (test_harness_contract.CopiedPhaseContractTest) ... ok
test_normalization_failure_propagates_after_immediate_stop (test_harness_contract.CopiedPhaseContractTest) ... ok
test_successful_phase_stops_before_normalizing (test_harness_contract.CopiedPhaseContractTest) ... ok
test_changed_boot_identity_cannot_impersonate_restart (test_harness_contract.ReceiptContractTest) ... ok
test_complete_synthetic_schema_is_accepted_not_runtime_evidence (test_harness_contract.ReceiptContractTest) ... ok
test_missing_no_disposal_precondition_is_rejected (test_harness_contract.ReceiptContractTest) ... ok
test_missing_system_restoration_or_wrong_native_direction_fails (test_harness_contract.ReceiptContractTest) ... ok
test_test_summary_with_skip_cannot_pass (test_harness_contract.ReceiptContractTest) ... ok
test_unknown_data_is_not_exported_as_trusted_observation (test_harness_contract.ReceiptContractTest) ... ok
test_attested_pair_removed_only_after_workers_stop (test_secondary_fifo.SecondaryFifoSafetyTest) ... ok
test_file_holder_prevents_any_unlink (test_secondary_fifo.SecondaryFifoSafetyTest) ... ok
test_holder_query_error_never_becomes_empty_holder_success (test_secondary_fifo.SecondaryFifoSafetyTest) ... ok
test_inode_uid_mismatch_is_not_owned (test_secondary_fifo.SecondaryFifoSafetyTest) ... ok
test_missing_or_duplicate_flags_rejected (test_secondary_fifo.SecondaryFifoSafetyTest) ... ok
test_missing_unattested_then_late_created_fifo_blocks_cleanup (test_secondary_fifo.SecondaryFifoSafetyTest) ... ok
test_pid_reuse_during_cleanup_preserves_files (test_secondary_fifo.SecondaryFifoSafetyTest) ... ok
test_pid_reuse_during_observation_rejected (test_secondary_fifo.SecondaryFifoSafetyTest) ... ok
test_preexisting_parent_birthtime_rejects_new_fifo (test_secondary_fifo.SecondaryFifoSafetyTest) ... ok
test_process_uid_mismatch_is_not_owned (test_secondary_fifo.SecondaryFifoSafetyTest) ... ok
test_replaced_inode_rejected (test_secondary_fifo.SecondaryFifoSafetyTest) ... ok
test_stale_preexisting_fifo_is_not_owned (test_secondary_fifo.SecondaryFifoSafetyTest) ... ok
test_symlink_fifo_not_followed_or_deleted (test_secondary_fifo.SecondaryFifoSafetyTest) ... ok
test_symlink_parent_not_followed (test_secondary_fifo.SecondaryFifoSafetyTest) ... ok
test_timeout_or_cancellation_cleanup_uses_same_attestation (test_secondary_fifo.SecondaryFifoSafetyTest) ... ok
test_unknown_directory_contents_preserve_all (test_secondary_fifo.SecondaryFifoSafetyTest) ... ok
test_unknown_external_argument_is_rejected (test_secondary_fifo.SecondaryFifoSafetyTest) ... ok
test_unknown_root_contents_preserve_all (test_secondary_fifo.SecondaryFifoSafetyTest) ... ok
test_unowned_child_cannot_attest_from_name_alone (test_secondary_fifo.SecondaryFifoSafetyTest) ... ok

----------------------------------------------------------------------
Ran 30 tests in 2.912s

OK
