test_actual_struct_layout_and_self_fields_are_observed_without_task_or_argv_api (test_native_process_probe.NativeMetadataObservationTest.test_actual_struct_layout_and_self_fields_are_observed_without_task_or_argv_api) ... ok
test_permission_denial_is_explicit_partial_not_a_missing_or_cleaned_worker (test_native_process_probe.NativeMetadataObservationTest.test_permission_denial_is_explicit_partial_not_a_missing_or_cleaned_worker) ... ok
test_pid_enumeration_truncation_or_duplicate_rows_fail_closed (test_native_process_probe.NativeMetadataObservationTest.test_pid_enumeration_truncation_or_duplicate_rows_fail_closed) ... ok
test_short_self_metadata_cannot_be_a_successful_observation (test_native_process_probe.NativeMetadataObservationTest.test_short_self_metadata_cannot_be_a_successful_observation) ... ok
test_budget_refuses_launch_rather_than_shortening_fifteen_seconds (test_native_process_probe.ProbeBoundedCaptureTest.test_budget_refuses_launch_rather_than_shortening_fifteen_seconds) ... ok
test_capture_drains_bounded_pipes_and_never_persists_raw_bytes (test_native_process_probe.ProbeBoundedCaptureTest.test_capture_drains_bounded_pipes_and_never_persists_raw_bytes) ... ok
test_cleanup_capture_continues_when_receipt_writes_fail (test_native_process_probe.ProbeBoundedCaptureTest.test_cleanup_capture_continues_when_receipt_writes_fail) ... ok
test_explicit_command_timeout_is_honored_or_rejected_not_silently_capped (test_native_process_probe.ProbeBoundedCaptureTest.test_explicit_command_timeout_is_honored_or_rejected_not_silently_capped) ... ok
test_failed_durable_intent_prevents_launch_and_never_exports_exception_text (test_native_process_probe.ProbeBoundedCaptureTest.test_failed_durable_intent_prevents_launch_and_never_exports_exception_text) ... ok
test_failed_or_unreaped_sample_cannot_claim_usable_frames (test_native_process_probe.ProbeBoundedCaptureTest.test_failed_or_unreaped_sample_cannot_claim_usable_frames) ... ok
test_only_exact_qualified_simulator_enumerations_restore_one_hundred_twenty_seconds (test_native_process_probe.ProbeBoundedCaptureTest.test_only_exact_qualified_simulator_enumerations_restore_one_hundred_twenty_seconds) ... ok
test_only_original_ps_may_be_sampled (test_native_process_probe.ProbeBoundedCaptureTest.test_only_original_ps_may_be_sampled) ... ok
test_output_limit_is_enforced_before_unbounded_accumulation (test_native_process_probe.ProbeBoundedCaptureTest.test_output_limit_is_enforced_before_unbounded_accumulation) ... ok
test_postlaunch_and_final_write_failures_still_retire_direct_child (test_native_process_probe.ProbeBoundedCaptureTest.test_postlaunch_and_final_write_failures_still_retire_direct_child) ... ok
test_protection_admission_is_consumed_on_budget_refusal_without_shortening_or_replay (test_native_process_probe.ProbeBoundedCaptureTest.test_protection_admission_is_consumed_on_budget_refusal_without_shortening_or_replay) ... ok
test_protection_sample_failures_keep_timeout_and_retire_without_private_text (test_native_process_probe.ProbeBoundedCaptureTest.test_protection_sample_failures_keep_timeout_and_retire_without_private_text) ... ok
test_protection_sampling_rejects_unbound_commands_flags_and_environment_substitutions (test_native_process_probe.ProbeBoundedCaptureTest.test_protection_sampling_rejects_unbound_commands_flags_and_environment_substitutions) ... ok
test_protection_spawn_timeout_samples_only_held_direct_child_without_rescuing_late_success (test_native_process_probe.ProbeBoundedCaptureTest.test_protection_spawn_timeout_samples_only_held_direct_child_without_rescuing_late_success) ... ok
test_protection_success_or_output_limit_never_triggers_sampling (test_native_process_probe.ProbeBoundedCaptureTest.test_protection_success_or_output_limit_never_triggers_sampling) ... ok
test_protection_timeout_preservation_failure_prevents_sampling_but_keeps_failure_and_retirement (test_native_process_probe.ProbeBoundedCaptureTest.test_protection_timeout_preservation_failure_prevents_sampling_but_keeps_failure_and_retirement) ... ok
test_qualified_enumeration_timeout_with_partial_bytes_stays_failed_without_retry (test_native_process_probe.ProbeBoundedCaptureTest.test_qualified_enumeration_timeout_with_partial_bytes_stays_failed_without_retry) ... ok
test_qualified_enumeration_without_full_budget_is_skipped_not_shortened_or_retried (test_native_process_probe.ProbeBoundedCaptureTest.test_qualified_enumeration_without_full_budget_is_skipped_not_shortened_or_retried) ... ok
test_real_qualifier_routes_both_enumeration_budgets_and_rejects_timeout_at_either_seam (test_native_process_probe.ProbeBoundedCaptureTest.test_real_qualifier_routes_both_enumeration_budgets_and_rejects_timeout_at_either_seam) ... ok
test_required_reconciliation_commands_fit_twenty_second_cleanup_stage (test_native_process_probe.ProbeBoundedCaptureTest.test_required_reconciliation_commands_fit_twenty_second_cleanup_stage) ... ok
test_runtime_failed_sample_keeps_primary_timeout_and_retires_owned_child (test_native_process_probe.ProbeBoundedCaptureTest.test_runtime_failed_sample_keeps_primary_timeout_and_retires_owned_child) ... ok
test_runtime_listing_success_never_samples_or_retries (test_native_process_probe.ProbeBoundedCaptureTest.test_runtime_listing_success_never_samples_or_retries) ... ok
test_runtime_listing_timeout_samples_owned_child_without_rescuing_late_success (test_native_process_probe.ProbeBoundedCaptureTest.test_runtime_listing_timeout_samples_owned_child_without_rescuing_late_success) ... ok
test_runtime_sampling_rejects_lookalikes_timeouts_and_executable_substitution (test_native_process_probe.ProbeBoundedCaptureTest.test_runtime_sampling_rejects_lookalikes_timeouts_and_executable_substitution) ... ok
test_runtime_sampling_requires_full_sample_retirement_reserve_without_shortening (test_native_process_probe.ProbeBoundedCaptureTest.test_runtime_sampling_requires_full_sample_retirement_reserve_without_shortening) ... ok
test_sample_exception_cannot_mask_primary_timeout_or_disclose_text (test_native_process_probe.ProbeBoundedCaptureTest.test_sample_exception_cannot_mask_primary_timeout_or_disclose_text) ... ok
test_signal_before_launch_does_not_launch_or_block_child_masks (test_native_process_probe.ProbeBoundedCaptureTest.test_signal_before_launch_does_not_launch_or_block_child_masks) ... ok
test_timeout_is_latched_before_owned_sample_even_if_ps_exits_during_sample (test_native_process_probe.ProbeBoundedCaptureTest.test_timeout_is_latched_before_owned_sample_even_if_ps_exits_during_sample) ... ok
test_cleanup_receipt_write_failures_do_not_abort_later_independent_finalizers (test_native_process_probe.ProbeLifecycleTest.test_cleanup_receipt_write_failures_do_not_abort_later_independent_finalizers) ... ok
test_complete_synthetic_glue_is_observation_only_not_an_always_fail_fixture (test_native_process_probe.ProbeLifecycleTest.test_complete_synthetic_glue_is_observation_only_not_an_always_fail_fixture) ... ok
test_constructor_failure_is_signal_protected_and_retires_owned_handle (test_native_process_probe.ProbeLifecycleTest.test_constructor_failure_is_signal_protected_and_retires_owned_handle) ... ok
test_failed_qualification_is_named_and_blocks_all_observations_without_skipping_cleanup (test_native_process_probe.ProbeLifecycleTest.test_failed_qualification_is_named_and_blocks_all_observations_without_skipping_cleanup) ... ok
test_initial_checkpoint_failure_is_inside_resource_finalizer (test_native_process_probe.ProbeLifecycleTest.test_initial_checkpoint_failure_is_inside_resource_finalizer) ... ok
test_partial_metadata_deliberately_fails_even_with_all_commands_and_cleanup_complete (test_native_process_probe.ProbeLifecycleTest.test_partial_metadata_deliberately_fails_even_with_all_commands_and_cleanup_complete) ... ok
test_settings_tail_wait_notices_signal_without_waiting_sixty_seconds (test_native_process_probe.ProbeLifecycleTest.test_settings_tail_wait_notices_signal_without_waiting_sixty_seconds) ... ok
test_changed_source_controls_custody_or_preservation_refuses_evidence_deletion (test_native_process_probe.ProbePrivacyAndCustodyTest.test_changed_source_controls_custody_or_preservation_refuses_evidence_deletion) ... ok
test_confirmed_upload_allows_deletion_but_preserves_failed_probe_verdict (test_native_process_probe.ProbePrivacyAndCustodyTest.test_confirmed_upload_allows_deletion_but_preserves_failed_probe_verdict) ... ok
test_every_lsof_warning_holder_or_invalid_empty_success_preserves_resources (test_native_process_probe.ProbePrivacyAndCustodyTest.test_every_lsof_warning_holder_or_invalid_empty_success_preserves_resources) ... ok
test_mutated_uploaded_bundle_or_unretired_resources_block_staging_deletion (test_native_process_probe.ProbePrivacyAndCustodyTest.test_mutated_uploaded_bundle_or_unretired_resources_block_staging_deletion) ... ok
test_no_upload_id_digest_or_success_preserves_last_evidence (test_native_process_probe.ProbePrivacyAndCustodyTest.test_no_upload_id_digest_or_success_preserves_last_evidence) ... ok
test_numeric_summary_cannot_export_argv_or_promote_a_timed_out_partial_table (test_native_process_probe.ProbePrivacyAndCustodyTest.test_numeric_summary_cannot_export_argv_or_promote_a_timed_out_partial_table) ... ok
test_stack_filter_drops_headers_private_paths_and_unbounded_or_unknown_lines (test_native_process_probe.ProbePrivacyAndCustodyTest.test_stack_filter_drops_headers_private_paths_and_unbounded_or_unknown_lines) ... ok
test_unreaped_or_cleanup_failed_lsof_cannot_authorize_resource_deletion (test_native_process_probe.ProbePrivacyAndCustodyTest.test_unreaped_or_cleanup_failed_lsof_cannot_authorize_resource_deletion) ... ok
test_bootstatus_uses_evidence_based_bound_without_changing_original_ps (test_native_process_probe.ProbeSimulatorGlueTest.test_bootstatus_uses_evidence_based_bound_without_changing_original_ps) ... ok
test_exact_qualified_simulator_is_journaled_once_before_boot_and_retired_by_uuid (test_native_process_probe.ProbeSimulatorGlueTest.test_exact_qualified_simulator_is_journaled_once_before_boot_and_retired_by_uuid) ... ok
test_failed_plan_write_never_creates_and_interrupted_create_reuses_only_attested_intent (test_native_process_probe.ProbeSimulatorGlueTest.test_failed_plan_write_never_creates_and_interrupted_create_reuses_only_attested_intent) ... ok
test_changed_original_timeout_or_fields_cannot_be_silently_compared (test_native_process_probe.ProbeSourceContractTest.test_changed_original_timeout_or_fields_cannot_be_silently_compared) ... ok
test_complete_runtime_closure_and_control_hash_are_explicit (test_native_process_probe.ProbeSourceContractTest.test_complete_runtime_closure_and_control_hash_are_explicit) ... ok
test_environment_is_an_allowlist_not_only_one_token_exclusion (test_native_process_probe.ProbeSourceContractTest.test_environment_is_an_allowlist_not_only_one_token_exclusion) ... ok
test_full_non_app_scope_is_explicit_and_cycles_do_not_reuse_failed_labels (test_native_process_probe.ProbeSourceContractTest.test_full_non_app_scope_is_explicit_and_cycles_do_not_reuse_failed_labels) ... ok
test_nonbuilding_xcode_arguments_have_no_build_or_test_action (test_native_process_probe.ProbeSourceContractTest.test_nonbuilding_xcode_arguments_have_no_build_or_test_action) ... ok
test_original_command_and_timeout_are_bound_without_importing_runner (test_native_process_probe.ProbeSourceContractTest.test_original_command_and_timeout_are_bound_without_importing_runner) ... ok

----------------------------------------------------------------------
Ran 56 tests in 0.164s

OK
{"kind": "NATIVE_PROCESS_PROBE_NOT_APP_EVIDENCE", "status": "OBSERVATIONS_WITH_FAILURES_NOT_RUNTIME_EVIDENCE", "cleanup_safe": true, "preservation": {"failures": 10, "errors": [{"operation": "state-checkpoint", "error_type": "OSError"}, {"operation": "state-checkpoint", "error_type": "OSError"}, {"operation": "state-checkpoint", "error_type": "OSError"}, {"operation": "state-checkpoint", "error_type": "OSError"}, {"operation": "state-checkpoint", "error_type": "OSError"}, {"operation": "state-checkpoint", "error_type": "OSError"}, {"operation": "state-checkpoint", "error_type": "OSError"}, {"operation": "state-checkpoint", "error_type": "OSError"}, {"operation": "state-checkpoint", "error_type": "OSError"}, {"operation": "state-checkpoint", "error_type": "OSError"}]}}
{"kind": "NATIVE_PROCESS_PROBE_NOT_APP_EVIDENCE", "status": "OBSERVATIONS_COLLECTED_NOT_RUNTIME_EVIDENCE", "cleanup_safe": true, "preservation": {"failures": 0, "errors": []}}
{"kind": "NATIVE_PROCESS_PROBE_NOT_APP_EVIDENCE", "status": "OBSERVATIONS_WITH_FAILURES_NOT_RUNTIME_EVIDENCE", "cleanup_safe": true, "preservation": {"failures": 0, "errors": []}}
{"kind": "NATIVE_PROCESS_PROBE_NOT_APP_EVIDENCE", "status": "OBSERVATIONS_WITH_FAILURES_NOT_RUNTIME_EVIDENCE", "cleanup_safe": true, "preservation": {"failures": 8, "errors": [{"operation": "state-checkpoint", "error_type": "OSError"}, {"operation": "state-checkpoint", "error_type": "OSError"}, {"operation": "state-checkpoint", "error_type": "OSError"}, {"operation": "state-checkpoint", "error_type": "OSError"}, {"operation": "state-checkpoint", "error_type": "OSError"}, {"operation": "state-checkpoint", "error_type": "OSError"}, {"operation": "state-checkpoint", "error_type": "OSError"}, {"operation": "state-checkpoint", "error_type": "OSError"}]}}
{"kind": "NATIVE_PROCESS_PROBE_NOT_APP_EVIDENCE", "status": "OBSERVATIONS_WITH_FAILURES_NOT_RUNTIME_EVIDENCE", "cleanup_safe": true, "preservation": {"failures": 0, "errors": []}}
{"schema_version": 1, "context": {"head_sha": "aaaaaaaaaaaaaaaaaaaaaaaaaaaaaaaaaaaaaaaa"}, "kind": "PROCESS_PROBE_CUSTODY_CLEANUP", "status": "FAILED", "started_at": "2026-09-11T02:41:29.360841+00:00", "error_type": "RuntimeError", "finished_at": "2026-09-11T02:41:29.361016+00:00"}
{"schema_version": 1, "context": {"head_sha": "aaaaaaaaaaaaaaaaaaaaaaaaaaaaaaaaaaaaaaaa"}, "kind": "PROCESS_PROBE_CUSTODY_CLEANUP", "status": "FAILED", "started_at": "2026-09-11T02:41:29.362235+00:00", "error_type": "RuntimeError", "finished_at": "2026-09-11T02:41:29.362428+00:00"}
{"schema_version": 1, "context": {"head_sha": "aaaaaaaaaaaaaaaaaaaaaaaaaaaaaaaaaaaaaaaa"}, "kind": "PROCESS_PROBE_CUSTODY_CLEANUP", "status": "FAILED", "started_at": "2026-09-11T02:41:29.363474+00:00", "error_type": "RuntimeError", "finished_at": "2026-09-11T02:41:29.363685+00:00"}
{"schema_version": 1, "context": {"head_sha": "aaaaaaaaaaaaaaaaaaaaaaaaaaaaaaaaaaaaaaaa"}, "kind": "PROCESS_PROBE_CUSTODY_CLEANUP", "status": "FAILED", "started_at": "2026-09-11T02:41:29.364618+00:00", "upload": {"artifact_id": "100", "sha256": "cccccccccccccccccccccccccccccccccccccccccccccccccccccccccccccccc"}, "error_type": "RuntimeError", "finished_at": "2026-09-11T02:41:29.364832+00:00"}
{"schema_version": 1, "context": {"head_sha": "aaaaaaaaaaaaaaaaaaaaaaaaaaaaaaaaaaaaaaaa"}, "kind": "PROCESS_PROBE_CUSTODY_CLEANUP", "status": "COMPLETE", "started_at": "2026-09-11T02:41:29.365785+00:00", "upload": {"artifact_id": "100", "sha256": "cccccccccccccccccccccccccccccccccccccccccccccccccccccccccccccccc"}, "removed_owned_staging": true, "probe_status": "OBSERVATIONS_WITH_FAILURES_NOT_RUNTIME_EVIDENCE", "scope": "Custody cleanup only; probe status is preserved, not an application result.", "finished_at": "2026-09-11T02:41:29.366352+00:00"}
{"schema_version": 1, "context": {"head_sha": "aaaaaaaaaaaaaaaaaaaaaaaaaaaaaaaaaaaaaaaa"}, "kind": "PROCESS_PROBE_CUSTODY_CLEANUP", "status": "FAILED", "started_at": "2026-09-11T02:41:29.368691+00:00", "upload": {"artifact_id": "100", "sha256": "cccccccccccccccccccccccccccccccccccccccccccccccccccccccccccccccc"}, "error_type": "RuntimeError", "finished_at": "2026-09-11T02:41:29.369170+00:00"}
{"schema_version": 1, "context": {"head_sha": "aaaaaaaaaaaaaaaaaaaaaaaaaaaaaaaaaaaaaaaa"}, "kind": "PROCESS_PROBE_CUSTODY_CLEANUP", "status": "FAILED", "started_at": "2026-09-11T02:41:29.369991+00:00", "upload": {"artifact_id": "100", "sha256": "cccccccccccccccccccccccccccccccccccccccccccccccccccccccccccccccc"}, "error_type": "RuntimeError", "finished_at": "2026-09-11T02:41:29.370191+00:00"}
{"schema_version": 1, "context": {"head_sha": "aaaaaaaaaaaaaaaaaaaaaaaaaaaaaaaaaaaaaaaa"}, "kind": "PROCESS_PROBE_CUSTODY_CLEANUP", "status": "FAILED", "started_at": "2026-09-11T02:41:29.371056+00:00", "upload": {"artifact_id": "100", "sha256": "cccccccccccccccccccccccccccccccccccccccccccccccccccccccccccccccc"}, "error_type": "RuntimeError", "finished_at": "2026-09-11T02:41:29.371563+00:00"}
{"schema_version": 1, "context": {"head_sha": "aaaaaaaaaaaaaaaaaaaaaaaaaaaaaaaaaaaaaaaa"}, "kind": "PROCESS_PROBE_CUSTODY_CLEANUP", "status": "FAILED", "started_at": "2026-09-11T02:41:29.372503+00:00", "error_type": "RuntimeError", "finished_at": "2026-09-11T02:41:29.372702+00:00"}
{"schema_version": 1, "context": {"head_sha": "aaaaaaaaaaaaaaaaaaaaaaaaaaaaaaaaaaaaaaaa"}, "kind": "PROCESS_PROBE_CUSTODY_CLEANUP", "status": "FAILED", "started_at": "2026-09-11T02:41:29.373479+00:00", "error_type": "RuntimeError", "finished_at": "2026-09-11T02:41:29.373688+00:00"}
{"schema_version": 1, "context": {"head_sha": "aaaaaaaaaaaaaaaaaaaaaaaaaaaaaaaaaaaaaaaa"}, "kind": "PROCESS_PROBE_CUSTODY_CLEANUP", "status": "FAILED", "started_at": "2026-09-11T02:41:29.374499+00:00", "error_type": "RuntimeError", "finished_at": "2026-09-11T02:41:29.374692+00:00"}
