{"inputs": [{"path": "scripts/release/tests/test_third_party_notices.py", "sha256": "0a395e8b064dea6ec229509026abfd5ec7c7f5a5a23969f606e461100f42eed3", "tests": ["parlor_package_control_0.ThirdPartyNoticesTest.test_aab_duplicate_case_alias_traversal_and_file_parent_collisions_fail", "parlor_package_control_0.ThirdPartyNoticesTest.test_aab_missing_extra_wrong_namespace_and_wrong_root_fail", "parlor_package_control_0.ThirdPartyNoticesTest.test_actual_source_set_is_26_complete_hash_bound_resources_not_a_package_pass", "parlor_package_control_0.ThirdPartyNoticesTest.test_app_missing_extra_wrong_namespace_symlink_and_fifo_fail", "parlor_package_control_0.ThirdPartyNoticesTest.test_app_root_symlink_wrong_prefix_and_depth_or_entry_ceiling_fail", "parlor_package_control_0.ThirdPartyNoticesTest.test_catalog_bytes_pins_and_namespace_declaration_are_bound", "parlor_package_control_0.ThirdPartyNoticesTest.test_cli_json_success_failure_and_unexecuted_package_are_unambiguous", "parlor_package_control_0.ThirdPartyNoticesTest.test_compressed_notice_bomb_and_manifest_directory_bounds_fail", "parlor_package_control_0.ThirdPartyNoticesTest.test_crc_corruption_and_truncated_aab_fail", "parlor_package_control_0.ThirdPartyNoticesTest.test_deflate_compression_level_flags_are_not_mistaken_for_encryption", "parlor_package_control_0.ThirdPartyNoticesTest.test_duplicate_catalog_version_declarations_are_not_silently_last_wins", "parlor_package_control_0.ThirdPartyNoticesTest.test_forged_short_uncompressed_length_cannot_hide_extra_decompressed_bytes", "parlor_package_control_0.ThirdPartyNoticesTest.test_index_required_sentences_and_complete_file_list_cannot_be_removed_by_rehashing", "parlor_package_control_0.ThirdPartyNoticesTest.test_input_replacement_during_read_fails", "parlor_package_control_0.ThirdPartyNoticesTest.test_manifest_rejects_closed_schema_identity_count_and_duplicate_mutations", "parlor_package_control_0.ThirdPartyNoticesTest.test_manifest_rejects_malformed_duplicate_keys_and_nonfinite_json", "parlor_package_control_0.ThirdPartyNoticesTest.test_missing_and_extra_source_files_fail", "parlor_package_control_0.ThirdPartyNoticesTest.test_nonregular_source_and_manifest_do_not_block_on_fifo_open", "parlor_package_control_0.ThirdPartyNoticesTest.test_only_catalog_line_endings_are_canonicalized_and_raw_identity_remains_visible", "parlor_package_control_0.ThirdPartyNoticesTest.test_package_tamper_fails_even_if_a_digest_function_is_made_to_collide", "parlor_package_control_0.ThirdPartyNoticesTest.test_provenance_rejects_private_urls_unsafe_members_and_forged_hashes", "parlor_package_control_0.ThirdPartyNoticesTest.test_real_zip_data_descriptors_are_accepted", "parlor_package_control_0.ThirdPartyNoticesTest.test_source_input_size_and_aggregate_limits_are_enforced", "parlor_package_control_0.ThirdPartyNoticesTest.test_source_lines_provenance_requires_real_ordered_integer_range", "parlor_package_control_0.ThirdPartyNoticesTest.test_source_tampering_and_line_ending_normalization_fail", "parlor_package_control_0.ThirdPartyNoticesTest.test_symlink_source_root_ancestor_and_file_fail_without_following", "parlor_package_control_0.ThirdPartyNoticesTest.test_valid_app_checks_complete_namespace_and_does_not_read_non_notice_contents", "parlor_package_control_0.ThirdPartyNoticesTest.test_valid_stored_and_deflated_aab_matches_every_exact_resource", "parlor_package_control_0.ThirdPartyNoticesTest.test_verbatim_crlf_and_notice_provenance_are_preserved", "parlor_package_control_0.ThirdPartyNoticesTest.test_zip_encryption_and_nul_filename_fail", "parlor_package_control_0.ThirdPartyNoticesTest.test_zip_eocd_count_lie_is_rejected_before_zipinfo_allocation", "parlor_package_control_0.ThirdPartyNoticesTest.test_zip_symlink_and_zip64_extra_fail"]}, {"path": "scripts/release/tests/test_notice_git_bytes.py", "sha256": "8b16890d574150a00b55083607a744124ddfe15ce4a55bfc9377a7629fd575ee", "tests": ["parlor_package_control_1.NoticeGitBytesTest.test_notice_bytes_survive_crlf_checkout_conversion"]}, {"path": "scripts/release/tests/test_android_release_artifacts.py", "sha256": "f8b9a707ef2a023fce7fa1a2cd658a0820042af4e28aae647d91567d80004963", "tests": ["parlor_package_control_2.AndroidReleaseArtifactsTest.test_dex_counts_every_defined_descriptor", "parlor_package_control_2.AndroidReleaseArtifactsTest.test_dex_rejects_missing_duplicate_and_forbidden_classes", "parlor_package_control_2.AndroidReleaseArtifactsTest.test_each_native_abi_has_the_right_elf_identity", "parlor_package_control_2.AndroidReleaseArtifactsTest.test_immediate_post_spawn_failure_and_cancellation_reap_exact_owned_child", "parlor_package_control_2.AndroidReleaseArtifactsTest.test_integrated_fixture_rejects_changed_story_and_unsigned_policy", "parlor_package_control_2.AndroidReleaseArtifactsTest.test_integrated_fixture_uses_real_notice_resource_checks_and_independent_tools", "parlor_package_control_2.AndroidReleaseArtifactsTest.test_manifest_rejects_dtd_and_overlarge_output", "parlor_package_control_2.AndroidReleaseArtifactsTest.test_manifest_rejects_identity_version_sdk_and_privacy_drift", "parlor_package_control_2.AndroidReleaseArtifactsTest.test_manifest_rejects_new_components_permissions_and_launcher", "parlor_package_control_2.AndroidReleaseArtifactsTest.test_manifest_validates_actual_required_policy", "parlor_package_control_2.AndroidReleaseArtifactsTest.test_mapping_checks_original_names_even_when_obfuscated", "parlor_package_control_2.AndroidReleaseArtifactsTest.test_mapping_rejects_empty_unrecognized_and_unbounded_lines", "parlor_package_control_2.AndroidReleaseArtifactsTest.test_native_rejects_wrong_cpu_type_location_and_extra_library", "parlor_package_control_2.AndroidReleaseArtifactsTest.test_owned_tool_failure_and_timeout_are_reaped", "parlor_package_control_2.AndroidReleaseArtifactsTest.test_regular_input_rejects_symlink_and_empty_file", "parlor_package_control_2.AndroidReleaseArtifactsTest.test_stubborn_owned_child_is_killed_then_reaped_after_cancel", "parlor_package_control_2.AndroidReleaseArtifactsTest.test_tool_output_bound_is_enforced"]}, {"path": "scripts/release/tests/test_ios_release_artifacts.py", "sha256": "e5239b6587b963d009a2a477de6d6e1e36bac5c03e144059c92657527ec3e1c6", "tests": ["parlor_package_control_3.GitSourceIdentityTest.test_head_tree_and_dirty_and_untracked_build_input_hashes_are_actual", "parlor_package_control_3.GitSourceIdentityTest.test_protected_and_unrelated_untracked_files_are_not_read", "parlor_package_control_3.GitSourceIdentityTest.test_subdirectory_cannot_masquerade_as_full_source_checkout", "parlor_package_control_3.GitSourceIdentityTest.test_untracked_symlinked_build_input_is_rejected", "parlor_package_control_3.NativeCommandAndCliTest.test_cli_rejects_oversized_success_report", "parlor_package_control_3.NativeCommandAndCliTest.test_cli_returns_nonzero_json_on_verification_failure", "parlor_package_control_3.NativeCommandAndCliTest.test_command_output_exit_and_timeout_guards_close_owned_spool", "parlor_package_control_3.NativeCommandAndCliTest.test_native_probe_uses_only_fixed_readonly_commands", "parlor_package_control_3.NativeCommandAndCliTest.test_nonmac_native_probe_cannot_claim_execution", "parlor_package_control_3.ReleaseArtifactTest.test_changed_source_identity_cannot_pass", "parlor_package_control_3.ReleaseArtifactTest.test_cli_executes_real_package_checks_with_injected_native_metadata", "parlor_package_control_3.ReleaseArtifactTest.test_duplicate_version_assignments_fail", "parlor_package_control_3.ReleaseArtifactTest.test_every_file_and_extra_debug_dylib_is_inventoried_with_uuid", "parlor_package_control_3.ReleaseArtifactTest.test_exact_case_and_font_bytes_are_checked_in_shipping_namespaces", "parlor_package_control_3.ReleaseArtifactTest.test_file_total_and_plist_bounds_fail_without_large_fixture", "parlor_package_control_3.ReleaseArtifactTest.test_framework_deployment_floor_may_be_lower_than_app_floor", "parlor_package_control_3.ReleaseArtifactTest.test_full_verifier_binds_source_and_does_not_invalidate_for_excluded_review_evidence", "parlor_package_control_3.ReleaseArtifactTest.test_known_identity_collision_cannot_be_promoted_by_package_inspector", "parlor_package_control_3.ReleaseArtifactTest.test_missing_source_categories_or_unknown_font_namespace_fail", "parlor_package_control_3.ReleaseArtifactTest.test_non_macho_extra_native_file_is_not_hidden_as_resource", "parlor_package_control_3.ReleaseArtifactTest.test_package_mutation_during_native_inspection_is_rejected", "parlor_package_control_3.ReleaseArtifactTest.test_privacy_structural_match_accepts_binary_plist_but_not_changed_declaration", "parlor_package_control_3.ReleaseArtifactTest.test_private_material_is_rejected_before_reading_file_bytes", "parlor_package_control_3.ReleaseArtifactTest.test_release_identity_version_platform_deployment_and_language_are_checked", "parlor_package_control_3.ReleaseArtifactTest.test_required_native_must_exist_and_have_macho_header", "parlor_package_control_3.ReleaseArtifactTest.test_symlinked_package_or_resource_is_rejected", "parlor_package_control_3.ReleaseArtifactTest.test_unreviewed_extension_and_nonregular_entry_fail", "parlor_package_control_3.ReleaseArtifactTest.test_uuid_is_single_arm64_and_bound_to_actual_path", "parlor_package_control_3.ReleaseArtifactTest.test_wrong_native_architecture_platform_floor_and_output_shape_fail"]}, {"path": "scripts/release/tests/test_workflow_contract.py", "sha256": "b2e5f6af1a37f86e5e47c3c69e7a31afb1b4090034c202a39c7bfc3a93f3e219", "tests": ["parlor_package_control_4.WorkflowContractTest.test_all_release_temporary_directories_use_signal_safe_cleanup", "parlor_package_control_4.WorkflowContractTest.test_android_and_ios_release_packages_must_verify_notice_bytes", "parlor_package_control_4.WorkflowContractTest.test_apple_signing_and_upload_scripts_require_identity_approval", "parlor_package_control_4.WorkflowContractTest.test_candidate_build_number_claim_cannot_be_removed", "parlor_package_control_4.WorkflowContractTest.test_candidate_bundletool_download_must_be_bounded", "parlor_package_control_4.WorkflowContractTest.test_candidate_claim_requires_a_secretless_protected_environment", "parlor_package_control_4.WorkflowContractTest.test_candidate_claim_transaction_cannot_be_scoped_per_sha", "parlor_package_control_4.WorkflowContractTest.test_candidate_dependency_and_validation_evidence_must_be_retained", "parlor_package_control_4.WorkflowContractTest.test_candidate_dependency_report_must_use_release_runtime", "parlor_package_control_4.WorkflowContractTest.test_candidate_preflight_requires_reviewed_managed_device_image", "parlor_package_control_4.WorkflowContractTest.test_complete_ios_inventory_requires_successful_build_and_cleanup", "parlor_package_control_4.WorkflowContractTest.test_every_store_workflow_job_is_repository_disabled", "parlor_package_control_4.WorkflowContractTest.test_external_partial_rerun_evidence_cannot_be_removed", "parlor_package_control_4.WorkflowContractTest.test_ios_app_launch_cannot_delay_finalization_or_claim_ownership_after_launch", "parlor_package_control_4.WorkflowContractTest.test_ios_app_launch_requires_its_own_preparation_and_finalization", "parlor_package_control_4.WorkflowContractTest.test_ios_app_launch_requires_owned_simulator_and_nonparallel_execution", "parlor_package_control_4.WorkflowContractTest.test_ios_app_launch_ui_test_cannot_be_replaced_with_a_build", "parlor_package_control_4.WorkflowContractTest.test_ios_artifact_validator_enforces_pinned_store_toolchain", "parlor_package_control_4.WorkflowContractTest.test_ios_build_phases_do_not_inherit_source_signing_secrets", "parlor_package_control_4.WorkflowContractTest.test_ios_profile_refusal_cannot_delete_a_preexisting_profile", "parlor_package_control_4.WorkflowContractTest.test_ios_signing_cleanup_is_fail_closed", "parlor_package_control_4.WorkflowContractTest.test_ios_upload_uses_scoped_key_directory_and_removes_raw_response", "parlor_package_control_4.WorkflowContractTest.test_managed_device_runner_cannot_use_production_signing_material", "parlor_package_control_4.WorkflowContractTest.test_missing_shared_store_lock_is_rejected", "parlor_package_control_4.WorkflowContractTest.test_mobile_release_kit_android_signing_fallbacks_remain_bounded", "parlor_package_control_4.WorkflowContractTest.test_mobile_release_kit_ios_signing_mapping_is_release_target_only", "parlor_package_control_4.WorkflowContractTest.test_mutable_action_reference_is_rejected", "parlor_package_control_4.WorkflowContractTest.test_new_store_workflow_job_cannot_omit_the_release_stop", "parlor_package_control_4.WorkflowContractTest.test_production_build_command_is_rejected", "parlor_package_control_4.WorkflowContractTest.test_production_push_trigger_is_rejected", "parlor_package_control_4.WorkflowContractTest.test_production_without_external_receipt_attestation_is_rejected", "parlor_package_control_4.WorkflowContractTest.test_production_without_its_own_receipt_attestations_is_rejected", "parlor_package_control_4.WorkflowContractTest.test_promotion_without_candidate_attestation_is_rejected", "parlor_package_control_4.WorkflowContractTest.test_release_policy_includes_the_candidate_control_environment", "parlor_package_control_4.WorkflowContractTest.test_release_system_enforces_review_inventory_freshness", "parlor_package_control_4.WorkflowContractTest.test_release_tool_download_failure_cannot_false_pass", "parlor_package_control_4.WorkflowContractTest.test_repository_workflows_satisfy_release_contract", "parlor_package_control_4.WorkflowContractTest.test_review_inventory_gate_has_full_git_history", "parlor_package_control_4.WorkflowContractTest.test_store_workflow_without_identity_ownership_gate_is_rejected", "parlor_package_control_4.WorkflowContractTest.test_unreviewed_workflow_file_is_rejected", "parlor_package_control_4.WorkflowContractTest.test_unsigned_android_inventory_is_required_and_tool_cleanup_is_scoped", "parlor_package_control_4.WorkflowContractTest.test_validation_requires_release_managed_device_runtime_gate", "parlor_package_control_4.WorkflowContractTest.test_xcode_identity_guard_matches_the_exact_build_setting"]}, {"path": "remediation-runs/2026-09-07-local-readiness/reviews/test_aab_package_inspection_02.py", "sha256": "28afd0b61324c2278983b60db6b0150581b62f8783aa15fbfc570872f2944b59", "tests": ["parlor_package_control_5.FinalizationTests.test_failed_inspection_still_retires_workers_and_retains_required_evidence", "parlor_package_control_5.FinalizationTests.test_postspawn_clock_failure_terminates_and_reaps_owned_group", "parlor_package_control_5.FinalizationTests.test_success_retires_postinspection_workers_before_output_cleanup", "parlor_package_control_5.FinalizationTests.test_surviving_artifact_worker_prevents_output_deletion", "parlor_package_control_5.PackageBoundaryTests.test_failed_notice_keeps_artifact_and_failure_report", "parlor_package_control_5.PackageBoundaryTests.test_failed_or_cancelled_download_cleans_only_its_tool", "parlor_package_control_5.PackageBoundaryTests.test_full_gate_failure_cannot_be_hidden_by_notice_success", "parlor_package_control_5.PackageBoundaryTests.test_full_gate_nonzero_retains_report_but_removes_tool", "parlor_package_control_5.PackageBoundaryTests.test_full_gate_requires_artifact_success_and_bounded_report", "parlor_package_control_5.PackageBoundaryTests.test_full_gate_uses_tracked_invoke_and_removes_tool_after_success", "parlor_package_control_5.PackageBoundaryTests.test_full_receipt_must_bind_exact_artifact_digest", "parlor_package_control_5.PackageBoundaryTests.test_oversized_notice_is_rejected", "parlor_package_control_5.PackageBoundaryTests.test_preexisting_tool_is_not_read_removed_or_overwritten", "parlor_package_control_5.PackageBoundaryTests.test_source_only_success_cannot_satisfy_package_gate", "parlor_package_control_5.PackageBoundaryTests.test_success_keeps_byte_bound_notice_and_full_receipt_before_cleanup"]}, {"path": "remediation-runs/2026-09-07-local-readiness/reviews/test_build_lane_group_retirement.py", "sha256": "6933afa3dca7e1fa89886500806491ca09d27d499d9b94dd8c92158102509878", "tests": ["parlor_package_control_6.GroupRetirementTests.test_cancellation_retires_group_without_signalling_reaped_leader", "parlor_package_control_6.GroupRetirementTests.test_failure_retires_group_without_signalling_reaped_leader", "parlor_package_control_6.GroupRetirementTests.test_observed_descendants_remain_bound_to_their_original_start", "parlor_package_control_6.GroupRetirementTests.test_reused_group_cannot_adopt_an_unrelated_process", "parlor_package_control_6.GroupRetirementTests.test_success_retires_group_immediately"]}], "kind": "PURE_CONTROL_TESTS_NOT_NATIVE_RUNTIME"}
test_aab_duplicate_case_alias_traversal_and_file_parent_collisions_fail (parlor_package_control_0.ThirdPartyNoticesTest) ... ok
test_aab_missing_extra_wrong_namespace_and_wrong_root_fail (parlor_package_control_0.ThirdPartyNoticesTest) ... ok
test_actual_source_set_is_26_complete_hash_bound_resources_not_a_package_pass (parlor_package_control_0.ThirdPartyNoticesTest) ... ok
test_app_missing_extra_wrong_namespace_symlink_and_fifo_fail (parlor_package_control_0.ThirdPartyNoticesTest) ... ok
test_app_root_symlink_wrong_prefix_and_depth_or_entry_ceiling_fail (parlor_package_control_0.ThirdPartyNoticesTest) ... ok
test_catalog_bytes_pins_and_namespace_declaration_are_bound (parlor_package_control_0.ThirdPartyNoticesTest) ... ok
test_cli_json_success_failure_and_unexecuted_package_are_unambiguous (parlor_package_control_0.ThirdPartyNoticesTest) ... ok
test_compressed_notice_bomb_and_manifest_directory_bounds_fail (parlor_package_control_0.ThirdPartyNoticesTest) ... ok
test_crc_corruption_and_truncated_aab_fail (parlor_package_control_0.ThirdPartyNoticesTest) ... ok
test_deflate_compression_level_flags_are_not_mistaken_for_encryption (parlor_package_control_0.ThirdPartyNoticesTest) ... ok
test_duplicate_catalog_version_declarations_are_not_silently_last_wins (parlor_package_control_0.ThirdPartyNoticesTest) ... ok
test_forged_short_uncompressed_length_cannot_hide_extra_decompressed_bytes (parlor_package_control_0.ThirdPartyNoticesTest) ... ok
test_index_required_sentences_and_complete_file_list_cannot_be_removed_by_rehashing (parlor_package_control_0.ThirdPartyNoticesTest) ... ok
test_input_replacement_during_read_fails (parlor_package_control_0.ThirdPartyNoticesTest) ... ok
test_manifest_rejects_closed_schema_identity_count_and_duplicate_mutations (parlor_package_control_0.ThirdPartyNoticesTest) ... ok
test_manifest_rejects_malformed_duplicate_keys_and_nonfinite_json (parlor_package_control_0.ThirdPartyNoticesTest) ... ok
test_missing_and_extra_source_files_fail (parlor_package_control_0.ThirdPartyNoticesTest) ... ok
test_nonregular_source_and_manifest_do_not_block_on_fifo_open (parlor_package_control_0.ThirdPartyNoticesTest) ... ok
test_only_catalog_line_endings_are_canonicalized_and_raw_identity_remains_visible (parlor_package_control_0.ThirdPartyNoticesTest) ... ok
test_package_tamper_fails_even_if_a_digest_function_is_made_to_collide (parlor_package_control_0.ThirdPartyNoticesTest) ... ok
test_provenance_rejects_private_urls_unsafe_members_and_forged_hashes (parlor_package_control_0.ThirdPartyNoticesTest) ... ok
test_real_zip_data_descriptors_are_accepted (parlor_package_control_0.ThirdPartyNoticesTest) ... ok
test_source_input_size_and_aggregate_limits_are_enforced (parlor_package_control_0.ThirdPartyNoticesTest) ... ok
test_source_lines_provenance_requires_real_ordered_integer_range (parlor_package_control_0.ThirdPartyNoticesTest) ... ok
test_source_tampering_and_line_ending_normalization_fail (parlor_package_control_0.ThirdPartyNoticesTest) ... ok
test_symlink_source_root_ancestor_and_file_fail_without_following (parlor_package_control_0.ThirdPartyNoticesTest) ... ok
test_valid_app_checks_complete_namespace_and_does_not_read_non_notice_contents (parlor_package_control_0.ThirdPartyNoticesTest) ... ok
test_valid_stored_and_deflated_aab_matches_every_exact_resource (parlor_package_control_0.ThirdPartyNoticesTest) ... ok
test_verbatim_crlf_and_notice_provenance_are_preserved (parlor_package_control_0.ThirdPartyNoticesTest) ... ok
test_zip_encryption_and_nul_filename_fail (parlor_package_control_0.ThirdPartyNoticesTest) ... ok
test_zip_eocd_count_lie_is_rejected_before_zipinfo_allocation (parlor_package_control_0.ThirdPartyNoticesTest) ... ok
test_zip_symlink_and_zip64_extra_fail (parlor_package_control_0.ThirdPartyNoticesTest) ... ok
test_notice_bytes_survive_crlf_checkout_conversion (parlor_package_control_1.NoticeGitBytesTest) ... warning: in the working copy of '.gitattributes', LF will be replaced by CRLF the next time Git touches it
ok
test_dex_counts_every_defined_descriptor (parlor_package_control_2.AndroidReleaseArtifactsTest) ... ok
test_dex_rejects_missing_duplicate_and_forbidden_classes (parlor_package_control_2.AndroidReleaseArtifactsTest) ... ok
test_each_native_abi_has_the_right_elf_identity (parlor_package_control_2.AndroidReleaseArtifactsTest) ... ok
test_immediate_post_spawn_failure_and_cancellation_reap_exact_owned_child (parlor_package_control_2.AndroidReleaseArtifactsTest) ... ok
test_integrated_fixture_rejects_changed_story_and_unsigned_policy (parlor_package_control_2.AndroidReleaseArtifactsTest) ... ok
test_integrated_fixture_uses_real_notice_resource_checks_and_independent_tools (parlor_package_control_2.AndroidReleaseArtifactsTest) ... ok
test_manifest_rejects_dtd_and_overlarge_output (parlor_package_control_2.AndroidReleaseArtifactsTest) ... ok
test_manifest_rejects_identity_version_sdk_and_privacy_drift (parlor_package_control_2.AndroidReleaseArtifactsTest) ... ok
test_manifest_rejects_new_components_permissions_and_launcher (parlor_package_control_2.AndroidReleaseArtifactsTest) ... ok
test_manifest_validates_actual_required_policy (parlor_package_control_2.AndroidReleaseArtifactsTest) ... ok
test_mapping_checks_original_names_even_when_obfuscated (parlor_package_control_2.AndroidReleaseArtifactsTest) ... ok
test_mapping_rejects_empty_unrecognized_and_unbounded_lines (parlor_package_control_2.AndroidReleaseArtifactsTest) ... ok
test_native_rejects_wrong_cpu_type_location_and_extra_library (parlor_package_control_2.AndroidReleaseArtifactsTest) ... ok
test_owned_tool_failure_and_timeout_are_reaped (parlor_package_control_2.AndroidReleaseArtifactsTest) ... ok
test_regular_input_rejects_symlink_and_empty_file (parlor_package_control_2.AndroidReleaseArtifactsTest) ... ok
test_stubborn_owned_child_is_killed_then_reaped_after_cancel (parlor_package_control_2.AndroidReleaseArtifactsTest) ... ok
test_tool_output_bound_is_enforced (parlor_package_control_2.AndroidReleaseArtifactsTest) ... ok
test_head_tree_and_dirty_and_untracked_build_input_hashes_are_actual (parlor_package_control_3.GitSourceIdentityTest) ... ok
test_protected_and_unrelated_untracked_files_are_not_read (parlor_package_control_3.GitSourceIdentityTest) ... ok
test_subdirectory_cannot_masquerade_as_full_source_checkout (parlor_package_control_3.GitSourceIdentityTest) ... ok
test_untracked_symlinked_build_input_is_rejected (parlor_package_control_3.GitSourceIdentityTest) ... ok
test_cli_rejects_oversized_success_report (parlor_package_control_3.NativeCommandAndCliTest) ... ok
test_cli_returns_nonzero_json_on_verification_failure (parlor_package_control_3.NativeCommandAndCliTest) ... ok
test_command_output_exit_and_timeout_guards_close_owned_spool (parlor_package_control_3.NativeCommandAndCliTest) ... ok
test_native_probe_uses_only_fixed_readonly_commands (parlor_package_control_3.NativeCommandAndCliTest) ... ok
test_nonmac_native_probe_cannot_claim_execution (parlor_package_control_3.NativeCommandAndCliTest) ... ok
test_changed_source_identity_cannot_pass (parlor_package_control_3.ReleaseArtifactTest) ... ok
test_cli_executes_real_package_checks_with_injected_native_metadata (parlor_package_control_3.ReleaseArtifactTest) ... ok
test_duplicate_version_assignments_fail (parlor_package_control_3.ReleaseArtifactTest) ... ok
test_every_file_and_extra_debug_dylib_is_inventoried_with_uuid (parlor_package_control_3.ReleaseArtifactTest) ... ok
test_exact_case_and_font_bytes_are_checked_in_shipping_namespaces (parlor_package_control_3.ReleaseArtifactTest) ... ok
test_file_total_and_plist_bounds_fail_without_large_fixture (parlor_package_control_3.ReleaseArtifactTest) ... ok
test_framework_deployment_floor_may_be_lower_than_app_floor (parlor_package_control_3.ReleaseArtifactTest) ... ok
test_full_verifier_binds_source_and_does_not_invalidate_for_excluded_review_evidence (parlor_package_control_3.ReleaseArtifactTest) ... ok
test_known_identity_collision_cannot_be_promoted_by_package_inspector (parlor_package_control_3.ReleaseArtifactTest) ... ok
test_missing_source_categories_or_unknown_font_namespace_fail (parlor_package_control_3.ReleaseArtifactTest) ... ok
test_non_macho_extra_native_file_is_not_hidden_as_resource (parlor_package_control_3.ReleaseArtifactTest) ... ok
test_package_mutation_during_native_inspection_is_rejected (parlor_package_control_3.ReleaseArtifactTest) ... ok
test_privacy_structural_match_accepts_binary_plist_but_not_changed_declaration (parlor_package_control_3.ReleaseArtifactTest) ... ok
test_private_material_is_rejected_before_reading_file_bytes (parlor_package_control_3.ReleaseArtifactTest) ... ok
test_release_identity_version_platform_deployment_and_language_are_checked (parlor_package_control_3.ReleaseArtifactTest) ... ok
test_required_native_must_exist_and_have_macho_header (parlor_package_control_3.ReleaseArtifactTest) ... ok
test_symlinked_package_or_resource_is_rejected (parlor_package_control_3.ReleaseArtifactTest) ... ok
test_unreviewed_extension_and_nonregular_entry_fail (parlor_package_control_3.ReleaseArtifactTest) ... ok
test_uuid_is_single_arm64_and_bound_to_actual_path (parlor_package_control_3.ReleaseArtifactTest) ... ok
test_wrong_native_architecture_platform_floor_and_output_shape_fail (parlor_package_control_3.ReleaseArtifactTest) ... ok
test_all_release_temporary_directories_use_signal_safe_cleanup (parlor_package_control_4.WorkflowContractTest) ... ok
test_android_and_ios_release_packages_must_verify_notice_bytes (parlor_package_control_4.WorkflowContractTest) ... ok
test_apple_signing_and_upload_scripts_require_identity_approval (parlor_package_control_4.WorkflowContractTest) ... ok
test_candidate_build_number_claim_cannot_be_removed (parlor_package_control_4.WorkflowContractTest) ... ok
test_candidate_bundletool_download_must_be_bounded (parlor_package_control_4.WorkflowContractTest) ... ok
test_candidate_claim_requires_a_secretless_protected_environment (parlor_package_control_4.WorkflowContractTest) ... ok
test_candidate_claim_transaction_cannot_be_scoped_per_sha (parlor_package_control_4.WorkflowContractTest) ... ok
test_candidate_dependency_and_validation_evidence_must_be_retained (parlor_package_control_4.WorkflowContractTest) ... ok
test_candidate_dependency_report_must_use_release_runtime (parlor_package_control_4.WorkflowContractTest) ... ok
test_candidate_preflight_requires_reviewed_managed_device_image (parlor_package_control_4.WorkflowContractTest) ... ok
test_complete_ios_inventory_requires_successful_build_and_cleanup (parlor_package_control_4.WorkflowContractTest) ... ok
test_every_store_workflow_job_is_repository_disabled (parlor_package_control_4.WorkflowContractTest) ... ok
test_external_partial_rerun_evidence_cannot_be_removed (parlor_package_control_4.WorkflowContractTest) ... ok
test_ios_app_launch_cannot_delay_finalization_or_claim_ownership_after_launch (parlor_package_control_4.WorkflowContractTest) ... ok
test_ios_app_launch_requires_its_own_preparation_and_finalization (parlor_package_control_4.WorkflowContractTest) ... ok
test_ios_app_launch_requires_owned_simulator_and_nonparallel_execution (parlor_package_control_4.WorkflowContractTest) ... ok
test_ios_app_launch_ui_test_cannot_be_replaced_with_a_build (parlor_package_control_4.WorkflowContractTest) ... ok
test_ios_artifact_validator_enforces_pinned_store_toolchain (parlor_package_control_4.WorkflowContractTest) ... ok
test_ios_build_phases_do_not_inherit_source_signing_secrets (parlor_package_control_4.WorkflowContractTest) ... ok
test_ios_profile_refusal_cannot_delete_a_preexisting_profile (parlor_package_control_4.WorkflowContractTest) ... ok
test_ios_signing_cleanup_is_fail_closed (parlor_package_control_4.WorkflowContractTest) ... ok
test_ios_upload_uses_scoped_key_directory_and_removes_raw_response (parlor_package_control_4.WorkflowContractTest) ... ok
test_managed_device_runner_cannot_use_production_signing_material (parlor_package_control_4.WorkflowContractTest) ... ok
test_missing_shared_store_lock_is_rejected (parlor_package_control_4.WorkflowContractTest) ... ok
test_mobile_release_kit_android_signing_fallbacks_remain_bounded (parlor_package_control_4.WorkflowContractTest) ... ok
test_mobile_release_kit_ios_signing_mapping_is_release_target_only (parlor_package_control_4.WorkflowContractTest) ... ok
test_mutable_action_reference_is_rejected (parlor_package_control_4.WorkflowContractTest) ... ok
test_new_store_workflow_job_cannot_omit_the_release_stop (parlor_package_control_4.WorkflowContractTest) ... ok
test_production_build_command_is_rejected (parlor_package_control_4.WorkflowContractTest) ... ok
test_production_push_trigger_is_rejected (parlor_package_control_4.WorkflowContractTest) ... ok
test_production_without_external_receipt_attestation_is_rejected (parlor_package_control_4.WorkflowContractTest) ... ok
test_production_without_its_own_receipt_attestations_is_rejected (parlor_package_control_4.WorkflowContractTest) ... ok
test_promotion_without_candidate_attestation_is_rejected (parlor_package_control_4.WorkflowContractTest) ... ok
test_release_policy_includes_the_candidate_control_environment (parlor_package_control_4.WorkflowContractTest) ... ok
test_release_system_enforces_review_inventory_freshness (parlor_package_control_4.WorkflowContractTest) ... ok
test_release_tool_download_failure_cannot_false_pass (parlor_package_control_4.WorkflowContractTest) ... ok
test_repository_workflows_satisfy_release_contract (parlor_package_control_4.WorkflowContractTest) ... ok
test_review_inventory_gate_has_full_git_history (parlor_package_control_4.WorkflowContractTest) ... ok
test_store_workflow_without_identity_ownership_gate_is_rejected (parlor_package_control_4.WorkflowContractTest) ... ok
test_unreviewed_workflow_file_is_rejected (parlor_package_control_4.WorkflowContractTest) ... ok
test_unsigned_android_inventory_is_required_and_tool_cleanup_is_scoped (parlor_package_control_4.WorkflowContractTest) ... ok
test_validation_requires_release_managed_device_runtime_gate (parlor_package_control_4.WorkflowContractTest) ... ok
test_xcode_identity_guard_matches_the_exact_build_setting (parlor_package_control_4.WorkflowContractTest) ... ok
test_failed_inspection_still_retires_workers_and_retains_required_evidence (parlor_package_control_5.FinalizationTests) ... ok
test_postspawn_clock_failure_terminates_and_reaps_owned_group (parlor_package_control_5.FinalizationTests) ... ok
test_success_retires_postinspection_workers_before_output_cleanup (parlor_package_control_5.FinalizationTests) ... ok
test_surviving_artifact_worker_prevents_output_deletion (parlor_package_control_5.FinalizationTests) ... ok
test_failed_notice_keeps_artifact_and_failure_report (parlor_package_control_5.PackageBoundaryTests) ... ok
test_failed_or_cancelled_download_cleans_only_its_tool (parlor_package_control_5.PackageBoundaryTests) ... ok
test_full_gate_failure_cannot_be_hidden_by_notice_success (parlor_package_control_5.PackageBoundaryTests) ... ok
test_full_gate_nonzero_retains_report_but_removes_tool (parlor_package_control_5.PackageBoundaryTests) ... ok
test_full_gate_requires_artifact_success_and_bounded_report (parlor_package_control_5.PackageBoundaryTests) ... ok
test_full_gate_uses_tracked_invoke_and_removes_tool_after_success (parlor_package_control_5.PackageBoundaryTests) ... ok
test_full_receipt_must_bind_exact_artifact_digest (parlor_package_control_5.PackageBoundaryTests) ... ok
test_oversized_notice_is_rejected (parlor_package_control_5.PackageBoundaryTests) ... ok
test_preexisting_tool_is_not_read_removed_or_overwritten (parlor_package_control_5.PackageBoundaryTests) ... ok
test_source_only_success_cannot_satisfy_package_gate (parlor_package_control_5.PackageBoundaryTests) ... ok
test_success_keeps_byte_bound_notice_and_full_receipt_before_cleanup (parlor_package_control_5.PackageBoundaryTests) ... ok
test_cancellation_retires_group_without_signalling_reaped_leader (parlor_package_control_6.GroupRetirementTests) ... ok
test_failure_retires_group_without_signalling_reaped_leader (parlor_package_control_6.GroupRetirementTests) ... ok
test_observed_descendants_remain_bound_to_their_original_start (parlor_package_control_6.GroupRetirementTests) ... ok
test_reused_group_cannot_adopt_an_unrelated_process (parlor_package_control_6.GroupRetirementTests) ... ok
test_success_retires_group_immediately (parlor_package_control_6.GroupRetirementTests) ... ok

----------------------------------------------------------------------
Ran 142 tests in 2.314s

OK
release workflow contract: PASS
{"errors": 0, "failures": 0, "skips": 0, "source_unchanged": true, "tests": 142}
{"actual_imports": {"__main__": "/Users/abdelrahman/Projects/parlor/remediation-runs/2026-09-07-local-readiness/native/normal-ios-launch-proposal-01/run_control_tests.py", "artifact_inventory": "/Users/abdelrahman/Projects/parlor/scripts/verification/ios-readiness/artifact_inventory.py", "copied_sources": "/Users/abdelrahman/Projects/parlor/scripts/verification/ios-readiness/copied_sources.py", "external_image_provenance": "/Users/abdelrahman/Projects/parlor/remediation-runs/2026-09-07-local-readiness/native/normal-ios-launch-proposal-01/external_image_provenance.py", "instrument_storage": "/Users/abdelrahman/Projects/parlor/scripts/verification/ios-readiness/instrument_storage.py", "native_failure_receipts": "/Users/abdelrahman/Projects/parlor/scripts/verification/ios-readiness/native_failure_receipts.py", "native_readiness_receipts": "/Users/abdelrahman/Projects/parlor/scripts/verification/ios-readiness/native_readiness_receipts.py", "normal_launch_receipts": "/Users/abdelrahman/Projects/parlor/remediation-runs/2026-09-07-local-readiness/native/normal-ios-launch-proposal-01/normal_launch_receipts.py", "normal_source_copy": "/Users/abdelrahman/Projects/parlor/remediation-runs/2026-09-07-local-readiness/native/normal-ios-launch-proposal-01/normal_source_copy.py", "os_action_receipts": "/Users/abdelrahman/Projects/parlor/scripts/verification/ios-readiness/os_action_receipts.py", "os_pane_receipts": "/Users/abdelrahman/Projects/parlor/scripts/verification/ios-readiness/os_pane_receipts.py", "os_preference_receipts": "/Users/abdelrahman/Projects/parlor/scripts/verification/ios-readiness/os_preference_receipts.py", "owned_lane": "/Users/abdelrahman/Projects/parlor/scripts/verification/ios-readiness/owned_lane.py", "prerequisite_receipts": "/Users/abdelrahman/Projects/parlor/scripts/verification/ios-readiness/prerequisite_receipts.py", "probe_validation": "/Users/abdelrahman/Projects/parlor/scripts/verification/ios-readiness/probe_validation.py", "public_interaction_receipts": "/Users/abdelrahman/Projects/parlor/scripts/verification/ios-readiness/public_interaction_receipts.py", "run_ios_readiness": "/Users/abdelrahman/Projects/parlor/scripts/verification/ios-readiness/run_ios_readiness.py", "run_normal_ios_launch": "/Users/abdelrahman/Projects/parlor/remediation-runs/2026-09-07-local-readiness/native/normal-ios-launch-proposal-01/run_normal_ios_launch.py", "secondary_fifo": "/Users/abdelrahman/Projects/parlor/scripts/verification/ios-readiness/secondary_fifo.py", "simulator_entitlements": "/Users/abdelrahman/Projects/parlor/scripts/verification/ios-readiness/simulator_entitlements.py", "simulator_signing": "/Users/abdelrahman/Projects/parlor/scripts/verification/ios-readiness/simulator_signing.py", "test_normal_launch_controls": "/Users/abdelrahman/Projects/parlor/remediation-runs/2026-09-07-local-readiness/native/normal-ios-launch-proposal-01/test_normal_launch_controls.py"}, "before": [{"path": "remediation-runs/2026-09-07-local-readiness/evidence/release-content-followup/android-arm64-runner/darwin_owned_processes.py", "sha256": "2f2ad2a5d68cea999709a4c3c3e384cd9e6767258ad34aed4181ee2118962378"}, {"path": "remediation-runs/2026-09-07-local-readiness/native/normal-ios-launch-proposal-01/NormalSourceLaunchUITests.swift.in", "sha256": "c3d5cd42d60371cffee6ec4e8cdc462165f953dbef352bcdbf0f3f2d2a5a4ed2"}, {"path": "remediation-runs/2026-09-07-local-readiness/native/normal-ios-launch-proposal-01/README.md", "sha256": "1e8e9cb396ef4d89e6de79d7c1ff1f4e551cb06c1467b6789d423f53945c9e63"}, {"path": "remediation-runs/2026-09-07-local-readiness/native/normal-ios-launch-proposal-01/external_image_provenance.py", "sha256": "820a566780f15edc07331d41e0ac7818414d90e347e4833ed62d6ca4fb76b559"}, {"path": "remediation-runs/2026-09-07-local-readiness/native/normal-ios-launch-proposal-01/normal_launch_receipts.py", "sha256": "7753fccfbda4678289d889f58c5c3b4454e954eec0dbee7d8b654780f55d42f5"}, {"path": "remediation-runs/2026-09-07-local-readiness/native/normal-ios-launch-proposal-01/normal_source_copy.py", "sha256": "5920d07a43c64eb7193a1c1d03aea93948bfa21597591ee13d79073666ed54d2"}, {"path": "remediation-runs/2026-09-07-local-readiness/native/normal-ios-launch-proposal-01/run_control_tests.py", "sha256": "5fd60d980954bdf23ef277196a557a74cd6736fb3338aee23a213e9072560fd3"}, {"path": "remediation-runs/2026-09-07-local-readiness/native/normal-ios-launch-proposal-01/run_normal_ios_launch.py", "sha256": "5b69fc6d6c1efbdd61e049057c57f3eddb1d11e1f804bb8ec8debc7e9aba42c8"}, {"path": "remediation-runs/2026-09-07-local-readiness/native/normal-ios-launch-proposal-01/test_normal_launch_controls.py", "sha256": "af5c912dbc9655468d5d428b18f5a7c16d7b0f2fa421e14cf559ee674eaceb76"}, {"path": "scripts/verification/ios-readiness/DSC01CatalogSelection.swift.in", "sha256": "2649fb97fe27e74539dfd9867f6677c6a390e722129f8e2434231f44b1d91465"}, {"path": "scripts/verification/ios-readiness/DSC01ComposeObservation.kt.in", "sha256": "e54503b0d39a1c1055a5334dd835ccad30a96a887ff62560f22202b7231c266c"}, {"path": "scripts/verification/ios-readiness/DSC01InvocationBridge.kt.in", "sha256": "fc27547c977ed48d55c2254ed6779dc22fcd64f6cc214c8f4121b9f3e110a330"}, {"path": "scripts/verification/ios-readiness/DSC01MafiaStartSelection.swift.in", "sha256": "50aad088497c862ff962dc5b1a569a6285f99ce761bf710d4fe8f38e3b698753"}, {"path": "scripts/verification/ios-readiness/DSC01NativeObservation.swift.in", "sha256": "f806c5fa6533f9114ad9bf33fdc6fc4647086b1fb2daf4fe09ba93cf6029ee94"}, {"path": "scripts/verification/ios-readiness/DSC01OSAppSettings.swift.in", "sha256": "52e9bcfe9217998b13ca75c2cc9c097753e312afac4b0ad269a06953d1c83e38"}, {"path": "scripts/verification/ios-readiness/DSC01OSPreferenceBaseline.swift.in", "sha256": "c657f9ca83d9053d56d6debfc509d95fe07486f21e76c8b0a62ba2604978879c"}, {"path": "scripts/verification/ios-readiness/DSC01OSPrerequisite.swift.in", "sha256": "f266cc919734bd840a6a6e9288088e9e437a67b2ed41d16c8a02337ad19627d8"}, {"path": "scripts/verification/ios-readiness/DSC01Probe.swift.in", "sha256": "1c4b113ec8695d8da2115e4f386fdaf8820411879af6ff9492109b62c7770746"}, {"path": "scripts/verification/ios-readiness/DSC01PublicDiagnostics.swift.in", "sha256": "6dce9ea0f597ddce7fb95f41d3d94570f41762ca806cb0c6303e032a1375dd88"}, {"path": "scripts/verification/ios-readiness/DSC01UIKitObservation.kt.in", "sha256": "83b35d069e738f59b79c44d11569c3a9a3a64b4427a9cb7e7d46c12b60f81e80"}, {"path": "scripts/verification/ios-readiness/IOSAppLaunchUITests.swift.in", "sha256": "9bdfa70f43074569a8699dda01864496188562b117289c994ea4f4e8c844bf60"}, {"path": "scripts/verification/ios-readiness/NativeReadinessLaunch.swift.in", "sha256": "df8f0cce3f45bedbfea47df3ca0b2e56c6a777383395fc170f0f07b83f8d143a"}, {"path": "scripts/verification/ios-readiness/NativeReadinessPathControls.swift.in", "sha256": "efc84b3b49c099185d17ff56ceb53b0134ee2332ff35220a537dade5168a76c9"}, {"path": "scripts/verification/ios-readiness/NativeReadinessProbe.kt.in", "sha256": "c976abef22d10d17fd9da744f2d0edb271f3e475596c44f5ce4dfcc41f0ec3a7"}, {"path": "scripts/verification/ios-readiness/NativeReadinessUITests.swift.in", "sha256": "fa2dc7dbc97c576262ad14cd85b22f65aa908b1629ab1a205b22aa4873f5c0dc"}, {"path": "scripts/verification/ios-readiness/README.md", "sha256": "744558b8b8a4782dbdda43b572cbfdaab4e7917c9a213e83ddd29c5aea1beb1f"}, {"path": "scripts/verification/ios-readiness/artifact_inventory.py", "sha256": "485196bd7dcebccaa5ad552896c7e2da781fbf6fa6fff6ef2ab350ecc9360124"}, {"path": "scripts/verification/ios-readiness/bind_source.py", "sha256": "0954f5c24eb61c4f09c365efe6b3ab1fdb9f8342f86bad3e7654795464b53347"}, {"path": "scripts/verification/ios-readiness/copied-kotlin-phase.sh.in", "sha256": "4992e516f99df2b5f1425688c51ae532086f8859618b1968937fbede818f49b0"}, {"path": "scripts/verification/ios-readiness/copied_sources.py", "sha256": "5597d1e4b6a123a1c23bd82c66e30fdd86cb00cf85c831d6c6f281e023cbd752"}, {"path": "scripts/verification/ios-readiness/inherited-controls.json", "sha256": "a2e2e1d09fc1228add7a8fc71c8c81e30c6b140890cec2b749b0010bcea65dd5"}, {"path": "scripts/verification/ios-readiness/instrument_storage.py", "sha256": "51348e3985e6872283182a728d8a91808714d69ad0197c978298678366cb4d88"}, {"path": "scripts/verification/ios-readiness/native_failure_receipts.py", "sha256": "9376f5f7244dc297edf9bca964357a1148c1972a41b44fdfd60fd8c988a007d6"}, {"path": "scripts/verification/ios-readiness/native_readiness_receipts.py", "sha256": "d350c850e7f2152cbbeaf369465580ecfaa80e6691269130efbcdd8c936f816f"}, {"path": "scripts/verification/ios-readiness/os_action_receipts.py", "sha256": "54a5f6c0ceb669bae65d2be9480f691cc19bc77bcc5d77c75904cc3d4cc2e7bb"}, {"path": "scripts/verification/ios-readiness/os_pane_receipts.py", "sha256": "4ffcba3ade80bfa334b14f5bcddec0527148983a99b2dbf1263bde091efc9229"}, {"path": "scripts/verification/ios-readiness/os_preference_receipts.py", "sha256": "9de723db33e6a074261ae6199c55da7196bdbdc257a5ecaa558bcbc19f005c52"}, {"path": "scripts/verification/ios-readiness/owned_lane.py", "sha256": "4bf3bbb4abfa22cd1604e6b4381bf481c95662ab15bf3fbdc86355a083102742"}, {"path": "scripts/verification/ios-readiness/prerequisite_receipts.py", "sha256": "708116f488083da11357c053c6e56f5186bbde4707f1ba487a35ca363a09fd5b"}, {"path": "scripts/verification/ios-readiness/probe_validation.py", "sha256": "134bb3affe45711ec3f74d7091ec59b7f859ca4f5fa04df1d895ce3250fd3aa2"}, {"path": "scripts/verification/ios-readiness/public_interaction_receipts.py", "sha256": "4583b8e9545dbe16ef3ee6f59d7d34a2bfd1421402b0f532a0b84aa2b2f63040"}, {"path": "scripts/verification/ios-readiness/run_ios_readiness.py", "sha256": "9bd997ec5836fe8da4e3afcdb3604eb10f180d3b55a63718c1ea9ba1f9893f2c"}, {"path": "scripts/verification/ios-readiness/secondary_fifo.py", "sha256": "080622194e19ef5d3ffb561e134ab8cf91e3e3ccef1e29197f59781154a7ffcc"}, {"path": "scripts/verification/ios-readiness/simulator_entitlements.py", "sha256": "8cd4f66b83d44c69bf60cb21362d0425774f67eece8f13adc1b0f4795f260e4a"}, {"path": "scripts/verification/ios-readiness/simulator_signing.py", "sha256": "89524b777694f8504008a83b60299725cae01e8b642c10754283d79ce1974d1e"}, {"path": "scripts/verification/ios-readiness/test_controls.py", "sha256": "9c1948c6f5ce8ace176df6a9324d851004162e5296d1157a3648d50344e3ea8f"}, {"path": "scripts/verification/ios-readiness/test_native_failure_receipts.py", "sha256": "9d015aa4ce2cac5ac6e6aa770fcb0c0df00dd40435002529d807b744baa7c19b"}, {"path": "scripts/verification/ios-readiness/test_native_paths.py", "sha256": "11c0bcbba09de36d5e2eb5a276c8f8d3c52024c3b395558e6aebd2f12875007a"}, {"path": "scripts/verification/ios-readiness/test_native_readiness.py", "sha256": "45e486ad5dde50250cd244e8ffd8ae5ebbf17f4154eb1f98e7cbd84242a14ba0"}, {"path": "scripts/verification/ios-readiness/test_os_preference_receipts.py", "sha256": "74d74d25358a1dfe557ca1a57cc7145780d95ad422cc0e29cb6d09157912a4ec"}, {"path": "scripts/verification/ios-readiness/test_secondary_fifo.py", "sha256": "2d685ebcbef9930f43f1f644c5ed6fc3b5a5c5d07d975cc218a9165273bfb826"}, {"path": "scripts/verification/ios-readiness/test_simulator_entitlements.py", "sha256": "22049b900643c5345bc4cb440b9c2002ae105e4566b3cdeb3837e765a4527d80"}, {"path": "scripts/verification/ios-readiness/test_simulator_signing.py", "sha256": "af6327b4e1f62f6326a062faa70cc5132df0cde6657c15fc38a47ec2b112b54a"}], "declared_ids": ["test_normal_launch_controls.CopiedSourceTests.test_ambiguous_or_wrong_shell_phase_is_rejected", "test_normal_launch_controls.CopiedSourceTests.test_app_instrumentation_is_rejected", "test_normal_launch_controls.CopiedSourceTests.test_kotlin_instrumentation_is_rejected", "test_normal_launch_controls.CopiedSourceTests.test_missing_input_and_redirected_input_are_rejected", "test_normal_launch_controls.CopiedSourceTests.test_only_ui_test_and_owned_phase_may_change", "test_normal_launch_controls.CopiedSourceTests.test_unregistered_addition_is_rejected", "test_normal_launch_controls.ExternalProvenanceTests.test_copied_framework_uuid_must_match_embedded_but_signing_bytes_remain_distinct", "test_normal_launch_controls.ExternalProvenanceTests.test_disappearance_reuse_and_token_change_fail", "test_normal_launch_controls.ExternalProvenanceTests.test_duplicate_framework_or_image_fails", "test_normal_launch_controls.ExternalProvenanceTests.test_exact_new_target_attestation", "test_normal_launch_controls.ExternalProvenanceTests.test_exact_public_launch_pid_is_required", "test_normal_launch_controls.ExternalProvenanceTests.test_known_build_framework_remains_distinct_from_installed", "test_normal_launch_controls.ExternalProvenanceTests.test_missing_binary_images_is_not_disk_provenance", "test_normal_launch_controls.ExternalProvenanceTests.test_tool_images_and_addresses_bind_only_allowed_artifacts", "test_normal_launch_controls.ExternalProvenanceTests.test_unbound_compose_framework_cannot_be_silently_ignored", "test_normal_launch_controls.ExternalProvenanceTests.test_vmmap_mapping_cannot_exceed_sample_image_range", "test_normal_launch_controls.ExternalProvenanceTests.test_vmmap_must_map_same_load_address", "test_normal_launch_controls.ExternalProvenanceTests.test_vmmap_without_all_text_mappings_fails", "test_normal_launch_controls.ExternalProvenanceTests.test_wrong_executable_uid_old_lifetime_or_preexisting_pid_fails", "test_normal_launch_controls.ExternalProvenanceTests.test_wrong_runtime_uuid_fails", "test_normal_launch_controls.ExternalProvenanceTests.test_wrong_tool_pid_or_executable_fails", "test_normal_launch_controls.MarkerTests.test_boolean_duration_is_not_a_number", "test_normal_launch_controls.MarkerTests.test_clock_regression_fails", "test_normal_launch_controls.MarkerTests.test_complete_cannot_move_back_before_last_sample", "test_normal_launch_controls.MarkerTests.test_duplicate_json_keys_fail", "test_normal_launch_controls.MarkerTests.test_duplicate_lifetime_fails", "test_normal_launch_controls.MarkerTests.test_eight_complete_trains_are_48_samples_not_48_tests", "test_normal_launch_controls.MarkerTests.test_failing_foreground_home_alert_observations_fail", "test_normal_launch_controls.MarkerTests.test_final_sample_must_itself_reach_ten_seconds", "test_normal_launch_controls.MarkerTests.test_interleaved_trains_fail", "test_normal_launch_controls.MarkerTests.test_ninth_attempt_fails_even_if_it_is_incomplete", "test_normal_launch_controls.MarkerTests.test_nonfinite_json_fails", "test_normal_launch_controls.MarkerTests.test_out_of_order_or_repeated_sample_fails", "test_normal_launch_controls.MarkerTests.test_seven_launches_fail", "test_normal_launch_controls.MarkerTests.test_unrecognized_marker_field_fails", "test_normal_launch_controls.RunnerGuards.test_adhoc_is_explicit_and_does_not_inherit_a_real_identity", "test_normal_launch_controls.RunnerGuards.test_allocation_canonicalizes_parent_before_mkdtemp_and_retains_exact_identity", "test_normal_launch_controls.RunnerGuards.test_allocation_receipt_failure_does_not_strand_owned_directory", "test_normal_launch_controls.RunnerGuards.test_cache_link_cleanup_does_not_remove_dependency_cache", "test_normal_launch_controls.RunnerGuards.test_changed_cache_link_preserves_allocation", "test_normal_launch_controls.RunnerGuards.test_control_drift_invalidates_overall_result", "test_normal_launch_controls.RunnerGuards.test_deferred_interrupt_after_mkdtemp_keeps_finalizer_ownership", "test_normal_launch_controls.RunnerGuards.test_environment_drops_probes_loader_credentials_and_foreign_gradle_options", "test_normal_launch_controls.RunnerGuards.test_existing_allocation_cannot_be_replaced", "test_normal_launch_controls.RunnerGuards.test_failed_gradle_stop_does_not_skip_device_workers_and_file_cleanup", "test_normal_launch_controls.RunnerGuards.test_failed_notice_verifier_cannot_pass_package_gate", "test_normal_launch_controls.RunnerGuards.test_failed_observation_releases_watch_before_final_shutdown", "test_normal_launch_controls.RunnerGuards.test_failed_xcode_attempt_immediately_stops_gradle", "test_normal_launch_controls.RunnerGuards.test_finalization_removes_only_exact_task_allocation", "test_normal_launch_controls.RunnerGuards.test_fixed_test_arguments_have_no_retry_or_parallel_escape", "test_normal_launch_controls.RunnerGuards.test_interrupted_xcode_attempt_immediately_stops_gradle", "test_normal_launch_controls.RunnerGuards.test_mkdtemp_failure_has_no_allocation_or_cleanup_target", "test_normal_launch_controls.RunnerGuards.test_notices_check_built_and_installed_apps_using_frozen_copy", "test_normal_launch_controls.RunnerGuards.test_oversized_watch_file_is_rejected", "test_normal_launch_controls.RunnerGuards.test_owned_name_failure_retains_preowner_cleanup_identity", "test_normal_launch_controls.RunnerGuards.test_owner_constructor_failure_retains_preworker_cleanup_identity", "test_normal_launch_controls.RunnerGuards.test_preexisting_original_output_is_preserved_not_deleted", "test_normal_launch_controls.RunnerGuards.test_replaced_allocation_inode_refuses_removal", "test_normal_launch_controls.RunnerGuards.test_secondary_path_attestation_failure_is_not_cleanup_success", "test_normal_launch_controls.RunnerGuards.test_source_drift_invalidates_overall_result", "test_normal_launch_controls.RunnerGuards.test_source_only_or_failed_notice_receipt_is_not_package_evidence", "test_normal_launch_controls.RunnerGuards.test_timed_out_xcode_attempt_immediately_stops_gradle", "test_normal_launch_controls.RunnerGuards.test_unexecuted_notice_verification_cannot_be_overall_pass", "test_normal_launch_controls.RunnerGuards.test_unknown_holders_preserve_allocation_and_fail_cleanup", "test_normal_launch_controls.XCTestTests.test_actual_runs_not_aggregate_method_count_establish_eight", "test_normal_launch_controls.XCTestTests.test_additional_test_case_cannot_hide_in_summary", "test_normal_launch_controls.XCTestTests.test_aggregate_skip_even_with_passed_case_nodes_fails", "test_normal_launch_controls.XCTestTests.test_aggregate_without_actual_runs_fails", "test_normal_launch_controls.XCTestTests.test_any_skip_failure_expected_failure_or_unknown_fails", "test_normal_launch_controls.XCTestTests.test_boolean_count_fails", "test_normal_launch_controls.XCTestTests.test_duplicate_run_hierarchy_fails", "test_normal_launch_controls.XCTestTests.test_nested_actual_runs_cannot_inflate_count", "test_normal_launch_controls.XCTestTests.test_repeated_leaf_names_beneath_distinct_repetitions_are_valid", "test_normal_launch_controls.XCTestTests.test_seventh_or_ninth_actual_run_fails", "test_normal_launch_controls.XCTestTests.test_too_short_actual_run_fails_even_with_good_markers", "test_normal_launch_controls.XCTestTests.test_unknown_result_structure_fails_closed", "test_normal_launch_controls.XCTestTests.test_wrong_device_architecture_platform_and_configuration_fail", "test_normal_launch_controls.XCTestTests.test_wrong_selected_method_fails"], "discovered_ids": ["test_normal_launch_controls.CopiedSourceTests.test_ambiguous_or_wrong_shell_phase_is_rejected", "test_normal_launch_controls.CopiedSourceTests.test_app_instrumentation_is_rejected", "test_normal_launch_controls.CopiedSourceTests.test_kotlin_instrumentation_is_rejected", "test_normal_launch_controls.CopiedSourceTests.test_missing_input_and_redirected_input_are_rejected", "test_normal_launch_controls.CopiedSourceTests.test_only_ui_test_and_owned_phase_may_change", "test_normal_launch_controls.CopiedSourceTests.test_unregistered_addition_is_rejected", "test_normal_launch_controls.ExternalProvenanceTests.test_copied_framework_uuid_must_match_embedded_but_signing_bytes_remain_distinct", "test_normal_launch_controls.ExternalProvenanceTests.test_disappearance_reuse_and_token_change_fail", "test_normal_launch_controls.ExternalProvenanceTests.test_duplicate_framework_or_image_fails", "test_normal_launch_controls.ExternalProvenanceTests.test_exact_new_target_attestation", "test_normal_launch_controls.ExternalProvenanceTests.test_exact_public_launch_pid_is_required", "test_normal_launch_controls.ExternalProvenanceTests.test_known_build_framework_remains_distinct_from_installed", "test_normal_launch_controls.ExternalProvenanceTests.test_missing_binary_images_is_not_disk_provenance", "test_normal_launch_controls.ExternalProvenanceTests.test_tool_images_and_addresses_bind_only_allowed_artifacts", "test_normal_launch_controls.ExternalProvenanceTests.test_unbound_compose_framework_cannot_be_silently_ignored", "test_normal_launch_controls.ExternalProvenanceTests.test_vmmap_mapping_cannot_exceed_sample_image_range", "test_normal_launch_controls.ExternalProvenanceTests.test_vmmap_must_map_same_load_address", "test_normal_launch_controls.ExternalProvenanceTests.test_vmmap_without_all_text_mappings_fails", "test_normal_launch_controls.ExternalProvenanceTests.test_wrong_executable_uid_old_lifetime_or_preexisting_pid_fails", "test_normal_launch_controls.ExternalProvenanceTests.test_wrong_runtime_uuid_fails", "test_normal_launch_controls.ExternalProvenanceTests.test_wrong_tool_pid_or_executable_fails", "test_normal_launch_controls.MarkerTests.test_boolean_duration_is_not_a_number", "test_normal_launch_controls.MarkerTests.test_clock_regression_fails", "test_normal_launch_controls.MarkerTests.test_complete_cannot_move_back_before_last_sample", "test_normal_launch_controls.MarkerTests.test_duplicate_json_keys_fail", "test_normal_launch_controls.MarkerTests.test_duplicate_lifetime_fails", "test_normal_launch_controls.MarkerTests.test_eight_complete_trains_are_48_samples_not_48_tests", "test_normal_launch_controls.MarkerTests.test_failing_foreground_home_alert_observations_fail", "test_normal_launch_controls.MarkerTests.test_final_sample_must_itself_reach_ten_seconds", "test_normal_launch_controls.MarkerTests.test_interleaved_trains_fail", "test_normal_launch_controls.MarkerTests.test_ninth_attempt_fails_even_if_it_is_incomplete", "test_normal_launch_controls.MarkerTests.test_nonfinite_json_fails", "test_normal_launch_controls.MarkerTests.test_out_of_order_or_repeated_sample_fails", "test_normal_launch_controls.MarkerTests.test_seven_launches_fail", "test_normal_launch_controls.MarkerTests.test_unrecognized_marker_field_fails", "test_normal_launch_controls.RunnerGuards.test_adhoc_is_explicit_and_does_not_inherit_a_real_identity", "test_normal_launch_controls.RunnerGuards.test_allocation_canonicalizes_parent_before_mkdtemp_and_retains_exact_identity", "test_normal_launch_controls.RunnerGuards.test_allocation_receipt_failure_does_not_strand_owned_directory", "test_normal_launch_controls.RunnerGuards.test_cache_link_cleanup_does_not_remove_dependency_cache", "test_normal_launch_controls.RunnerGuards.test_changed_cache_link_preserves_allocation", "test_normal_launch_controls.RunnerGuards.test_control_drift_invalidates_overall_result", "test_normal_launch_controls.RunnerGuards.test_deferred_interrupt_after_mkdtemp_keeps_finalizer_ownership", "test_normal_launch_controls.RunnerGuards.test_environment_drops_probes_loader_credentials_and_foreign_gradle_options", "test_normal_launch_controls.RunnerGuards.test_existing_allocation_cannot_be_replaced", "test_normal_launch_controls.RunnerGuards.test_failed_gradle_stop_does_not_skip_device_workers_and_file_cleanup", "test_normal_launch_controls.RunnerGuards.test_failed_notice_verifier_cannot_pass_package_gate", "test_normal_launch_controls.RunnerGuards.test_failed_observation_releases_watch_before_final_shutdown", "test_normal_launch_controls.RunnerGuards.test_failed_xcode_attempt_immediately_stops_gradle", "test_normal_launch_controls.RunnerGuards.test_finalization_removes_only_exact_task_allocation", "test_normal_launch_controls.RunnerGuards.test_fixed_test_arguments_have_no_retry_or_parallel_escape", "test_normal_launch_controls.RunnerGuards.test_interrupted_xcode_attempt_immediately_stops_gradle", "test_normal_launch_controls.RunnerGuards.test_mkdtemp_failure_has_no_allocation_or_cleanup_target", "test_normal_launch_controls.RunnerGuards.test_notices_check_built_and_installed_apps_using_frozen_copy", "test_normal_launch_controls.RunnerGuards.test_oversized_watch_file_is_rejected", "test_normal_launch_controls.RunnerGuards.test_owned_name_failure_retains_preowner_cleanup_identity", "test_normal_launch_controls.RunnerGuards.test_owner_constructor_failure_retains_preworker_cleanup_identity", "test_normal_launch_controls.RunnerGuards.test_preexisting_original_output_is_preserved_not_deleted", "test_normal_launch_controls.RunnerGuards.test_replaced_allocation_inode_refuses_removal", "test_normal_launch_controls.RunnerGuards.test_secondary_path_attestation_failure_is_not_cleanup_success", "test_normal_launch_controls.RunnerGuards.test_source_drift_invalidates_overall_result", "test_normal_launch_controls.RunnerGuards.test_source_only_or_failed_notice_receipt_is_not_package_evidence", "test_normal_launch_controls.RunnerGuards.test_timed_out_xcode_attempt_immediately_stops_gradle", "test_normal_launch_controls.RunnerGuards.test_unexecuted_notice_verification_cannot_be_overall_pass", "test_normal_launch_controls.RunnerGuards.test_unknown_holders_preserve_allocation_and_fail_cleanup", "test_normal_launch_controls.XCTestTests.test_actual_runs_not_aggregate_method_count_establish_eight", "test_normal_launch_controls.XCTestTests.test_additional_test_case_cannot_hide_in_summary", "test_normal_launch_controls.XCTestTests.test_aggregate_skip_even_with_passed_case_nodes_fails", "test_normal_launch_controls.XCTestTests.test_aggregate_without_actual_runs_fails", "test_normal_launch_controls.XCTestTests.test_any_skip_failure_expected_failure_or_unknown_fails", "test_normal_launch_controls.XCTestTests.test_boolean_count_fails", "test_normal_launch_controls.XCTestTests.test_duplicate_run_hierarchy_fails", "test_normal_launch_controls.XCTestTests.test_nested_actual_runs_cannot_inflate_count", "test_normal_launch_controls.XCTestTests.test_repeated_leaf_names_beneath_distinct_repetitions_are_valid", "test_normal_launch_controls.XCTestTests.test_seventh_or_ninth_actual_run_fails", "test_normal_launch_controls.XCTestTests.test_too_short_actual_run_fails_even_with_good_markers", "test_normal_launch_controls.XCTestTests.test_unknown_result_structure_fails_closed", "test_normal_launch_controls.XCTestTests.test_wrong_device_architecture_platform_and_configuration_fail", "test_normal_launch_controls.XCTestTests.test_wrong_selected_method_fails"], "expected_tests": 78, "kind": "PURE_CONTROL_TESTS_NOT_APP_RUNTIME"}
test_ambiguous_or_wrong_shell_phase_is_rejected (test_normal_launch_controls.CopiedSourceTests) ... ok
test_app_instrumentation_is_rejected (test_normal_launch_controls.CopiedSourceTests) ... ok
test_kotlin_instrumentation_is_rejected (test_normal_launch_controls.CopiedSourceTests) ... ok
test_missing_input_and_redirected_input_are_rejected (test_normal_launch_controls.CopiedSourceTests) ... ok
test_only_ui_test_and_owned_phase_may_change (test_normal_launch_controls.CopiedSourceTests) ... ok
test_unregistered_addition_is_rejected (test_normal_launch_controls.CopiedSourceTests) ... ok
test_copied_framework_uuid_must_match_embedded_but_signing_bytes_remain_distinct (test_normal_launch_controls.ExternalProvenanceTests) ... ok
test_disappearance_reuse_and_token_change_fail (test_normal_launch_controls.ExternalProvenanceTests) ... ok
test_duplicate_framework_or_image_fails (test_normal_launch_controls.ExternalProvenanceTests) ... ok
test_exact_new_target_attestation (test_normal_launch_controls.ExternalProvenanceTests) ... ok
test_exact_public_launch_pid_is_required (test_normal_launch_controls.ExternalProvenanceTests) ... ok
test_known_build_framework_remains_distinct_from_installed (test_normal_launch_controls.ExternalProvenanceTests) ... ok
test_missing_binary_images_is_not_disk_provenance (test_normal_launch_controls.ExternalProvenanceTests) ... ok
test_tool_images_and_addresses_bind_only_allowed_artifacts (test_normal_launch_controls.ExternalProvenanceTests) ... ok
test_unbound_compose_framework_cannot_be_silently_ignored (test_normal_launch_controls.ExternalProvenanceTests) ... ok
test_vmmap_mapping_cannot_exceed_sample_image_range (test_normal_launch_controls.ExternalProvenanceTests) ... ok
test_vmmap_must_map_same_load_address (test_normal_launch_controls.ExternalProvenanceTests) ... ok
test_vmmap_without_all_text_mappings_fails (test_normal_launch_controls.ExternalProvenanceTests) ... ok
test_wrong_executable_uid_old_lifetime_or_preexisting_pid_fails (test_normal_launch_controls.ExternalProvenanceTests) ... ok
test_wrong_runtime_uuid_fails (test_normal_launch_controls.ExternalProvenanceTests) ... ok
test_wrong_tool_pid_or_executable_fails (test_normal_launch_controls.ExternalProvenanceTests) ... ok
test_boolean_duration_is_not_a_number (test_normal_launch_controls.MarkerTests) ... ok
test_clock_regression_fails (test_normal_launch_controls.MarkerTests) ... ok
test_complete_cannot_move_back_before_last_sample (test_normal_launch_controls.MarkerTests) ... ok
test_duplicate_json_keys_fail (test_normal_launch_controls.MarkerTests) ... ok
test_duplicate_lifetime_fails (test_normal_launch_controls.MarkerTests) ... ok
test_eight_complete_trains_are_48_samples_not_48_tests (test_normal_launch_controls.MarkerTests) ... ok
test_failing_foreground_home_alert_observations_fail (test_normal_launch_controls.MarkerTests) ... ok
test_final_sample_must_itself_reach_ten_seconds (test_normal_launch_controls.MarkerTests) ... ok
test_interleaved_trains_fail (test_normal_launch_controls.MarkerTests) ... ok
test_ninth_attempt_fails_even_if_it_is_incomplete (test_normal_launch_controls.MarkerTests) ... ok
test_nonfinite_json_fails (test_normal_launch_controls.MarkerTests) ... ok
test_out_of_order_or_repeated_sample_fails (test_normal_launch_controls.MarkerTests) ... ok
test_seven_launches_fail (test_normal_launch_controls.MarkerTests) ... ok
test_unrecognized_marker_field_fails (test_normal_launch_controls.MarkerTests) ... ok
test_adhoc_is_explicit_and_does_not_inherit_a_real_identity (test_normal_launch_controls.RunnerGuards) ... ok
test_allocation_canonicalizes_parent_before_mkdtemp_and_retains_exact_identity (test_normal_launch_controls.RunnerGuards) ... ok
test_allocation_receipt_failure_does_not_strand_owned_directory (test_normal_launch_controls.RunnerGuards) ... ok
test_cache_link_cleanup_does_not_remove_dependency_cache (test_normal_launch_controls.RunnerGuards) ... ok
test_changed_cache_link_preserves_allocation (test_normal_launch_controls.RunnerGuards) ... ok
test_control_drift_invalidates_overall_result (test_normal_launch_controls.RunnerGuards) ... ok
test_deferred_interrupt_after_mkdtemp_keeps_finalizer_ownership (test_normal_launch_controls.RunnerGuards) ... ok
test_environment_drops_probes_loader_credentials_and_foreign_gradle_options (test_normal_launch_controls.RunnerGuards) ... ok
test_existing_allocation_cannot_be_replaced (test_normal_launch_controls.RunnerGuards) ... ok
test_failed_gradle_stop_does_not_skip_device_workers_and_file_cleanup (test_normal_launch_controls.RunnerGuards) ... ok
test_failed_notice_verifier_cannot_pass_package_gate (test_normal_launch_controls.RunnerGuards) ... ok
test_failed_observation_releases_watch_before_final_shutdown (test_normal_launch_controls.RunnerGuards) ... ok
test_failed_xcode_attempt_immediately_stops_gradle (test_normal_launch_controls.RunnerGuards) ... ok
test_finalization_removes_only_exact_task_allocation (test_normal_launch_controls.RunnerGuards) ... ok
test_fixed_test_arguments_have_no_retry_or_parallel_escape (test_normal_launch_controls.RunnerGuards) ... ok
test_interrupted_xcode_attempt_immediately_stops_gradle (test_normal_launch_controls.RunnerGuards) ... ok
test_mkdtemp_failure_has_no_allocation_or_cleanup_target (test_normal_launch_controls.RunnerGuards) ... ok
test_notices_check_built_and_installed_apps_using_frozen_copy (test_normal_launch_controls.RunnerGuards) ... ok
test_oversized_watch_file_is_rejected (test_normal_launch_controls.RunnerGuards) ... ok
test_owned_name_failure_retains_preowner_cleanup_identity (test_normal_launch_controls.RunnerGuards) ... ok
test_owner_constructor_failure_retains_preworker_cleanup_identity (test_normal_launch_controls.RunnerGuards) ... ok
test_preexisting_original_output_is_preserved_not_deleted (test_normal_launch_controls.RunnerGuards) ... ok
test_replaced_allocation_inode_refuses_removal (test_normal_launch_controls.RunnerGuards) ... ok
test_secondary_path_attestation_failure_is_not_cleanup_success (test_normal_launch_controls.RunnerGuards) ... ok
test_source_drift_invalidates_overall_result (test_normal_launch_controls.RunnerGuards) ... ok
test_source_only_or_failed_notice_receipt_is_not_package_evidence (test_normal_launch_controls.RunnerGuards) ... ok
test_timed_out_xcode_attempt_immediately_stops_gradle (test_normal_launch_controls.RunnerGuards) ... ok
test_unexecuted_notice_verification_cannot_be_overall_pass (test_normal_launch_controls.RunnerGuards) ... ok
test_unknown_holders_preserve_allocation_and_fail_cleanup (test_normal_launch_controls.RunnerGuards) ... ok
test_actual_runs_not_aggregate_method_count_establish_eight (test_normal_launch_controls.XCTestTests) ... ok
test_additional_test_case_cannot_hide_in_summary (test_normal_launch_controls.XCTestTests) ... ok
test_aggregate_skip_even_with_passed_case_nodes_fails (test_normal_launch_controls.XCTestTests) ... ok
test_aggregate_without_actual_runs_fails (test_normal_launch_controls.XCTestTests) ... ok
test_any_skip_failure_expected_failure_or_unknown_fails (test_normal_launch_controls.XCTestTests) ... ok
test_boolean_count_fails (test_normal_launch_controls.XCTestTests) ... ok
test_duplicate_run_hierarchy_fails (test_normal_launch_controls.XCTestTests) ... ok
test_nested_actual_runs_cannot_inflate_count (test_normal_launch_controls.XCTestTests) ... ok
test_repeated_leaf_names_beneath_distinct_repetitions_are_valid (test_normal_launch_controls.XCTestTests) ... ok
test_seventh_or_ninth_actual_run_fails (test_normal_launch_controls.XCTestTests) ... ok
test_too_short_actual_run_fails_even_with_good_markers (test_normal_launch_controls.XCTestTests) ... ok
test_unknown_result_structure_fails_closed (test_normal_launch_controls.XCTestTests) ... ok
test_wrong_device_architecture_platform_and_configuration_fail (test_normal_launch_controls.XCTestTests) ... ok
test_wrong_selected_method_fails (test_normal_launch_controls.XCTestTests) ... ok

----------------------------------------------------------------------
Ran 78 tests in 0.059s

OK
{"after": [{"path": "remediation-runs/2026-09-07-local-readiness/evidence/release-content-followup/android-arm64-runner/darwin_owned_processes.py", "sha256": "2f2ad2a5d68cea999709a4c3c3e384cd9e6767258ad34aed4181ee2118962378"}, {"path": "remediation-runs/2026-09-07-local-readiness/native/normal-ios-launch-proposal-01/NormalSourceLaunchUITests.swift.in", "sha256": "c3d5cd42d60371cffee6ec4e8cdc462165f953dbef352bcdbf0f3f2d2a5a4ed2"}, {"path": "remediation-runs/2026-09-07-local-readiness/native/normal-ios-launch-proposal-01/README.md", "sha256": "1e8e9cb396ef4d89e6de79d7c1ff1f4e551cb06c1467b6789d423f53945c9e63"}, {"path": "remediation-runs/2026-09-07-local-readiness/native/normal-ios-launch-proposal-01/external_image_provenance.py", "sha256": "820a566780f15edc07331d41e0ac7818414d90e347e4833ed62d6ca4fb76b559"}, {"path": "remediation-runs/2026-09-07-local-readiness/native/normal-ios-launch-proposal-01/normal_launch_receipts.py", "sha256": "7753fccfbda4678289d889f58c5c3b4454e954eec0dbee7d8b654780f55d42f5"}, {"path": "remediation-runs/2026-09-07-local-readiness/native/normal-ios-launch-proposal-01/normal_source_copy.py", "sha256": "5920d07a43c64eb7193a1c1d03aea93948bfa21597591ee13d79073666ed54d2"}, {"path": "remediation-runs/2026-09-07-local-readiness/native/normal-ios-launch-proposal-01/run_control_tests.py", "sha256": "5fd60d980954bdf23ef277196a557a74cd6736fb3338aee23a213e9072560fd3"}, {"path": "remediation-runs/2026-09-07-local-readiness/native/normal-ios-launch-proposal-01/run_normal_ios_launch.py", "sha256": "5b69fc6d6c1efbdd61e049057c57f3eddb1d11e1f804bb8ec8debc7e9aba42c8"}, {"path": "remediation-runs/2026-09-07-local-readiness/native/normal-ios-launch-proposal-01/test_normal_launch_controls.py", "sha256": "af5c912dbc9655468d5d428b18f5a7c16d7b0f2fa421e14cf559ee674eaceb76"}, {"path": "scripts/verification/ios-readiness/DSC01CatalogSelection.swift.in", "sha256": "2649fb97fe27e74539dfd9867f6677c6a390e722129f8e2434231f44b1d91465"}, {"path": "scripts/verification/ios-readiness/DSC01ComposeObservation.kt.in", "sha256": "e54503b0d39a1c1055a5334dd835ccad30a96a887ff62560f22202b7231c266c"}, {"path": "scripts/verification/ios-readiness/DSC01InvocationBridge.kt.in", "sha256": "fc27547c977ed48d55c2254ed6779dc22fcd64f6cc214c8f4121b9f3e110a330"}, {"path": "scripts/verification/ios-readiness/DSC01MafiaStartSelection.swift.in", "sha256": "50aad088497c862ff962dc5b1a569a6285f99ce761bf710d4fe8f38e3b698753"}, {"path": "scripts/verification/ios-readiness/DSC01NativeObservation.swift.in", "sha256": "f806c5fa6533f9114ad9bf33fdc6fc4647086b1fb2daf4fe09ba93cf6029ee94"}, {"path": "scripts/verification/ios-readiness/DSC01OSAppSettings.swift.in", "sha256": "52e9bcfe9217998b13ca75c2cc9c097753e312afac4b0ad269a06953d1c83e38"}, {"path": "scripts/verification/ios-readiness/DSC01OSPreferenceBaseline.swift.in", "sha256": "c657f9ca83d9053d56d6debfc509d95fe07486f21e76c8b0a62ba2604978879c"}, {"path": "scripts/verification/ios-readiness/DSC01OSPrerequisite.swift.in", "sha256": "f266cc919734bd840a6a6e9288088e9e437a67b2ed41d16c8a02337ad19627d8"}, {"path": "scripts/verification/ios-readiness/DSC01Probe.swift.in", "sha256": "1c4b113ec8695d8da2115e4f386fdaf8820411879af6ff9492109b62c7770746"}, {"path": "scripts/verification/ios-readiness/DSC01PublicDiagnostics.swift.in", "sha256": "6dce9ea0f597ddce7fb95f41d3d94570f41762ca806cb0c6303e032a1375dd88"}, {"path": "scripts/verification/ios-readiness/DSC01UIKitObservation.kt.in", "sha256": "83b35d069e738f59b79c44d11569c3a9a3a64b4427a9cb7e7d46c12b60f81e80"}, {"path": "scripts/verification/ios-readiness/IOSAppLaunchUITests.swift.in", "sha256": "9bdfa70f43074569a8699dda01864496188562b117289c994ea4f4e8c844bf60"}, {"path": "scripts/verification/ios-readiness/NativeReadinessLaunch.swift.in", "sha256": "df8f0cce3f45bedbfea47df3ca0b2e56c6a777383395fc170f0f07b83f8d143a"}, {"path": "scripts/verification/ios-readiness/NativeReadinessPathControls.swift.in", "sha256": "efc84b3b49c099185d17ff56ceb53b0134ee2332ff35220a537dade5168a76c9"}, {"path": "scripts/verification/ios-readiness/NativeReadinessProbe.kt.in", "sha256": "c976abef22d10d17fd9da744f2d0edb271f3e475596c44f5ce4dfcc41f0ec3a7"}, {"path": "scripts/verification/ios-readiness/NativeReadinessUITests.swift.in", "sha256": "fa2dc7dbc97c576262ad14cd85b22f65aa908b1629ab1a205b22aa4873f5c0dc"}, {"path": "scripts/verification/ios-readiness/README.md", "sha256": "744558b8b8a4782dbdda43b572cbfdaab4e7917c9a213e83ddd29c5aea1beb1f"}, {"path": "scripts/verification/ios-readiness/artifact_inventory.py", "sha256": "485196bd7dcebccaa5ad552896c7e2da781fbf6fa6fff6ef2ab350ecc9360124"}, {"path": "scripts/verification/ios-readiness/bind_source.py", "sha256": "0954f5c24eb61c4f09c365efe6b3ab1fdb9f8342f86bad3e7654795464b53347"}, {"path": "scripts/verification/ios-readiness/copied-kotlin-phase.sh.in", "sha256": "4992e516f99df2b5f1425688c51ae532086f8859618b1968937fbede818f49b0"}, {"path": "scripts/verification/ios-readiness/copied_sources.py", "sha256": "5597d1e4b6a123a1c23bd82c66e30fdd86cb00cf85c831d6c6f281e023cbd752"}, {"path": "scripts/verification/ios-readiness/inherited-controls.json", "sha256": "a2e2e1d09fc1228add7a8fc71c8c81e30c6b140890cec2b749b0010bcea65dd5"}, {"path": "scripts/verification/ios-readiness/instrument_storage.py", "sha256": "51348e3985e6872283182a728d8a91808714d69ad0197c978298678366cb4d88"}, {"path": "scripts/verification/ios-readiness/native_failure_receipts.py", "sha256": "9376f5f7244dc297edf9bca964357a1148c1972a41b44fdfd60fd8c988a007d6"}, {"path": "scripts/verification/ios-readiness/native_readiness_receipts.py", "sha256": "d350c850e7f2152cbbeaf369465580ecfaa80e6691269130efbcdd8c936f816f"}, {"path": "scripts/verification/ios-readiness/os_action_receipts.py", "sha256": "54a5f6c0ceb669bae65d2be9480f691cc19bc77bcc5d77c75904cc3d4cc2e7bb"}, {"path": "scripts/verification/ios-readiness/os_pane_receipts.py", "sha256": "4ffcba3ade80bfa334b14f5bcddec0527148983a99b2dbf1263bde091efc9229"}, {"path": "scripts/verification/ios-readiness/os_preference_receipts.py", "sha256": "9de723db33e6a074261ae6199c55da7196bdbdc257a5ecaa558bcbc19f005c52"}, {"path": "scripts/verification/ios-readiness/owned_lane.py", "sha256": "4bf3bbb4abfa22cd1604e6b4381bf481c95662ab15bf3fbdc86355a083102742"}, {"path": "scripts/verification/ios-readiness/prerequisite_receipts.py", "sha256": "708116f488083da11357c053c6e56f5186bbde4707f1ba487a35ca363a09fd5b"}, {"path": "scripts/verification/ios-readiness/probe_validation.py", "sha256": "134bb3affe45711ec3f74d7091ec59b7f859ca4f5fa04df1d895ce3250fd3aa2"}, {"path": "scripts/verification/ios-readiness/public_interaction_receipts.py", "sha256": "4583b8e9545dbe16ef3ee6f59d7d34a2bfd1421402b0f532a0b84aa2b2f63040"}, {"path": "scripts/verification/ios-readiness/run_ios_readiness.py", "sha256": "9bd997ec5836fe8da4e3afcdb3604eb10f180d3b55a63718c1ea9ba1f9893f2c"}, {"path": "scripts/verification/ios-readiness/secondary_fifo.py", "sha256": "080622194e19ef5d3ffb561e134ab8cf91e3e3ccef1e29197f59781154a7ffcc"}, {"path": "scripts/verification/ios-readiness/simulator_entitlements.py", "sha256": "8cd4f66b83d44c69bf60cb21362d0425774f67eece8f13adc1b0f4795f260e4a"}, {"path": "scripts/verification/ios-readiness/simulator_signing.py", "sha256": "89524b777694f8504008a83b60299725cae01e8b642c10754283d79ce1974d1e"}, {"path": "scripts/verification/ios-readiness/test_controls.py", "sha256": "9c1948c6f5ce8ace176df6a9324d851004162e5296d1157a3648d50344e3ea8f"}, {"path": "scripts/verification/ios-readiness/test_native_failure_receipts.py", "sha256": "9d015aa4ce2cac5ac6e6aa770fcb0c0df00dd40435002529d807b744baa7c19b"}, {"path": "scripts/verification/ios-readiness/test_native_paths.py", "sha256": "11c0bcbba09de36d5e2eb5a276c8f8d3c52024c3b395558e6aebd2f12875007a"}, {"path": "scripts/verification/ios-readiness/test_native_readiness.py", "sha256": "45e486ad5dde50250cd244e8ffd8ae5ebbf17f4154eb1f98e7cbd84242a14ba0"}, {"path": "scripts/verification/ios-readiness/test_os_preference_receipts.py", "sha256": "74d74d25358a1dfe557ca1a57cc7145780d95ad422cc0e29cb6d09157912a4ec"}, {"path": "scripts/verification/ios-readiness/test_secondary_fifo.py", "sha256": "2d685ebcbef9930f43f1f644c5ed6fc3b5a5c5d07d975cc218a9165273bfb826"}, {"path": "scripts/verification/ios-readiness/test_simulator_entitlements.py", "sha256": "22049b900643c5345bc4cb440b9c2002ae105e4566b3cdeb3837e765a4527d80"}, {"path": "scripts/verification/ios-readiness/test_simulator_signing.py", "sha256": "af6327b4e1f62f6326a062faa70cc5132df0cde6657c15fc38a47ec2b112b54a"}], "errors": 0, "failures": 0, "kind": "PURE_CONTROL_TESTS_NOT_APP_RUNTIME", "skips": 0, "source_unchanged": true, "tests": 78}
{"package": null, "source": {"catalog_hash_policy": "CRLF_TO_LF", "catalog_raw_sha256": "87a031665605a1fb3f932be31c75afd8d2d1bc0d94cfcca36101141c50788399", "catalog_sha256": "87a031665605a1fb3f932be31c75afd8d2d1bc0d94cfcca36101141c50788399", "files": [{"bytes": 11358, "name": "APACHE-2.0.txt", "sha256": "cfc7749b96f63bd31c3c42b5c471bf756814053e847c10f3eb003417bc523d30"}, {"bytes": 1171, "name": "BouncyCastle-1.85-LICENSE.md", "sha256": "0e01f1549c9022f406392ac2947d32223b7c2e977d21ea2f8c182fdeb4dae5fd"}, {"bytes": 5422, "name": "DNG-SDK-NOTICE.txt", "sha256": "b60660d2a5a3ee1a49366400e7e9b01c1872356d6f08942f095d356a44deb5f6"}, {"bytes": 3496, "name": "DNG-SDK-PATENTS.txt", "sha256": "bd958835863f42d8479457503a7ed716424d35b6e76ef76db06b72b109696ec4"}, {"bytes": 1144, "name": "Expat-COPYING.txt", "sha256": "31b15de82aa19a845156169a17a5488bf597e561b2c318d159ed583139b25e87"}, {"bytes": 1971, "name": "HarfBuzz-COPYING.txt", "sha256": "ba8f810f2455c2f08e2d56bb49b72f37fcf68f1f4fade38977cfd7372050ad64"}, {"bytes": 795, "name": "HarfBuzz-hb-ucd-ISC-LICENSE.txt", "sha256": "cb95728cc2b4a3502bb8e69c019e0e5f01c0a218a855168e9c19d4df51582cd5"}, {"bytes": 25185, "name": "ICU-LICENSE.txt", "sha256": "17510cf7a58b4879b887ec05a45d72cf1b73544dd9ec7e72f20110ed104229ee"}, {"bytes": 5031, "name": "INDEX.txt", "sha256": "53b6a73e28b2aa88bc2084bae2923348d109a9e6d117b9f98c5b6b37495d4764"}, {"bytes": 1337, "name": "Kotlin-Boost-LICENSE.txt", "sha256": "8d8291caf1cee26d23acf3eb67c9f9a2d58f1c681b16a4fbe8cbfb9e3c0b5a9b"}, {"bytes": 563, "name": "Kotlin-Harmony-NOTICE.txt", "sha256": "8a6725437c8f16af6322496d8e22169fdb8988ad43c5b300350ef867fd7d48e4"}, {"bytes": 1537, "name": "Kotlin-MPMC-QUEUE-LICENSE.txt", "sha256": "bd41bc36bf821736a2ad3a2f081da9acc9c53ab96c9e375191003c7176d2ef96"}, {"bytes": 1520, "name": "Kotlin-ThreeTenBP-LICENSE.txt", "sha256": "d1bc53b493a3ab387b42717ed5c4b1976a5048996f81154278100bff86d39331"}, {"bytes": 3397, "name": "Kotlin-Unicode-LICENSE.txt", "sha256": "1c3ddd6cc94ad4357e76a589325dd46520850348770536ef66bf8f2b56c77463"}, {"bytes": 1470, "name": "Kotlin-libbacktrace-LICENSE.txt", "sha256": "660729a7713d03d375b81ec8126f9c801b11d1eacefbe9685185d4c6a24e79cf"}, {"bytes": 1178, "name": "SLF4J-2.0.16-LICENSE.txt", "sha256": "4e7f90c86ab51278228bce153122f1d8df30149d13ce9ef524c8444a84c32dcc"}, {"bytes": 1507, "name": "Skia-LICENSE.txt", "sha256": "5f787c1dee3c56547f09ccc2906ab5f5293c4d8dd6c8654e573216c38e908dbd"}, {"bytes": 197, "name": "Skiko-NOTICE.txt", "sha256": "35dd077c24768b53625101cfcc0ad853ae7e2abc08bd2a111a0267760d1406d8"}, {"bytes": 1995, "name": "Unicode-V3-LICENSE.txt", "sha256": "e7a93b009565cfce55919a381437ac4db883e9da2126fa28b91d12732bc53d96"}, {"bytes": 1496, "name": "WebP-COPYING.txt", "sha256": "5aec868f669e384a22372a4e8a1a6cd7d44c64cd451f960ca69cc170d1e13acf"}, {"bytes": 1436, "name": "WebP-PATENTS.txt", "sha256": "cc3273e0694ea5896145e0677699b53471b03ea43021ddc50e7923fbb9f5023c"}, {"bytes": 1635, "name": "Wuffs-Skia-wrapper-LICENSE.txt", "sha256": "e59bb5c5c6ba426a9ac4ba9fe667ad14c5166b12aa25be8af1d122b14fbe2e36"}, {"bytes": 5620, "name": "libjpeg-turbo-LICENSE.md", "sha256": "96f5b328adbb78eeaaec6980d73fd558cb1e4d62560ed615646bc3cf5e532430"}, {"bytes": 12799, "name": "libjpeg-turbo-README.ijg.txt", "sha256": "75815e3bf6484201a3c3d17a1bbf10f2e8e3237f84df10a2357ea896db2a81d6"}, {"bytes": 5345, "name": "libpng-LICENSE.txt", "sha256": "7317e078e2d3b5d7ba5a6159e650945153262b44b76f6700f8e9edb261c5143e"}, {"bytes": 910, "name": "zlib-LICENSE.txt", "sha256": "e1cfcc55c325b3f78cf55df9664abaa066e2271dffe8213347d9fccdfbac8f2c"}], "manifest_sha256": "4b501223b3841017477a226515d3758bc60848fe00d579fac3152a81928d6406", "resource_count": 26, "resource_directory": "composeApp/src/commonMain/composeResources/files/legal", "resource_namespace": "com.parlor.app.resources", "status": "PASS", "total_bytes": 99515}, "status": "PASS"}
