FOCUSED_COMMAND split-workflow-hygiene-python
test_binding_and_observer_omission_fail_closed (scripts.release.tests.test_ci_verification_hygiene.AndroidEmulatorAbsenceTest.test_binding_and_observer_omission_fail_closed) ... ok
test_coherent_sample_excludes_other_uid_without_reading_its_executable (scripts.release.tests.test_ci_verification_hygiene.AndroidEmulatorAbsenceTest.test_coherent_sample_excludes_other_uid_without_reading_its_executable) ... ok
test_deleted_executable_path_is_ambiguous_not_absence (scripts.release.tests.test_ci_verification_hygiene.AndroidEmulatorAbsenceTest.test_deleted_executable_path_is_ambiguous_not_absence) ... ok
test_enumeration_and_clock_limits_fail_closed (scripts.release.tests.test_ci_verification_hygiene.AndroidEmulatorAbsenceTest.test_enumeration_and_clock_limits_fail_closed) ... ok
test_executable_read_denial_or_disappearing_pid_is_not_absence (scripts.release.tests.test_ci_verification_hygiene.AndroidEmulatorAbsenceTest.test_executable_read_denial_or_disappearing_pid_is_not_absence) ... ok
test_malformed_missing_oversized_and_mixed_uid_records_fail_closed (scripts.release.tests.test_ci_verification_hygiene.AndroidEmulatorAbsenceTest.test_malformed_missing_oversized_and_mixed_uid_records_fail_closed) ... ok
test_opt_in_reader_does_not_hide_churn_or_sdk_emulator_executable (scripts.release.tests.test_ci_verification_hygiene.AndroidEmulatorAbsenceTest.test_opt_in_reader_does_not_hide_churn_or_sdk_emulator_executable) ... ok
test_opt_in_reader_never_escalates_later_exe_or_identity_failure (scripts.release.tests.test_ci_verification_hygiene.AndroidEmulatorAbsenceTest.test_opt_in_reader_never_escalates_later_exe_or_identity_failure) ... ok
test_opt_in_reader_only_recovers_first_selected_exe_eacces (scripts.release.tests.test_ci_verification_hygiene.AndroidEmulatorAbsenceTest.test_opt_in_reader_only_recovers_first_selected_exe_eacces) ... ok
test_pid_lifetime_uid_and_executable_changes_during_sample_fail (scripts.release.tests.test_ci_verification_hygiene.AndroidEmulatorAbsenceTest.test_pid_lifetime_uid_and_executable_changes_during_sample_fail) ... ok
test_same_prefix_sibling_is_outside_this_explicit_path_predicate (scripts.release.tests.test_ci_verification_hygiene.AndroidEmulatorAbsenceTest.test_same_prefix_sibling_is_outside_this_explicit_path_predicate) ... ok
test_same_uid_sdk_qemu_fails_without_attributing_or_killing_process (scripts.release.tests.test_ci_verification_hygiene.AndroidEmulatorAbsenceTest.test_same_uid_sdk_qemu_fails_without_attributing_or_killing_process) ... ok
test_v2_exact_mixed_uid_identity_is_sampled_not_skipped_or_claimed_owned (scripts.release.tests.test_ci_verification_hygiene.AndroidEmulatorAbsenceTest.test_v2_exact_mixed_uid_identity_is_sampled_not_skipped_or_claimed_owned) ... ok
test_real_clean_checkout_removes_exact_outputs_after_wrapper_stop (scripts.release.tests.test_ci_verification_hygiene.VerificationHygieneGitIntegrationTest.test_real_clean_checkout_removes_exact_outputs_after_wrapper_stop) ... ok
test_real_modified_build_input_preserves_all_generated_evidence (scripts.release.tests.test_ci_verification_hygiene.VerificationHygieneGitIntegrationTest.test_real_modified_build_input_preserves_all_generated_evidence) ... ok
test_android_audit_follows_upload_gate_and_failure_retains_outputs (scripts.release.tests.test_ci_verification_hygiene.VerificationHygieneTest.test_android_audit_follows_upload_gate_and_failure_retains_outputs) ... ok
test_android_successful_sample_allows_existing_exact_output_cleanup (scripts.release.tests.test_ci_verification_hygiene.VerificationHygieneTest.test_android_successful_sample_allows_existing_exact_output_cleanup) ... ok
test_both_hosts_use_the_repository_wrapper_for_stop (scripts.release.tests.test_ci_verification_hygiene.VerificationHygieneTest.test_both_hosts_use_the_repository_wrapper_for_stop) ... ok
test_changed_source_or_task_cannot_authorize_cleanup (scripts.release.tests.test_ci_verification_hygiene.VerificationHygieneTest.test_changed_source_or_task_cannot_authorize_cleanup) ... ok
test_cleanup_reader_cli_rejects_bad_flags_after_gradle_stop (scripts.release.tests.test_ci_verification_hygiene.VerificationHygieneTest.test_cleanup_reader_cli_rejects_bad_flags_after_gradle_stop) ... ok
test_cleanup_removes_only_claimed_outputs_and_keeps_evidence_and_source (scripts.release.tests.test_ci_verification_hygiene.VerificationHygieneTest.test_cleanup_removes_only_claimed_outputs_and_keeps_evidence_and_source) ... ok
test_cli_rejects_local_worktrees_before_cleaning (scripts.release.tests.test_ci_verification_hygiene.VerificationHygieneTest.test_cli_rejects_local_worktrees_before_cleaning) ... ok
test_dirty_worktree_with_unchanged_head_tree_and_paths_cannot_authorize_cleanup (scripts.release.tests.test_ci_verification_hygiene.VerificationHygieneTest.test_dirty_worktree_with_unchanged_head_tree_and_paths_cannot_authorize_cleanup) ... ok
test_failed_prepare_cannot_reuse_a_historical_same_task_claim (scripts.release.tests.test_ci_verification_hygiene.VerificationHygieneTest.test_failed_prepare_cannot_reuse_a_historical_same_task_claim) ... ok
test_failed_stop_preserves_generated_output_and_reports_failure (scripts.release.tests.test_ci_verification_hygiene.VerificationHygieneTest.test_failed_stop_preserves_generated_output_and_reports_failure) ... ok
test_historical_other_task_claim_does_not_authorize_current_cleanup (scripts.release.tests.test_ci_verification_hygiene.VerificationHygieneTest.test_historical_other_task_claim_does_not_authorize_current_cleanup) ... ok
test_missing_claim_fails_without_deleting_outputs (scripts.release.tests.test_ci_verification_hygiene.VerificationHygieneTest.test_missing_claim_fails_without_deleting_outputs) ... ok
test_nested_output_symlink_does_not_delete_external_target (scripts.release.tests.test_ci_verification_hygiene.VerificationHygieneTest.test_nested_output_symlink_does_not_delete_external_target) ... ok
test_new_claim_never_overwrites_a_historical_receipt (scripts.release.tests.test_ci_verification_hygiene.VerificationHygieneTest.test_new_claim_never_overwrites_a_historical_receipt) ... ok
test_non_object_ownership_record_fails_with_a_cleanup_receipt (scripts.release.tests.test_ci_verification_hygiene.VerificationHygieneTest.test_non_object_ownership_record_fails_with_a_cleanup_receipt) ... ok
test_preexisting_outputs_are_never_claimed (scripts.release.tests.test_ci_verification_hygiene.VerificationHygieneTest.test_preexisting_outputs_are_never_claimed) ... ok
test_reader_mode_and_reader_failure_retain_outputs_after_gradle_stop (scripts.release.tests.test_ci_verification_hygiene.VerificationHygieneTest.test_reader_mode_and_reader_failure_retain_outputs_after_gradle_stop) ... ok
test_roots_include_build_logic_and_only_known_generated_directories (scripts.release.tests.test_ci_verification_hygiene.VerificationHygieneTest.test_roots_include_build_logic_and_only_known_generated_directories) ... ok
test_success_without_actual_artifact_outputs_cannot_authorize_deletion (scripts.release.tests.test_ci_verification_hygiene.VerificationHygieneTest.test_success_without_actual_artifact_outputs_cannot_authorize_deletion) ... ok
test_symlink_sibling_rejects_cleanup_before_any_deletion (scripts.release.tests.test_ci_verification_hygiene.VerificationHygieneTest.test_symlink_sibling_rejects_cleanup_before_any_deletion) ... ok
test_tampered_source_path_claim_is_rejected (scripts.release.tests.test_ci_verification_hygiene.VerificationHygieneTest.test_tampered_source_path_claim_is_rejected) ... ok
test_unsuccessful_upload_preserves_evidence_and_still_stops_gradle (scripts.release.tests.test_ci_verification_hygiene.VerificationHygieneTest.test_unsuccessful_upload_preserves_evidence_and_still_stops_gradle) ... ok
test_every_job_retains_xml_before_always_run_cleanup (scripts.release.tests.test_ci_verification_hygiene.VerificationWorkflowHygieneTest.test_every_job_retains_xml_before_always_run_cleanup) ... ok
test_kotlin_compiler_work_is_owned_by_the_gradle_lane (scripts.release.tests.test_ci_verification_hygiene.VerificationWorkflowHygieneTest.test_kotlin_compiler_work_is_owned_by_the_gradle_lane) ... ok
test_absent_failed_stale_or_unexecuted_native_cleanup_retains_output_evidence (scripts.release.tests.test_apple_ci_hygiene.AppleCycleAndOutputGateTest.test_absent_failed_stale_or_unexecuted_native_cleanup_retains_output_evidence) ... ok
test_cancelled_build_finalizes_gradle_workers_device_workers_in_order (scripts.release.tests.test_apple_ci_hygiene.AppleCycleAndOutputGateTest.test_cancelled_build_finalizes_gradle_workers_device_workers_in_order) ... ok
test_complete_source_bound_native_receipts_allow_output_cleanup_after_upload (scripts.release.tests.test_apple_ci_hygiene.AppleCycleAndOutputGateTest.test_complete_source_bound_native_receipts_allow_output_cleanup_after_upload) ... ok
test_exact_job_cycle_outcomes_foreign_receipts_and_upload_gate (scripts.release.tests.test_apple_ci_hygiene.AppleCycleAndOutputGateTest.test_exact_job_cycle_outcomes_foreign_receipts_and_upload_gate) ... ok
test_failed_prepare_cannot_adopt_old_same_task_claim_and_skipped_is_not_pass (scripts.release.tests.test_apple_ci_hygiene.AppleCycleAndOutputGateTest.test_failed_prepare_cannot_adopt_old_same_task_claim_and_skipped_is_not_pass) ... ok
test_unquiesced_workers_prevent_device_deletion (scripts.release.tests.test_apple_ci_hygiene.AppleCycleAndOutputGateTest.test_unquiesced_workers_prevent_device_deletion) ... ok
test_wrong_jobs_cycles_and_simulator_commands_never_admit_native_resources (scripts.release.tests.test_apple_ci_hygiene.AppleCycleAndOutputGateTest.test_wrong_jobs_cycles_and_simulator_commands_never_admit_native_resources) ... ok
test_absent_failed_stale_or_unexecuted_native_cleanup_retains_output_evidence (scripts.release.tests.test_apple_ci_hygiene.AppleReleaseCycleAndOutputGateTest.test_absent_failed_stale_or_unexecuted_native_cleanup_retains_output_evidence) ... ok
test_cancelled_build_finalizes_gradle_workers_device_workers_in_order (scripts.release.tests.test_apple_ci_hygiene.AppleReleaseCycleAndOutputGateTest.test_cancelled_build_finalizes_gradle_workers_device_workers_in_order) ... ok
test_complete_source_bound_native_receipts_allow_output_cleanup_after_upload (scripts.release.tests.test_apple_ci_hygiene.AppleReleaseCycleAndOutputGateTest.test_complete_source_bound_native_receipts_allow_output_cleanup_after_upload) ... ok
test_exact_job_cycle_outcomes_foreign_receipts_and_upload_gate (scripts.release.tests.test_apple_ci_hygiene.AppleReleaseCycleAndOutputGateTest.test_exact_job_cycle_outcomes_foreign_receipts_and_upload_gate) ... ok
test_failed_prepare_cannot_adopt_old_same_task_claim_and_skipped_is_not_pass (scripts.release.tests.test_apple_ci_hygiene.AppleReleaseCycleAndOutputGateTest.test_failed_prepare_cannot_adopt_old_same_task_claim_and_skipped_is_not_pass) ... ok
test_unquiesced_workers_prevent_device_deletion (scripts.release.tests.test_apple_ci_hygiene.AppleReleaseCycleAndOutputGateTest.test_unquiesced_workers_prevent_device_deletion) ... ok
test_wrong_jobs_cycles_and_simulator_commands_never_admit_native_resources (scripts.release.tests.test_apple_ci_hygiene.AppleReleaseCycleAndOutputGateTest.test_wrong_jobs_cycles_and_simulator_commands_never_admit_native_resources) ... ok
test_each_apple_cycle_has_preparation_always_finalizer_and_output_gate (scripts.release.tests.test_apple_ci_hygiene.AppleWorkflowOwnershipTest.test_each_apple_cycle_has_preparation_always_finalizer_and_output_gate) ... ok
test_constructor_binds_uid_selector_and_byte_buffer_pointer_abi (scripts.release.tests.test_apple_ci_hygiene.NativeInventoryAndBasicInfoTest.test_constructor_binds_uid_selector_and_byte_buffer_pointer_abi) ... ok
test_denial_short_record_and_wrong_pid_remain_explicit_numeric_failures (scripts.release.tests.test_apple_ci_hygiene.NativeInventoryAndBasicInfoTest.test_denial_short_record_and_wrong_pid_remain_explicit_numeric_failures) ... ok
test_denied_selected_candidate_never_becomes_missing_or_cleanup_success (scripts.release.tests.test_apple_ci_hygiene.NativeInventoryAndBasicInfoTest.test_denied_selected_candidate_never_becomes_missing_or_cleanup_success) ... ok
test_exact_maximum_is_accepted_but_full_buffer_truncation_is_not (scripts.release.tests.test_apple_ci_hygiene.NativeInventoryAndBasicInfoTest.test_exact_maximum_is_accepted_but_full_buffer_truncation_is_not) ... ok
test_failed_zero_negative_unaligned_and_over_capacity_counts_fail_closed (scripts.release.tests.test_apple_ci_hygiene.NativeInventoryAndBasicInfoTest.test_failed_zero_negative_unaligned_and_over_capacity_counts_fail_closed) ... ok
test_inventory_diagnostic_retains_only_numeric_boundary_failure (scripts.release.tests.test_apple_ci_hygiene.NativeInventoryAndBasicInfoTest.test_inventory_diagnostic_retains_only_numeric_boundary_failure) ... ok
test_inventory_uses_effective_uid_and_byte_count_not_global_scan (scripts.release.tests.test_apple_ci_hygiene.NativeInventoryAndBasicInfoTest.test_inventory_uses_effective_uid_and_byte_count_not_global_scan) ... ok
test_lifetimes_reads_only_kernel_uid_selected_processes (scripts.release.tests.test_apple_ci_hygiene.NativeInventoryAndBasicInfoTest.test_lifetimes_reads_only_kernel_uid_selected_processes) ... ok
test_negative_and_duplicate_pid_records_are_not_normalized_away (scripts.release.tests.test_apple_ci_hygiene.NativeInventoryAndBasicInfoTest.test_negative_and_duplicate_pid_records_are_not_normalized_away) ... ok
test_only_actual_absence_or_zombie_can_be_no_basic_identity (scripts.release.tests.test_apple_ci_hygiene.NativeInventoryAndBasicInfoTest.test_only_actual_absence_or_zombie_can_be_no_basic_identity) ... ok
test_self_only_inventory_is_a_valid_empty_worker_set (scripts.release.tests.test_apple_ci_hygiene.NativeInventoryAndBasicInfoTest.test_self_only_inventory_is_a_valid_empty_worker_set) ... ok
test_snapshot_preserves_baseline_exclusion_and_full_identity_read (scripts.release.tests.test_apple_ci_hygiene.NativeInventoryAndBasicInfoTest.test_snapshot_preserves_baseline_exclusion_and_full_identity_read) ... ok
test_uid_change_after_kernel_selection_is_still_excluded (scripts.release.tests.test_apple_ci_hygiene.NativeInventoryAndBasicInfoTest.test_uid_change_after_kernel_selection_is_still_excluded) ... ok
test_argument_capacity_rejects_invalid_or_excessive_payload_limits (scripts.release.tests.test_apple_ci_hygiene.NativeParsingAndSignalTest.test_argument_capacity_rejects_invalid_or_excessive_payload_limits) ... ok
test_argument_capacity_reserves_argc_beyond_the_payload_limit (scripts.release.tests.test_apple_ci_hygiene.NativeParsingAndSignalTest.test_argument_capacity_reserves_argc_beyond_the_payload_limit) ... ok
test_duplicate_truncated_invalid_and_oversized_records_are_rejected (scripts.release.tests.test_apple_ci_hygiene.NativeParsingAndSignalTest.test_duplicate_truncated_invalid_and_oversized_records_are_rejected) ... ok
test_empty_argument_does_not_shift_environment (scripts.release.tests.test_apple_ci_hygiene.NativeParsingAndSignalTest.test_empty_argument_does_not_shift_environment) ... ok
test_full_argmax_record_is_accepted_but_an_extra_payload_byte_is_not (scripts.release.tests.test_apple_ci_hygiene.NativeParsingAndSignalTest.test_full_argmax_record_is_accepted_but_an_extra_payload_byte_is_not) ... ok
test_native_signal_rechecks_identity_before_kernel_call (scripts.release.tests.test_apple_ci_hygiene.NativeParsingAndSignalTest.test_native_signal_rechecks_identity_before_kernel_call) ... ok
test_null_task_port_retries_boundedly_but_denial_does_not (scripts.release.tests.test_apple_ci_hygiene.NativeParsingAndSignalTest.test_null_task_port_retries_boundedly_but_denial_does_not) ... ok
test_only_exact_environment_entry_not_argv_or_suffix_is_a_marker (scripts.release.tests.test_apple_ci_hygiene.NativeParsingAndSignalTest.test_only_exact_environment_entry_not_argv_or_suffix_is_a_marker) ... ok
test_successful_native_signal_passes_exact_audit_token_not_pid (scripts.release.tests.test_apple_ci_hygiene.NativeParsingAndSignalTest.test_successful_native_signal_passes_exact_audit_token_not_pid) ... ok
test_tracking_read_uses_the_bounded_argc_prefixed_capacity (scripts.release.tests.test_apple_ci_hygiene.NativeParsingAndSignalTest.test_tracking_read_uses_the_bounded_argc_prefixed_capacity) ... ok
test_delete_survivor_fails_and_unexpected_clone_is_not_name_claimed (scripts.release.tests.test_apple_ci_hygiene.SimulatorOwnershipTest.test_delete_survivor_fails_and_unexpected_clone_is_not_name_claimed) ... ok
test_duplicate_name_or_changed_device_identity_is_never_deleted (scripts.release.tests.test_apple_ci_hygiene.SimulatorOwnershipTest.test_duplicate_name_or_changed_device_identity_is_never_deleted) ... ok
test_existing_name_prevents_creation_and_existing_uuid_is_never_claimed (scripts.release.tests.test_apple_ci_hygiene.SimulatorOwnershipTest.test_existing_name_prevents_creation_and_existing_uuid_is_never_claimed) ... ok
test_failed_create_without_device_is_not_fabricated_cleanup_success (scripts.release.tests.test_apple_ci_hygiene.SimulatorOwnershipTest.test_failed_create_without_device_is_not_fabricated_cleanup_success) ... ok
test_fresh_device_reuses_only_type_runtime_not_profile_and_cleans_exact_uuid (scripts.release.tests.test_apple_ci_hygiene.SimulatorOwnershipTest.test_fresh_device_reuses_only_type_runtime_not_profile_and_cleans_exact_uuid) ... ok
test_historical_journal_cannot_be_reused_for_creation_or_other_task (scripts.release.tests.test_apple_ci_hygiene.SimulatorOwnershipTest.test_historical_journal_cannot_be_reused_for_creation_or_other_task) ... ok
test_interrupted_create_after_commit_is_recovered_from_unique_intent (scripts.release.tests.test_apple_ci_hygiene.SimulatorOwnershipTest.test_interrupted_create_after_commit_is_recovered_from_unique_intent) ... ok
test_no_intent_is_not_created_but_orphan_receipt_fails (scripts.release.tests.test_apple_ci_hygiene.SimulatorOwnershipTest.test_no_intent_is_not_created_but_orphan_receipt_fails) ... ok
test_shutdown_failure_retains_device_and_does_not_delete_active_profile (scripts.release.tests.test_apple_ci_hygiene.SimulatorOwnershipTest.test_shutdown_failure_retains_device_and_does_not_delete_active_profile) ... ok
test_baseline_scan_race_does_not_claim_process_predating_cycle (scripts.release.tests.test_apple_ci_hygiene.WorkerOwnershipTest.test_baseline_scan_race_does_not_claim_process_predating_cycle) ... ok
test_changed_runner_marker_cannot_authorize_cleanup (scripts.release.tests.test_apple_ci_hygiene.WorkerOwnershipTest.test_changed_runner_marker_cannot_authorize_cleanup) ... ok
test_denied_identity_api_fails_without_numeric_pid_fallback (scripts.release.tests.test_apple_ci_hygiene.WorkerOwnershipTest.test_denied_identity_api_fails_without_numeric_pid_fallback) ... ok
test_different_marker_is_excluded_without_substring_matching (scripts.release.tests.test_apple_ci_hygiene.WorkerOwnershipTest.test_different_marker_is_excluded_without_substring_matching) ... ok
test_exact_owned_worker_receives_token_bound_term_and_is_observed_absent (scripts.release.tests.test_apple_ci_hygiene.WorkerOwnershipTest.test_exact_owned_worker_receives_token_bound_term_and_is_observed_absent) ... ok
test_flood_ceiling_fails_before_signaling (scripts.release.tests.test_apple_ci_hygiene.WorkerOwnershipTest.test_flood_ceiling_fails_before_signaling) ... ok
test_generation_or_executable_change_revokes_admitted_grant (scripts.release.tests.test_apple_ci_hygiene.WorkerOwnershipTest.test_generation_or_executable_change_revokes_admitted_grant) ... ok
test_matching_worker_can_require_kill_and_survivor_is_failure (scripts.release.tests.test_apple_ci_hygiene.WorkerOwnershipTest.test_matching_worker_can_require_kill_and_survivor_is_failure) ... ok
test_missing_marker_is_explicit_failure_not_ownership (scripts.release.tests.test_apple_ci_hygiene.WorkerOwnershipTest.test_missing_marker_is_explicit_failure_not_ownership) ... ok
test_pid_reuse_before_first_signal_does_not_inherit_tracking_proof (scripts.release.tests.test_apple_ci_hygiene.WorkerOwnershipTest.test_pid_reuse_before_first_signal_does_not_inherit_tracking_proof) ... ok
test_preexisting_lifetime_never_receives_signal_even_with_matching_marker (scripts.release.tests.test_apple_ci_hygiene.WorkerOwnershipTest.test_preexisting_lifetime_never_receives_signal_even_with_matching_marker) ... ok
test_unknown_matching_xcode_executable_fails_without_signal (scripts.release.tests.test_apple_ci_hygiene.WorkerOwnershipTest.test_unknown_matching_xcode_executable_fails_without_signal) ... ok
test_actual_first_step_clock_producer_emits_exact_shared_kernel_and_run_source_token (scripts.release.tests.test_workflow_contract.WorkflowContractTest.test_actual_first_step_clock_producer_emits_exact_shared_kernel_and_run_source_token) ... ok
test_all_release_temporary_directories_use_signal_safe_cleanup (scripts.release.tests.test_workflow_contract.WorkflowContractTest.test_all_release_temporary_directories_use_signal_safe_cleanup) ... ok
test_android_and_ios_release_packages_must_verify_notice_bytes (scripts.release.tests.test_workflow_contract.WorkflowContractTest.test_android_and_ios_release_packages_must_verify_notice_bytes) ... ok
test_android_cleanup_admission_is_bound_and_before_sdk_and_ownership (scripts.release.tests.test_workflow_contract.WorkflowContractTest.test_android_cleanup_admission_is_bound_and_before_sdk_and_ownership) ... ok
test_android_cleanup_scope_runs_only_managed_runtime_and_standard_custody (scripts.release.tests.test_workflow_contract.WorkflowContractTest.test_android_cleanup_scope_runs_only_managed_runtime_and_standard_custody) ... ok
test_apple_signing_and_upload_scripts_require_identity_approval (scripts.release.tests.test_workflow_contract.WorkflowContractTest.test_apple_signing_and_upload_scripts_require_identity_approval) ... ok
test_candidate_build_number_claim_cannot_be_removed (scripts.release.tests.test_workflow_contract.WorkflowContractTest.test_candidate_build_number_claim_cannot_be_removed) ... ok
test_candidate_bundletool_download_must_be_bounded (scripts.release.tests.test_workflow_contract.WorkflowContractTest.test_candidate_bundletool_download_must_be_bounded) ... ok
test_candidate_claim_requires_a_secretless_protected_environment (scripts.release.tests.test_workflow_contract.WorkflowContractTest.test_candidate_claim_requires_a_secretless_protected_environment) ... ok
test_candidate_claim_transaction_cannot_be_scoped_per_sha (scripts.release.tests.test_workflow_contract.WorkflowContractTest.test_candidate_claim_transaction_cannot_be_scoped_per_sha) ... ok
test_candidate_dependency_and_validation_evidence_must_be_retained (scripts.release.tests.test_workflow_contract.WorkflowContractTest.test_candidate_dependency_and_validation_evidence_must_be_retained) ... ok
test_candidate_dependency_report_must_use_release_runtime (scripts.release.tests.test_workflow_contract.WorkflowContractTest.test_candidate_dependency_report_must_use_release_runtime) ... ok
test_candidate_preflight_requires_reviewed_managed_device_image (scripts.release.tests.test_workflow_contract.WorkflowContractTest.test_candidate_preflight_requires_reviewed_managed_device_image) ... ok
test_complete_ios_inventory_requires_successful_build_and_cleanup (scripts.release.tests.test_workflow_contract.WorkflowContractTest.test_complete_ios_inventory_requires_successful_build_and_cleanup) ... ok
test_each_apple_cleanup_binds_only_its_two_actual_cycles (scripts.release.tests.test_workflow_contract.WorkflowContractTest.test_each_apple_cleanup_binds_only_its_two_actual_cycles) ... ok
test_each_apple_job_requires_its_own_checkout_jdk_and_common_cleanup_commands (scripts.release.tests.test_workflow_contract.WorkflowContractTest.test_each_apple_job_requires_its_own_checkout_jdk_and_common_cleanup_commands) ... ok
test_each_apple_job_requires_its_own_exact_source_and_toolchain_guard_body (scripts.release.tests.test_workflow_contract.WorkflowContractTest.test_each_apple_job_requires_its_own_exact_source_and_toolchain_guard_body) ... ok
test_every_store_workflow_job_is_repository_disabled (scripts.release.tests.test_workflow_contract.WorkflowContractTest.test_every_store_workflow_job_is_repository_disabled) ... ok
test_external_partial_rerun_evidence_cannot_be_removed (scripts.release.tests.test_workflow_contract.WorkflowContractTest.test_external_partial_rerun_evidence_cannot_be_removed) ... ok
test_focused_native_modes_do_not_weaken_full_verification (scripts.release.tests.test_workflow_contract.WorkflowContractTest.test_focused_native_modes_do_not_weaken_full_verification) ... ok
test_ios_app_launch_cannot_delay_finalization_or_claim_ownership_after_launch (scripts.release.tests.test_workflow_contract.WorkflowContractTest.test_ios_app_launch_cannot_delay_finalization_or_claim_ownership_after_launch) ... ok
test_ios_app_launch_requires_its_own_preparation_and_finalization (scripts.release.tests.test_workflow_contract.WorkflowContractTest.test_ios_app_launch_requires_its_own_preparation_and_finalization) ... ok
test_ios_app_launch_requires_owned_simulator_and_nonparallel_execution (scripts.release.tests.test_workflow_contract.WorkflowContractTest.test_ios_app_launch_requires_owned_simulator_and_nonparallel_execution) ... ok
test_ios_app_launch_ui_test_cannot_be_replaced_with_a_build (scripts.release.tests.test_workflow_contract.WorkflowContractTest.test_ios_app_launch_ui_test_cannot_be_replaced_with_a_build) ... ok
test_ios_artifact_validator_enforces_pinned_store_toolchain (scripts.release.tests.test_workflow_contract.WorkflowContractTest.test_ios_artifact_validator_enforces_pinned_store_toolchain) ... ok
test_ios_build_phases_do_not_inherit_source_signing_secrets (scripts.release.tests.test_workflow_contract.WorkflowContractTest.test_ios_build_phases_do_not_inherit_source_signing_secrets) ... ok
test_ios_profile_refusal_cannot_delete_a_preexisting_profile (scripts.release.tests.test_workflow_contract.WorkflowContractTest.test_ios_profile_refusal_cannot_delete_a_preexisting_profile) ... ok
test_ios_signing_cleanup_is_fail_closed (scripts.release.tests.test_workflow_contract.WorkflowContractTest.test_ios_signing_cleanup_is_fail_closed) ... ok
test_ios_upload_uses_scoped_key_directory_and_removes_raw_response (scripts.release.tests.test_workflow_contract.WorkflowContractTest.test_ios_upload_uses_scoped_key_directory_and_removes_raw_response) ... ok
test_linux_full_cleanup_reader_is_explicit_and_cannot_leak_to_other_jobs (scripts.release.tests.test_workflow_contract.WorkflowContractTest.test_linux_full_cleanup_reader_is_explicit_and_cannot_leak_to_other_jobs) ... ok
test_linux_probe_cannot_run_full_work_or_other_hosts (scripts.release.tests.test_workflow_contract.WorkflowContractTest.test_linux_probe_cannot_run_full_work_or_other_hosts) ... ok
test_linux_probe_emulator_package_prerequisite_is_bounded_and_after_admission (scripts.release.tests.test_workflow_contract.WorkflowContractTest.test_linux_probe_emulator_package_prerequisite_is_bounded_and_after_admission) ... ok
test_linux_probe_requires_bound_inputs_and_exact_compact_uploads (scripts.release.tests.test_workflow_contract.WorkflowContractTest.test_linux_probe_requires_bound_inputs_and_exact_compact_uploads) ... ok
test_managed_device_runner_cannot_use_production_signing_material (scripts.release.tests.test_workflow_contract.WorkflowContractTest.test_managed_device_runner_cannot_use_production_signing_material) ... ok
test_missing_shared_store_lock_is_rejected (scripts.release.tests.test_workflow_contract.WorkflowContractTest.test_missing_shared_store_lock_is_rejected) ... ok
test_mobile_release_kit_android_signing_fallbacks_remain_bounded (scripts.release.tests.test_workflow_contract.WorkflowContractTest.test_mobile_release_kit_android_signing_fallbacks_remain_bounded) ... ok
test_mobile_release_kit_ios_signing_mapping_is_release_target_only (scripts.release.tests.test_workflow_contract.WorkflowContractTest.test_mobile_release_kit_ios_signing_mapping_is_release_target_only) ... ok
test_mutable_action_reference_is_rejected (scripts.release.tests.test_workflow_contract.WorkflowContractTest.test_mutable_action_reference_is_rejected) ... ok
test_native_clock_cannot_be_restarted_later_or_moved_after_checkout (scripts.release.tests.test_workflow_contract.WorkflowContractTest.test_native_clock_cannot_be_restarted_later_or_moved_after_checkout) ... ok
test_native_clock_step_rejects_unshared_clocks_extra_code_fields_and_context_weakening (scripts.release.tests.test_workflow_contract.WorkflowContractTest.test_native_clock_step_rejects_unshared_clocks_extra_code_fields_and_context_weakening) ... ok
test_native_evidence_only_job_budget_and_all_other_scope_ceilings_are_exact (scripts.release.tests.test_workflow_contract.WorkflowContractTest.test_native_evidence_only_job_budget_and_all_other_scope_ceilings_are_exact) ... ok
test_native_selection_is_closed_paired_default_and_cannot_be_duplicated (scripts.release.tests.test_workflow_contract.WorkflowContractTest.test_native_selection_is_closed_paired_default_and_cannot_be_duplicated) ... ok
test_native_selection_validation_execution_and_cleanup_use_identical_input (scripts.release.tests.test_workflow_contract.WorkflowContractTest.test_native_selection_validation_execution_and_cleanup_use_identical_input) ... ok
test_new_store_workflow_job_cannot_omit_the_release_stop (scripts.release.tests.test_workflow_contract.WorkflowContractTest.test_new_store_workflow_job_cannot_omit_the_release_stop) ... ok
test_non_app_probe_requires_explicit_review_no_token_and_uploaded_custody (scripts.release.tests.test_workflow_contract.WorkflowContractTest.test_non_app_probe_requires_explicit_review_no_token_and_uploaded_custody) ... ok
test_probe_cannot_precede_scope_validation_or_upload (scripts.release.tests.test_workflow_contract.WorkflowContractTest.test_probe_cannot_precede_scope_validation_or_upload) ... ok
test_probe_cleanup_binding_timeout_and_artifact_paths_are_exact (scripts.release.tests.test_workflow_contract.WorkflowContractTest.test_probe_cleanup_binding_timeout_and_artifact_paths_are_exact) ... ok
test_production_build_command_is_rejected (scripts.release.tests.test_workflow_contract.WorkflowContractTest.test_production_build_command_is_rejected) ... ok
test_production_push_trigger_is_rejected (scripts.release.tests.test_workflow_contract.WorkflowContractTest.test_production_push_trigger_is_rejected) ... ok
test_production_without_external_receipt_attestation_is_rejected (scripts.release.tests.test_workflow_contract.WorkflowContractTest.test_production_without_external_receipt_attestation_is_rejected) ... ok
test_production_without_its_own_receipt_attestations_is_rejected (scripts.release.tests.test_workflow_contract.WorkflowContractTest.test_production_without_its_own_receipt_attestations_is_rejected) ... ok
test_promotion_without_candidate_attestation_is_rejected (scripts.release.tests.test_workflow_contract.WorkflowContractTest.test_promotion_without_candidate_attestation_is_rejected) ... ok
test_protection_probe_artifacts_are_strict_compact_and_run_bound (scripts.release.tests.test_workflow_contract.WorkflowContractTest.test_protection_probe_artifacts_are_strict_compact_and_run_bound) ... ok
test_protection_probe_finalizers_bind_actual_upload_run_and_cleanup_outcomes (scripts.release.tests.test_workflow_contract.WorkflowContractTest.test_protection_probe_finalizers_bind_actual_upload_run_and_cleanup_outcomes) ... ok
test_protection_probe_is_opt_in_and_excluded_from_every_full_job (scripts.release.tests.test_workflow_contract.WorkflowContractTest.test_protection_probe_is_opt_in_and_excluded_from_every_full_job) ... ok
test_protection_probe_requires_exact_reviewed_source_control_toolchain_and_jdk (scripts.release.tests.test_workflow_contract.WorkflowContractTest.test_protection_probe_requires_exact_reviewed_source_control_toolchain_and_jdk) ... ok
test_protection_probe_requires_only_the_standalone_commands_and_order (scripts.release.tests.test_workflow_contract.WorkflowContractTest.test_protection_probe_requires_only_the_standalone_commands_and_order) ... ok
test_release_policy_includes_the_candidate_control_environment (scripts.release.tests.test_workflow_contract.WorkflowContractTest.test_release_policy_includes_the_candidate_control_environment) ... ok
test_release_system_enforces_review_inventory_freshness (scripts.release.tests.test_workflow_contract.WorkflowContractTest.test_release_system_enforces_review_inventory_freshness) ... ok
test_release_tool_download_failure_cannot_false_pass (scripts.release.tests.test_workflow_contract.WorkflowContractTest.test_release_tool_download_failure_cannot_false_pass) ... ok
test_repository_workflows_satisfy_release_contract (scripts.release.tests.test_workflow_contract.WorkflowContractTest.test_repository_workflows_satisfy_release_contract) ... ok
test_review_inventory_gate_has_full_git_history (scripts.release.tests.test_workflow_contract.WorkflowContractTest.test_review_inventory_gate_has_full_git_history) ... ok
test_scoped_full_finalizers_reject_every_nonexact_predicate (scripts.release.tests.test_workflow_contract.WorkflowContractTest.test_scoped_full_finalizers_reject_every_nonexact_predicate) ... ok
test_settings_and_os_selections_require_the_explicit_shared_probe_hash_binding (scripts.release.tests.test_workflow_contract.WorkflowContractTest.test_settings_and_os_selections_require_the_explicit_shared_probe_hash_binding) ... ok
test_split_apple_aggregates_cannot_drop_static_analysis_or_duplicate_runtime (scripts.release.tests.test_workflow_contract.WorkflowContractTest.test_split_apple_aggregates_cannot_drop_static_analysis_or_duplicate_runtime) ... ok
test_split_apple_evidence_names_reports_and_cleanup_paths_are_job_bound (scripts.release.tests.test_workflow_contract.WorkflowContractTest.test_split_apple_evidence_names_reports_and_cleanup_paths_are_job_bound) ... ok
test_split_apple_jobs_are_six_full_jobs_plus_one_opt_in_probe (scripts.release.tests.test_workflow_contract.WorkflowContractTest.test_split_apple_jobs_are_six_full_jobs_plus_one_opt_in_probe) ... ok
test_store_workflow_without_identity_ownership_gate_is_rejected (scripts.release.tests.test_workflow_contract.WorkflowContractTest.test_store_workflow_without_identity_ownership_gate_is_rejected) ... ok
test_unreviewed_workflow_file_is_rejected (scripts.release.tests.test_workflow_contract.WorkflowContractTest.test_unreviewed_workflow_file_is_rejected) ... ok
test_unsigned_android_inventory_is_required_and_tool_cleanup_is_scoped (scripts.release.tests.test_workflow_contract.WorkflowContractTest.test_unsigned_android_inventory_is_required_and_tool_cleanup_is_scoped) ... ok
test_validation_requires_release_managed_device_runtime_gate (scripts.release.tests.test_workflow_contract.WorkflowContractTest.test_validation_requires_release_managed_device_runtime_gate) ... ok
test_windows_checkout_long_paths_and_exact_source_are_required_before_checkout (scripts.release.tests.test_workflow_contract.WorkflowContractTest.test_windows_checkout_long_paths_and_exact_source_are_required_before_checkout) ... ok
test_windows_only_selection_cannot_skip_full_or_run_other_jobs (scripts.release.tests.test_workflow_contract.WorkflowContractTest.test_windows_only_selection_cannot_skip_full_or_run_other_jobs) ... ok
test_xcode_identity_guard_matches_the_exact_build_setting (scripts.release.tests.test_workflow_contract.WorkflowContractTest.test_xcode_identity_guard_matches_the_exact_build_setting) ... ok

----------------------------------------------------------------------
Ran 172 tests in 1.777s

OK
release workflow contract: PASS
FOCUSED_COMMAND split-collector-python
test_every_job_source_attempt_and_completion_is_bound (test_full_d_compact_collector_03.SplitJobCustodyTests.test_every_job_source_attempt_and_completion_is_bound) ... ok
test_exact_full_jobs_have_separate_apple_artifact_custody (test_full_d_compact_collector_03.SplitJobCustodyTests.test_exact_full_jobs_have_separate_apple_artifact_custody) ... ok
test_failed_full_lane_evidence_is_retained_without_live_path_admission (test_full_d_compact_collector_03.SplitJobCustodyTests.test_failed_full_lane_evidence_is_retained_without_live_path_admission) ... ok
test_wrong_scope_and_missing_or_duplicate_lane_are_rejected (test_full_d_compact_collector_03.SplitJobCustodyTests.test_wrong_scope_and_missing_or_duplicate_lane_are_rejected) ... ok

----------------------------------------------------------------------
Ran 4 tests in 0.002s

OK
FOCUSED_COMMAND focused-actionlint
/root/projects/Parlor/parlor/remediation-runs/2026-09-07-local-readiness/evidence/continuation-apple-split-controls-01/scratch/tmp/parlor-release-tools.BMS8NL/shellcheck.tar.gz: OK
/root/projects/Parlor/parlor/remediation-runs/2026-09-07-local-readiness/evidence/continuation-apple-split-controls-01/scratch/tmp/parlor-release-tools.BMS8NL/actionlint.tar.gz: OK
FOCUSED_COMMAND affected-jvm-contracts
To honour the JVM settings for this build a single-use Daemon process will be forked. For more on this, please refer to https://docs.gradle.org/8.13/userguide/gradle_daemon.html#sec:disabling_the_daemon in the Gradle documentation.
Daemon will be stopped at the end of the build 
Type-safe project accessors is an incubating feature.
> Task :build-logic:convention:checkKotlinGradlePluginConfigurationErrors SKIPPED
> Task :build-logic:convention:compileKotlin FROM-CACHE
> Task :build-logic:convention:compileJava NO-SOURCE
> Task :build-logic:convention:pluginDescriptors
> Task :build-logic:convention:processResources
> Task :build-logic:convention:classes
> Task :build-logic:convention:jar

> Configure project :composeApp
WARNING: The option setting 'android.experimental.lint.version=9.1.1' is experimental.
w: ⚠️ Deprecated Gradle Version
The used Gradle version (Gradle 8.13) is deprecated and will not be supported in future Kotlin Gradle Plugin releases.
The minimum supported Gradle version will become Gradle 8.14.4 in Kotlin 2.5.0.

This warning can be suppressed in 'gradle.properties':
    kotlin.suppressGradlePluginWarnings=DeprecatedGradleVersionWarning
Solution: Please update the Gradle version to at least Gradle 8.14.4.

w: ⚠️ Native task 'iosX64Test' is disabled
Task 'iosX64Test' for target 'ios_x64' cannot run on the current host (linux-x86_64).
Reason: simulator tests require macOS
Solution: To suppress this warning, add 'kotlin.native.ignoreDisabledTargets=true' to gradle.properties.

w: ⚠️ Native task 'iosSimulatorArm64Test' is disabled
Task 'iosSimulatorArm64Test' for target 'ios_simulator_arm64' cannot run on the current host (linux-x86_64).
Reason: simulator tests require macOS
Solution: To suppress this warning, add 'kotlin.native.ignoreDisabledTargets=true' to gradle.properties.


> Task :shared:core:kmpPartiallyResolvedDependenciesChecker
> Task :shared:core:checkKotlinGradlePluginConfigurationErrors SKIPPED
> Task :shared:core:compileKotlinDesktop FROM-CACHE
> Task :shared:core:compileDesktopMainJava NO-SOURCE
> Task :shared:core:desktopProcessResources NO-SOURCE
> Task :shared:core:processDesktopMainResources SKIPPED
> Task :shared:core:desktopMainClasses UP-TO-DATE
> Task :shared:core:desktopJar
> Task :shared:engine:kmpPartiallyResolvedDependenciesChecker
> Task :shared:engine:checkKotlinGradlePluginConfigurationErrors SKIPPED
> Task :shared:engine:compileKotlinDesktop FROM-CACHE
> Task :shared:engine:compileDesktopMainJava NO-SOURCE
> Task :shared:engine:desktopProcessResources NO-SOURCE
> Task :shared:engine:processDesktopMainResources SKIPPED
> Task :shared:engine:desktopMainClasses UP-TO-DATE
> Task :shared:engine:desktopJar
> Task :shared:networking:kmpPartiallyResolvedDependenciesChecker
> Task :shared:networking:checkKotlinGradlePluginConfigurationErrors SKIPPED
> Task :shared:networking:compileKotlinDesktop FROM-CACHE
> Task :shared:networking:compileDesktopMainJava NO-SOURCE
> Task :shared:networking:desktopProcessResources NO-SOURCE
> Task :shared:networking:processDesktopMainResources SKIPPED
> Task :shared:networking:desktopMainClasses UP-TO-DATE
> Task :shared:networking:desktopJar
> Task :shared:storage:kmpPartiallyResolvedDependenciesChecker
> Task :shared:storage:checkKotlinGradlePluginConfigurationErrors SKIPPED
> Task :shared:storage:compileKotlinDesktop FROM-CACHE
> Task :shared:storage:compileDesktopMainJava NO-SOURCE
> Task :shared:storage:desktopProcessResources NO-SOURCE
> Task :shared:storage:processDesktopMainResources SKIPPED
> Task :shared:storage:desktopMainClasses UP-TO-DATE
> Task :shared:storage:desktopJar
> Task :shared:transport-p2p:kmpPartiallyResolvedDependenciesChecker
> Task :shared:transport-p2p:checkKotlinGradlePluginConfigurationErrors SKIPPED
> Task :shared:transport-p2p:compileKotlinDesktop FROM-CACHE
> Task :shared:transport-p2p:compileDesktopMainJava NO-SOURCE
> Task :shared:transport-p2p:desktopProcessResources NO-SOURCE
> Task :shared:transport-p2p:processDesktopMainResources SKIPPED
> Task :shared:transport-p2p:desktopMainClasses UP-TO-DATE
> Task :shared:transport-p2p:desktopJar
> Task :shared:transport-p2p:compileTestKotlinDesktop
> Task :shared:transport-p2p:compileDesktopTestJava NO-SOURCE
> Task :shared:transport-p2p:desktopTestProcessResources NO-SOURCE
> Task :shared:transport-p2p:processDesktopTestResources SKIPPED
> Task :shared:transport-p2p:desktopTestClasses
> Task :shared:transport-p2p:desktopTest

[Incubating] Problems report is available at: file:///root/projects/Parlor/parlor/build/reports/problems/problems-report.html

BUILD SUCCESSFUL in 57s
21 actionable tasks: 15 executed, 6 from cache
